[2025-11-17T03:52:32.444+0000] {processor.py:157} INFO - Started process (PID=19136) to work on /home/vscode/.local/lib/python3.10/site-packages/airflow/example_dags/plugins/workday.py
[2025-11-17T03:52:32.444+0000] {processor.py:826} INFO - Processing file /home/vscode/.local/lib/python3.10/site-packages/airflow/example_dags/plugins/workday.py for tasks to queue
[2025-11-17T03:52:32.445+0000] {logging_mixin.py:150} INFO - [2025-11-17T03:52:32.445+0000] {dagbag.py:541} INFO - Filling up the DagBag from /home/vscode/.local/lib/python3.10/site-packages/airflow/example_dags/plugins/workday.py
[2025-11-17T03:52:32.447+0000] {logging_mixin.py:150} INFO - [2025-11-17T03:52:32.447+0000] {workday.py:36} WARNING - Could not import pandas. Holidays will not be considered.
[2025-11-17T03:52:32.447+0000] {processor.py:838} WARNING - No viable dags retrieved from /home/vscode/.local/lib/python3.10/site-packages/airflow/example_dags/plugins/workday.py
[2025-11-17T03:52:32.453+0000] {processor.py:179} INFO - Processing /home/vscode/.local/lib/python3.10/site-packages/airflow/example_dags/plugins/workday.py took 0.011 seconds
[2025-11-17T03:53:21.341+0000] {processor.py:157} INFO - Started process (PID=19476) to work on /home/vscode/.local/lib/python3.10/site-packages/airflow/example_dags/plugins/workday.py
[2025-11-17T03:53:21.341+0000] {processor.py:826} INFO - Processing file /home/vscode/.local/lib/python3.10/site-packages/airflow/example_dags/plugins/workday.py for tasks to queue
[2025-11-17T03:53:21.342+0000] {logging_mixin.py:150} INFO - [2025-11-17T03:53:21.342+0000] {dagbag.py:541} INFO - Filling up the DagBag from /home/vscode/.local/lib/python3.10/site-packages/airflow/example_dags/plugins/workday.py
[2025-11-17T03:53:21.344+0000] {logging_mixin.py:150} INFO - [2025-11-17T03:53:21.344+0000] {workday.py:36} WARNING - Could not import pandas. Holidays will not be considered.
[2025-11-17T03:53:21.344+0000] {processor.py:838} WARNING - No viable dags retrieved from /home/vscode/.local/lib/python3.10/site-packages/airflow/example_dags/plugins/workday.py
[2025-11-17T03:53:21.350+0000] {processor.py:179} INFO - Processing /home/vscode/.local/lib/python3.10/site-packages/airflow/example_dags/plugins/workday.py took 0.011 seconds
[2025-11-17T03:53:53.494+0000] {processor.py:157} INFO - Started process (PID=19696) to work on /home/vscode/.local/lib/python3.10/site-packages/airflow/example_dags/plugins/workday.py
[2025-11-17T03:53:53.494+0000] {processor.py:826} INFO - Processing file /home/vscode/.local/lib/python3.10/site-packages/airflow/example_dags/plugins/workday.py for tasks to queue
[2025-11-17T03:53:53.495+0000] {logging_mixin.py:150} INFO - [2025-11-17T03:53:53.495+0000] {dagbag.py:541} INFO - Filling up the DagBag from /home/vscode/.local/lib/python3.10/site-packages/airflow/example_dags/plugins/workday.py
[2025-11-17T03:53:53.498+0000] {logging_mixin.py:150} INFO - [2025-11-17T03:53:53.498+0000] {workday.py:36} WARNING - Could not import pandas. Holidays will not be considered.
[2025-11-17T03:53:53.498+0000] {processor.py:838} WARNING - No viable dags retrieved from /home/vscode/.local/lib/python3.10/site-packages/airflow/example_dags/plugins/workday.py
[2025-11-17T03:53:53.509+0000] {processor.py:179} INFO - Processing /home/vscode/.local/lib/python3.10/site-packages/airflow/example_dags/plugins/workday.py took 0.018 seconds
[2025-11-17T03:54:36.968+0000] {processor.py:157} INFO - Started process (PID=19988) to work on /home/vscode/.local/lib/python3.10/site-packages/airflow/example_dags/plugins/workday.py
[2025-11-17T03:54:36.968+0000] {processor.py:826} INFO - Processing file /home/vscode/.local/lib/python3.10/site-packages/airflow/example_dags/plugins/workday.py for tasks to queue
[2025-11-17T03:54:36.969+0000] {logging_mixin.py:150} INFO - [2025-11-17T03:54:36.969+0000] {dagbag.py:541} INFO - Filling up the DagBag from /home/vscode/.local/lib/python3.10/site-packages/airflow/example_dags/plugins/workday.py
[2025-11-17T03:54:36.971+0000] {logging_mixin.py:150} INFO - [2025-11-17T03:54:36.971+0000] {workday.py:36} WARNING - Could not import pandas. Holidays will not be considered.
[2025-11-17T03:54:36.971+0000] {processor.py:838} WARNING - No viable dags retrieved from /home/vscode/.local/lib/python3.10/site-packages/airflow/example_dags/plugins/workday.py
[2025-11-17T03:54:36.977+0000] {processor.py:179} INFO - Processing /home/vscode/.local/lib/python3.10/site-packages/airflow/example_dags/plugins/workday.py took 0.011 seconds
[2025-11-17T03:55:08.920+0000] {processor.py:157} INFO - Started process (PID=20258) to work on /home/vscode/.local/lib/python3.10/site-packages/airflow/example_dags/plugins/workday.py
[2025-11-17T03:55:08.921+0000] {processor.py:826} INFO - Processing file /home/vscode/.local/lib/python3.10/site-packages/airflow/example_dags/plugins/workday.py for tasks to queue
[2025-11-17T03:55:08.921+0000] {logging_mixin.py:150} INFO - [2025-11-17T03:55:08.921+0000] {dagbag.py:541} INFO - Filling up the DagBag from /home/vscode/.local/lib/python3.10/site-packages/airflow/example_dags/plugins/workday.py
[2025-11-17T03:55:08.923+0000] {logging_mixin.py:150} INFO - [2025-11-17T03:55:08.923+0000] {workday.py:36} WARNING - Could not import pandas. Holidays will not be considered.
[2025-11-17T03:55:08.923+0000] {processor.py:838} WARNING - No viable dags retrieved from /home/vscode/.local/lib/python3.10/site-packages/airflow/example_dags/plugins/workday.py
[2025-11-17T03:55:08.929+0000] {processor.py:179} INFO - Processing /home/vscode/.local/lib/python3.10/site-packages/airflow/example_dags/plugins/workday.py took 0.011 seconds
