[2025-11-17T03:52:40.803+0000] {processor.py:157} INFO - Started process (PID=19211) to work on /home/vscode/.local/lib/python3.10/site-packages/airflow/example_dags/example_trigger_controller_dag.py
[2025-11-17T03:52:40.804+0000] {processor.py:826} INFO - Processing file /home/vscode/.local/lib/python3.10/site-packages/airflow/example_dags/example_trigger_controller_dag.py for tasks to queue
[2025-11-17T03:52:40.804+0000] {logging_mixin.py:150} INFO - [2025-11-17T03:52:40.804+0000] {dagbag.py:541} INFO - Filling up the DagBag from /home/vscode/.local/lib/python3.10/site-packages/airflow/example_dags/example_trigger_controller_dag.py
[2025-11-17T03:52:40.809+0000] {processor.py:836} INFO - DAG(s) dict_keys(['example_trigger_controller_dag']) retrieved from /home/vscode/.local/lib/python3.10/site-packages/airflow/example_dags/example_trigger_controller_dag.py
[2025-11-17T03:52:40.886+0000] {logging_mixin.py:150} INFO - [2025-11-17T03:52:40.886+0000] {manager.py:504} INFO - Created Permission View: can delete on DAG:example_trigger_controller_dag
[2025-11-17T03:52:40.895+0000] {logging_mixin.py:150} INFO - [2025-11-17T03:52:40.895+0000] {manager.py:504} INFO - Created Permission View: can edit on DAG:example_trigger_controller_dag
[2025-11-17T03:52:40.903+0000] {logging_mixin.py:150} INFO - [2025-11-17T03:52:40.903+0000] {manager.py:504} INFO - Created Permission View: can read on DAG:example_trigger_controller_dag
[2025-11-17T03:52:40.912+0000] {logging_mixin.py:150} INFO - [2025-11-17T03:52:40.912+0000] {dag.py:2742} INFO - Sync 1 DAGs
[2025-11-17T03:52:40.918+0000] {logging_mixin.py:150} INFO - [2025-11-17T03:52:40.918+0000] {dag.py:2763} INFO - Creating ORM DAG for example_trigger_controller_dag
[2025-11-17T03:52:40.926+0000] {logging_mixin.py:150} INFO - [2025-11-17T03:52:40.926+0000] {dag.py:3504} INFO - Setting next_dagrun for example_trigger_controller_dag to 2021-01-01T00:00:00+00:00, run_after=2021-01-01T00:00:00+00:00
[2025-11-17T03:52:40.946+0000] {processor.py:179} INFO - Processing /home/vscode/.local/lib/python3.10/site-packages/airflow/example_dags/example_trigger_controller_dag.py took 0.145 seconds
[2025-11-17T03:53:28.114+0000] {processor.py:157} INFO - Started process (PID=19526) to work on /home/vscode/.local/lib/python3.10/site-packages/airflow/example_dags/example_trigger_controller_dag.py
[2025-11-17T03:53:28.115+0000] {processor.py:826} INFO - Processing file /home/vscode/.local/lib/python3.10/site-packages/airflow/example_dags/example_trigger_controller_dag.py for tasks to queue
[2025-11-17T03:53:28.115+0000] {logging_mixin.py:150} INFO - [2025-11-17T03:53:28.115+0000] {dagbag.py:541} INFO - Filling up the DagBag from /home/vscode/.local/lib/python3.10/site-packages/airflow/example_dags/example_trigger_controller_dag.py
[2025-11-17T03:53:28.118+0000] {processor.py:836} INFO - DAG(s) dict_keys(['example_trigger_controller_dag']) retrieved from /home/vscode/.local/lib/python3.10/site-packages/airflow/example_dags/example_trigger_controller_dag.py
[2025-11-17T03:53:28.128+0000] {logging_mixin.py:150} INFO - [2025-11-17T03:53:28.128+0000] {dag.py:2742} INFO - Sync 1 DAGs
[2025-11-17T03:53:28.142+0000] {logging_mixin.py:150} INFO - [2025-11-17T03:53:28.142+0000] {dag.py:3504} INFO - Setting next_dagrun for example_trigger_controller_dag to 2021-01-01T00:00:00+00:00, run_after=2021-01-01T00:00:00+00:00
[2025-11-17T03:53:28.157+0000] {processor.py:179} INFO - Processing /home/vscode/.local/lib/python3.10/site-packages/airflow/example_dags/example_trigger_controller_dag.py took 0.045 seconds
[2025-11-17T03:54:12.546+0000] {processor.py:157} INFO - Started process (PID=19819) to work on /home/vscode/.local/lib/python3.10/site-packages/airflow/example_dags/example_trigger_controller_dag.py
[2025-11-17T03:54:12.546+0000] {processor.py:826} INFO - Processing file /home/vscode/.local/lib/python3.10/site-packages/airflow/example_dags/example_trigger_controller_dag.py for tasks to queue
[2025-11-17T03:54:12.547+0000] {logging_mixin.py:150} INFO - [2025-11-17T03:54:12.547+0000] {dagbag.py:541} INFO - Filling up the DagBag from /home/vscode/.local/lib/python3.10/site-packages/airflow/example_dags/example_trigger_controller_dag.py
[2025-11-17T03:54:12.550+0000] {processor.py:836} INFO - DAG(s) dict_keys(['example_trigger_controller_dag']) retrieved from /home/vscode/.local/lib/python3.10/site-packages/airflow/example_dags/example_trigger_controller_dag.py
[2025-11-17T03:54:12.560+0000] {logging_mixin.py:150} INFO - [2025-11-17T03:54:12.560+0000] {dag.py:2742} INFO - Sync 1 DAGs
[2025-11-17T03:54:12.573+0000] {logging_mixin.py:150} INFO - [2025-11-17T03:54:12.573+0000] {dag.py:3504} INFO - Setting next_dagrun for example_trigger_controller_dag to 2021-01-01T00:00:00+00:00, run_after=2021-01-01T00:00:00+00:00
[2025-11-17T03:54:12.586+0000] {processor.py:179} INFO - Processing /home/vscode/.local/lib/python3.10/site-packages/airflow/example_dags/example_trigger_controller_dag.py took 0.042 seconds
[2025-11-17T03:54:57.517+0000] {processor.py:157} INFO - Started process (PID=20128) to work on /home/vscode/.local/lib/python3.10/site-packages/airflow/example_dags/example_trigger_controller_dag.py
[2025-11-17T03:54:57.518+0000] {processor.py:826} INFO - Processing file /home/vscode/.local/lib/python3.10/site-packages/airflow/example_dags/example_trigger_controller_dag.py for tasks to queue
[2025-11-17T03:54:57.518+0000] {logging_mixin.py:150} INFO - [2025-11-17T03:54:57.518+0000] {dagbag.py:541} INFO - Filling up the DagBag from /home/vscode/.local/lib/python3.10/site-packages/airflow/example_dags/example_trigger_controller_dag.py
[2025-11-17T03:54:57.521+0000] {processor.py:836} INFO - DAG(s) dict_keys(['example_trigger_controller_dag']) retrieved from /home/vscode/.local/lib/python3.10/site-packages/airflow/example_dags/example_trigger_controller_dag.py
[2025-11-17T03:54:57.532+0000] {logging_mixin.py:150} INFO - [2025-11-17T03:54:57.532+0000] {dag.py:2742} INFO - Sync 1 DAGs
[2025-11-17T03:54:57.544+0000] {logging_mixin.py:150} INFO - [2025-11-17T03:54:57.544+0000] {dag.py:3504} INFO - Setting next_dagrun for example_trigger_controller_dag to 2021-01-01T00:00:00+00:00, run_after=2021-01-01T00:00:00+00:00
[2025-11-17T03:54:57.559+0000] {processor.py:179} INFO - Processing /home/vscode/.local/lib/python3.10/site-packages/airflow/example_dags/example_trigger_controller_dag.py took 0.043 seconds
[2025-11-17T03:55:43.693+0000] {processor.py:157} INFO - Started process (PID=20645) to work on /home/vscode/.local/lib/python3.10/site-packages/airflow/example_dags/example_trigger_controller_dag.py
[2025-11-17T03:55:43.694+0000] {processor.py:826} INFO - Processing file /home/vscode/.local/lib/python3.10/site-packages/airflow/example_dags/example_trigger_controller_dag.py for tasks to queue
[2025-11-17T03:55:43.695+0000] {logging_mixin.py:150} INFO - [2025-11-17T03:55:43.694+0000] {dagbag.py:541} INFO - Filling up the DagBag from /home/vscode/.local/lib/python3.10/site-packages/airflow/example_dags/example_trigger_controller_dag.py
[2025-11-17T03:55:43.699+0000] {processor.py:836} INFO - DAG(s) dict_keys(['example_trigger_controller_dag']) retrieved from /home/vscode/.local/lib/python3.10/site-packages/airflow/example_dags/example_trigger_controller_dag.py
[2025-11-17T03:55:43.715+0000] {logging_mixin.py:150} INFO - [2025-11-17T03:55:43.715+0000] {dag.py:2742} INFO - Sync 1 DAGs
[2025-11-17T03:55:43.734+0000] {logging_mixin.py:150} INFO - [2025-11-17T03:55:43.734+0000] {dag.py:3504} INFO - Setting next_dagrun for example_trigger_controller_dag to 2021-01-01T00:00:00+00:00, run_after=2021-01-01T00:00:00+00:00
[2025-11-17T03:55:43.757+0000] {processor.py:179} INFO - Processing /home/vscode/.local/lib/python3.10/site-packages/airflow/example_dags/example_trigger_controller_dag.py took 0.067 seconds
[2025-11-17T03:56:23.661+0000] {processor.py:157} INFO - Started process (PID=21029) to work on /home/vscode/.local/lib/python3.10/site-packages/airflow/example_dags/example_trigger_controller_dag.py
[2025-11-17T03:56:23.661+0000] {processor.py:826} INFO - Processing file /home/vscode/.local/lib/python3.10/site-packages/airflow/example_dags/example_trigger_controller_dag.py for tasks to queue
[2025-11-17T03:56:23.662+0000] {logging_mixin.py:150} INFO - [2025-11-17T03:56:23.662+0000] {dagbag.py:541} INFO - Filling up the DagBag from /home/vscode/.local/lib/python3.10/site-packages/airflow/example_dags/example_trigger_controller_dag.py
[2025-11-17T03:56:23.665+0000] {processor.py:836} INFO - DAG(s) dict_keys(['example_trigger_controller_dag']) retrieved from /home/vscode/.local/lib/python3.10/site-packages/airflow/example_dags/example_trigger_controller_dag.py
[2025-11-17T03:56:23.675+0000] {logging_mixin.py:150} INFO - [2025-11-17T03:56:23.675+0000] {dag.py:2742} INFO - Sync 1 DAGs
[2025-11-17T03:56:23.688+0000] {logging_mixin.py:150} INFO - [2025-11-17T03:56:23.688+0000] {dag.py:3504} INFO - Setting next_dagrun for example_trigger_controller_dag to 2021-01-01T00:00:00+00:00, run_after=2021-01-01T00:00:00+00:00
[2025-11-17T03:56:23.702+0000] {processor.py:179} INFO - Processing /home/vscode/.local/lib/python3.10/site-packages/airflow/example_dags/example_trigger_controller_dag.py took 0.043 seconds
[2025-11-17T03:57:06.005+0000] {processor.py:157} INFO - Started process (PID=21327) to work on /home/vscode/.local/lib/python3.10/site-packages/airflow/example_dags/example_trigger_controller_dag.py
[2025-11-17T03:57:06.005+0000] {processor.py:826} INFO - Processing file /home/vscode/.local/lib/python3.10/site-packages/airflow/example_dags/example_trigger_controller_dag.py for tasks to queue
[2025-11-17T03:57:06.006+0000] {logging_mixin.py:150} INFO - [2025-11-17T03:57:06.006+0000] {dagbag.py:541} INFO - Filling up the DagBag from /home/vscode/.local/lib/python3.10/site-packages/airflow/example_dags/example_trigger_controller_dag.py
[2025-11-17T03:57:06.009+0000] {processor.py:836} INFO - DAG(s) dict_keys(['example_trigger_controller_dag']) retrieved from /home/vscode/.local/lib/python3.10/site-packages/airflow/example_dags/example_trigger_controller_dag.py
[2025-11-17T03:57:06.020+0000] {logging_mixin.py:150} INFO - [2025-11-17T03:57:06.020+0000] {dag.py:2742} INFO - Sync 1 DAGs
[2025-11-17T03:57:06.032+0000] {logging_mixin.py:150} INFO - [2025-11-17T03:57:06.032+0000] {dag.py:3504} INFO - Setting next_dagrun for example_trigger_controller_dag to 2021-01-01T00:00:00+00:00, run_after=2021-01-01T00:00:00+00:00
[2025-11-17T03:57:06.045+0000] {processor.py:179} INFO - Processing /home/vscode/.local/lib/python3.10/site-packages/airflow/example_dags/example_trigger_controller_dag.py took 0.043 seconds
[2025-11-17T03:57:45.284+0000] {processor.py:157} INFO - Started process (PID=21594) to work on /home/vscode/.local/lib/python3.10/site-packages/airflow/example_dags/example_trigger_controller_dag.py
[2025-11-17T03:57:45.284+0000] {processor.py:826} INFO - Processing file /home/vscode/.local/lib/python3.10/site-packages/airflow/example_dags/example_trigger_controller_dag.py for tasks to queue
[2025-11-17T03:57:45.285+0000] {logging_mixin.py:150} INFO - [2025-11-17T03:57:45.285+0000] {dagbag.py:541} INFO - Filling up the DagBag from /home/vscode/.local/lib/python3.10/site-packages/airflow/example_dags/example_trigger_controller_dag.py
[2025-11-17T03:57:45.289+0000] {processor.py:836} INFO - DAG(s) dict_keys(['example_trigger_controller_dag']) retrieved from /home/vscode/.local/lib/python3.10/site-packages/airflow/example_dags/example_trigger_controller_dag.py
[2025-11-17T03:57:45.305+0000] {logging_mixin.py:150} INFO - [2025-11-17T03:57:45.305+0000] {dag.py:2742} INFO - Sync 1 DAGs
[2025-11-17T03:57:45.317+0000] {logging_mixin.py:150} INFO - [2025-11-17T03:57:45.317+0000] {dag.py:3504} INFO - Setting next_dagrun for example_trigger_controller_dag to 2021-01-01T00:00:00+00:00, run_after=2021-01-01T00:00:00+00:00
[2025-11-17T03:57:45.331+0000] {processor.py:179} INFO - Processing /home/vscode/.local/lib/python3.10/site-packages/airflow/example_dags/example_trigger_controller_dag.py took 0.051 seconds
[2025-11-17T03:58:31.357+0000] {processor.py:157} INFO - Started process (PID=21898) to work on /home/vscode/.local/lib/python3.10/site-packages/airflow/example_dags/example_trigger_controller_dag.py
[2025-11-17T03:58:31.358+0000] {processor.py:826} INFO - Processing file /home/vscode/.local/lib/python3.10/site-packages/airflow/example_dags/example_trigger_controller_dag.py for tasks to queue
[2025-11-17T03:58:31.358+0000] {logging_mixin.py:150} INFO - [2025-11-17T03:58:31.358+0000] {dagbag.py:541} INFO - Filling up the DagBag from /home/vscode/.local/lib/python3.10/site-packages/airflow/example_dags/example_trigger_controller_dag.py
[2025-11-17T03:58:31.361+0000] {processor.py:836} INFO - DAG(s) dict_keys(['example_trigger_controller_dag']) retrieved from /home/vscode/.local/lib/python3.10/site-packages/airflow/example_dags/example_trigger_controller_dag.py
[2025-11-17T03:58:31.371+0000] {logging_mixin.py:150} INFO - [2025-11-17T03:58:31.371+0000] {dag.py:2742} INFO - Sync 1 DAGs
[2025-11-17T03:58:31.384+0000] {logging_mixin.py:150} INFO - [2025-11-17T03:58:31.384+0000] {dag.py:3504} INFO - Setting next_dagrun for example_trigger_controller_dag to 2021-01-01T00:00:00+00:00, run_after=2021-01-01T00:00:00+00:00
[2025-11-17T03:58:31.397+0000] {processor.py:179} INFO - Processing /home/vscode/.local/lib/python3.10/site-packages/airflow/example_dags/example_trigger_controller_dag.py took 0.042 seconds
[2025-11-17T03:59:10.990+0000] {processor.py:157} INFO - Started process (PID=22158) to work on /home/vscode/.local/lib/python3.10/site-packages/airflow/example_dags/example_trigger_controller_dag.py
[2025-11-17T03:59:10.991+0000] {processor.py:826} INFO - Processing file /home/vscode/.local/lib/python3.10/site-packages/airflow/example_dags/example_trigger_controller_dag.py for tasks to queue
[2025-11-17T03:59:10.991+0000] {logging_mixin.py:150} INFO - [2025-11-17T03:59:10.991+0000] {dagbag.py:541} INFO - Filling up the DagBag from /home/vscode/.local/lib/python3.10/site-packages/airflow/example_dags/example_trigger_controller_dag.py
[2025-11-17T03:59:10.995+0000] {processor.py:836} INFO - DAG(s) dict_keys(['example_trigger_controller_dag']) retrieved from /home/vscode/.local/lib/python3.10/site-packages/airflow/example_dags/example_trigger_controller_dag.py
[2025-11-17T03:59:11.005+0000] {logging_mixin.py:150} INFO - [2025-11-17T03:59:11.005+0000] {dag.py:2742} INFO - Sync 1 DAGs
[2025-11-17T03:59:11.017+0000] {logging_mixin.py:150} INFO - [2025-11-17T03:59:11.017+0000] {dag.py:3504} INFO - Setting next_dagrun for example_trigger_controller_dag to 2021-01-01T00:00:00+00:00, run_after=2021-01-01T00:00:00+00:00
[2025-11-17T03:59:11.031+0000] {processor.py:179} INFO - Processing /home/vscode/.local/lib/python3.10/site-packages/airflow/example_dags/example_trigger_controller_dag.py took 0.042 seconds
[2025-11-17T03:59:52.682+0000] {processor.py:157} INFO - Started process (PID=22443) to work on /home/vscode/.local/lib/python3.10/site-packages/airflow/example_dags/example_trigger_controller_dag.py
[2025-11-17T03:59:52.683+0000] {processor.py:826} INFO - Processing file /home/vscode/.local/lib/python3.10/site-packages/airflow/example_dags/example_trigger_controller_dag.py for tasks to queue
[2025-11-17T03:59:52.684+0000] {logging_mixin.py:150} INFO - [2025-11-17T03:59:52.683+0000] {dagbag.py:541} INFO - Filling up the DagBag from /home/vscode/.local/lib/python3.10/site-packages/airflow/example_dags/example_trigger_controller_dag.py
[2025-11-17T03:59:52.687+0000] {processor.py:836} INFO - DAG(s) dict_keys(['example_trigger_controller_dag']) retrieved from /home/vscode/.local/lib/python3.10/site-packages/airflow/example_dags/example_trigger_controller_dag.py
[2025-11-17T03:59:52.697+0000] {logging_mixin.py:150} INFO - [2025-11-17T03:59:52.697+0000] {dag.py:2742} INFO - Sync 1 DAGs
[2025-11-17T03:59:52.710+0000] {logging_mixin.py:150} INFO - [2025-11-17T03:59:52.709+0000] {dag.py:3504} INFO - Setting next_dagrun for example_trigger_controller_dag to 2021-01-01T00:00:00+00:00, run_after=2021-01-01T00:00:00+00:00
[2025-11-17T03:59:52.723+0000] {processor.py:179} INFO - Processing /home/vscode/.local/lib/python3.10/site-packages/airflow/example_dags/example_trigger_controller_dag.py took 0.042 seconds
[2025-11-17T04:00:37.425+0000] {processor.py:157} INFO - Started process (PID=22737) to work on /home/vscode/.local/lib/python3.10/site-packages/airflow/example_dags/example_trigger_controller_dag.py
[2025-11-17T04:00:37.426+0000] {processor.py:826} INFO - Processing file /home/vscode/.local/lib/python3.10/site-packages/airflow/example_dags/example_trigger_controller_dag.py for tasks to queue
[2025-11-17T04:00:37.426+0000] {logging_mixin.py:150} INFO - [2025-11-17T04:00:37.426+0000] {dagbag.py:541} INFO - Filling up the DagBag from /home/vscode/.local/lib/python3.10/site-packages/airflow/example_dags/example_trigger_controller_dag.py
[2025-11-17T04:00:37.429+0000] {processor.py:836} INFO - DAG(s) dict_keys(['example_trigger_controller_dag']) retrieved from /home/vscode/.local/lib/python3.10/site-packages/airflow/example_dags/example_trigger_controller_dag.py
[2025-11-17T04:00:37.440+0000] {logging_mixin.py:150} INFO - [2025-11-17T04:00:37.439+0000] {dag.py:2742} INFO - Sync 1 DAGs
[2025-11-17T04:00:37.452+0000] {logging_mixin.py:150} INFO - [2025-11-17T04:00:37.452+0000] {dag.py:3504} INFO - Setting next_dagrun for example_trigger_controller_dag to 2021-01-01T00:00:00+00:00, run_after=2021-01-01T00:00:00+00:00
[2025-11-17T04:00:37.465+0000] {processor.py:179} INFO - Processing /home/vscode/.local/lib/python3.10/site-packages/airflow/example_dags/example_trigger_controller_dag.py took 0.042 seconds
[2025-11-17T04:01:19.044+0000] {processor.py:157} INFO - Started process (PID=23027) to work on /home/vscode/.local/lib/python3.10/site-packages/airflow/example_dags/example_trigger_controller_dag.py
[2025-11-17T04:01:19.044+0000] {processor.py:826} INFO - Processing file /home/vscode/.local/lib/python3.10/site-packages/airflow/example_dags/example_trigger_controller_dag.py for tasks to queue
[2025-11-17T04:01:19.045+0000] {logging_mixin.py:150} INFO - [2025-11-17T04:01:19.045+0000] {dagbag.py:541} INFO - Filling up the DagBag from /home/vscode/.local/lib/python3.10/site-packages/airflow/example_dags/example_trigger_controller_dag.py
[2025-11-17T04:01:19.048+0000] {processor.py:836} INFO - DAG(s) dict_keys(['example_trigger_controller_dag']) retrieved from /home/vscode/.local/lib/python3.10/site-packages/airflow/example_dags/example_trigger_controller_dag.py
[2025-11-17T04:01:19.058+0000] {logging_mixin.py:150} INFO - [2025-11-17T04:01:19.058+0000] {dag.py:2742} INFO - Sync 1 DAGs
[2025-11-17T04:01:19.071+0000] {logging_mixin.py:150} INFO - [2025-11-17T04:01:19.071+0000] {dag.py:3504} INFO - Setting next_dagrun for example_trigger_controller_dag to 2021-01-01T00:00:00+00:00, run_after=2021-01-01T00:00:00+00:00
[2025-11-17T04:01:19.084+0000] {processor.py:179} INFO - Processing /home/vscode/.local/lib/python3.10/site-packages/airflow/example_dags/example_trigger_controller_dag.py took 0.042 seconds
[2025-11-17T04:01:56.996+0000] {processor.py:157} INFO - Started process (PID=23278) to work on /home/vscode/.local/lib/python3.10/site-packages/airflow/example_dags/example_trigger_controller_dag.py
[2025-11-17T04:01:56.996+0000] {processor.py:826} INFO - Processing file /home/vscode/.local/lib/python3.10/site-packages/airflow/example_dags/example_trigger_controller_dag.py for tasks to queue
[2025-11-17T04:01:56.997+0000] {logging_mixin.py:150} INFO - [2025-11-17T04:01:56.997+0000] {dagbag.py:541} INFO - Filling up the DagBag from /home/vscode/.local/lib/python3.10/site-packages/airflow/example_dags/example_trigger_controller_dag.py
[2025-11-17T04:01:57.001+0000] {processor.py:836} INFO - DAG(s) dict_keys(['example_trigger_controller_dag']) retrieved from /home/vscode/.local/lib/python3.10/site-packages/airflow/example_dags/example_trigger_controller_dag.py
[2025-11-17T04:01:57.018+0000] {logging_mixin.py:150} INFO - [2025-11-17T04:01:57.018+0000] {dag.py:2742} INFO - Sync 1 DAGs
[2025-11-17T04:01:57.036+0000] {logging_mixin.py:150} INFO - [2025-11-17T04:01:57.036+0000] {dag.py:3504} INFO - Setting next_dagrun for example_trigger_controller_dag to 2021-01-01T00:00:00+00:00, run_after=2021-01-01T00:00:00+00:00
[2025-11-17T04:01:57.051+0000] {processor.py:179} INFO - Processing /home/vscode/.local/lib/python3.10/site-packages/airflow/example_dags/example_trigger_controller_dag.py took 0.059 seconds
[2025-11-17T04:02:39.055+0000] {processor.py:157} INFO - Started process (PID=23558) to work on /home/vscode/.local/lib/python3.10/site-packages/airflow/example_dags/example_trigger_controller_dag.py
[2025-11-17T04:02:39.055+0000] {processor.py:826} INFO - Processing file /home/vscode/.local/lib/python3.10/site-packages/airflow/example_dags/example_trigger_controller_dag.py for tasks to queue
[2025-11-17T04:02:39.056+0000] {logging_mixin.py:150} INFO - [2025-11-17T04:02:39.056+0000] {dagbag.py:541} INFO - Filling up the DagBag from /home/vscode/.local/lib/python3.10/site-packages/airflow/example_dags/example_trigger_controller_dag.py
[2025-11-17T04:02:39.059+0000] {processor.py:836} INFO - DAG(s) dict_keys(['example_trigger_controller_dag']) retrieved from /home/vscode/.local/lib/python3.10/site-packages/airflow/example_dags/example_trigger_controller_dag.py
[2025-11-17T04:02:39.071+0000] {logging_mixin.py:150} INFO - [2025-11-17T04:02:39.071+0000] {dag.py:2742} INFO - Sync 1 DAGs
[2025-11-17T04:02:39.084+0000] {logging_mixin.py:150} INFO - [2025-11-17T04:02:39.084+0000] {dag.py:3504} INFO - Setting next_dagrun for example_trigger_controller_dag to 2021-01-01T00:00:00+00:00, run_after=2021-01-01T00:00:00+00:00
[2025-11-17T04:02:39.099+0000] {processor.py:179} INFO - Processing /home/vscode/.local/lib/python3.10/site-packages/airflow/example_dags/example_trigger_controller_dag.py took 0.047 seconds
[2025-11-17T04:03:23.155+0000] {processor.py:157} INFO - Started process (PID=23842) to work on /home/vscode/.local/lib/python3.10/site-packages/airflow/example_dags/example_trigger_controller_dag.py
[2025-11-17T04:03:23.155+0000] {processor.py:826} INFO - Processing file /home/vscode/.local/lib/python3.10/site-packages/airflow/example_dags/example_trigger_controller_dag.py for tasks to queue
[2025-11-17T04:03:23.156+0000] {logging_mixin.py:150} INFO - [2025-11-17T04:03:23.156+0000] {dagbag.py:541} INFO - Filling up the DagBag from /home/vscode/.local/lib/python3.10/site-packages/airflow/example_dags/example_trigger_controller_dag.py
[2025-11-17T04:03:23.159+0000] {processor.py:836} INFO - DAG(s) dict_keys(['example_trigger_controller_dag']) retrieved from /home/vscode/.local/lib/python3.10/site-packages/airflow/example_dags/example_trigger_controller_dag.py
[2025-11-17T04:03:23.175+0000] {logging_mixin.py:150} INFO - [2025-11-17T04:03:23.175+0000] {dag.py:2742} INFO - Sync 1 DAGs
[2025-11-17T04:03:23.188+0000] {logging_mixin.py:150} INFO - [2025-11-17T04:03:23.188+0000] {dag.py:3504} INFO - Setting next_dagrun for example_trigger_controller_dag to 2021-01-01T00:00:00+00:00, run_after=2021-01-01T00:00:00+00:00
[2025-11-17T04:03:23.204+0000] {processor.py:179} INFO - Processing /home/vscode/.local/lib/python3.10/site-packages/airflow/example_dags/example_trigger_controller_dag.py took 0.051 seconds
[2025-11-17T04:04:08.252+0000] {processor.py:157} INFO - Started process (PID=24149) to work on /home/vscode/.local/lib/python3.10/site-packages/airflow/example_dags/example_trigger_controller_dag.py
[2025-11-17T04:04:08.252+0000] {processor.py:826} INFO - Processing file /home/vscode/.local/lib/python3.10/site-packages/airflow/example_dags/example_trigger_controller_dag.py for tasks to queue
[2025-11-17T04:04:08.253+0000] {logging_mixin.py:150} INFO - [2025-11-17T04:04:08.253+0000] {dagbag.py:541} INFO - Filling up the DagBag from /home/vscode/.local/lib/python3.10/site-packages/airflow/example_dags/example_trigger_controller_dag.py
[2025-11-17T04:04:08.256+0000] {processor.py:836} INFO - DAG(s) dict_keys(['example_trigger_controller_dag']) retrieved from /home/vscode/.local/lib/python3.10/site-packages/airflow/example_dags/example_trigger_controller_dag.py
[2025-11-17T04:04:08.267+0000] {logging_mixin.py:150} INFO - [2025-11-17T04:04:08.266+0000] {dag.py:2742} INFO - Sync 1 DAGs
[2025-11-17T04:04:08.280+0000] {logging_mixin.py:150} INFO - [2025-11-17T04:04:08.280+0000] {dag.py:3504} INFO - Setting next_dagrun for example_trigger_controller_dag to 2021-01-01T00:00:00+00:00, run_after=2021-01-01T00:00:00+00:00
[2025-11-17T04:04:08.294+0000] {processor.py:179} INFO - Processing /home/vscode/.local/lib/python3.10/site-packages/airflow/example_dags/example_trigger_controller_dag.py took 0.044 seconds
[2025-11-17T04:04:53.641+0000] {processor.py:157} INFO - Started process (PID=24459) to work on /home/vscode/.local/lib/python3.10/site-packages/airflow/example_dags/example_trigger_controller_dag.py
[2025-11-17T04:04:53.642+0000] {processor.py:826} INFO - Processing file /home/vscode/.local/lib/python3.10/site-packages/airflow/example_dags/example_trigger_controller_dag.py for tasks to queue
[2025-11-17T04:04:53.643+0000] {logging_mixin.py:150} INFO - [2025-11-17T04:04:53.642+0000] {dagbag.py:541} INFO - Filling up the DagBag from /home/vscode/.local/lib/python3.10/site-packages/airflow/example_dags/example_trigger_controller_dag.py
[2025-11-17T04:04:53.646+0000] {processor.py:836} INFO - DAG(s) dict_keys(['example_trigger_controller_dag']) retrieved from /home/vscode/.local/lib/python3.10/site-packages/airflow/example_dags/example_trigger_controller_dag.py
[2025-11-17T04:04:53.657+0000] {logging_mixin.py:150} INFO - [2025-11-17T04:04:53.657+0000] {dag.py:2742} INFO - Sync 1 DAGs
[2025-11-17T04:04:53.671+0000] {logging_mixin.py:150} INFO - [2025-11-17T04:04:53.671+0000] {dag.py:3504} INFO - Setting next_dagrun for example_trigger_controller_dag to 2021-01-01T00:00:00+00:00, run_after=2021-01-01T00:00:00+00:00
[2025-11-17T04:04:53.686+0000] {processor.py:179} INFO - Processing /home/vscode/.local/lib/python3.10/site-packages/airflow/example_dags/example_trigger_controller_dag.py took 0.047 seconds
[2025-11-17T04:05:37.540+0000] {processor.py:157} INFO - Started process (PID=24774) to work on /home/vscode/.local/lib/python3.10/site-packages/airflow/example_dags/example_trigger_controller_dag.py
[2025-11-17T04:05:37.541+0000] {processor.py:826} INFO - Processing file /home/vscode/.local/lib/python3.10/site-packages/airflow/example_dags/example_trigger_controller_dag.py for tasks to queue
[2025-11-17T04:05:37.541+0000] {logging_mixin.py:150} INFO - [2025-11-17T04:05:37.541+0000] {dagbag.py:541} INFO - Filling up the DagBag from /home/vscode/.local/lib/python3.10/site-packages/airflow/example_dags/example_trigger_controller_dag.py
[2025-11-17T04:05:37.544+0000] {processor.py:836} INFO - DAG(s) dict_keys(['example_trigger_controller_dag']) retrieved from /home/vscode/.local/lib/python3.10/site-packages/airflow/example_dags/example_trigger_controller_dag.py
[2025-11-17T04:05:37.555+0000] {logging_mixin.py:150} INFO - [2025-11-17T04:05:37.554+0000] {dag.py:2742} INFO - Sync 1 DAGs
[2025-11-17T04:05:37.567+0000] {logging_mixin.py:150} INFO - [2025-11-17T04:05:37.567+0000] {dag.py:3504} INFO - Setting next_dagrun for example_trigger_controller_dag to 2021-01-01T00:00:00+00:00, run_after=2021-01-01T00:00:00+00:00
[2025-11-17T04:05:37.581+0000] {processor.py:179} INFO - Processing /home/vscode/.local/lib/python3.10/site-packages/airflow/example_dags/example_trigger_controller_dag.py took 0.043 seconds
[2025-11-17T04:06:22.661+0000] {processor.py:157} INFO - Started process (PID=25090) to work on /home/vscode/.local/lib/python3.10/site-packages/airflow/example_dags/example_trigger_controller_dag.py
[2025-11-17T04:06:22.662+0000] {processor.py:826} INFO - Processing file /home/vscode/.local/lib/python3.10/site-packages/airflow/example_dags/example_trigger_controller_dag.py for tasks to queue
[2025-11-17T04:06:22.662+0000] {logging_mixin.py:150} INFO - [2025-11-17T04:06:22.662+0000] {dagbag.py:541} INFO - Filling up the DagBag from /home/vscode/.local/lib/python3.10/site-packages/airflow/example_dags/example_trigger_controller_dag.py
[2025-11-17T04:06:22.665+0000] {processor.py:836} INFO - DAG(s) dict_keys(['example_trigger_controller_dag']) retrieved from /home/vscode/.local/lib/python3.10/site-packages/airflow/example_dags/example_trigger_controller_dag.py
[2025-11-17T04:06:22.676+0000] {logging_mixin.py:150} INFO - [2025-11-17T04:06:22.676+0000] {dag.py:2742} INFO - Sync 1 DAGs
[2025-11-17T04:06:22.691+0000] {logging_mixin.py:150} INFO - [2025-11-17T04:06:22.691+0000] {dag.py:3504} INFO - Setting next_dagrun for example_trigger_controller_dag to 2021-01-01T00:00:00+00:00, run_after=2021-01-01T00:00:00+00:00
[2025-11-17T04:06:22.706+0000] {processor.py:179} INFO - Processing /home/vscode/.local/lib/python3.10/site-packages/airflow/example_dags/example_trigger_controller_dag.py took 0.047 seconds
[2025-11-17T04:07:07.159+0000] {processor.py:157} INFO - Started process (PID=25464) to work on /home/vscode/.local/lib/python3.10/site-packages/airflow/example_dags/example_trigger_controller_dag.py
[2025-11-17T04:07:07.160+0000] {processor.py:826} INFO - Processing file /home/vscode/.local/lib/python3.10/site-packages/airflow/example_dags/example_trigger_controller_dag.py for tasks to queue
[2025-11-17T04:07:07.160+0000] {logging_mixin.py:150} INFO - [2025-11-17T04:07:07.160+0000] {dagbag.py:541} INFO - Filling up the DagBag from /home/vscode/.local/lib/python3.10/site-packages/airflow/example_dags/example_trigger_controller_dag.py
[2025-11-17T04:07:07.164+0000] {processor.py:836} INFO - DAG(s) dict_keys(['example_trigger_controller_dag']) retrieved from /home/vscode/.local/lib/python3.10/site-packages/airflow/example_dags/example_trigger_controller_dag.py
[2025-11-17T04:07:07.175+0000] {logging_mixin.py:150} INFO - [2025-11-17T04:07:07.175+0000] {dag.py:2742} INFO - Sync 1 DAGs
[2025-11-17T04:07:07.188+0000] {logging_mixin.py:150} INFO - [2025-11-17T04:07:07.188+0000] {dag.py:3504} INFO - Setting next_dagrun for example_trigger_controller_dag to 2021-01-01T00:00:00+00:00, run_after=2021-01-01T00:00:00+00:00
[2025-11-17T04:07:07.203+0000] {processor.py:179} INFO - Processing /home/vscode/.local/lib/python3.10/site-packages/airflow/example_dags/example_trigger_controller_dag.py took 0.046 seconds
[2025-11-17T04:07:49.397+0000] {processor.py:157} INFO - Started process (PID=25751) to work on /home/vscode/.local/lib/python3.10/site-packages/airflow/example_dags/example_trigger_controller_dag.py
[2025-11-17T04:07:49.398+0000] {processor.py:826} INFO - Processing file /home/vscode/.local/lib/python3.10/site-packages/airflow/example_dags/example_trigger_controller_dag.py for tasks to queue
[2025-11-17T04:07:49.398+0000] {logging_mixin.py:150} INFO - [2025-11-17T04:07:49.398+0000] {dagbag.py:541} INFO - Filling up the DagBag from /home/vscode/.local/lib/python3.10/site-packages/airflow/example_dags/example_trigger_controller_dag.py
[2025-11-17T04:07:49.402+0000] {processor.py:836} INFO - DAG(s) dict_keys(['example_trigger_controller_dag']) retrieved from /home/vscode/.local/lib/python3.10/site-packages/airflow/example_dags/example_trigger_controller_dag.py
[2025-11-17T04:07:49.412+0000] {logging_mixin.py:150} INFO - [2025-11-17T04:07:49.412+0000] {dag.py:2742} INFO - Sync 1 DAGs
[2025-11-17T04:07:49.425+0000] {logging_mixin.py:150} INFO - [2025-11-17T04:07:49.425+0000] {dag.py:3504} INFO - Setting next_dagrun for example_trigger_controller_dag to 2021-01-01T00:00:00+00:00, run_after=2021-01-01T00:00:00+00:00
[2025-11-17T04:07:49.440+0000] {processor.py:179} INFO - Processing /home/vscode/.local/lib/python3.10/site-packages/airflow/example_dags/example_trigger_controller_dag.py took 0.045 seconds
[2025-11-17T04:08:33.185+0000] {processor.py:157} INFO - Started process (PID=26143) to work on /home/vscode/.local/lib/python3.10/site-packages/airflow/example_dags/example_trigger_controller_dag.py
[2025-11-17T04:08:33.186+0000] {processor.py:826} INFO - Processing file /home/vscode/.local/lib/python3.10/site-packages/airflow/example_dags/example_trigger_controller_dag.py for tasks to queue
[2025-11-17T04:08:33.186+0000] {logging_mixin.py:150} INFO - [2025-11-17T04:08:33.186+0000] {dagbag.py:541} INFO - Filling up the DagBag from /home/vscode/.local/lib/python3.10/site-packages/airflow/example_dags/example_trigger_controller_dag.py
[2025-11-17T04:08:33.190+0000] {processor.py:836} INFO - DAG(s) dict_keys(['example_trigger_controller_dag']) retrieved from /home/vscode/.local/lib/python3.10/site-packages/airflow/example_dags/example_trigger_controller_dag.py
[2025-11-17T04:08:33.202+0000] {logging_mixin.py:150} INFO - [2025-11-17T04:08:33.202+0000] {dag.py:2742} INFO - Sync 1 DAGs
[2025-11-17T04:08:33.216+0000] {logging_mixin.py:150} INFO - [2025-11-17T04:08:33.216+0000] {dag.py:3504} INFO - Setting next_dagrun for example_trigger_controller_dag to 2021-01-01T00:00:00+00:00, run_after=2021-01-01T00:00:00+00:00
[2025-11-17T04:08:33.230+0000] {processor.py:179} INFO - Processing /home/vscode/.local/lib/python3.10/site-packages/airflow/example_dags/example_trigger_controller_dag.py took 0.047 seconds
[2025-11-17T04:09:15.990+0000] {processor.py:157} INFO - Started process (PID=26444) to work on /home/vscode/.local/lib/python3.10/site-packages/airflow/example_dags/example_trigger_controller_dag.py
[2025-11-17T04:09:15.991+0000] {processor.py:826} INFO - Processing file /home/vscode/.local/lib/python3.10/site-packages/airflow/example_dags/example_trigger_controller_dag.py for tasks to queue
[2025-11-17T04:09:15.992+0000] {logging_mixin.py:150} INFO - [2025-11-17T04:09:15.991+0000] {dagbag.py:541} INFO - Filling up the DagBag from /home/vscode/.local/lib/python3.10/site-packages/airflow/example_dags/example_trigger_controller_dag.py
[2025-11-17T04:09:15.995+0000] {processor.py:836} INFO - DAG(s) dict_keys(['example_trigger_controller_dag']) retrieved from /home/vscode/.local/lib/python3.10/site-packages/airflow/example_dags/example_trigger_controller_dag.py
[2025-11-17T04:09:16.006+0000] {logging_mixin.py:150} INFO - [2025-11-17T04:09:16.006+0000] {dag.py:2742} INFO - Sync 1 DAGs
[2025-11-17T04:09:16.019+0000] {logging_mixin.py:150} INFO - [2025-11-17T04:09:16.019+0000] {dag.py:3504} INFO - Setting next_dagrun for example_trigger_controller_dag to 2021-01-01T00:00:00+00:00, run_after=2021-01-01T00:00:00+00:00
[2025-11-17T04:09:16.033+0000] {processor.py:179} INFO - Processing /home/vscode/.local/lib/python3.10/site-packages/airflow/example_dags/example_trigger_controller_dag.py took 0.045 seconds
[2025-11-17T04:09:57.948+0000] {processor.py:157} INFO - Started process (PID=26742) to work on /home/vscode/.local/lib/python3.10/site-packages/airflow/example_dags/example_trigger_controller_dag.py
[2025-11-17T04:09:57.949+0000] {processor.py:826} INFO - Processing file /home/vscode/.local/lib/python3.10/site-packages/airflow/example_dags/example_trigger_controller_dag.py for tasks to queue
[2025-11-17T04:09:57.950+0000] {logging_mixin.py:150} INFO - [2025-11-17T04:09:57.949+0000] {dagbag.py:541} INFO - Filling up the DagBag from /home/vscode/.local/lib/python3.10/site-packages/airflow/example_dags/example_trigger_controller_dag.py
[2025-11-17T04:09:57.953+0000] {processor.py:836} INFO - DAG(s) dict_keys(['example_trigger_controller_dag']) retrieved from /home/vscode/.local/lib/python3.10/site-packages/airflow/example_dags/example_trigger_controller_dag.py
[2025-11-17T04:09:57.964+0000] {logging_mixin.py:150} INFO - [2025-11-17T04:09:57.964+0000] {dag.py:2742} INFO - Sync 1 DAGs
[2025-11-17T04:09:57.977+0000] {logging_mixin.py:150} INFO - [2025-11-17T04:09:57.977+0000] {dag.py:3504} INFO - Setting next_dagrun for example_trigger_controller_dag to 2021-01-01T00:00:00+00:00, run_after=2021-01-01T00:00:00+00:00
[2025-11-17T04:09:57.992+0000] {processor.py:179} INFO - Processing /home/vscode/.local/lib/python3.10/site-packages/airflow/example_dags/example_trigger_controller_dag.py took 0.047 seconds
[2025-11-17T04:10:41.082+0000] {processor.py:157} INFO - Started process (PID=27035) to work on /home/vscode/.local/lib/python3.10/site-packages/airflow/example_dags/example_trigger_controller_dag.py
[2025-11-17T04:10:41.082+0000] {processor.py:826} INFO - Processing file /home/vscode/.local/lib/python3.10/site-packages/airflow/example_dags/example_trigger_controller_dag.py for tasks to queue
[2025-11-17T04:10:41.083+0000] {logging_mixin.py:150} INFO - [2025-11-17T04:10:41.083+0000] {dagbag.py:541} INFO - Filling up the DagBag from /home/vscode/.local/lib/python3.10/site-packages/airflow/example_dags/example_trigger_controller_dag.py
[2025-11-17T04:10:41.087+0000] {processor.py:836} INFO - DAG(s) dict_keys(['example_trigger_controller_dag']) retrieved from /home/vscode/.local/lib/python3.10/site-packages/airflow/example_dags/example_trigger_controller_dag.py
[2025-11-17T04:10:41.098+0000] {logging_mixin.py:150} INFO - [2025-11-17T04:10:41.098+0000] {dag.py:2742} INFO - Sync 1 DAGs
[2025-11-17T04:10:41.112+0000] {logging_mixin.py:150} INFO - [2025-11-17T04:10:41.112+0000] {dag.py:3504} INFO - Setting next_dagrun for example_trigger_controller_dag to 2021-01-01T00:00:00+00:00, run_after=2021-01-01T00:00:00+00:00
[2025-11-17T04:10:41.126+0000] {processor.py:179} INFO - Processing /home/vscode/.local/lib/python3.10/site-packages/airflow/example_dags/example_trigger_controller_dag.py took 0.047 seconds
[2025-11-17T04:11:20.120+0000] {processor.py:157} INFO - Started process (PID=27306) to work on /home/vscode/.local/lib/python3.10/site-packages/airflow/example_dags/example_trigger_controller_dag.py
[2025-11-17T04:11:20.121+0000] {processor.py:826} INFO - Processing file /home/vscode/.local/lib/python3.10/site-packages/airflow/example_dags/example_trigger_controller_dag.py for tasks to queue
[2025-11-17T04:11:20.121+0000] {logging_mixin.py:150} INFO - [2025-11-17T04:11:20.121+0000] {dagbag.py:541} INFO - Filling up the DagBag from /home/vscode/.local/lib/python3.10/site-packages/airflow/example_dags/example_trigger_controller_dag.py
[2025-11-17T04:11:20.125+0000] {processor.py:836} INFO - DAG(s) dict_keys(['example_trigger_controller_dag']) retrieved from /home/vscode/.local/lib/python3.10/site-packages/airflow/example_dags/example_trigger_controller_dag.py
[2025-11-17T04:11:20.135+0000] {logging_mixin.py:150} INFO - [2025-11-17T04:11:20.135+0000] {dag.py:2742} INFO - Sync 1 DAGs
[2025-11-17T04:11:20.148+0000] {logging_mixin.py:150} INFO - [2025-11-17T04:11:20.148+0000] {dag.py:3504} INFO - Setting next_dagrun for example_trigger_controller_dag to 2021-01-01T00:00:00+00:00, run_after=2021-01-01T00:00:00+00:00
[2025-11-17T04:11:20.163+0000] {processor.py:179} INFO - Processing /home/vscode/.local/lib/python3.10/site-packages/airflow/example_dags/example_trigger_controller_dag.py took 0.044 seconds
[2025-11-17T04:12:02.930+0000] {processor.py:157} INFO - Started process (PID=27601) to work on /home/vscode/.local/lib/python3.10/site-packages/airflow/example_dags/example_trigger_controller_dag.py
[2025-11-17T04:12:02.930+0000] {processor.py:826} INFO - Processing file /home/vscode/.local/lib/python3.10/site-packages/airflow/example_dags/example_trigger_controller_dag.py for tasks to queue
[2025-11-17T04:12:02.931+0000] {logging_mixin.py:150} INFO - [2025-11-17T04:12:02.931+0000] {dagbag.py:541} INFO - Filling up the DagBag from /home/vscode/.local/lib/python3.10/site-packages/airflow/example_dags/example_trigger_controller_dag.py
[2025-11-17T04:12:02.934+0000] {processor.py:836} INFO - DAG(s) dict_keys(['example_trigger_controller_dag']) retrieved from /home/vscode/.local/lib/python3.10/site-packages/airflow/example_dags/example_trigger_controller_dag.py
[2025-11-17T04:12:02.945+0000] {logging_mixin.py:150} INFO - [2025-11-17T04:12:02.945+0000] {dag.py:2742} INFO - Sync 1 DAGs
[2025-11-17T04:12:02.959+0000] {logging_mixin.py:150} INFO - [2025-11-17T04:12:02.958+0000] {dag.py:3504} INFO - Setting next_dagrun for example_trigger_controller_dag to 2021-01-01T00:00:00+00:00, run_after=2021-01-01T00:00:00+00:00
[2025-11-17T04:12:02.973+0000] {processor.py:179} INFO - Processing /home/vscode/.local/lib/python3.10/site-packages/airflow/example_dags/example_trigger_controller_dag.py took 0.046 seconds
[2025-11-17T04:12:36.070+0000] {processor.py:157} INFO - Started process (PID=27828) to work on /home/vscode/.local/lib/python3.10/site-packages/airflow/example_dags/example_trigger_controller_dag.py
[2025-11-17T04:12:36.071+0000] {processor.py:826} INFO - Processing file /home/vscode/.local/lib/python3.10/site-packages/airflow/example_dags/example_trigger_controller_dag.py for tasks to queue
[2025-11-17T04:12:36.071+0000] {logging_mixin.py:150} INFO - [2025-11-17T04:12:36.071+0000] {dagbag.py:541} INFO - Filling up the DagBag from /home/vscode/.local/lib/python3.10/site-packages/airflow/example_dags/example_trigger_controller_dag.py
[2025-11-17T04:12:36.075+0000] {processor.py:836} INFO - DAG(s) dict_keys(['example_trigger_controller_dag']) retrieved from /home/vscode/.local/lib/python3.10/site-packages/airflow/example_dags/example_trigger_controller_dag.py
[2025-11-17T04:12:36.086+0000] {logging_mixin.py:150} INFO - [2025-11-17T04:12:36.086+0000] {dag.py:2742} INFO - Sync 1 DAGs
[2025-11-17T04:12:36.099+0000] {logging_mixin.py:150} INFO - [2025-11-17T04:12:36.099+0000] {dag.py:3504} INFO - Setting next_dagrun for example_trigger_controller_dag to 2021-01-01T00:00:00+00:00, run_after=2021-01-01T00:00:00+00:00
[2025-11-17T04:12:36.113+0000] {processor.py:179} INFO - Processing /home/vscode/.local/lib/python3.10/site-packages/airflow/example_dags/example_trigger_controller_dag.py took 0.045 seconds
[2025-11-17T04:13:22.427+0000] {processor.py:157} INFO - Started process (PID=28212) to work on /home/vscode/.local/lib/python3.10/site-packages/airflow/example_dags/example_trigger_controller_dag.py
[2025-11-17T04:13:22.428+0000] {processor.py:826} INFO - Processing file /home/vscode/.local/lib/python3.10/site-packages/airflow/example_dags/example_trigger_controller_dag.py for tasks to queue
[2025-11-17T04:13:22.428+0000] {logging_mixin.py:150} INFO - [2025-11-17T04:13:22.428+0000] {dagbag.py:541} INFO - Filling up the DagBag from /home/vscode/.local/lib/python3.10/site-packages/airflow/example_dags/example_trigger_controller_dag.py
[2025-11-17T04:13:22.431+0000] {processor.py:836} INFO - DAG(s) dict_keys(['example_trigger_controller_dag']) retrieved from /home/vscode/.local/lib/python3.10/site-packages/airflow/example_dags/example_trigger_controller_dag.py
[2025-11-17T04:13:22.442+0000] {logging_mixin.py:150} INFO - [2025-11-17T04:13:22.442+0000] {dag.py:2742} INFO - Sync 1 DAGs
[2025-11-17T04:13:22.455+0000] {logging_mixin.py:150} INFO - [2025-11-17T04:13:22.455+0000] {dag.py:3504} INFO - Setting next_dagrun for example_trigger_controller_dag to 2021-01-01T00:00:00+00:00, run_after=2021-01-01T00:00:00+00:00
[2025-11-17T04:13:22.469+0000] {processor.py:179} INFO - Processing /home/vscode/.local/lib/python3.10/site-packages/airflow/example_dags/example_trigger_controller_dag.py took 0.044 seconds
[2025-11-17T04:14:00.093+0000] {processor.py:157} INFO - Started process (PID=28463) to work on /home/vscode/.local/lib/python3.10/site-packages/airflow/example_dags/example_trigger_controller_dag.py
[2025-11-17T04:14:00.094+0000] {processor.py:826} INFO - Processing file /home/vscode/.local/lib/python3.10/site-packages/airflow/example_dags/example_trigger_controller_dag.py for tasks to queue
[2025-11-17T04:14:00.094+0000] {logging_mixin.py:150} INFO - [2025-11-17T04:14:00.094+0000] {dagbag.py:541} INFO - Filling up the DagBag from /home/vscode/.local/lib/python3.10/site-packages/airflow/example_dags/example_trigger_controller_dag.py
[2025-11-17T04:14:00.097+0000] {processor.py:836} INFO - DAG(s) dict_keys(['example_trigger_controller_dag']) retrieved from /home/vscode/.local/lib/python3.10/site-packages/airflow/example_dags/example_trigger_controller_dag.py
[2025-11-17T04:14:00.109+0000] {logging_mixin.py:150} INFO - [2025-11-17T04:14:00.109+0000] {dag.py:2742} INFO - Sync 1 DAGs
[2025-11-17T04:14:00.123+0000] {logging_mixin.py:150} INFO - [2025-11-17T04:14:00.123+0000] {dag.py:3504} INFO - Setting next_dagrun for example_trigger_controller_dag to 2021-01-01T00:00:00+00:00, run_after=2021-01-01T00:00:00+00:00
[2025-11-17T04:14:00.138+0000] {processor.py:179} INFO - Processing /home/vscode/.local/lib/python3.10/site-packages/airflow/example_dags/example_trigger_controller_dag.py took 0.047 seconds
[2025-11-17T04:14:33.452+0000] {processor.py:157} INFO - Started process (PID=28693) to work on /home/vscode/.local/lib/python3.10/site-packages/airflow/example_dags/example_trigger_controller_dag.py
[2025-11-17T04:14:33.453+0000] {processor.py:826} INFO - Processing file /home/vscode/.local/lib/python3.10/site-packages/airflow/example_dags/example_trigger_controller_dag.py for tasks to queue
[2025-11-17T04:14:33.453+0000] {logging_mixin.py:150} INFO - [2025-11-17T04:14:33.453+0000] {dagbag.py:541} INFO - Filling up the DagBag from /home/vscode/.local/lib/python3.10/site-packages/airflow/example_dags/example_trigger_controller_dag.py
[2025-11-17T04:14:33.457+0000] {processor.py:836} INFO - DAG(s) dict_keys(['example_trigger_controller_dag']) retrieved from /home/vscode/.local/lib/python3.10/site-packages/airflow/example_dags/example_trigger_controller_dag.py
[2025-11-17T04:14:33.468+0000] {logging_mixin.py:150} INFO - [2025-11-17T04:14:33.468+0000] {dag.py:2742} INFO - Sync 1 DAGs
[2025-11-17T04:14:33.482+0000] {logging_mixin.py:150} INFO - [2025-11-17T04:14:33.482+0000] {dag.py:3504} INFO - Setting next_dagrun for example_trigger_controller_dag to 2021-01-01T00:00:00+00:00, run_after=2021-01-01T00:00:00+00:00
[2025-11-17T04:14:33.497+0000] {processor.py:179} INFO - Processing /home/vscode/.local/lib/python3.10/site-packages/airflow/example_dags/example_trigger_controller_dag.py took 0.047 seconds
[2025-11-17T04:15:20.710+0000] {processor.py:157} INFO - Started process (PID=29149) to work on /home/vscode/.local/lib/python3.10/site-packages/airflow/example_dags/example_trigger_controller_dag.py
[2025-11-17T04:15:20.711+0000] {processor.py:826} INFO - Processing file /home/vscode/.local/lib/python3.10/site-packages/airflow/example_dags/example_trigger_controller_dag.py for tasks to queue
[2025-11-17T04:15:20.711+0000] {logging_mixin.py:150} INFO - [2025-11-17T04:15:20.711+0000] {dagbag.py:541} INFO - Filling up the DagBag from /home/vscode/.local/lib/python3.10/site-packages/airflow/example_dags/example_trigger_controller_dag.py
[2025-11-17T04:15:20.715+0000] {processor.py:836} INFO - DAG(s) dict_keys(['example_trigger_controller_dag']) retrieved from /home/vscode/.local/lib/python3.10/site-packages/airflow/example_dags/example_trigger_controller_dag.py
[2025-11-17T04:15:20.726+0000] {logging_mixin.py:150} INFO - [2025-11-17T04:15:20.726+0000] {dag.py:2742} INFO - Sync 1 DAGs
[2025-11-17T04:15:20.739+0000] {logging_mixin.py:150} INFO - [2025-11-17T04:15:20.739+0000] {dag.py:3504} INFO - Setting next_dagrun for example_trigger_controller_dag to 2021-01-01T00:00:00+00:00, run_after=2021-01-01T00:00:00+00:00
[2025-11-17T04:15:20.753+0000] {processor.py:179} INFO - Processing /home/vscode/.local/lib/python3.10/site-packages/airflow/example_dags/example_trigger_controller_dag.py took 0.045 seconds
[2025-11-17T04:16:08.690+0000] {processor.py:157} INFO - Started process (PID=29515) to work on /home/vscode/.local/lib/python3.10/site-packages/airflow/example_dags/example_trigger_controller_dag.py
[2025-11-17T04:16:08.691+0000] {processor.py:826} INFO - Processing file /home/vscode/.local/lib/python3.10/site-packages/airflow/example_dags/example_trigger_controller_dag.py for tasks to queue
[2025-11-17T04:16:08.692+0000] {logging_mixin.py:150} INFO - [2025-11-17T04:16:08.691+0000] {dagbag.py:541} INFO - Filling up the DagBag from /home/vscode/.local/lib/python3.10/site-packages/airflow/example_dags/example_trigger_controller_dag.py
[2025-11-17T04:16:08.695+0000] {processor.py:836} INFO - DAG(s) dict_keys(['example_trigger_controller_dag']) retrieved from /home/vscode/.local/lib/python3.10/site-packages/airflow/example_dags/example_trigger_controller_dag.py
[2025-11-17T04:16:08.706+0000] {logging_mixin.py:150} INFO - [2025-11-17T04:16:08.706+0000] {dag.py:2742} INFO - Sync 1 DAGs
[2025-11-17T04:16:08.720+0000] {logging_mixin.py:150} INFO - [2025-11-17T04:16:08.720+0000] {dag.py:3504} INFO - Setting next_dagrun for example_trigger_controller_dag to 2021-01-01T00:00:00+00:00, run_after=2021-01-01T00:00:00+00:00
[2025-11-17T04:16:08.735+0000] {processor.py:179} INFO - Processing /home/vscode/.local/lib/python3.10/site-packages/airflow/example_dags/example_trigger_controller_dag.py took 0.047 seconds
[2025-11-17T04:16:52.676+0000] {processor.py:157} INFO - Started process (PID=29879) to work on /home/vscode/.local/lib/python3.10/site-packages/airflow/example_dags/example_trigger_controller_dag.py
[2025-11-17T04:16:52.677+0000] {processor.py:826} INFO - Processing file /home/vscode/.local/lib/python3.10/site-packages/airflow/example_dags/example_trigger_controller_dag.py for tasks to queue
[2025-11-17T04:16:52.677+0000] {logging_mixin.py:150} INFO - [2025-11-17T04:16:52.677+0000] {dagbag.py:541} INFO - Filling up the DagBag from /home/vscode/.local/lib/python3.10/site-packages/airflow/example_dags/example_trigger_controller_dag.py
[2025-11-17T04:16:52.681+0000] {processor.py:836} INFO - DAG(s) dict_keys(['example_trigger_controller_dag']) retrieved from /home/vscode/.local/lib/python3.10/site-packages/airflow/example_dags/example_trigger_controller_dag.py
[2025-11-17T04:16:52.698+0000] {logging_mixin.py:150} INFO - [2025-11-17T04:16:52.697+0000] {dag.py:2742} INFO - Sync 1 DAGs
[2025-11-17T04:16:52.717+0000] {logging_mixin.py:150} INFO - [2025-11-17T04:16:52.716+0000] {dag.py:3504} INFO - Setting next_dagrun for example_trigger_controller_dag to 2021-01-01T00:00:00+00:00, run_after=2021-01-01T00:00:00+00:00
[2025-11-17T04:16:52.732+0000] {processor.py:179} INFO - Processing /home/vscode/.local/lib/python3.10/site-packages/airflow/example_dags/example_trigger_controller_dag.py took 0.059 seconds
[2025-11-17T04:17:35.186+0000] {processor.py:157} INFO - Started process (PID=30169) to work on /home/vscode/.local/lib/python3.10/site-packages/airflow/example_dags/example_trigger_controller_dag.py
[2025-11-17T04:17:35.186+0000] {processor.py:826} INFO - Processing file /home/vscode/.local/lib/python3.10/site-packages/airflow/example_dags/example_trigger_controller_dag.py for tasks to queue
[2025-11-17T04:17:35.187+0000] {logging_mixin.py:150} INFO - [2025-11-17T04:17:35.187+0000] {dagbag.py:541} INFO - Filling up the DagBag from /home/vscode/.local/lib/python3.10/site-packages/airflow/example_dags/example_trigger_controller_dag.py
[2025-11-17T04:17:35.190+0000] {processor.py:836} INFO - DAG(s) dict_keys(['example_trigger_controller_dag']) retrieved from /home/vscode/.local/lib/python3.10/site-packages/airflow/example_dags/example_trigger_controller_dag.py
[2025-11-17T04:17:35.201+0000] {logging_mixin.py:150} INFO - [2025-11-17T04:17:35.201+0000] {dag.py:2742} INFO - Sync 1 DAGs
[2025-11-17T04:17:35.215+0000] {logging_mixin.py:150} INFO - [2025-11-17T04:17:35.215+0000] {dag.py:3504} INFO - Setting next_dagrun for example_trigger_controller_dag to 2021-01-01T00:00:00+00:00, run_after=2021-01-01T00:00:00+00:00
[2025-11-17T04:17:35.230+0000] {processor.py:179} INFO - Processing /home/vscode/.local/lib/python3.10/site-packages/airflow/example_dags/example_trigger_controller_dag.py took 0.047 seconds
[2025-11-17T04:18:10.018+0000] {processor.py:157} INFO - Started process (PID=30449) to work on /home/vscode/.local/lib/python3.10/site-packages/airflow/example_dags/example_trigger_controller_dag.py
[2025-11-17T04:18:10.019+0000] {processor.py:826} INFO - Processing file /home/vscode/.local/lib/python3.10/site-packages/airflow/example_dags/example_trigger_controller_dag.py for tasks to queue
[2025-11-17T04:18:10.019+0000] {logging_mixin.py:150} INFO - [2025-11-17T04:18:10.019+0000] {dagbag.py:541} INFO - Filling up the DagBag from /home/vscode/.local/lib/python3.10/site-packages/airflow/example_dags/example_trigger_controller_dag.py
[2025-11-17T04:18:10.022+0000] {processor.py:836} INFO - DAG(s) dict_keys(['example_trigger_controller_dag']) retrieved from /home/vscode/.local/lib/python3.10/site-packages/airflow/example_dags/example_trigger_controller_dag.py
[2025-11-17T04:18:10.033+0000] {logging_mixin.py:150} INFO - [2025-11-17T04:18:10.033+0000] {dag.py:2742} INFO - Sync 1 DAGs
[2025-11-17T04:18:10.046+0000] {logging_mixin.py:150} INFO - [2025-11-17T04:18:10.046+0000] {dag.py:3504} INFO - Setting next_dagrun for example_trigger_controller_dag to 2021-01-01T00:00:00+00:00, run_after=2021-01-01T00:00:00+00:00
[2025-11-17T04:18:10.062+0000] {processor.py:179} INFO - Processing /home/vscode/.local/lib/python3.10/site-packages/airflow/example_dags/example_trigger_controller_dag.py took 0.047 seconds
[2025-11-17T04:18:47.596+0000] {processor.py:157} INFO - Started process (PID=30758) to work on /home/vscode/.local/lib/python3.10/site-packages/airflow/example_dags/example_trigger_controller_dag.py
[2025-11-17T04:18:47.596+0000] {processor.py:826} INFO - Processing file /home/vscode/.local/lib/python3.10/site-packages/airflow/example_dags/example_trigger_controller_dag.py for tasks to queue
[2025-11-17T04:18:47.597+0000] {logging_mixin.py:150} INFO - [2025-11-17T04:18:47.597+0000] {dagbag.py:541} INFO - Filling up the DagBag from /home/vscode/.local/lib/python3.10/site-packages/airflow/example_dags/example_trigger_controller_dag.py
[2025-11-17T04:18:47.600+0000] {processor.py:836} INFO - DAG(s) dict_keys(['example_trigger_controller_dag']) retrieved from /home/vscode/.local/lib/python3.10/site-packages/airflow/example_dags/example_trigger_controller_dag.py
[2025-11-17T04:18:47.610+0000] {logging_mixin.py:150} INFO - [2025-11-17T04:18:47.610+0000] {dag.py:2742} INFO - Sync 1 DAGs
[2025-11-17T04:18:47.623+0000] {logging_mixin.py:150} INFO - [2025-11-17T04:18:47.623+0000] {dag.py:3504} INFO - Setting next_dagrun for example_trigger_controller_dag to 2021-01-01T00:00:00+00:00, run_after=2021-01-01T00:00:00+00:00
[2025-11-17T04:18:47.636+0000] {processor.py:179} INFO - Processing /home/vscode/.local/lib/python3.10/site-packages/airflow/example_dags/example_trigger_controller_dag.py took 0.043 seconds
[2025-11-17T04:19:30.999+0000] {processor.py:157} INFO - Started process (PID=31063) to work on /home/vscode/.local/lib/python3.10/site-packages/airflow/example_dags/example_trigger_controller_dag.py
[2025-11-17T04:19:31.000+0000] {processor.py:826} INFO - Processing file /home/vscode/.local/lib/python3.10/site-packages/airflow/example_dags/example_trigger_controller_dag.py for tasks to queue
[2025-11-17T04:19:31.001+0000] {logging_mixin.py:150} INFO - [2025-11-17T04:19:31.000+0000] {dagbag.py:541} INFO - Filling up the DagBag from /home/vscode/.local/lib/python3.10/site-packages/airflow/example_dags/example_trigger_controller_dag.py
[2025-11-17T04:19:31.004+0000] {processor.py:836} INFO - DAG(s) dict_keys(['example_trigger_controller_dag']) retrieved from /home/vscode/.local/lib/python3.10/site-packages/airflow/example_dags/example_trigger_controller_dag.py
[2025-11-17T04:19:31.016+0000] {logging_mixin.py:150} INFO - [2025-11-17T04:19:31.016+0000] {dag.py:2742} INFO - Sync 1 DAGs
[2025-11-17T04:19:31.030+0000] {logging_mixin.py:150} INFO - [2025-11-17T04:19:31.029+0000] {dag.py:3504} INFO - Setting next_dagrun for example_trigger_controller_dag to 2021-01-01T00:00:00+00:00, run_after=2021-01-01T00:00:00+00:00
[2025-11-17T04:19:31.044+0000] {processor.py:179} INFO - Processing /home/vscode/.local/lib/python3.10/site-packages/airflow/example_dags/example_trigger_controller_dag.py took 0.047 seconds
[2025-11-17T04:20:16.186+0000] {processor.py:157} INFO - Started process (PID=31497) to work on /home/vscode/.local/lib/python3.10/site-packages/airflow/example_dags/example_trigger_controller_dag.py
[2025-11-17T04:20:16.186+0000] {processor.py:826} INFO - Processing file /home/vscode/.local/lib/python3.10/site-packages/airflow/example_dags/example_trigger_controller_dag.py for tasks to queue
[2025-11-17T04:20:16.187+0000] {logging_mixin.py:150} INFO - [2025-11-17T04:20:16.187+0000] {dagbag.py:541} INFO - Filling up the DagBag from /home/vscode/.local/lib/python3.10/site-packages/airflow/example_dags/example_trigger_controller_dag.py
[2025-11-17T04:20:16.191+0000] {processor.py:836} INFO - DAG(s) dict_keys(['example_trigger_controller_dag']) retrieved from /home/vscode/.local/lib/python3.10/site-packages/airflow/example_dags/example_trigger_controller_dag.py
[2025-11-17T04:20:16.208+0000] {logging_mixin.py:150} INFO - [2025-11-17T04:20:16.207+0000] {dag.py:2742} INFO - Sync 1 DAGs
[2025-11-17T04:20:16.228+0000] {logging_mixin.py:150} INFO - [2025-11-17T04:20:16.228+0000] {dag.py:3504} INFO - Setting next_dagrun for example_trigger_controller_dag to 2021-01-01T00:00:00+00:00, run_after=2021-01-01T00:00:00+00:00
[2025-11-17T04:20:16.252+0000] {processor.py:179} INFO - Processing /home/vscode/.local/lib/python3.10/site-packages/airflow/example_dags/example_trigger_controller_dag.py took 0.070 seconds
[2025-11-17T04:21:04.060+0000] {processor.py:157} INFO - Started process (PID=31865) to work on /home/vscode/.local/lib/python3.10/site-packages/airflow/example_dags/example_trigger_controller_dag.py
[2025-11-17T04:21:04.061+0000] {processor.py:826} INFO - Processing file /home/vscode/.local/lib/python3.10/site-packages/airflow/example_dags/example_trigger_controller_dag.py for tasks to queue
[2025-11-17T04:21:04.062+0000] {logging_mixin.py:150} INFO - [2025-11-17T04:21:04.061+0000] {dagbag.py:541} INFO - Filling up the DagBag from /home/vscode/.local/lib/python3.10/site-packages/airflow/example_dags/example_trigger_controller_dag.py
[2025-11-17T04:21:04.071+0000] {processor.py:836} INFO - DAG(s) dict_keys(['example_trigger_controller_dag']) retrieved from /home/vscode/.local/lib/python3.10/site-packages/airflow/example_dags/example_trigger_controller_dag.py
[2025-11-17T04:21:04.102+0000] {logging_mixin.py:150} INFO - [2025-11-17T04:21:04.100+0000] {dag.py:2742} INFO - Sync 1 DAGs
[2025-11-17T04:21:04.136+0000] {logging_mixin.py:150} INFO - [2025-11-17T04:21:04.136+0000] {dag.py:3504} INFO - Setting next_dagrun for example_trigger_controller_dag to 2021-01-01T00:00:00+00:00, run_after=2021-01-01T00:00:00+00:00
[2025-11-17T04:21:04.159+0000] {processor.py:179} INFO - Processing /home/vscode/.local/lib/python3.10/site-packages/airflow/example_dags/example_trigger_controller_dag.py took 0.101 seconds
[2025-11-17T04:21:52.684+0000] {processor.py:157} INFO - Started process (PID=32190) to work on /home/vscode/.local/lib/python3.10/site-packages/airflow/example_dags/example_trigger_controller_dag.py
[2025-11-17T04:21:52.684+0000] {processor.py:826} INFO - Processing file /home/vscode/.local/lib/python3.10/site-packages/airflow/example_dags/example_trigger_controller_dag.py for tasks to queue
[2025-11-17T04:21:52.685+0000] {logging_mixin.py:150} INFO - [2025-11-17T04:21:52.685+0000] {dagbag.py:541} INFO - Filling up the DagBag from /home/vscode/.local/lib/python3.10/site-packages/airflow/example_dags/example_trigger_controller_dag.py
[2025-11-17T04:21:52.688+0000] {processor.py:836} INFO - DAG(s) dict_keys(['example_trigger_controller_dag']) retrieved from /home/vscode/.local/lib/python3.10/site-packages/airflow/example_dags/example_trigger_controller_dag.py
[2025-11-17T04:21:52.700+0000] {logging_mixin.py:150} INFO - [2025-11-17T04:21:52.699+0000] {dag.py:2742} INFO - Sync 1 DAGs
[2025-11-17T04:21:52.712+0000] {logging_mixin.py:150} INFO - [2025-11-17T04:21:52.712+0000] {dag.py:3504} INFO - Setting next_dagrun for example_trigger_controller_dag to 2021-01-01T00:00:00+00:00, run_after=2021-01-01T00:00:00+00:00
[2025-11-17T04:21:52.726+0000] {processor.py:179} INFO - Processing /home/vscode/.local/lib/python3.10/site-packages/airflow/example_dags/example_trigger_controller_dag.py took 0.044 seconds
[2025-11-17T04:22:41.131+0000] {processor.py:157} INFO - Started process (PID=32567) to work on /home/vscode/.local/lib/python3.10/site-packages/airflow/example_dags/example_trigger_controller_dag.py
[2025-11-17T04:22:41.131+0000] {processor.py:826} INFO - Processing file /home/vscode/.local/lib/python3.10/site-packages/airflow/example_dags/example_trigger_controller_dag.py for tasks to queue
[2025-11-17T04:22:41.132+0000] {logging_mixin.py:150} INFO - [2025-11-17T04:22:41.132+0000] {dagbag.py:541} INFO - Filling up the DagBag from /home/vscode/.local/lib/python3.10/site-packages/airflow/example_dags/example_trigger_controller_dag.py
[2025-11-17T04:22:41.136+0000] {processor.py:836} INFO - DAG(s) dict_keys(['example_trigger_controller_dag']) retrieved from /home/vscode/.local/lib/python3.10/site-packages/airflow/example_dags/example_trigger_controller_dag.py
[2025-11-17T04:22:41.148+0000] {logging_mixin.py:150} INFO - [2025-11-17T04:22:41.147+0000] {dag.py:2742} INFO - Sync 1 DAGs
[2025-11-17T04:22:41.162+0000] {logging_mixin.py:150} INFO - [2025-11-17T04:22:41.162+0000] {dag.py:3504} INFO - Setting next_dagrun for example_trigger_controller_dag to 2021-01-01T00:00:00+00:00, run_after=2021-01-01T00:00:00+00:00
[2025-11-17T04:22:41.177+0000] {processor.py:179} INFO - Processing /home/vscode/.local/lib/python3.10/site-packages/airflow/example_dags/example_trigger_controller_dag.py took 0.049 seconds
[2025-11-17T04:23:28.072+0000] {processor.py:157} INFO - Started process (PID=32914) to work on /home/vscode/.local/lib/python3.10/site-packages/airflow/example_dags/example_trigger_controller_dag.py
[2025-11-17T04:23:28.073+0000] {processor.py:826} INFO - Processing file /home/vscode/.local/lib/python3.10/site-packages/airflow/example_dags/example_trigger_controller_dag.py for tasks to queue
[2025-11-17T04:23:28.073+0000] {logging_mixin.py:150} INFO - [2025-11-17T04:23:28.073+0000] {dagbag.py:541} INFO - Filling up the DagBag from /home/vscode/.local/lib/python3.10/site-packages/airflow/example_dags/example_trigger_controller_dag.py
[2025-11-17T04:23:28.076+0000] {processor.py:836} INFO - DAG(s) dict_keys(['example_trigger_controller_dag']) retrieved from /home/vscode/.local/lib/python3.10/site-packages/airflow/example_dags/example_trigger_controller_dag.py
[2025-11-17T04:23:28.088+0000] {logging_mixin.py:150} INFO - [2025-11-17T04:23:28.088+0000] {dag.py:2742} INFO - Sync 1 DAGs
[2025-11-17T04:23:28.102+0000] {logging_mixin.py:150} INFO - [2025-11-17T04:23:28.102+0000] {dag.py:3504} INFO - Setting next_dagrun for example_trigger_controller_dag to 2021-01-01T00:00:00+00:00, run_after=2021-01-01T00:00:00+00:00
[2025-11-17T04:23:28.118+0000] {processor.py:179} INFO - Processing /home/vscode/.local/lib/python3.10/site-packages/airflow/example_dags/example_trigger_controller_dag.py took 0.048 seconds
[2025-11-17T04:24:15.271+0000] {processor.py:157} INFO - Started process (PID=33297) to work on /home/vscode/.local/lib/python3.10/site-packages/airflow/example_dags/example_trigger_controller_dag.py
[2025-11-17T04:24:15.271+0000] {processor.py:826} INFO - Processing file /home/vscode/.local/lib/python3.10/site-packages/airflow/example_dags/example_trigger_controller_dag.py for tasks to queue
[2025-11-17T04:24:15.272+0000] {logging_mixin.py:150} INFO - [2025-11-17T04:24:15.272+0000] {dagbag.py:541} INFO - Filling up the DagBag from /home/vscode/.local/lib/python3.10/site-packages/airflow/example_dags/example_trigger_controller_dag.py
[2025-11-17T04:24:15.277+0000] {processor.py:836} INFO - DAG(s) dict_keys(['example_trigger_controller_dag']) retrieved from /home/vscode/.local/lib/python3.10/site-packages/airflow/example_dags/example_trigger_controller_dag.py
[2025-11-17T04:24:15.290+0000] {logging_mixin.py:150} INFO - [2025-11-17T04:24:15.290+0000] {dag.py:2742} INFO - Sync 1 DAGs
[2025-11-17T04:24:15.308+0000] {logging_mixin.py:150} INFO - [2025-11-17T04:24:15.308+0000] {dag.py:3504} INFO - Setting next_dagrun for example_trigger_controller_dag to 2021-01-01T00:00:00+00:00, run_after=2021-01-01T00:00:00+00:00
[2025-11-17T04:24:15.343+0000] {processor.py:179} INFO - Processing /home/vscode/.local/lib/python3.10/site-packages/airflow/example_dags/example_trigger_controller_dag.py took 0.074 seconds
[2025-11-17T04:25:01.940+0000] {processor.py:157} INFO - Started process (PID=33758) to work on /home/vscode/.local/lib/python3.10/site-packages/airflow/example_dags/example_trigger_controller_dag.py
[2025-11-17T04:25:01.941+0000] {processor.py:826} INFO - Processing file /home/vscode/.local/lib/python3.10/site-packages/airflow/example_dags/example_trigger_controller_dag.py for tasks to queue
[2025-11-17T04:25:01.942+0000] {logging_mixin.py:150} INFO - [2025-11-17T04:25:01.942+0000] {dagbag.py:541} INFO - Filling up the DagBag from /home/vscode/.local/lib/python3.10/site-packages/airflow/example_dags/example_trigger_controller_dag.py
[2025-11-17T04:25:01.946+0000] {processor.py:836} INFO - DAG(s) dict_keys(['example_trigger_controller_dag']) retrieved from /home/vscode/.local/lib/python3.10/site-packages/airflow/example_dags/example_trigger_controller_dag.py
[2025-11-17T04:25:01.962+0000] {logging_mixin.py:150} INFO - [2025-11-17T04:25:01.962+0000] {dag.py:2742} INFO - Sync 1 DAGs
[2025-11-17T04:25:01.981+0000] {logging_mixin.py:150} INFO - [2025-11-17T04:25:01.981+0000] {dag.py:3504} INFO - Setting next_dagrun for example_trigger_controller_dag to 2021-01-01T00:00:00+00:00, run_after=2021-01-01T00:00:00+00:00
[2025-11-17T04:25:02.013+0000] {processor.py:179} INFO - Processing /home/vscode/.local/lib/python3.10/site-packages/airflow/example_dags/example_trigger_controller_dag.py took 0.075 seconds
[2025-11-17T04:25:37.588+0000] {processor.py:157} INFO - Started process (PID=33997) to work on /home/vscode/.local/lib/python3.10/site-packages/airflow/example_dags/example_trigger_controller_dag.py
[2025-11-17T04:25:37.589+0000] {processor.py:826} INFO - Processing file /home/vscode/.local/lib/python3.10/site-packages/airflow/example_dags/example_trigger_controller_dag.py for tasks to queue
[2025-11-17T04:25:37.589+0000] {logging_mixin.py:150} INFO - [2025-11-17T04:25:37.589+0000] {dagbag.py:541} INFO - Filling up the DagBag from /home/vscode/.local/lib/python3.10/site-packages/airflow/example_dags/example_trigger_controller_dag.py
[2025-11-17T04:25:37.592+0000] {processor.py:836} INFO - DAG(s) dict_keys(['example_trigger_controller_dag']) retrieved from /home/vscode/.local/lib/python3.10/site-packages/airflow/example_dags/example_trigger_controller_dag.py
[2025-11-17T04:25:37.603+0000] {logging_mixin.py:150} INFO - [2025-11-17T04:25:37.603+0000] {dag.py:2742} INFO - Sync 1 DAGs
[2025-11-17T04:25:37.621+0000] {logging_mixin.py:150} INFO - [2025-11-17T04:25:37.621+0000] {dag.py:3504} INFO - Setting next_dagrun for example_trigger_controller_dag to 2021-01-01T00:00:00+00:00, run_after=2021-01-01T00:00:00+00:00
[2025-11-17T04:25:37.635+0000] {processor.py:179} INFO - Processing /home/vscode/.local/lib/python3.10/site-packages/airflow/example_dags/example_trigger_controller_dag.py took 0.049 seconds
