[2025-11-17T03:53:06.653+0000] {processor.py:157} INFO - Started process (PID=19387) to work on /home/vscode/.local/lib/python3.10/site-packages/airflow/example_dags/example_external_task_marker_dag.py
[2025-11-17T03:53:06.653+0000] {processor.py:826} INFO - Processing file /home/vscode/.local/lib/python3.10/site-packages/airflow/example_dags/example_external_task_marker_dag.py for tasks to queue
[2025-11-17T03:53:06.654+0000] {logging_mixin.py:150} INFO - [2025-11-17T03:53:06.654+0000] {dagbag.py:541} INFO - Filling up the DagBag from /home/vscode/.local/lib/python3.10/site-packages/airflow/example_dags/example_external_task_marker_dag.py
[2025-11-17T03:53:06.658+0000] {processor.py:836} INFO - DAG(s) dict_keys(['example_external_task_marker_parent', 'example_external_task_marker_child']) retrieved from /home/vscode/.local/lib/python3.10/site-packages/airflow/example_dags/example_external_task_marker_dag.py
[2025-11-17T03:53:06.724+0000] {logging_mixin.py:150} INFO - [2025-11-17T03:53:06.724+0000] {manager.py:504} INFO - Created Permission View: can delete on DAG:example_external_task_marker_parent
[2025-11-17T03:53:06.731+0000] {logging_mixin.py:150} INFO - [2025-11-17T03:53:06.731+0000] {manager.py:504} INFO - Created Permission View: can edit on DAG:example_external_task_marker_parent
[2025-11-17T03:53:06.737+0000] {logging_mixin.py:150} INFO - [2025-11-17T03:53:06.737+0000] {manager.py:504} INFO - Created Permission View: can read on DAG:example_external_task_marker_parent
[2025-11-17T03:53:06.756+0000] {logging_mixin.py:150} INFO - [2025-11-17T03:53:06.756+0000] {manager.py:504} INFO - Created Permission View: can delete on DAG:example_external_task_marker_child
[2025-11-17T03:53:06.762+0000] {logging_mixin.py:150} INFO - [2025-11-17T03:53:06.762+0000] {manager.py:504} INFO - Created Permission View: can edit on DAG:example_external_task_marker_child
[2025-11-17T03:53:06.767+0000] {logging_mixin.py:150} INFO - [2025-11-17T03:53:06.767+0000] {manager.py:504} INFO - Created Permission View: can read on DAG:example_external_task_marker_child
[2025-11-17T03:53:06.770+0000] {logging_mixin.py:150} INFO - [2025-11-17T03:53:06.770+0000] {dag.py:2742} INFO - Sync 2 DAGs
[2025-11-17T03:53:06.776+0000] {logging_mixin.py:150} INFO - [2025-11-17T03:53:06.776+0000] {dag.py:2763} INFO - Creating ORM DAG for example_external_task_marker_parent
[2025-11-17T03:53:06.777+0000] {logging_mixin.py:150} INFO - [2025-11-17T03:53:06.776+0000] {dag.py:2763} INFO - Creating ORM DAG for example_external_task_marker_child
[2025-11-17T03:53:06.782+0000] {logging_mixin.py:150} INFO - [2025-11-17T03:53:06.782+0000] {dag.py:3504} INFO - Setting next_dagrun for example_external_task_marker_child to None, run_after=None
[2025-11-17T03:53:06.782+0000] {logging_mixin.py:150} INFO - [2025-11-17T03:53:06.782+0000] {dag.py:3504} INFO - Setting next_dagrun for example_external_task_marker_parent to None, run_after=None
[2025-11-17T03:53:06.806+0000] {processor.py:179} INFO - Processing /home/vscode/.local/lib/python3.10/site-packages/airflow/example_dags/example_external_task_marker_dag.py took 0.155 seconds
[2025-11-17T03:53:54.769+0000] {processor.py:157} INFO - Started process (PID=19706) to work on /home/vscode/.local/lib/python3.10/site-packages/airflow/example_dags/example_external_task_marker_dag.py
[2025-11-17T03:53:54.769+0000] {processor.py:826} INFO - Processing file /home/vscode/.local/lib/python3.10/site-packages/airflow/example_dags/example_external_task_marker_dag.py for tasks to queue
[2025-11-17T03:53:54.770+0000] {logging_mixin.py:150} INFO - [2025-11-17T03:53:54.770+0000] {dagbag.py:541} INFO - Filling up the DagBag from /home/vscode/.local/lib/python3.10/site-packages/airflow/example_dags/example_external_task_marker_dag.py
[2025-11-17T03:53:54.774+0000] {processor.py:836} INFO - DAG(s) dict_keys(['example_external_task_marker_parent', 'example_external_task_marker_child']) retrieved from /home/vscode/.local/lib/python3.10/site-packages/airflow/example_dags/example_external_task_marker_dag.py
[2025-11-17T03:53:54.787+0000] {logging_mixin.py:150} INFO - [2025-11-17T03:53:54.786+0000] {dag.py:2742} INFO - Sync 2 DAGs
[2025-11-17T03:53:54.799+0000] {logging_mixin.py:150} INFO - [2025-11-17T03:53:54.799+0000] {dag.py:3504} INFO - Setting next_dagrun for example_external_task_marker_child to None, run_after=None
[2025-11-17T03:53:54.801+0000] {logging_mixin.py:150} INFO - [2025-11-17T03:53:54.801+0000] {dag.py:3504} INFO - Setting next_dagrun for example_external_task_marker_parent to None, run_after=None
[2025-11-17T03:53:54.814+0000] {processor.py:179} INFO - Processing /home/vscode/.local/lib/python3.10/site-packages/airflow/example_dags/example_external_task_marker_dag.py took 0.047 seconds
[2025-11-17T03:54:39.230+0000] {processor.py:157} INFO - Started process (PID=19998) to work on /home/vscode/.local/lib/python3.10/site-packages/airflow/example_dags/example_external_task_marker_dag.py
[2025-11-17T03:54:39.230+0000] {processor.py:826} INFO - Processing file /home/vscode/.local/lib/python3.10/site-packages/airflow/example_dags/example_external_task_marker_dag.py for tasks to queue
[2025-11-17T03:54:39.231+0000] {logging_mixin.py:150} INFO - [2025-11-17T03:54:39.231+0000] {dagbag.py:541} INFO - Filling up the DagBag from /home/vscode/.local/lib/python3.10/site-packages/airflow/example_dags/example_external_task_marker_dag.py
[2025-11-17T03:54:39.235+0000] {processor.py:836} INFO - DAG(s) dict_keys(['example_external_task_marker_parent', 'example_external_task_marker_child']) retrieved from /home/vscode/.local/lib/python3.10/site-packages/airflow/example_dags/example_external_task_marker_dag.py
[2025-11-17T03:54:39.249+0000] {logging_mixin.py:150} INFO - [2025-11-17T03:54:39.249+0000] {dag.py:2742} INFO - Sync 2 DAGs
[2025-11-17T03:54:39.264+0000] {logging_mixin.py:150} INFO - [2025-11-17T03:54:39.264+0000] {dag.py:3504} INFO - Setting next_dagrun for example_external_task_marker_child to None, run_after=None
[2025-11-17T03:54:39.267+0000] {logging_mixin.py:150} INFO - [2025-11-17T03:54:39.267+0000] {dag.py:3504} INFO - Setting next_dagrun for example_external_task_marker_parent to None, run_after=None
[2025-11-17T03:54:39.284+0000] {processor.py:179} INFO - Processing /home/vscode/.local/lib/python3.10/site-packages/airflow/example_dags/example_external_task_marker_dag.py took 0.056 seconds
[2025-11-17T03:55:28.276+0000] {processor.py:157} INFO - Started process (PID=20463) to work on /home/vscode/.local/lib/python3.10/site-packages/airflow/example_dags/example_external_task_marker_dag.py
[2025-11-17T03:55:28.277+0000] {processor.py:826} INFO - Processing file /home/vscode/.local/lib/python3.10/site-packages/airflow/example_dags/example_external_task_marker_dag.py for tasks to queue
[2025-11-17T03:55:28.277+0000] {logging_mixin.py:150} INFO - [2025-11-17T03:55:28.277+0000] {dagbag.py:541} INFO - Filling up the DagBag from /home/vscode/.local/lib/python3.10/site-packages/airflow/example_dags/example_external_task_marker_dag.py
[2025-11-17T03:55:28.281+0000] {processor.py:836} INFO - DAG(s) dict_keys(['example_external_task_marker_parent', 'example_external_task_marker_child']) retrieved from /home/vscode/.local/lib/python3.10/site-packages/airflow/example_dags/example_external_task_marker_dag.py
[2025-11-17T03:55:28.294+0000] {logging_mixin.py:150} INFO - [2025-11-17T03:55:28.294+0000] {dag.py:2742} INFO - Sync 2 DAGs
[2025-11-17T03:55:28.306+0000] {logging_mixin.py:150} INFO - [2025-11-17T03:55:28.306+0000] {dag.py:3504} INFO - Setting next_dagrun for example_external_task_marker_child to None, run_after=None
[2025-11-17T03:55:28.308+0000] {logging_mixin.py:150} INFO - [2025-11-17T03:55:28.308+0000] {dag.py:3504} INFO - Setting next_dagrun for example_external_task_marker_parent to None, run_after=None
[2025-11-17T03:55:28.321+0000] {processor.py:179} INFO - Processing /home/vscode/.local/lib/python3.10/site-packages/airflow/example_dags/example_external_task_marker_dag.py took 0.047 seconds
[2025-11-17T03:56:11.645+0000] {processor.py:157} INFO - Started process (PID=20945) to work on /home/vscode/.local/lib/python3.10/site-packages/airflow/example_dags/example_external_task_marker_dag.py
[2025-11-17T03:56:11.645+0000] {processor.py:826} INFO - Processing file /home/vscode/.local/lib/python3.10/site-packages/airflow/example_dags/example_external_task_marker_dag.py for tasks to queue
[2025-11-17T03:56:11.646+0000] {logging_mixin.py:150} INFO - [2025-11-17T03:56:11.645+0000] {dagbag.py:541} INFO - Filling up the DagBag from /home/vscode/.local/lib/python3.10/site-packages/airflow/example_dags/example_external_task_marker_dag.py
[2025-11-17T03:56:11.649+0000] {processor.py:836} INFO - DAG(s) dict_keys(['example_external_task_marker_parent', 'example_external_task_marker_child']) retrieved from /home/vscode/.local/lib/python3.10/site-packages/airflow/example_dags/example_external_task_marker_dag.py
[2025-11-17T03:56:11.662+0000] {logging_mixin.py:150} INFO - [2025-11-17T03:56:11.662+0000] {dag.py:2742} INFO - Sync 2 DAGs
[2025-11-17T03:56:11.675+0000] {logging_mixin.py:150} INFO - [2025-11-17T03:56:11.674+0000] {dag.py:3504} INFO - Setting next_dagrun for example_external_task_marker_child to None, run_after=None
[2025-11-17T03:56:11.676+0000] {logging_mixin.py:150} INFO - [2025-11-17T03:56:11.676+0000] {dag.py:3504} INFO - Setting next_dagrun for example_external_task_marker_parent to None, run_after=None
[2025-11-17T03:56:11.689+0000] {processor.py:179} INFO - Processing /home/vscode/.local/lib/python3.10/site-packages/airflow/example_dags/example_external_task_marker_dag.py took 0.047 seconds
[2025-11-17T03:56:58.272+0000] {processor.py:157} INFO - Started process (PID=21271) to work on /home/vscode/.local/lib/python3.10/site-packages/airflow/example_dags/example_external_task_marker_dag.py
[2025-11-17T03:56:58.272+0000] {processor.py:826} INFO - Processing file /home/vscode/.local/lib/python3.10/site-packages/airflow/example_dags/example_external_task_marker_dag.py for tasks to queue
[2025-11-17T03:56:58.273+0000] {logging_mixin.py:150} INFO - [2025-11-17T03:56:58.273+0000] {dagbag.py:541} INFO - Filling up the DagBag from /home/vscode/.local/lib/python3.10/site-packages/airflow/example_dags/example_external_task_marker_dag.py
[2025-11-17T03:56:58.277+0000] {processor.py:836} INFO - DAG(s) dict_keys(['example_external_task_marker_parent', 'example_external_task_marker_child']) retrieved from /home/vscode/.local/lib/python3.10/site-packages/airflow/example_dags/example_external_task_marker_dag.py
[2025-11-17T03:56:58.290+0000] {logging_mixin.py:150} INFO - [2025-11-17T03:56:58.290+0000] {dag.py:2742} INFO - Sync 2 DAGs
[2025-11-17T03:56:58.303+0000] {logging_mixin.py:150} INFO - [2025-11-17T03:56:58.303+0000] {dag.py:3504} INFO - Setting next_dagrun for example_external_task_marker_child to None, run_after=None
[2025-11-17T03:56:58.305+0000] {logging_mixin.py:150} INFO - [2025-11-17T03:56:58.305+0000] {dag.py:3504} INFO - Setting next_dagrun for example_external_task_marker_parent to None, run_after=None
[2025-11-17T03:56:58.317+0000] {processor.py:179} INFO - Processing /home/vscode/.local/lib/python3.10/site-packages/airflow/example_dags/example_external_task_marker_dag.py took 0.048 seconds
[2025-11-17T03:57:41.554+0000] {processor.py:157} INFO - Started process (PID=21562) to work on /home/vscode/.local/lib/python3.10/site-packages/airflow/example_dags/example_external_task_marker_dag.py
[2025-11-17T03:57:41.555+0000] {processor.py:826} INFO - Processing file /home/vscode/.local/lib/python3.10/site-packages/airflow/example_dags/example_external_task_marker_dag.py for tasks to queue
[2025-11-17T03:57:41.556+0000] {logging_mixin.py:150} INFO - [2025-11-17T03:57:41.555+0000] {dagbag.py:541} INFO - Filling up the DagBag from /home/vscode/.local/lib/python3.10/site-packages/airflow/example_dags/example_external_task_marker_dag.py
[2025-11-17T03:57:41.559+0000] {processor.py:836} INFO - DAG(s) dict_keys(['example_external_task_marker_parent', 'example_external_task_marker_child']) retrieved from /home/vscode/.local/lib/python3.10/site-packages/airflow/example_dags/example_external_task_marker_dag.py
[2025-11-17T03:57:41.572+0000] {logging_mixin.py:150} INFO - [2025-11-17T03:57:41.572+0000] {dag.py:2742} INFO - Sync 2 DAGs
[2025-11-17T03:57:41.585+0000] {logging_mixin.py:150} INFO - [2025-11-17T03:57:41.585+0000] {dag.py:3504} INFO - Setting next_dagrun for example_external_task_marker_child to None, run_after=None
[2025-11-17T03:57:41.587+0000] {logging_mixin.py:150} INFO - [2025-11-17T03:57:41.587+0000] {dag.py:3504} INFO - Setting next_dagrun for example_external_task_marker_parent to None, run_after=None
[2025-11-17T03:57:41.599+0000] {processor.py:179} INFO - Processing /home/vscode/.local/lib/python3.10/site-packages/airflow/example_dags/example_external_task_marker_dag.py took 0.047 seconds
[2025-11-17T03:58:26.940+0000] {processor.py:157} INFO - Started process (PID=21870) to work on /home/vscode/.local/lib/python3.10/site-packages/airflow/example_dags/example_external_task_marker_dag.py
[2025-11-17T03:58:26.940+0000] {processor.py:826} INFO - Processing file /home/vscode/.local/lib/python3.10/site-packages/airflow/example_dags/example_external_task_marker_dag.py for tasks to queue
[2025-11-17T03:58:26.941+0000] {logging_mixin.py:150} INFO - [2025-11-17T03:58:26.940+0000] {dagbag.py:541} INFO - Filling up the DagBag from /home/vscode/.local/lib/python3.10/site-packages/airflow/example_dags/example_external_task_marker_dag.py
[2025-11-17T03:58:26.945+0000] {processor.py:836} INFO - DAG(s) dict_keys(['example_external_task_marker_child', 'example_external_task_marker_parent']) retrieved from /home/vscode/.local/lib/python3.10/site-packages/airflow/example_dags/example_external_task_marker_dag.py
[2025-11-17T03:58:26.957+0000] {logging_mixin.py:150} INFO - [2025-11-17T03:58:26.957+0000] {dag.py:2742} INFO - Sync 2 DAGs
[2025-11-17T03:58:26.969+0000] {logging_mixin.py:150} INFO - [2025-11-17T03:58:26.969+0000] {dag.py:3504} INFO - Setting next_dagrun for example_external_task_marker_child to None, run_after=None
[2025-11-17T03:58:26.971+0000] {logging_mixin.py:150} INFO - [2025-11-17T03:58:26.971+0000] {dag.py:3504} INFO - Setting next_dagrun for example_external_task_marker_parent to None, run_after=None
[2025-11-17T03:58:26.984+0000] {processor.py:179} INFO - Processing /home/vscode/.local/lib/python3.10/site-packages/airflow/example_dags/example_external_task_marker_dag.py took 0.046 seconds
[2025-11-17T03:59:18.997+0000] {processor.py:157} INFO - Started process (PID=22217) to work on /home/vscode/.local/lib/python3.10/site-packages/airflow/example_dags/example_external_task_marker_dag.py
[2025-11-17T03:59:18.997+0000] {processor.py:826} INFO - Processing file /home/vscode/.local/lib/python3.10/site-packages/airflow/example_dags/example_external_task_marker_dag.py for tasks to queue
[2025-11-17T03:59:18.998+0000] {logging_mixin.py:150} INFO - [2025-11-17T03:59:18.998+0000] {dagbag.py:541} INFO - Filling up the DagBag from /home/vscode/.local/lib/python3.10/site-packages/airflow/example_dags/example_external_task_marker_dag.py
[2025-11-17T03:59:19.002+0000] {processor.py:836} INFO - DAG(s) dict_keys(['example_external_task_marker_parent', 'example_external_task_marker_child']) retrieved from /home/vscode/.local/lib/python3.10/site-packages/airflow/example_dags/example_external_task_marker_dag.py
[2025-11-17T03:59:19.015+0000] {logging_mixin.py:150} INFO - [2025-11-17T03:59:19.014+0000] {dag.py:2742} INFO - Sync 2 DAGs
[2025-11-17T03:59:19.027+0000] {logging_mixin.py:150} INFO - [2025-11-17T03:59:19.027+0000] {dag.py:3504} INFO - Setting next_dagrun for example_external_task_marker_child to None, run_after=None
[2025-11-17T03:59:19.029+0000] {logging_mixin.py:150} INFO - [2025-11-17T03:59:19.029+0000] {dag.py:3504} INFO - Setting next_dagrun for example_external_task_marker_parent to None, run_after=None
[2025-11-17T03:59:19.041+0000] {processor.py:179} INFO - Processing /home/vscode/.local/lib/python3.10/site-packages/airflow/example_dags/example_external_task_marker_dag.py took 0.047 seconds
[2025-11-17T04:00:02.347+0000] {processor.py:157} INFO - Started process (PID=22504) to work on /home/vscode/.local/lib/python3.10/site-packages/airflow/example_dags/example_external_task_marker_dag.py
[2025-11-17T04:00:02.347+0000] {processor.py:826} INFO - Processing file /home/vscode/.local/lib/python3.10/site-packages/airflow/example_dags/example_external_task_marker_dag.py for tasks to queue
[2025-11-17T04:00:02.348+0000] {logging_mixin.py:150} INFO - [2025-11-17T04:00:02.347+0000] {dagbag.py:541} INFO - Filling up the DagBag from /home/vscode/.local/lib/python3.10/site-packages/airflow/example_dags/example_external_task_marker_dag.py
[2025-11-17T04:00:02.352+0000] {processor.py:836} INFO - DAG(s) dict_keys(['example_external_task_marker_parent', 'example_external_task_marker_child']) retrieved from /home/vscode/.local/lib/python3.10/site-packages/airflow/example_dags/example_external_task_marker_dag.py
[2025-11-17T04:00:02.364+0000] {logging_mixin.py:150} INFO - [2025-11-17T04:00:02.364+0000] {dag.py:2742} INFO - Sync 2 DAGs
[2025-11-17T04:00:02.377+0000] {logging_mixin.py:150} INFO - [2025-11-17T04:00:02.376+0000] {dag.py:3504} INFO - Setting next_dagrun for example_external_task_marker_child to None, run_after=None
[2025-11-17T04:00:02.378+0000] {logging_mixin.py:150} INFO - [2025-11-17T04:00:02.378+0000] {dag.py:3504} INFO - Setting next_dagrun for example_external_task_marker_parent to None, run_after=None
[2025-11-17T04:00:02.391+0000] {processor.py:179} INFO - Processing /home/vscode/.local/lib/python3.10/site-packages/airflow/example_dags/example_external_task_marker_dag.py took 0.046 seconds
[2025-11-17T04:00:47.558+0000] {processor.py:157} INFO - Started process (PID=22806) to work on /home/vscode/.local/lib/python3.10/site-packages/airflow/example_dags/example_external_task_marker_dag.py
[2025-11-17T04:00:47.559+0000] {processor.py:826} INFO - Processing file /home/vscode/.local/lib/python3.10/site-packages/airflow/example_dags/example_external_task_marker_dag.py for tasks to queue
[2025-11-17T04:00:47.559+0000] {logging_mixin.py:150} INFO - [2025-11-17T04:00:47.559+0000] {dagbag.py:541} INFO - Filling up the DagBag from /home/vscode/.local/lib/python3.10/site-packages/airflow/example_dags/example_external_task_marker_dag.py
[2025-11-17T04:00:47.563+0000] {processor.py:836} INFO - DAG(s) dict_keys(['example_external_task_marker_child', 'example_external_task_marker_parent']) retrieved from /home/vscode/.local/lib/python3.10/site-packages/airflow/example_dags/example_external_task_marker_dag.py
[2025-11-17T04:00:47.576+0000] {logging_mixin.py:150} INFO - [2025-11-17T04:00:47.576+0000] {dag.py:2742} INFO - Sync 2 DAGs
[2025-11-17T04:00:47.589+0000] {logging_mixin.py:150} INFO - [2025-11-17T04:00:47.589+0000] {dag.py:3504} INFO - Setting next_dagrun for example_external_task_marker_child to None, run_after=None
[2025-11-17T04:00:47.590+0000] {logging_mixin.py:150} INFO - [2025-11-17T04:00:47.590+0000] {dag.py:3504} INFO - Setting next_dagrun for example_external_task_marker_parent to None, run_after=None
[2025-11-17T04:00:47.603+0000] {processor.py:179} INFO - Processing /home/vscode/.local/lib/python3.10/site-packages/airflow/example_dags/example_external_task_marker_dag.py took 0.046 seconds
[2025-11-17T04:01:31.341+0000] {processor.py:157} INFO - Started process (PID=23105) to work on /home/vscode/.local/lib/python3.10/site-packages/airflow/example_dags/example_external_task_marker_dag.py
[2025-11-17T04:01:31.341+0000] {processor.py:826} INFO - Processing file /home/vscode/.local/lib/python3.10/site-packages/airflow/example_dags/example_external_task_marker_dag.py for tasks to queue
[2025-11-17T04:01:31.342+0000] {logging_mixin.py:150} INFO - [2025-11-17T04:01:31.342+0000] {dagbag.py:541} INFO - Filling up the DagBag from /home/vscode/.local/lib/python3.10/site-packages/airflow/example_dags/example_external_task_marker_dag.py
[2025-11-17T04:01:31.346+0000] {processor.py:836} INFO - DAG(s) dict_keys(['example_external_task_marker_parent', 'example_external_task_marker_child']) retrieved from /home/vscode/.local/lib/python3.10/site-packages/airflow/example_dags/example_external_task_marker_dag.py
[2025-11-17T04:01:31.359+0000] {logging_mixin.py:150} INFO - [2025-11-17T04:01:31.359+0000] {dag.py:2742} INFO - Sync 2 DAGs
[2025-11-17T04:01:31.372+0000] {logging_mixin.py:150} INFO - [2025-11-17T04:01:31.372+0000] {dag.py:3504} INFO - Setting next_dagrun for example_external_task_marker_child to None, run_after=None
[2025-11-17T04:01:31.374+0000] {logging_mixin.py:150} INFO - [2025-11-17T04:01:31.374+0000] {dag.py:3504} INFO - Setting next_dagrun for example_external_task_marker_parent to None, run_after=None
[2025-11-17T04:01:31.387+0000] {processor.py:179} INFO - Processing /home/vscode/.local/lib/python3.10/site-packages/airflow/example_dags/example_external_task_marker_dag.py took 0.048 seconds
[2025-11-17T04:02:16.408+0000] {processor.py:157} INFO - Started process (PID=23402) to work on /home/vscode/.local/lib/python3.10/site-packages/airflow/example_dags/example_external_task_marker_dag.py
[2025-11-17T04:02:16.408+0000] {processor.py:826} INFO - Processing file /home/vscode/.local/lib/python3.10/site-packages/airflow/example_dags/example_external_task_marker_dag.py for tasks to queue
[2025-11-17T04:02:16.409+0000] {logging_mixin.py:150} INFO - [2025-11-17T04:02:16.409+0000] {dagbag.py:541} INFO - Filling up the DagBag from /home/vscode/.local/lib/python3.10/site-packages/airflow/example_dags/example_external_task_marker_dag.py
[2025-11-17T04:02:16.413+0000] {processor.py:836} INFO - DAG(s) dict_keys(['example_external_task_marker_parent', 'example_external_task_marker_child']) retrieved from /home/vscode/.local/lib/python3.10/site-packages/airflow/example_dags/example_external_task_marker_dag.py
[2025-11-17T04:02:16.427+0000] {logging_mixin.py:150} INFO - [2025-11-17T04:02:16.426+0000] {dag.py:2742} INFO - Sync 2 DAGs
[2025-11-17T04:02:16.444+0000] {logging_mixin.py:150} INFO - [2025-11-17T04:02:16.444+0000] {dag.py:3504} INFO - Setting next_dagrun for example_external_task_marker_child to None, run_after=None
[2025-11-17T04:02:16.447+0000] {logging_mixin.py:150} INFO - [2025-11-17T04:02:16.447+0000] {dag.py:3504} INFO - Setting next_dagrun for example_external_task_marker_parent to None, run_after=None
[2025-11-17T04:02:16.469+0000] {processor.py:179} INFO - Processing /home/vscode/.local/lib/python3.10/site-packages/airflow/example_dags/example_external_task_marker_dag.py took 0.063 seconds
[2025-11-17T04:02:59.325+0000] {processor.py:157} INFO - Started process (PID=23693) to work on /home/vscode/.local/lib/python3.10/site-packages/airflow/example_dags/example_external_task_marker_dag.py
[2025-11-17T04:02:59.325+0000] {processor.py:826} INFO - Processing file /home/vscode/.local/lib/python3.10/site-packages/airflow/example_dags/example_external_task_marker_dag.py for tasks to queue
[2025-11-17T04:02:59.326+0000] {logging_mixin.py:150} INFO - [2025-11-17T04:02:59.325+0000] {dagbag.py:541} INFO - Filling up the DagBag from /home/vscode/.local/lib/python3.10/site-packages/airflow/example_dags/example_external_task_marker_dag.py
[2025-11-17T04:02:59.330+0000] {processor.py:836} INFO - DAG(s) dict_keys(['example_external_task_marker_child', 'example_external_task_marker_parent']) retrieved from /home/vscode/.local/lib/python3.10/site-packages/airflow/example_dags/example_external_task_marker_dag.py
[2025-11-17T04:02:59.343+0000] {logging_mixin.py:150} INFO - [2025-11-17T04:02:59.342+0000] {dag.py:2742} INFO - Sync 2 DAGs
[2025-11-17T04:02:59.356+0000] {logging_mixin.py:150} INFO - [2025-11-17T04:02:59.356+0000] {dag.py:3504} INFO - Setting next_dagrun for example_external_task_marker_child to None, run_after=None
[2025-11-17T04:02:59.358+0000] {logging_mixin.py:150} INFO - [2025-11-17T04:02:59.358+0000] {dag.py:3504} INFO - Setting next_dagrun for example_external_task_marker_parent to None, run_after=None
[2025-11-17T04:02:59.371+0000] {processor.py:179} INFO - Processing /home/vscode/.local/lib/python3.10/site-packages/airflow/example_dags/example_external_task_marker_dag.py took 0.049 seconds
[2025-11-17T04:03:45.984+0000] {processor.py:157} INFO - Started process (PID=23997) to work on /home/vscode/.local/lib/python3.10/site-packages/airflow/example_dags/example_external_task_marker_dag.py
[2025-11-17T04:03:45.985+0000] {processor.py:826} INFO - Processing file /home/vscode/.local/lib/python3.10/site-packages/airflow/example_dags/example_external_task_marker_dag.py for tasks to queue
[2025-11-17T04:03:45.985+0000] {logging_mixin.py:150} INFO - [2025-11-17T04:03:45.985+0000] {dagbag.py:541} INFO - Filling up the DagBag from /home/vscode/.local/lib/python3.10/site-packages/airflow/example_dags/example_external_task_marker_dag.py
[2025-11-17T04:03:45.990+0000] {processor.py:836} INFO - DAG(s) dict_keys(['example_external_task_marker_parent', 'example_external_task_marker_child']) retrieved from /home/vscode/.local/lib/python3.10/site-packages/airflow/example_dags/example_external_task_marker_dag.py
[2025-11-17T04:03:46.003+0000] {logging_mixin.py:150} INFO - [2025-11-17T04:03:46.003+0000] {dag.py:2742} INFO - Sync 2 DAGs
[2025-11-17T04:03:46.017+0000] {logging_mixin.py:150} INFO - [2025-11-17T04:03:46.017+0000] {dag.py:3504} INFO - Setting next_dagrun for example_external_task_marker_child to None, run_after=None
[2025-11-17T04:03:46.019+0000] {logging_mixin.py:150} INFO - [2025-11-17T04:03:46.019+0000] {dag.py:3504} INFO - Setting next_dagrun for example_external_task_marker_parent to None, run_after=None
[2025-11-17T04:03:46.037+0000] {processor.py:179} INFO - Processing /home/vscode/.local/lib/python3.10/site-packages/airflow/example_dags/example_external_task_marker_dag.py took 0.055 seconds
[2025-11-17T04:04:33.786+0000] {processor.py:157} INFO - Started process (PID=24315) to work on /home/vscode/.local/lib/python3.10/site-packages/airflow/example_dags/example_external_task_marker_dag.py
[2025-11-17T04:04:33.786+0000] {processor.py:826} INFO - Processing file /home/vscode/.local/lib/python3.10/site-packages/airflow/example_dags/example_external_task_marker_dag.py for tasks to queue
[2025-11-17T04:04:33.787+0000] {logging_mixin.py:150} INFO - [2025-11-17T04:04:33.787+0000] {dagbag.py:541} INFO - Filling up the DagBag from /home/vscode/.local/lib/python3.10/site-packages/airflow/example_dags/example_external_task_marker_dag.py
[2025-11-17T04:04:33.791+0000] {processor.py:836} INFO - DAG(s) dict_keys(['example_external_task_marker_child', 'example_external_task_marker_parent']) retrieved from /home/vscode/.local/lib/python3.10/site-packages/airflow/example_dags/example_external_task_marker_dag.py
[2025-11-17T04:04:33.804+0000] {logging_mixin.py:150} INFO - [2025-11-17T04:04:33.804+0000] {dag.py:2742} INFO - Sync 2 DAGs
[2025-11-17T04:04:33.817+0000] {logging_mixin.py:150} INFO - [2025-11-17T04:04:33.817+0000] {dag.py:3504} INFO - Setting next_dagrun for example_external_task_marker_child to None, run_after=None
[2025-11-17T04:04:33.819+0000] {logging_mixin.py:150} INFO - [2025-11-17T04:04:33.819+0000] {dag.py:3504} INFO - Setting next_dagrun for example_external_task_marker_parent to None, run_after=None
[2025-11-17T04:04:33.832+0000] {processor.py:179} INFO - Processing /home/vscode/.local/lib/python3.10/site-packages/airflow/example_dags/example_external_task_marker_dag.py took 0.049 seconds
[2025-11-17T04:05:18.387+0000] {processor.py:157} INFO - Started process (PID=24636) to work on /home/vscode/.local/lib/python3.10/site-packages/airflow/example_dags/example_external_task_marker_dag.py
[2025-11-17T04:05:18.387+0000] {processor.py:826} INFO - Processing file /home/vscode/.local/lib/python3.10/site-packages/airflow/example_dags/example_external_task_marker_dag.py for tasks to queue
[2025-11-17T04:05:18.388+0000] {logging_mixin.py:150} INFO - [2025-11-17T04:05:18.387+0000] {dagbag.py:541} INFO - Filling up the DagBag from /home/vscode/.local/lib/python3.10/site-packages/airflow/example_dags/example_external_task_marker_dag.py
[2025-11-17T04:05:18.392+0000] {processor.py:836} INFO - DAG(s) dict_keys(['example_external_task_marker_child', 'example_external_task_marker_parent']) retrieved from /home/vscode/.local/lib/python3.10/site-packages/airflow/example_dags/example_external_task_marker_dag.py
[2025-11-17T04:05:18.406+0000] {logging_mixin.py:150} INFO - [2025-11-17T04:05:18.406+0000] {dag.py:2742} INFO - Sync 2 DAGs
[2025-11-17T04:05:18.420+0000] {logging_mixin.py:150} INFO - [2025-11-17T04:05:18.419+0000] {dag.py:3504} INFO - Setting next_dagrun for example_external_task_marker_child to None, run_after=None
[2025-11-17T04:05:18.422+0000] {logging_mixin.py:150} INFO - [2025-11-17T04:05:18.422+0000] {dag.py:3504} INFO - Setting next_dagrun for example_external_task_marker_parent to None, run_after=None
[2025-11-17T04:05:18.436+0000] {processor.py:179} INFO - Processing /home/vscode/.local/lib/python3.10/site-packages/airflow/example_dags/example_external_task_marker_dag.py took 0.052 seconds
[2025-11-17T04:06:02.109+0000] {processor.py:157} INFO - Started process (PID=24949) to work on /home/vscode/.local/lib/python3.10/site-packages/airflow/example_dags/example_external_task_marker_dag.py
[2025-11-17T04:06:02.109+0000] {processor.py:826} INFO - Processing file /home/vscode/.local/lib/python3.10/site-packages/airflow/example_dags/example_external_task_marker_dag.py for tasks to queue
[2025-11-17T04:06:02.110+0000] {logging_mixin.py:150} INFO - [2025-11-17T04:06:02.110+0000] {dagbag.py:541} INFO - Filling up the DagBag from /home/vscode/.local/lib/python3.10/site-packages/airflow/example_dags/example_external_task_marker_dag.py
[2025-11-17T04:06:02.114+0000] {processor.py:836} INFO - DAG(s) dict_keys(['example_external_task_marker_child', 'example_external_task_marker_parent']) retrieved from /home/vscode/.local/lib/python3.10/site-packages/airflow/example_dags/example_external_task_marker_dag.py
[2025-11-17T04:06:02.128+0000] {logging_mixin.py:150} INFO - [2025-11-17T04:06:02.128+0000] {dag.py:2742} INFO - Sync 2 DAGs
[2025-11-17T04:06:02.142+0000] {logging_mixin.py:150} INFO - [2025-11-17T04:06:02.142+0000] {dag.py:3504} INFO - Setting next_dagrun for example_external_task_marker_child to None, run_after=None
[2025-11-17T04:06:02.144+0000] {logging_mixin.py:150} INFO - [2025-11-17T04:06:02.144+0000] {dag.py:3504} INFO - Setting next_dagrun for example_external_task_marker_parent to None, run_after=None
[2025-11-17T04:06:02.160+0000] {processor.py:179} INFO - Processing /home/vscode/.local/lib/python3.10/site-packages/airflow/example_dags/example_external_task_marker_dag.py took 0.053 seconds
[2025-11-17T04:06:49.478+0000] {processor.py:157} INFO - Started process (PID=25342) to work on /home/vscode/.local/lib/python3.10/site-packages/airflow/example_dags/example_external_task_marker_dag.py
[2025-11-17T04:06:49.479+0000] {processor.py:826} INFO - Processing file /home/vscode/.local/lib/python3.10/site-packages/airflow/example_dags/example_external_task_marker_dag.py for tasks to queue
[2025-11-17T04:06:49.479+0000] {logging_mixin.py:150} INFO - [2025-11-17T04:06:49.479+0000] {dagbag.py:541} INFO - Filling up the DagBag from /home/vscode/.local/lib/python3.10/site-packages/airflow/example_dags/example_external_task_marker_dag.py
[2025-11-17T04:06:49.483+0000] {processor.py:836} INFO - DAG(s) dict_keys(['example_external_task_marker_child', 'example_external_task_marker_parent']) retrieved from /home/vscode/.local/lib/python3.10/site-packages/airflow/example_dags/example_external_task_marker_dag.py
[2025-11-17T04:06:49.497+0000] {logging_mixin.py:150} INFO - [2025-11-17T04:06:49.497+0000] {dag.py:2742} INFO - Sync 2 DAGs
[2025-11-17T04:06:49.510+0000] {logging_mixin.py:150} INFO - [2025-11-17T04:06:49.510+0000] {dag.py:3504} INFO - Setting next_dagrun for example_external_task_marker_child to None, run_after=None
[2025-11-17T04:06:49.512+0000] {logging_mixin.py:150} INFO - [2025-11-17T04:06:49.512+0000] {dag.py:3504} INFO - Setting next_dagrun for example_external_task_marker_parent to None, run_after=None
[2025-11-17T04:06:49.524+0000] {processor.py:179} INFO - Processing /home/vscode/.local/lib/python3.10/site-packages/airflow/example_dags/example_external_task_marker_dag.py took 0.048 seconds
[2025-11-17T04:07:39.726+0000] {processor.py:157} INFO - Started process (PID=25690) to work on /home/vscode/.local/lib/python3.10/site-packages/airflow/example_dags/example_external_task_marker_dag.py
[2025-11-17T04:07:39.726+0000] {processor.py:826} INFO - Processing file /home/vscode/.local/lib/python3.10/site-packages/airflow/example_dags/example_external_task_marker_dag.py for tasks to queue
[2025-11-17T04:07:39.727+0000] {logging_mixin.py:150} INFO - [2025-11-17T04:07:39.727+0000] {dagbag.py:541} INFO - Filling up the DagBag from /home/vscode/.local/lib/python3.10/site-packages/airflow/example_dags/example_external_task_marker_dag.py
[2025-11-17T04:07:39.731+0000] {processor.py:836} INFO - DAG(s) dict_keys(['example_external_task_marker_parent', 'example_external_task_marker_child']) retrieved from /home/vscode/.local/lib/python3.10/site-packages/airflow/example_dags/example_external_task_marker_dag.py
[2025-11-17T04:07:39.745+0000] {logging_mixin.py:150} INFO - [2025-11-17T04:07:39.745+0000] {dag.py:2742} INFO - Sync 2 DAGs
[2025-11-17T04:07:39.758+0000] {logging_mixin.py:150} INFO - [2025-11-17T04:07:39.758+0000] {dag.py:3504} INFO - Setting next_dagrun for example_external_task_marker_child to None, run_after=None
[2025-11-17T04:07:39.760+0000] {logging_mixin.py:150} INFO - [2025-11-17T04:07:39.760+0000] {dag.py:3504} INFO - Setting next_dagrun for example_external_task_marker_parent to None, run_after=None
[2025-11-17T04:07:39.775+0000] {processor.py:179} INFO - Processing /home/vscode/.local/lib/python3.10/site-packages/airflow/example_dags/example_external_task_marker_dag.py took 0.051 seconds
[2025-11-17T04:08:24.873+0000] {processor.py:157} INFO - Started process (PID=26083) to work on /home/vscode/.local/lib/python3.10/site-packages/airflow/example_dags/example_external_task_marker_dag.py
[2025-11-17T04:08:24.874+0000] {processor.py:826} INFO - Processing file /home/vscode/.local/lib/python3.10/site-packages/airflow/example_dags/example_external_task_marker_dag.py for tasks to queue
[2025-11-17T04:08:24.874+0000] {logging_mixin.py:150} INFO - [2025-11-17T04:08:24.874+0000] {dagbag.py:541} INFO - Filling up the DagBag from /home/vscode/.local/lib/python3.10/site-packages/airflow/example_dags/example_external_task_marker_dag.py
[2025-11-17T04:08:24.878+0000] {processor.py:836} INFO - DAG(s) dict_keys(['example_external_task_marker_child', 'example_external_task_marker_parent']) retrieved from /home/vscode/.local/lib/python3.10/site-packages/airflow/example_dags/example_external_task_marker_dag.py
[2025-11-17T04:08:24.892+0000] {logging_mixin.py:150} INFO - [2025-11-17T04:08:24.891+0000] {dag.py:2742} INFO - Sync 2 DAGs
[2025-11-17T04:08:24.905+0000] {logging_mixin.py:150} INFO - [2025-11-17T04:08:24.905+0000] {dag.py:3504} INFO - Setting next_dagrun for example_external_task_marker_child to None, run_after=None
[2025-11-17T04:08:24.907+0000] {logging_mixin.py:150} INFO - [2025-11-17T04:08:24.907+0000] {dag.py:3504} INFO - Setting next_dagrun for example_external_task_marker_parent to None, run_after=None
[2025-11-17T04:08:24.920+0000] {processor.py:179} INFO - Processing /home/vscode/.local/lib/python3.10/site-packages/airflow/example_dags/example_external_task_marker_dag.py took 0.050 seconds
[2025-11-17T04:09:08.131+0000] {processor.py:157} INFO - Started process (PID=26382) to work on /home/vscode/.local/lib/python3.10/site-packages/airflow/example_dags/example_external_task_marker_dag.py
[2025-11-17T04:09:08.132+0000] {processor.py:826} INFO - Processing file /home/vscode/.local/lib/python3.10/site-packages/airflow/example_dags/example_external_task_marker_dag.py for tasks to queue
[2025-11-17T04:09:08.133+0000] {logging_mixin.py:150} INFO - [2025-11-17T04:09:08.132+0000] {dagbag.py:541} INFO - Filling up the DagBag from /home/vscode/.local/lib/python3.10/site-packages/airflow/example_dags/example_external_task_marker_dag.py
[2025-11-17T04:09:08.137+0000] {processor.py:836} INFO - DAG(s) dict_keys(['example_external_task_marker_child', 'example_external_task_marker_parent']) retrieved from /home/vscode/.local/lib/python3.10/site-packages/airflow/example_dags/example_external_task_marker_dag.py
[2025-11-17T04:09:08.150+0000] {logging_mixin.py:150} INFO - [2025-11-17T04:09:08.150+0000] {dag.py:2742} INFO - Sync 2 DAGs
[2025-11-17T04:09:08.164+0000] {logging_mixin.py:150} INFO - [2025-11-17T04:09:08.164+0000] {dag.py:3504} INFO - Setting next_dagrun for example_external_task_marker_child to None, run_after=None
[2025-11-17T04:09:08.167+0000] {logging_mixin.py:150} INFO - [2025-11-17T04:09:08.166+0000] {dag.py:3504} INFO - Setting next_dagrun for example_external_task_marker_parent to None, run_after=None
[2025-11-17T04:09:08.181+0000] {processor.py:179} INFO - Processing /home/vscode/.local/lib/python3.10/site-packages/airflow/example_dags/example_external_task_marker_dag.py took 0.051 seconds
[2025-11-17T04:09:51.668+0000] {processor.py:157} INFO - Started process (PID=26705) to work on /home/vscode/.local/lib/python3.10/site-packages/airflow/example_dags/example_external_task_marker_dag.py
[2025-11-17T04:09:51.669+0000] {processor.py:826} INFO - Processing file /home/vscode/.local/lib/python3.10/site-packages/airflow/example_dags/example_external_task_marker_dag.py for tasks to queue
[2025-11-17T04:09:51.669+0000] {logging_mixin.py:150} INFO - [2025-11-17T04:09:51.669+0000] {dagbag.py:541} INFO - Filling up the DagBag from /home/vscode/.local/lib/python3.10/site-packages/airflow/example_dags/example_external_task_marker_dag.py
[2025-11-17T04:09:51.673+0000] {processor.py:836} INFO - DAG(s) dict_keys(['example_external_task_marker_child', 'example_external_task_marker_parent']) retrieved from /home/vscode/.local/lib/python3.10/site-packages/airflow/example_dags/example_external_task_marker_dag.py
[2025-11-17T04:09:51.687+0000] {logging_mixin.py:150} INFO - [2025-11-17T04:09:51.686+0000] {dag.py:2742} INFO - Sync 2 DAGs
[2025-11-17T04:09:51.705+0000] {logging_mixin.py:150} INFO - [2025-11-17T04:09:51.705+0000] {dag.py:3504} INFO - Setting next_dagrun for example_external_task_marker_child to None, run_after=None
[2025-11-17T04:09:51.708+0000] {logging_mixin.py:150} INFO - [2025-11-17T04:09:51.708+0000] {dag.py:3504} INFO - Setting next_dagrun for example_external_task_marker_parent to None, run_after=None
[2025-11-17T04:09:51.724+0000] {processor.py:179} INFO - Processing /home/vscode/.local/lib/python3.10/site-packages/airflow/example_dags/example_external_task_marker_dag.py took 0.058 seconds
[2025-11-17T04:10:34.790+0000] {processor.py:157} INFO - Started process (PID=26992) to work on /home/vscode/.local/lib/python3.10/site-packages/airflow/example_dags/example_external_task_marker_dag.py
[2025-11-17T04:10:34.791+0000] {processor.py:826} INFO - Processing file /home/vscode/.local/lib/python3.10/site-packages/airflow/example_dags/example_external_task_marker_dag.py for tasks to queue
[2025-11-17T04:10:34.791+0000] {logging_mixin.py:150} INFO - [2025-11-17T04:10:34.791+0000] {dagbag.py:541} INFO - Filling up the DagBag from /home/vscode/.local/lib/python3.10/site-packages/airflow/example_dags/example_external_task_marker_dag.py
[2025-11-17T04:10:34.795+0000] {processor.py:836} INFO - DAG(s) dict_keys(['example_external_task_marker_parent', 'example_external_task_marker_child']) retrieved from /home/vscode/.local/lib/python3.10/site-packages/airflow/example_dags/example_external_task_marker_dag.py
[2025-11-17T04:10:34.808+0000] {logging_mixin.py:150} INFO - [2025-11-17T04:10:34.807+0000] {dag.py:2742} INFO - Sync 2 DAGs
[2025-11-17T04:10:34.821+0000] {logging_mixin.py:150} INFO - [2025-11-17T04:10:34.820+0000] {dag.py:3504} INFO - Setting next_dagrun for example_external_task_marker_child to None, run_after=None
[2025-11-17T04:10:34.822+0000] {logging_mixin.py:150} INFO - [2025-11-17T04:10:34.822+0000] {dag.py:3504} INFO - Setting next_dagrun for example_external_task_marker_parent to None, run_after=None
[2025-11-17T04:10:34.835+0000] {processor.py:179} INFO - Processing /home/vscode/.local/lib/python3.10/site-packages/airflow/example_dags/example_external_task_marker_dag.py took 0.047 seconds
[2025-11-17T04:11:15.586+0000] {processor.py:157} INFO - Started process (PID=27274) to work on /home/vscode/.local/lib/python3.10/site-packages/airflow/example_dags/example_external_task_marker_dag.py
[2025-11-17T04:11:15.586+0000] {processor.py:826} INFO - Processing file /home/vscode/.local/lib/python3.10/site-packages/airflow/example_dags/example_external_task_marker_dag.py for tasks to queue
[2025-11-17T04:11:15.587+0000] {logging_mixin.py:150} INFO - [2025-11-17T04:11:15.587+0000] {dagbag.py:541} INFO - Filling up the DagBag from /home/vscode/.local/lib/python3.10/site-packages/airflow/example_dags/example_external_task_marker_dag.py
[2025-11-17T04:11:15.591+0000] {processor.py:836} INFO - DAG(s) dict_keys(['example_external_task_marker_parent', 'example_external_task_marker_child']) retrieved from /home/vscode/.local/lib/python3.10/site-packages/airflow/example_dags/example_external_task_marker_dag.py
[2025-11-17T04:11:15.604+0000] {logging_mixin.py:150} INFO - [2025-11-17T04:11:15.604+0000] {dag.py:2742} INFO - Sync 2 DAGs
[2025-11-17T04:11:15.617+0000] {logging_mixin.py:150} INFO - [2025-11-17T04:11:15.617+0000] {dag.py:3504} INFO - Setting next_dagrun for example_external_task_marker_child to None, run_after=None
[2025-11-17T04:11:15.619+0000] {logging_mixin.py:150} INFO - [2025-11-17T04:11:15.619+0000] {dag.py:3504} INFO - Setting next_dagrun for example_external_task_marker_parent to None, run_after=None
[2025-11-17T04:11:15.633+0000] {processor.py:179} INFO - Processing /home/vscode/.local/lib/python3.10/site-packages/airflow/example_dags/example_external_task_marker_dag.py took 0.049 seconds
[2025-11-17T04:12:00.535+0000] {processor.py:157} INFO - Started process (PID=27591) to work on /home/vscode/.local/lib/python3.10/site-packages/airflow/example_dags/example_external_task_marker_dag.py
[2025-11-17T04:12:00.536+0000] {processor.py:826} INFO - Processing file /home/vscode/.local/lib/python3.10/site-packages/airflow/example_dags/example_external_task_marker_dag.py for tasks to queue
[2025-11-17T04:12:00.537+0000] {logging_mixin.py:150} INFO - [2025-11-17T04:12:00.537+0000] {dagbag.py:541} INFO - Filling up the DagBag from /home/vscode/.local/lib/python3.10/site-packages/airflow/example_dags/example_external_task_marker_dag.py
[2025-11-17T04:12:00.557+0000] {processor.py:836} INFO - DAG(s) dict_keys(['example_external_task_marker_child', 'example_external_task_marker_parent']) retrieved from /home/vscode/.local/lib/python3.10/site-packages/airflow/example_dags/example_external_task_marker_dag.py
[2025-11-17T04:12:00.612+0000] {logging_mixin.py:150} INFO - [2025-11-17T04:12:00.612+0000] {dag.py:2742} INFO - Sync 2 DAGs
[2025-11-17T04:12:00.652+0000] {logging_mixin.py:150} INFO - [2025-11-17T04:12:00.651+0000] {dag.py:3504} INFO - Setting next_dagrun for example_external_task_marker_child to None, run_after=None
[2025-11-17T04:12:00.655+0000] {logging_mixin.py:150} INFO - [2025-11-17T04:12:00.654+0000] {dag.py:3504} INFO - Setting next_dagrun for example_external_task_marker_parent to None, run_after=None
[2025-11-17T04:12:00.682+0000] {processor.py:179} INFO - Processing /home/vscode/.local/lib/python3.10/site-packages/airflow/example_dags/example_external_task_marker_dag.py took 0.149 seconds
[2025-11-17T04:12:46.511+0000] {processor.py:157} INFO - Started process (PID=27898) to work on /home/vscode/.local/lib/python3.10/site-packages/airflow/example_dags/example_external_task_marker_dag.py
[2025-11-17T04:12:46.511+0000] {processor.py:826} INFO - Processing file /home/vscode/.local/lib/python3.10/site-packages/airflow/example_dags/example_external_task_marker_dag.py for tasks to queue
[2025-11-17T04:12:46.512+0000] {logging_mixin.py:150} INFO - [2025-11-17T04:12:46.512+0000] {dagbag.py:541} INFO - Filling up the DagBag from /home/vscode/.local/lib/python3.10/site-packages/airflow/example_dags/example_external_task_marker_dag.py
[2025-11-17T04:12:46.517+0000] {processor.py:836} INFO - DAG(s) dict_keys(['example_external_task_marker_parent', 'example_external_task_marker_child']) retrieved from /home/vscode/.local/lib/python3.10/site-packages/airflow/example_dags/example_external_task_marker_dag.py
[2025-11-17T04:12:46.530+0000] {logging_mixin.py:150} INFO - [2025-11-17T04:12:46.530+0000] {dag.py:2742} INFO - Sync 2 DAGs
[2025-11-17T04:12:46.542+0000] {logging_mixin.py:150} INFO - [2025-11-17T04:12:46.542+0000] {dag.py:3504} INFO - Setting next_dagrun for example_external_task_marker_child to None, run_after=None
[2025-11-17T04:12:46.544+0000] {logging_mixin.py:150} INFO - [2025-11-17T04:12:46.544+0000] {dag.py:3504} INFO - Setting next_dagrun for example_external_task_marker_parent to None, run_after=None
[2025-11-17T04:12:46.557+0000] {processor.py:179} INFO - Processing /home/vscode/.local/lib/python3.10/site-packages/airflow/example_dags/example_external_task_marker_dag.py took 0.048 seconds
[2025-11-17T04:13:37.300+0000] {processor.py:157} INFO - Started process (PID=28311) to work on /home/vscode/.local/lib/python3.10/site-packages/airflow/example_dags/example_external_task_marker_dag.py
[2025-11-17T04:13:37.300+0000] {processor.py:826} INFO - Processing file /home/vscode/.local/lib/python3.10/site-packages/airflow/example_dags/example_external_task_marker_dag.py for tasks to queue
[2025-11-17T04:13:37.301+0000] {logging_mixin.py:150} INFO - [2025-11-17T04:13:37.301+0000] {dagbag.py:541} INFO - Filling up the DagBag from /home/vscode/.local/lib/python3.10/site-packages/airflow/example_dags/example_external_task_marker_dag.py
[2025-11-17T04:13:37.306+0000] {processor.py:836} INFO - DAG(s) dict_keys(['example_external_task_marker_child', 'example_external_task_marker_parent']) retrieved from /home/vscode/.local/lib/python3.10/site-packages/airflow/example_dags/example_external_task_marker_dag.py
[2025-11-17T04:13:37.323+0000] {logging_mixin.py:150} INFO - [2025-11-17T04:13:37.323+0000] {dag.py:2742} INFO - Sync 2 DAGs
[2025-11-17T04:13:37.338+0000] {logging_mixin.py:150} INFO - [2025-11-17T04:13:37.338+0000] {dag.py:3504} INFO - Setting next_dagrun for example_external_task_marker_child to None, run_after=None
[2025-11-17T04:13:37.340+0000] {logging_mixin.py:150} INFO - [2025-11-17T04:13:37.340+0000] {dag.py:3504} INFO - Setting next_dagrun for example_external_task_marker_parent to None, run_after=None
[2025-11-17T04:13:37.356+0000] {processor.py:179} INFO - Processing /home/vscode/.local/lib/python3.10/site-packages/airflow/example_dags/example_external_task_marker_dag.py took 0.058 seconds
[2025-11-17T04:14:30.352+0000] {processor.py:157} INFO - Started process (PID=28668) to work on /home/vscode/.local/lib/python3.10/site-packages/airflow/example_dags/example_external_task_marker_dag.py
[2025-11-17T04:14:30.353+0000] {processor.py:826} INFO - Processing file /home/vscode/.local/lib/python3.10/site-packages/airflow/example_dags/example_external_task_marker_dag.py for tasks to queue
[2025-11-17T04:14:30.353+0000] {logging_mixin.py:150} INFO - [2025-11-17T04:14:30.353+0000] {dagbag.py:541} INFO - Filling up the DagBag from /home/vscode/.local/lib/python3.10/site-packages/airflow/example_dags/example_external_task_marker_dag.py
[2025-11-17T04:14:30.357+0000] {processor.py:836} INFO - DAG(s) dict_keys(['example_external_task_marker_child', 'example_external_task_marker_parent']) retrieved from /home/vscode/.local/lib/python3.10/site-packages/airflow/example_dags/example_external_task_marker_dag.py
[2025-11-17T04:14:30.371+0000] {logging_mixin.py:150} INFO - [2025-11-17T04:14:30.370+0000] {dag.py:2742} INFO - Sync 2 DAGs
[2025-11-17T04:14:30.385+0000] {logging_mixin.py:150} INFO - [2025-11-17T04:14:30.385+0000] {dag.py:3504} INFO - Setting next_dagrun for example_external_task_marker_child to None, run_after=None
[2025-11-17T04:14:30.387+0000] {logging_mixin.py:150} INFO - [2025-11-17T04:14:30.387+0000] {dag.py:3504} INFO - Setting next_dagrun for example_external_task_marker_parent to None, run_after=None
[2025-11-17T04:14:30.400+0000] {processor.py:179} INFO - Processing /home/vscode/.local/lib/python3.10/site-packages/airflow/example_dags/example_external_task_marker_dag.py took 0.050 seconds
[2025-11-17T04:15:16.900+0000] {processor.py:157} INFO - Started process (PID=29126) to work on /home/vscode/.local/lib/python3.10/site-packages/airflow/example_dags/example_external_task_marker_dag.py
[2025-11-17T04:15:16.901+0000] {processor.py:826} INFO - Processing file /home/vscode/.local/lib/python3.10/site-packages/airflow/example_dags/example_external_task_marker_dag.py for tasks to queue
[2025-11-17T04:15:16.901+0000] {logging_mixin.py:150} INFO - [2025-11-17T04:15:16.901+0000] {dagbag.py:541} INFO - Filling up the DagBag from /home/vscode/.local/lib/python3.10/site-packages/airflow/example_dags/example_external_task_marker_dag.py
[2025-11-17T04:15:16.905+0000] {processor.py:836} INFO - DAG(s) dict_keys(['example_external_task_marker_parent', 'example_external_task_marker_child']) retrieved from /home/vscode/.local/lib/python3.10/site-packages/airflow/example_dags/example_external_task_marker_dag.py
[2025-11-17T04:15:16.919+0000] {logging_mixin.py:150} INFO - [2025-11-17T04:15:16.919+0000] {dag.py:2742} INFO - Sync 2 DAGs
[2025-11-17T04:15:16.932+0000] {logging_mixin.py:150} INFO - [2025-11-17T04:15:16.931+0000] {dag.py:3504} INFO - Setting next_dagrun for example_external_task_marker_child to None, run_after=None
[2025-11-17T04:15:16.934+0000] {logging_mixin.py:150} INFO - [2025-11-17T04:15:16.934+0000] {dag.py:3504} INFO - Setting next_dagrun for example_external_task_marker_parent to None, run_after=None
[2025-11-17T04:15:16.947+0000] {processor.py:179} INFO - Processing /home/vscode/.local/lib/python3.10/site-packages/airflow/example_dags/example_external_task_marker_dag.py took 0.049 seconds
[2025-11-17T04:16:05.294+0000] {processor.py:157} INFO - Started process (PID=29497) to work on /home/vscode/.local/lib/python3.10/site-packages/airflow/example_dags/example_external_task_marker_dag.py
[2025-11-17T04:16:05.295+0000] {processor.py:826} INFO - Processing file /home/vscode/.local/lib/python3.10/site-packages/airflow/example_dags/example_external_task_marker_dag.py for tasks to queue
[2025-11-17T04:16:05.295+0000] {logging_mixin.py:150} INFO - [2025-11-17T04:16:05.295+0000] {dagbag.py:541} INFO - Filling up the DagBag from /home/vscode/.local/lib/python3.10/site-packages/airflow/example_dags/example_external_task_marker_dag.py
[2025-11-17T04:16:05.300+0000] {processor.py:836} INFO - DAG(s) dict_keys(['example_external_task_marker_child', 'example_external_task_marker_parent']) retrieved from /home/vscode/.local/lib/python3.10/site-packages/airflow/example_dags/example_external_task_marker_dag.py
[2025-11-17T04:16:05.313+0000] {logging_mixin.py:150} INFO - [2025-11-17T04:16:05.313+0000] {dag.py:2742} INFO - Sync 2 DAGs
[2025-11-17T04:16:05.327+0000] {logging_mixin.py:150} INFO - [2025-11-17T04:16:05.326+0000] {dag.py:3504} INFO - Setting next_dagrun for example_external_task_marker_child to None, run_after=None
[2025-11-17T04:16:05.329+0000] {logging_mixin.py:150} INFO - [2025-11-17T04:16:05.328+0000] {dag.py:3504} INFO - Setting next_dagrun for example_external_task_marker_parent to None, run_after=None
[2025-11-17T04:16:05.342+0000] {processor.py:179} INFO - Processing /home/vscode/.local/lib/python3.10/site-packages/airflow/example_dags/example_external_task_marker_dag.py took 0.050 seconds
[2025-11-17T04:16:49.389+0000] {processor.py:157} INFO - Started process (PID=29849) to work on /home/vscode/.local/lib/python3.10/site-packages/airflow/example_dags/example_external_task_marker_dag.py
[2025-11-17T04:16:49.389+0000] {processor.py:826} INFO - Processing file /home/vscode/.local/lib/python3.10/site-packages/airflow/example_dags/example_external_task_marker_dag.py for tasks to queue
[2025-11-17T04:16:49.390+0000] {logging_mixin.py:150} INFO - [2025-11-17T04:16:49.390+0000] {dagbag.py:541} INFO - Filling up the DagBag from /home/vscode/.local/lib/python3.10/site-packages/airflow/example_dags/example_external_task_marker_dag.py
[2025-11-17T04:16:49.394+0000] {processor.py:836} INFO - DAG(s) dict_keys(['example_external_task_marker_parent', 'example_external_task_marker_child']) retrieved from /home/vscode/.local/lib/python3.10/site-packages/airflow/example_dags/example_external_task_marker_dag.py
[2025-11-17T04:16:49.408+0000] {logging_mixin.py:150} INFO - [2025-11-17T04:16:49.408+0000] {dag.py:2742} INFO - Sync 2 DAGs
[2025-11-17T04:16:49.422+0000] {logging_mixin.py:150} INFO - [2025-11-17T04:16:49.421+0000] {dag.py:3504} INFO - Setting next_dagrun for example_external_task_marker_child to None, run_after=None
[2025-11-17T04:16:49.424+0000] {logging_mixin.py:150} INFO - [2025-11-17T04:16:49.424+0000] {dag.py:3504} INFO - Setting next_dagrun for example_external_task_marker_parent to None, run_after=None
[2025-11-17T04:16:49.437+0000] {processor.py:179} INFO - Processing /home/vscode/.local/lib/python3.10/site-packages/airflow/example_dags/example_external_task_marker_dag.py took 0.050 seconds
[2025-11-17T04:17:49.927+0000] {processor.py:157} INFO - Started process (PID=30265) to work on /home/vscode/.local/lib/python3.10/site-packages/airflow/example_dags/example_external_task_marker_dag.py
[2025-11-17T04:17:49.928+0000] {processor.py:826} INFO - Processing file /home/vscode/.local/lib/python3.10/site-packages/airflow/example_dags/example_external_task_marker_dag.py for tasks to queue
[2025-11-17T04:17:49.929+0000] {logging_mixin.py:150} INFO - [2025-11-17T04:17:49.928+0000] {dagbag.py:541} INFO - Filling up the DagBag from /home/vscode/.local/lib/python3.10/site-packages/airflow/example_dags/example_external_task_marker_dag.py
[2025-11-17T04:17:49.933+0000] {processor.py:836} INFO - DAG(s) dict_keys(['example_external_task_marker_child', 'example_external_task_marker_parent']) retrieved from /home/vscode/.local/lib/python3.10/site-packages/airflow/example_dags/example_external_task_marker_dag.py
[2025-11-17T04:17:49.945+0000] {logging_mixin.py:150} INFO - [2025-11-17T04:17:49.945+0000] {dag.py:2742} INFO - Sync 2 DAGs
[2025-11-17T04:17:49.958+0000] {logging_mixin.py:150} INFO - [2025-11-17T04:17:49.958+0000] {dag.py:3504} INFO - Setting next_dagrun for example_external_task_marker_child to None, run_after=None
[2025-11-17T04:17:49.960+0000] {logging_mixin.py:150} INFO - [2025-11-17T04:17:49.960+0000] {dag.py:3504} INFO - Setting next_dagrun for example_external_task_marker_parent to None, run_after=None
[2025-11-17T04:17:49.973+0000] {processor.py:179} INFO - Processing /home/vscode/.local/lib/python3.10/site-packages/airflow/example_dags/example_external_task_marker_dag.py took 0.048 seconds
[2025-11-17T04:18:38.228+0000] {processor.py:157} INFO - Started process (PID=30648) to work on /home/vscode/.local/lib/python3.10/site-packages/airflow/example_dags/example_external_task_marker_dag.py
[2025-11-17T04:18:38.229+0000] {processor.py:826} INFO - Processing file /home/vscode/.local/lib/python3.10/site-packages/airflow/example_dags/example_external_task_marker_dag.py for tasks to queue
[2025-11-17T04:18:38.229+0000] {logging_mixin.py:150} INFO - [2025-11-17T04:18:38.229+0000] {dagbag.py:541} INFO - Filling up the DagBag from /home/vscode/.local/lib/python3.10/site-packages/airflow/example_dags/example_external_task_marker_dag.py
[2025-11-17T04:18:38.233+0000] {processor.py:836} INFO - DAG(s) dict_keys(['example_external_task_marker_parent', 'example_external_task_marker_child']) retrieved from /home/vscode/.local/lib/python3.10/site-packages/airflow/example_dags/example_external_task_marker_dag.py
[2025-11-17T04:18:38.246+0000] {logging_mixin.py:150} INFO - [2025-11-17T04:18:38.246+0000] {dag.py:2742} INFO - Sync 2 DAGs
[2025-11-17T04:18:38.260+0000] {logging_mixin.py:150} INFO - [2025-11-17T04:18:38.260+0000] {dag.py:3504} INFO - Setting next_dagrun for example_external_task_marker_child to None, run_after=None
[2025-11-17T04:18:38.263+0000] {logging_mixin.py:150} INFO - [2025-11-17T04:18:38.263+0000] {dag.py:3504} INFO - Setting next_dagrun for example_external_task_marker_parent to None, run_after=None
[2025-11-17T04:18:38.279+0000] {processor.py:179} INFO - Processing /home/vscode/.local/lib/python3.10/site-packages/airflow/example_dags/example_external_task_marker_dag.py took 0.053 seconds
[2025-11-17T04:19:21.148+0000] {processor.py:157} INFO - Started process (PID=30996) to work on /home/vscode/.local/lib/python3.10/site-packages/airflow/example_dags/example_external_task_marker_dag.py
[2025-11-17T04:19:21.149+0000] {processor.py:826} INFO - Processing file /home/vscode/.local/lib/python3.10/site-packages/airflow/example_dags/example_external_task_marker_dag.py for tasks to queue
[2025-11-17T04:19:21.149+0000] {logging_mixin.py:150} INFO - [2025-11-17T04:19:21.149+0000] {dagbag.py:541} INFO - Filling up the DagBag from /home/vscode/.local/lib/python3.10/site-packages/airflow/example_dags/example_external_task_marker_dag.py
[2025-11-17T04:19:21.153+0000] {processor.py:836} INFO - DAG(s) dict_keys(['example_external_task_marker_parent', 'example_external_task_marker_child']) retrieved from /home/vscode/.local/lib/python3.10/site-packages/airflow/example_dags/example_external_task_marker_dag.py
[2025-11-17T04:19:21.166+0000] {logging_mixin.py:150} INFO - [2025-11-17T04:19:21.166+0000] {dag.py:2742} INFO - Sync 2 DAGs
[2025-11-17T04:19:21.180+0000] {logging_mixin.py:150} INFO - [2025-11-17T04:19:21.180+0000] {dag.py:3504} INFO - Setting next_dagrun for example_external_task_marker_child to None, run_after=None
[2025-11-17T04:19:21.182+0000] {logging_mixin.py:150} INFO - [2025-11-17T04:19:21.182+0000] {dag.py:3504} INFO - Setting next_dagrun for example_external_task_marker_parent to None, run_after=None
[2025-11-17T04:19:21.197+0000] {processor.py:179} INFO - Processing /home/vscode/.local/lib/python3.10/site-packages/airflow/example_dags/example_external_task_marker_dag.py took 0.051 seconds
[2025-11-17T04:20:03.548+0000] {processor.py:157} INFO - Started process (PID=31352) to work on /home/vscode/.local/lib/python3.10/site-packages/airflow/example_dags/example_external_task_marker_dag.py
[2025-11-17T04:20:03.548+0000] {processor.py:826} INFO - Processing file /home/vscode/.local/lib/python3.10/site-packages/airflow/example_dags/example_external_task_marker_dag.py for tasks to queue
[2025-11-17T04:20:03.549+0000] {logging_mixin.py:150} INFO - [2025-11-17T04:20:03.548+0000] {dagbag.py:541} INFO - Filling up the DagBag from /home/vscode/.local/lib/python3.10/site-packages/airflow/example_dags/example_external_task_marker_dag.py
[2025-11-17T04:20:03.553+0000] {processor.py:836} INFO - DAG(s) dict_keys(['example_external_task_marker_child', 'example_external_task_marker_parent']) retrieved from /home/vscode/.local/lib/python3.10/site-packages/airflow/example_dags/example_external_task_marker_dag.py
[2025-11-17T04:20:03.566+0000] {logging_mixin.py:150} INFO - [2025-11-17T04:20:03.566+0000] {dag.py:2742} INFO - Sync 2 DAGs
[2025-11-17T04:20:03.580+0000] {logging_mixin.py:150} INFO - [2025-11-17T04:20:03.580+0000] {dag.py:3504} INFO - Setting next_dagrun for example_external_task_marker_child to None, run_after=None
[2025-11-17T04:20:03.582+0000] {logging_mixin.py:150} INFO - [2025-11-17T04:20:03.582+0000] {dag.py:3504} INFO - Setting next_dagrun for example_external_task_marker_parent to None, run_after=None
[2025-11-17T04:20:03.595+0000] {processor.py:179} INFO - Processing /home/vscode/.local/lib/python3.10/site-packages/airflow/example_dags/example_external_task_marker_dag.py took 0.049 seconds
[2025-11-17T04:20:52.778+0000] {processor.py:157} INFO - Started process (PID=31792) to work on /home/vscode/.local/lib/python3.10/site-packages/airflow/example_dags/example_external_task_marker_dag.py
[2025-11-17T04:20:52.778+0000] {processor.py:826} INFO - Processing file /home/vscode/.local/lib/python3.10/site-packages/airflow/example_dags/example_external_task_marker_dag.py for tasks to queue
[2025-11-17T04:20:52.779+0000] {logging_mixin.py:150} INFO - [2025-11-17T04:20:52.779+0000] {dagbag.py:541} INFO - Filling up the DagBag from /home/vscode/.local/lib/python3.10/site-packages/airflow/example_dags/example_external_task_marker_dag.py
[2025-11-17T04:20:52.785+0000] {processor.py:836} INFO - DAG(s) dict_keys(['example_external_task_marker_parent', 'example_external_task_marker_child']) retrieved from /home/vscode/.local/lib/python3.10/site-packages/airflow/example_dags/example_external_task_marker_dag.py
[2025-11-17T04:20:52.799+0000] {logging_mixin.py:150} INFO - [2025-11-17T04:20:52.799+0000] {dag.py:2742} INFO - Sync 2 DAGs
[2025-11-17T04:20:52.812+0000] {logging_mixin.py:150} INFO - [2025-11-17T04:20:52.812+0000] {dag.py:3504} INFO - Setting next_dagrun for example_external_task_marker_child to None, run_after=None
[2025-11-17T04:20:52.814+0000] {logging_mixin.py:150} INFO - [2025-11-17T04:20:52.814+0000] {dag.py:3504} INFO - Setting next_dagrun for example_external_task_marker_parent to None, run_after=None
[2025-11-17T04:20:52.828+0000] {processor.py:179} INFO - Processing /home/vscode/.local/lib/python3.10/site-packages/airflow/example_dags/example_external_task_marker_dag.py took 0.053 seconds
[2025-11-17T04:21:43.352+0000] {processor.py:157} INFO - Started process (PID=32123) to work on /home/vscode/.local/lib/python3.10/site-packages/airflow/example_dags/example_external_task_marker_dag.py
[2025-11-17T04:21:43.353+0000] {processor.py:826} INFO - Processing file /home/vscode/.local/lib/python3.10/site-packages/airflow/example_dags/example_external_task_marker_dag.py for tasks to queue
[2025-11-17T04:21:43.353+0000] {logging_mixin.py:150} INFO - [2025-11-17T04:21:43.353+0000] {dagbag.py:541} INFO - Filling up the DagBag from /home/vscode/.local/lib/python3.10/site-packages/airflow/example_dags/example_external_task_marker_dag.py
[2025-11-17T04:21:43.358+0000] {processor.py:836} INFO - DAG(s) dict_keys(['example_external_task_marker_child', 'example_external_task_marker_parent']) retrieved from /home/vscode/.local/lib/python3.10/site-packages/airflow/example_dags/example_external_task_marker_dag.py
[2025-11-17T04:21:43.371+0000] {logging_mixin.py:150} INFO - [2025-11-17T04:21:43.371+0000] {dag.py:2742} INFO - Sync 2 DAGs
[2025-11-17T04:21:43.385+0000] {logging_mixin.py:150} INFO - [2025-11-17T04:21:43.385+0000] {dag.py:3504} INFO - Setting next_dagrun for example_external_task_marker_child to None, run_after=None
[2025-11-17T04:21:43.387+0000] {logging_mixin.py:150} INFO - [2025-11-17T04:21:43.387+0000] {dag.py:3504} INFO - Setting next_dagrun for example_external_task_marker_parent to None, run_after=None
[2025-11-17T04:21:43.401+0000] {processor.py:179} INFO - Processing /home/vscode/.local/lib/python3.10/site-packages/airflow/example_dags/example_external_task_marker_dag.py took 0.051 seconds
[2025-11-17T04:22:32.870+0000] {processor.py:157} INFO - Started process (PID=32497) to work on /home/vscode/.local/lib/python3.10/site-packages/airflow/example_dags/example_external_task_marker_dag.py
[2025-11-17T04:22:32.871+0000] {processor.py:826} INFO - Processing file /home/vscode/.local/lib/python3.10/site-packages/airflow/example_dags/example_external_task_marker_dag.py for tasks to queue
[2025-11-17T04:22:32.871+0000] {logging_mixin.py:150} INFO - [2025-11-17T04:22:32.871+0000] {dagbag.py:541} INFO - Filling up the DagBag from /home/vscode/.local/lib/python3.10/site-packages/airflow/example_dags/example_external_task_marker_dag.py
[2025-11-17T04:22:32.875+0000] {processor.py:836} INFO - DAG(s) dict_keys(['example_external_task_marker_child', 'example_external_task_marker_parent']) retrieved from /home/vscode/.local/lib/python3.10/site-packages/airflow/example_dags/example_external_task_marker_dag.py
[2025-11-17T04:22:32.891+0000] {logging_mixin.py:150} INFO - [2025-11-17T04:22:32.890+0000] {dag.py:2742} INFO - Sync 2 DAGs
[2025-11-17T04:22:32.906+0000] {logging_mixin.py:150} INFO - [2025-11-17T04:22:32.906+0000] {dag.py:3504} INFO - Setting next_dagrun for example_external_task_marker_child to None, run_after=None
[2025-11-17T04:22:32.909+0000] {logging_mixin.py:150} INFO - [2025-11-17T04:22:32.909+0000] {dag.py:3504} INFO - Setting next_dagrun for example_external_task_marker_parent to None, run_after=None
[2025-11-17T04:22:32.923+0000] {processor.py:179} INFO - Processing /home/vscode/.local/lib/python3.10/site-packages/airflow/example_dags/example_external_task_marker_dag.py took 0.054 seconds
[2025-11-17T04:23:18.939+0000] {processor.py:157} INFO - Started process (PID=32828) to work on /home/vscode/.local/lib/python3.10/site-packages/airflow/example_dags/example_external_task_marker_dag.py
[2025-11-17T04:23:18.939+0000] {processor.py:826} INFO - Processing file /home/vscode/.local/lib/python3.10/site-packages/airflow/example_dags/example_external_task_marker_dag.py for tasks to queue
[2025-11-17T04:23:18.940+0000] {logging_mixin.py:150} INFO - [2025-11-17T04:23:18.940+0000] {dagbag.py:541} INFO - Filling up the DagBag from /home/vscode/.local/lib/python3.10/site-packages/airflow/example_dags/example_external_task_marker_dag.py
[2025-11-17T04:23:18.944+0000] {processor.py:836} INFO - DAG(s) dict_keys(['example_external_task_marker_child', 'example_external_task_marker_parent']) retrieved from /home/vscode/.local/lib/python3.10/site-packages/airflow/example_dags/example_external_task_marker_dag.py
[2025-11-17T04:23:18.958+0000] {logging_mixin.py:150} INFO - [2025-11-17T04:23:18.958+0000] {dag.py:2742} INFO - Sync 2 DAGs
[2025-11-17T04:23:18.971+0000] {logging_mixin.py:150} INFO - [2025-11-17T04:23:18.971+0000] {dag.py:3504} INFO - Setting next_dagrun for example_external_task_marker_child to None, run_after=None
[2025-11-17T04:23:18.973+0000] {logging_mixin.py:150} INFO - [2025-11-17T04:23:18.973+0000] {dag.py:3504} INFO - Setting next_dagrun for example_external_task_marker_parent to None, run_after=None
[2025-11-17T04:23:18.985+0000] {processor.py:179} INFO - Processing /home/vscode/.local/lib/python3.10/site-packages/airflow/example_dags/example_external_task_marker_dag.py took 0.049 seconds
[2025-11-17T04:24:06.270+0000] {processor.py:157} INFO - Started process (PID=33239) to work on /home/vscode/.local/lib/python3.10/site-packages/airflow/example_dags/example_external_task_marker_dag.py
[2025-11-17T04:24:06.270+0000] {processor.py:826} INFO - Processing file /home/vscode/.local/lib/python3.10/site-packages/airflow/example_dags/example_external_task_marker_dag.py for tasks to queue
[2025-11-17T04:24:06.271+0000] {logging_mixin.py:150} INFO - [2025-11-17T04:24:06.270+0000] {dagbag.py:541} INFO - Filling up the DagBag from /home/vscode/.local/lib/python3.10/site-packages/airflow/example_dags/example_external_task_marker_dag.py
[2025-11-17T04:24:06.275+0000] {processor.py:836} INFO - DAG(s) dict_keys(['example_external_task_marker_child', 'example_external_task_marker_parent']) retrieved from /home/vscode/.local/lib/python3.10/site-packages/airflow/example_dags/example_external_task_marker_dag.py
[2025-11-17T04:24:06.287+0000] {logging_mixin.py:150} INFO - [2025-11-17T04:24:06.287+0000] {dag.py:2742} INFO - Sync 2 DAGs
[2025-11-17T04:24:06.301+0000] {logging_mixin.py:150} INFO - [2025-11-17T04:24:06.301+0000] {dag.py:3504} INFO - Setting next_dagrun for example_external_task_marker_child to None, run_after=None
[2025-11-17T04:24:06.303+0000] {logging_mixin.py:150} INFO - [2025-11-17T04:24:06.303+0000] {dag.py:3504} INFO - Setting next_dagrun for example_external_task_marker_parent to None, run_after=None
[2025-11-17T04:24:06.315+0000] {processor.py:179} INFO - Processing /home/vscode/.local/lib/python3.10/site-packages/airflow/example_dags/example_external_task_marker_dag.py took 0.048 seconds
[2025-11-17T04:24:55.862+0000] {processor.py:157} INFO - Started process (PID=33704) to work on /home/vscode/.local/lib/python3.10/site-packages/airflow/example_dags/example_external_task_marker_dag.py
[2025-11-17T04:24:55.862+0000] {processor.py:826} INFO - Processing file /home/vscode/.local/lib/python3.10/site-packages/airflow/example_dags/example_external_task_marker_dag.py for tasks to queue
[2025-11-17T04:24:55.863+0000] {logging_mixin.py:150} INFO - [2025-11-17T04:24:55.862+0000] {dagbag.py:541} INFO - Filling up the DagBag from /home/vscode/.local/lib/python3.10/site-packages/airflow/example_dags/example_external_task_marker_dag.py
[2025-11-17T04:24:55.867+0000] {processor.py:836} INFO - DAG(s) dict_keys(['example_external_task_marker_parent', 'example_external_task_marker_child']) retrieved from /home/vscode/.local/lib/python3.10/site-packages/airflow/example_dags/example_external_task_marker_dag.py
[2025-11-17T04:24:55.880+0000] {logging_mixin.py:150} INFO - [2025-11-17T04:24:55.880+0000] {dag.py:2742} INFO - Sync 2 DAGs
[2025-11-17T04:24:55.895+0000] {logging_mixin.py:150} INFO - [2025-11-17T04:24:55.895+0000] {dag.py:3504} INFO - Setting next_dagrun for example_external_task_marker_child to None, run_after=None
[2025-11-17T04:24:55.897+0000] {logging_mixin.py:150} INFO - [2025-11-17T04:24:55.897+0000] {dag.py:3504} INFO - Setting next_dagrun for example_external_task_marker_parent to None, run_after=None
[2025-11-17T04:24:55.909+0000] {processor.py:179} INFO - Processing /home/vscode/.local/lib/python3.10/site-packages/airflow/example_dags/example_external_task_marker_dag.py took 0.050 seconds
[2025-11-17T04:25:46.471+0000] {processor.py:157} INFO - Started process (PID=34121) to work on /home/vscode/.local/lib/python3.10/site-packages/airflow/example_dags/example_external_task_marker_dag.py
[2025-11-17T04:25:46.472+0000] {processor.py:826} INFO - Processing file /home/vscode/.local/lib/python3.10/site-packages/airflow/example_dags/example_external_task_marker_dag.py for tasks to queue
[2025-11-17T04:25:46.473+0000] {logging_mixin.py:150} INFO - [2025-11-17T04:25:46.472+0000] {dagbag.py:541} INFO - Filling up the DagBag from /home/vscode/.local/lib/python3.10/site-packages/airflow/example_dags/example_external_task_marker_dag.py
[2025-11-17T04:25:46.477+0000] {processor.py:836} INFO - DAG(s) dict_keys(['example_external_task_marker_child', 'example_external_task_marker_parent']) retrieved from /home/vscode/.local/lib/python3.10/site-packages/airflow/example_dags/example_external_task_marker_dag.py
[2025-11-17T04:25:46.490+0000] {logging_mixin.py:150} INFO - [2025-11-17T04:25:46.490+0000] {dag.py:2742} INFO - Sync 2 DAGs
[2025-11-17T04:25:46.502+0000] {logging_mixin.py:150} INFO - [2025-11-17T04:25:46.502+0000] {dag.py:3504} INFO - Setting next_dagrun for example_external_task_marker_child to None, run_after=None
[2025-11-17T04:25:46.504+0000] {logging_mixin.py:150} INFO - [2025-11-17T04:25:46.504+0000] {dag.py:3504} INFO - Setting next_dagrun for example_external_task_marker_parent to None, run_after=None
[2025-11-17T04:25:46.517+0000] {processor.py:179} INFO - Processing /home/vscode/.local/lib/python3.10/site-packages/airflow/example_dags/example_external_task_marker_dag.py took 0.047 seconds
