[2025-11-17T03:52:43.567+0000] {processor.py:157} INFO - Started process (PID=19234) to work on /home/vscode/.local/lib/python3.10/site-packages/airflow/example_dags/example_xcomargs.py
[2025-11-17T03:52:43.568+0000] {processor.py:826} INFO - Processing file /home/vscode/.local/lib/python3.10/site-packages/airflow/example_dags/example_xcomargs.py for tasks to queue
[2025-11-17T03:52:43.568+0000] {logging_mixin.py:150} INFO - [2025-11-17T03:52:43.568+0000] {dagbag.py:541} INFO - Filling up the DagBag from /home/vscode/.local/lib/python3.10/site-packages/airflow/example_dags/example_xcomargs.py
[2025-11-17T03:52:43.575+0000] {processor.py:836} INFO - DAG(s) dict_keys(['example_xcom_args_with_operators', 'example_xcom_args']) retrieved from /home/vscode/.local/lib/python3.10/site-packages/airflow/example_dags/example_xcomargs.py
[2025-11-17T03:52:43.642+0000] {logging_mixin.py:150} INFO - [2025-11-17T03:52:43.642+0000] {manager.py:504} INFO - Created Permission View: can delete on DAG:example_xcom_args_with_operators
[2025-11-17T03:52:43.650+0000] {logging_mixin.py:150} INFO - [2025-11-17T03:52:43.650+0000] {manager.py:504} INFO - Created Permission View: can edit on DAG:example_xcom_args_with_operators
[2025-11-17T03:52:43.655+0000] {logging_mixin.py:150} INFO - [2025-11-17T03:52:43.655+0000] {manager.py:504} INFO - Created Permission View: can read on DAG:example_xcom_args_with_operators
[2025-11-17T03:52:43.674+0000] {logging_mixin.py:150} INFO - [2025-11-17T03:52:43.674+0000] {manager.py:504} INFO - Created Permission View: can delete on DAG:example_xcom_args
[2025-11-17T03:52:43.680+0000] {logging_mixin.py:150} INFO - [2025-11-17T03:52:43.680+0000] {manager.py:504} INFO - Created Permission View: can edit on DAG:example_xcom_args
[2025-11-17T03:52:43.685+0000] {logging_mixin.py:150} INFO - [2025-11-17T03:52:43.685+0000] {manager.py:504} INFO - Created Permission View: can read on DAG:example_xcom_args
[2025-11-17T03:52:43.688+0000] {logging_mixin.py:150} INFO - [2025-11-17T03:52:43.688+0000] {dag.py:2742} INFO - Sync 2 DAGs
[2025-11-17T03:52:43.694+0000] {logging_mixin.py:150} INFO - [2025-11-17T03:52:43.694+0000] {dag.py:2763} INFO - Creating ORM DAG for example_xcom_args
[2025-11-17T03:52:43.694+0000] {logging_mixin.py:150} INFO - [2025-11-17T03:52:43.694+0000] {dag.py:2763} INFO - Creating ORM DAG for example_xcom_args_with_operators
[2025-11-17T03:52:43.700+0000] {logging_mixin.py:150} INFO - [2025-11-17T03:52:43.700+0000] {dag.py:3504} INFO - Setting next_dagrun for example_xcom_args to None, run_after=None
[2025-11-17T03:52:43.700+0000] {logging_mixin.py:150} INFO - [2025-11-17T03:52:43.700+0000] {dag.py:3504} INFO - Setting next_dagrun for example_xcom_args_with_operators to None, run_after=None
[2025-11-17T03:52:43.716+0000] {processor.py:179} INFO - Processing /home/vscode/.local/lib/python3.10/site-packages/airflow/example_dags/example_xcomargs.py took 0.151 seconds
[2025-11-17T03:53:31.095+0000] {processor.py:157} INFO - Started process (PID=19544) to work on /home/vscode/.local/lib/python3.10/site-packages/airflow/example_dags/example_xcomargs.py
[2025-11-17T03:53:31.095+0000] {processor.py:826} INFO - Processing file /home/vscode/.local/lib/python3.10/site-packages/airflow/example_dags/example_xcomargs.py for tasks to queue
[2025-11-17T03:53:31.096+0000] {logging_mixin.py:150} INFO - [2025-11-17T03:53:31.096+0000] {dagbag.py:541} INFO - Filling up the DagBag from /home/vscode/.local/lib/python3.10/site-packages/airflow/example_dags/example_xcomargs.py
[2025-11-17T03:53:31.101+0000] {processor.py:836} INFO - DAG(s) dict_keys(['example_xcom_args', 'example_xcom_args_with_operators']) retrieved from /home/vscode/.local/lib/python3.10/site-packages/airflow/example_dags/example_xcomargs.py
[2025-11-17T03:53:31.114+0000] {logging_mixin.py:150} INFO - [2025-11-17T03:53:31.113+0000] {dag.py:2742} INFO - Sync 2 DAGs
[2025-11-17T03:53:31.127+0000] {logging_mixin.py:150} INFO - [2025-11-17T03:53:31.127+0000] {dag.py:3504} INFO - Setting next_dagrun for example_xcom_args to None, run_after=None
[2025-11-17T03:53:31.129+0000] {logging_mixin.py:150} INFO - [2025-11-17T03:53:31.128+0000] {dag.py:3504} INFO - Setting next_dagrun for example_xcom_args_with_operators to None, run_after=None
[2025-11-17T03:53:31.141+0000] {processor.py:179} INFO - Processing /home/vscode/.local/lib/python3.10/site-packages/airflow/example_dags/example_xcomargs.py took 0.048 seconds
[2025-11-17T03:54:15.421+0000] {processor.py:157} INFO - Started process (PID=19843) to work on /home/vscode/.local/lib/python3.10/site-packages/airflow/example_dags/example_xcomargs.py
[2025-11-17T03:54:15.422+0000] {processor.py:826} INFO - Processing file /home/vscode/.local/lib/python3.10/site-packages/airflow/example_dags/example_xcomargs.py for tasks to queue
[2025-11-17T03:54:15.422+0000] {logging_mixin.py:150} INFO - [2025-11-17T03:54:15.422+0000] {dagbag.py:541} INFO - Filling up the DagBag from /home/vscode/.local/lib/python3.10/site-packages/airflow/example_dags/example_xcomargs.py
[2025-11-17T03:54:15.427+0000] {processor.py:836} INFO - DAG(s) dict_keys(['example_xcom_args', 'example_xcom_args_with_operators']) retrieved from /home/vscode/.local/lib/python3.10/site-packages/airflow/example_dags/example_xcomargs.py
[2025-11-17T03:54:15.440+0000] {logging_mixin.py:150} INFO - [2025-11-17T03:54:15.440+0000] {dag.py:2742} INFO - Sync 2 DAGs
[2025-11-17T03:54:15.452+0000] {logging_mixin.py:150} INFO - [2025-11-17T03:54:15.452+0000] {dag.py:3504} INFO - Setting next_dagrun for example_xcom_args to None, run_after=None
[2025-11-17T03:54:15.454+0000] {logging_mixin.py:150} INFO - [2025-11-17T03:54:15.454+0000] {dag.py:3504} INFO - Setting next_dagrun for example_xcom_args_with_operators to None, run_after=None
[2025-11-17T03:54:15.466+0000] {processor.py:179} INFO - Processing /home/vscode/.local/lib/python3.10/site-packages/airflow/example_dags/example_xcomargs.py took 0.047 seconds
[2025-11-17T03:55:00.385+0000] {processor.py:157} INFO - Started process (PID=20150) to work on /home/vscode/.local/lib/python3.10/site-packages/airflow/example_dags/example_xcomargs.py
[2025-11-17T03:55:00.385+0000] {processor.py:826} INFO - Processing file /home/vscode/.local/lib/python3.10/site-packages/airflow/example_dags/example_xcomargs.py for tasks to queue
[2025-11-17T03:55:00.386+0000] {logging_mixin.py:150} INFO - [2025-11-17T03:55:00.385+0000] {dagbag.py:541} INFO - Filling up the DagBag from /home/vscode/.local/lib/python3.10/site-packages/airflow/example_dags/example_xcomargs.py
[2025-11-17T03:55:00.391+0000] {processor.py:836} INFO - DAG(s) dict_keys(['example_xcom_args_with_operators', 'example_xcom_args']) retrieved from /home/vscode/.local/lib/python3.10/site-packages/airflow/example_dags/example_xcomargs.py
[2025-11-17T03:55:00.403+0000] {logging_mixin.py:150} INFO - [2025-11-17T03:55:00.403+0000] {dag.py:2742} INFO - Sync 2 DAGs
[2025-11-17T03:55:00.416+0000] {logging_mixin.py:150} INFO - [2025-11-17T03:55:00.416+0000] {dag.py:3504} INFO - Setting next_dagrun for example_xcom_args to None, run_after=None
[2025-11-17T03:55:00.418+0000] {logging_mixin.py:150} INFO - [2025-11-17T03:55:00.418+0000] {dag.py:3504} INFO - Setting next_dagrun for example_xcom_args_with_operators to None, run_after=None
[2025-11-17T03:55:00.431+0000] {processor.py:179} INFO - Processing /home/vscode/.local/lib/python3.10/site-packages/airflow/example_dags/example_xcomargs.py took 0.048 seconds
