[2025-11-17T03:52:56.075+0000] {processor.py:157} INFO - Started process (PID=19318) to work on /home/vscode/.local/lib/python3.10/site-packages/airflow/example_dags/example_python_operator.py
[2025-11-17T03:52:56.076+0000] {processor.py:826} INFO - Processing file /home/vscode/.local/lib/python3.10/site-packages/airflow/example_dags/example_python_operator.py for tasks to queue
[2025-11-17T03:52:56.076+0000] {logging_mixin.py:150} INFO - [2025-11-17T03:52:56.076+0000] {dagbag.py:541} INFO - Filling up the DagBag from /home/vscode/.local/lib/python3.10/site-packages/airflow/example_dags/example_python_operator.py
[2025-11-17T03:52:56.086+0000] {processor.py:836} INFO - DAG(s) dict_keys(['example_python_operator']) retrieved from /home/vscode/.local/lib/python3.10/site-packages/airflow/example_dags/example_python_operator.py
[2025-11-17T03:52:56.157+0000] {logging_mixin.py:150} INFO - [2025-11-17T03:52:56.156+0000] {manager.py:504} INFO - Created Permission View: can delete on DAG:example_python_operator
[2025-11-17T03:52:56.165+0000] {logging_mixin.py:150} INFO - [2025-11-17T03:52:56.165+0000] {manager.py:504} INFO - Created Permission View: can edit on DAG:example_python_operator
[2025-11-17T03:52:56.171+0000] {logging_mixin.py:150} INFO - [2025-11-17T03:52:56.171+0000] {manager.py:504} INFO - Created Permission View: can read on DAG:example_python_operator
[2025-11-17T03:52:56.178+0000] {logging_mixin.py:150} INFO - [2025-11-17T03:52:56.178+0000] {dag.py:2742} INFO - Sync 1 DAGs
[2025-11-17T03:52:56.184+0000] {logging_mixin.py:150} INFO - [2025-11-17T03:52:56.183+0000] {dag.py:2763} INFO - Creating ORM DAG for example_python_operator
[2025-11-17T03:52:56.189+0000] {logging_mixin.py:150} INFO - [2025-11-17T03:52:56.189+0000] {dag.py:3504} INFO - Setting next_dagrun for example_python_operator to None, run_after=None
[2025-11-17T03:52:56.203+0000] {processor.py:179} INFO - Processing /home/vscode/.local/lib/python3.10/site-packages/airflow/example_dags/example_python_operator.py took 0.130 seconds
[2025-11-17T03:53:41.746+0000] {processor.py:157} INFO - Started process (PID=19614) to work on /home/vscode/.local/lib/python3.10/site-packages/airflow/example_dags/example_python_operator.py
[2025-11-17T03:53:41.746+0000] {processor.py:826} INFO - Processing file /home/vscode/.local/lib/python3.10/site-packages/airflow/example_dags/example_python_operator.py for tasks to queue
[2025-11-17T03:53:41.747+0000] {logging_mixin.py:150} INFO - [2025-11-17T03:53:41.747+0000] {dagbag.py:541} INFO - Filling up the DagBag from /home/vscode/.local/lib/python3.10/site-packages/airflow/example_dags/example_python_operator.py
[2025-11-17T03:53:41.754+0000] {processor.py:836} INFO - DAG(s) dict_keys(['example_python_operator']) retrieved from /home/vscode/.local/lib/python3.10/site-packages/airflow/example_dags/example_python_operator.py
[2025-11-17T03:53:41.766+0000] {logging_mixin.py:150} INFO - [2025-11-17T03:53:41.766+0000] {dag.py:2742} INFO - Sync 1 DAGs
[2025-11-17T03:53:41.779+0000] {logging_mixin.py:150} INFO - [2025-11-17T03:53:41.779+0000] {dag.py:3504} INFO - Setting next_dagrun for example_python_operator to None, run_after=None
[2025-11-17T03:53:41.795+0000] {processor.py:179} INFO - Processing /home/vscode/.local/lib/python3.10/site-packages/airflow/example_dags/example_python_operator.py took 0.051 seconds
[2025-11-17T03:54:27.836+0000] {processor.py:157} INFO - Started process (PID=19922) to work on /home/vscode/.local/lib/python3.10/site-packages/airflow/example_dags/example_python_operator.py
[2025-11-17T03:54:27.837+0000] {processor.py:826} INFO - Processing file /home/vscode/.local/lib/python3.10/site-packages/airflow/example_dags/example_python_operator.py for tasks to queue
[2025-11-17T03:54:27.838+0000] {logging_mixin.py:150} INFO - [2025-11-17T03:54:27.837+0000] {dagbag.py:541} INFO - Filling up the DagBag from /home/vscode/.local/lib/python3.10/site-packages/airflow/example_dags/example_python_operator.py
[2025-11-17T03:54:27.845+0000] {processor.py:836} INFO - DAG(s) dict_keys(['example_python_operator']) retrieved from /home/vscode/.local/lib/python3.10/site-packages/airflow/example_dags/example_python_operator.py
[2025-11-17T03:54:27.857+0000] {logging_mixin.py:150} INFO - [2025-11-17T03:54:27.857+0000] {dag.py:2742} INFO - Sync 1 DAGs
[2025-11-17T03:54:27.869+0000] {logging_mixin.py:150} INFO - [2025-11-17T03:54:27.869+0000] {dag.py:3504} INFO - Setting next_dagrun for example_python_operator to None, run_after=None
[2025-11-17T03:54:27.883+0000] {processor.py:179} INFO - Processing /home/vscode/.local/lib/python3.10/site-packages/airflow/example_dags/example_python_operator.py took 0.048 seconds
[2025-11-17T03:55:13.461+0000] {processor.py:157} INFO - Started process (PID=20310) to work on /home/vscode/.local/lib/python3.10/site-packages/airflow/example_dags/example_python_operator.py
[2025-11-17T03:55:13.462+0000] {processor.py:826} INFO - Processing file /home/vscode/.local/lib/python3.10/site-packages/airflow/example_dags/example_python_operator.py for tasks to queue
[2025-11-17T03:55:13.462+0000] {logging_mixin.py:150} INFO - [2025-11-17T03:55:13.462+0000] {dagbag.py:541} INFO - Filling up the DagBag from /home/vscode/.local/lib/python3.10/site-packages/airflow/example_dags/example_python_operator.py
[2025-11-17T03:55:13.470+0000] {processor.py:836} INFO - DAG(s) dict_keys(['example_python_operator']) retrieved from /home/vscode/.local/lib/python3.10/site-packages/airflow/example_dags/example_python_operator.py
[2025-11-17T03:55:13.485+0000] {logging_mixin.py:150} INFO - [2025-11-17T03:55:13.485+0000] {dag.py:2742} INFO - Sync 1 DAGs
[2025-11-17T03:55:13.499+0000] {logging_mixin.py:150} INFO - [2025-11-17T03:55:13.499+0000] {dag.py:3504} INFO - Setting next_dagrun for example_python_operator to None, run_after=None
[2025-11-17T03:55:13.516+0000] {processor.py:179} INFO - Processing /home/vscode/.local/lib/python3.10/site-packages/airflow/example_dags/example_python_operator.py took 0.056 seconds
