[2025-11-17T03:52:46.031+0000] {processor.py:157} INFO - Started process (PID=19251) to work on /home/vscode/.local/lib/python3.10/site-packages/airflow/example_dags/example_time_delta_sensor_async.py
[2025-11-17T03:52:46.031+0000] {processor.py:826} INFO - Processing file /home/vscode/.local/lib/python3.10/site-packages/airflow/example_dags/example_time_delta_sensor_async.py for tasks to queue
[2025-11-17T03:52:46.032+0000] {logging_mixin.py:150} INFO - [2025-11-17T03:52:46.032+0000] {dagbag.py:541} INFO - Filling up the DagBag from /home/vscode/.local/lib/python3.10/site-packages/airflow/example_dags/example_time_delta_sensor_async.py
[2025-11-17T03:52:46.037+0000] {processor.py:836} INFO - DAG(s) dict_keys(['example_time_delta_sensor_async']) retrieved from /home/vscode/.local/lib/python3.10/site-packages/airflow/example_dags/example_time_delta_sensor_async.py
[2025-11-17T03:52:46.104+0000] {logging_mixin.py:150} INFO - [2025-11-17T03:52:46.104+0000] {manager.py:504} INFO - Created Permission View: can delete on DAG:example_time_delta_sensor_async
[2025-11-17T03:52:46.112+0000] {logging_mixin.py:150} INFO - [2025-11-17T03:52:46.112+0000] {manager.py:504} INFO - Created Permission View: can edit on DAG:example_time_delta_sensor_async
[2025-11-17T03:52:46.118+0000] {logging_mixin.py:150} INFO - [2025-11-17T03:52:46.117+0000] {manager.py:504} INFO - Created Permission View: can read on DAG:example_time_delta_sensor_async
[2025-11-17T03:52:46.125+0000] {logging_mixin.py:150} INFO - [2025-11-17T03:52:46.125+0000] {dag.py:2742} INFO - Sync 1 DAGs
[2025-11-17T03:52:46.131+0000] {logging_mixin.py:150} INFO - [2025-11-17T03:52:46.131+0000] {dag.py:2763} INFO - Creating ORM DAG for example_time_delta_sensor_async
[2025-11-17T03:52:46.137+0000] {logging_mixin.py:150} INFO - [2025-11-17T03:52:46.137+0000] {dag.py:3504} INFO - Setting next_dagrun for example_time_delta_sensor_async to None, run_after=None
[2025-11-17T03:52:46.151+0000] {processor.py:179} INFO - Processing /home/vscode/.local/lib/python3.10/site-packages/airflow/example_dags/example_time_delta_sensor_async.py took 0.122 seconds
[2025-11-17T03:53:32.072+0000] {processor.py:157} INFO - Started process (PID=19547) to work on /home/vscode/.local/lib/python3.10/site-packages/airflow/example_dags/example_time_delta_sensor_async.py
[2025-11-17T03:53:32.072+0000] {processor.py:826} INFO - Processing file /home/vscode/.local/lib/python3.10/site-packages/airflow/example_dags/example_time_delta_sensor_async.py for tasks to queue
[2025-11-17T03:53:32.073+0000] {logging_mixin.py:150} INFO - [2025-11-17T03:53:32.073+0000] {dagbag.py:541} INFO - Filling up the DagBag from /home/vscode/.local/lib/python3.10/site-packages/airflow/example_dags/example_time_delta_sensor_async.py
[2025-11-17T03:53:32.076+0000] {processor.py:836} INFO - DAG(s) dict_keys(['example_time_delta_sensor_async']) retrieved from /home/vscode/.local/lib/python3.10/site-packages/airflow/example_dags/example_time_delta_sensor_async.py
[2025-11-17T03:53:32.087+0000] {logging_mixin.py:150} INFO - [2025-11-17T03:53:32.086+0000] {dag.py:2742} INFO - Sync 1 DAGs
[2025-11-17T03:53:32.104+0000] {logging_mixin.py:150} INFO - [2025-11-17T03:53:32.103+0000] {dag.py:3504} INFO - Setting next_dagrun for example_time_delta_sensor_async to None, run_after=None
[2025-11-17T03:53:32.123+0000] {processor.py:179} INFO - Processing /home/vscode/.local/lib/python3.10/site-packages/airflow/example_dags/example_time_delta_sensor_async.py took 0.053 seconds
[2025-11-17T03:54:17.023+0000] {processor.py:157} INFO - Started process (PID=19847) to work on /home/vscode/.local/lib/python3.10/site-packages/airflow/example_dags/example_time_delta_sensor_async.py
[2025-11-17T03:54:17.024+0000] {processor.py:826} INFO - Processing file /home/vscode/.local/lib/python3.10/site-packages/airflow/example_dags/example_time_delta_sensor_async.py for tasks to queue
[2025-11-17T03:54:17.024+0000] {logging_mixin.py:150} INFO - [2025-11-17T03:54:17.024+0000] {dagbag.py:541} INFO - Filling up the DagBag from /home/vscode/.local/lib/python3.10/site-packages/airflow/example_dags/example_time_delta_sensor_async.py
[2025-11-17T03:54:17.027+0000] {processor.py:836} INFO - DAG(s) dict_keys(['example_time_delta_sensor_async']) retrieved from /home/vscode/.local/lib/python3.10/site-packages/airflow/example_dags/example_time_delta_sensor_async.py
[2025-11-17T03:54:17.038+0000] {logging_mixin.py:150} INFO - [2025-11-17T03:54:17.038+0000] {dag.py:2742} INFO - Sync 1 DAGs
[2025-11-17T03:54:17.050+0000] {logging_mixin.py:150} INFO - [2025-11-17T03:54:17.050+0000] {dag.py:3504} INFO - Setting next_dagrun for example_time_delta_sensor_async to None, run_after=None
[2025-11-17T03:54:17.063+0000] {processor.py:179} INFO - Processing /home/vscode/.local/lib/python3.10/site-packages/airflow/example_dags/example_time_delta_sensor_async.py took 0.042 seconds
[2025-11-17T03:55:02.533+0000] {processor.py:157} INFO - Started process (PID=20166) to work on /home/vscode/.local/lib/python3.10/site-packages/airflow/example_dags/example_time_delta_sensor_async.py
[2025-11-17T03:55:02.534+0000] {processor.py:826} INFO - Processing file /home/vscode/.local/lib/python3.10/site-packages/airflow/example_dags/example_time_delta_sensor_async.py for tasks to queue
[2025-11-17T03:55:02.534+0000] {logging_mixin.py:150} INFO - [2025-11-17T03:55:02.534+0000] {dagbag.py:541} INFO - Filling up the DagBag from /home/vscode/.local/lib/python3.10/site-packages/airflow/example_dags/example_time_delta_sensor_async.py
[2025-11-17T03:55:02.537+0000] {processor.py:836} INFO - DAG(s) dict_keys(['example_time_delta_sensor_async']) retrieved from /home/vscode/.local/lib/python3.10/site-packages/airflow/example_dags/example_time_delta_sensor_async.py
[2025-11-17T03:55:02.552+0000] {logging_mixin.py:150} INFO - [2025-11-17T03:55:02.552+0000] {dag.py:2742} INFO - Sync 1 DAGs
[2025-11-17T03:55:02.566+0000] {logging_mixin.py:150} INFO - [2025-11-17T03:55:02.565+0000] {dag.py:3504} INFO - Setting next_dagrun for example_time_delta_sensor_async to None, run_after=None
[2025-11-17T03:55:02.581+0000] {processor.py:179} INFO - Processing /home/vscode/.local/lib/python3.10/site-packages/airflow/example_dags/example_time_delta_sensor_async.py took 0.050 seconds
