[2025-11-17T03:52:46.333+0000] {processor.py:157} INFO - Started process (PID=19252) to work on /home/vscode/.local/lib/python3.10/site-packages/airflow/example_dags/example_short_circuit_operator.py
[2025-11-17T03:52:46.334+0000] {processor.py:826} INFO - Processing file /home/vscode/.local/lib/python3.10/site-packages/airflow/example_dags/example_short_circuit_operator.py for tasks to queue
[2025-11-17T03:52:46.334+0000] {logging_mixin.py:150} INFO - [2025-11-17T03:52:46.334+0000] {dagbag.py:541} INFO - Filling up the DagBag from /home/vscode/.local/lib/python3.10/site-packages/airflow/example_dags/example_short_circuit_operator.py
[2025-11-17T03:52:46.341+0000] {processor.py:836} INFO - DAG(s) dict_keys(['example_short_circuit_operator']) retrieved from /home/vscode/.local/lib/python3.10/site-packages/airflow/example_dags/example_short_circuit_operator.py
[2025-11-17T03:52:46.411+0000] {logging_mixin.py:150} INFO - [2025-11-17T03:52:46.411+0000] {manager.py:504} INFO - Created Permission View: can delete on DAG:example_short_circuit_operator
[2025-11-17T03:52:46.418+0000] {logging_mixin.py:150} INFO - [2025-11-17T03:52:46.418+0000] {manager.py:504} INFO - Created Permission View: can edit on DAG:example_short_circuit_operator
[2025-11-17T03:52:46.424+0000] {logging_mixin.py:150} INFO - [2025-11-17T03:52:46.424+0000] {manager.py:504} INFO - Created Permission View: can read on DAG:example_short_circuit_operator
[2025-11-17T03:52:46.431+0000] {logging_mixin.py:150} INFO - [2025-11-17T03:52:46.431+0000] {dag.py:2742} INFO - Sync 1 DAGs
[2025-11-17T03:52:46.437+0000] {logging_mixin.py:150} INFO - [2025-11-17T03:52:46.437+0000] {dag.py:2763} INFO - Creating ORM DAG for example_short_circuit_operator
[2025-11-17T03:52:46.444+0000] {logging_mixin.py:150} INFO - [2025-11-17T03:52:46.444+0000] {dag.py:3504} INFO - Setting next_dagrun for example_short_circuit_operator to 2025-11-16T03:52:46.444177+00:00, run_after=2025-11-17T03:52:46.444177+00:00
[2025-11-17T03:52:46.459+0000] {processor.py:179} INFO - Processing /home/vscode/.local/lib/python3.10/site-packages/airflow/example_dags/example_short_circuit_operator.py took 0.127 seconds
[2025-11-17T03:53:33.207+0000] {processor.py:157} INFO - Started process (PID=19555) to work on /home/vscode/.local/lib/python3.10/site-packages/airflow/example_dags/example_short_circuit_operator.py
[2025-11-17T03:53:33.208+0000] {processor.py:826} INFO - Processing file /home/vscode/.local/lib/python3.10/site-packages/airflow/example_dags/example_short_circuit_operator.py for tasks to queue
[2025-11-17T03:53:33.208+0000] {logging_mixin.py:150} INFO - [2025-11-17T03:53:33.208+0000] {dagbag.py:541} INFO - Filling up the DagBag from /home/vscode/.local/lib/python3.10/site-packages/airflow/example_dags/example_short_circuit_operator.py
[2025-11-17T03:53:33.214+0000] {processor.py:836} INFO - DAG(s) dict_keys(['example_short_circuit_operator']) retrieved from /home/vscode/.local/lib/python3.10/site-packages/airflow/example_dags/example_short_circuit_operator.py
[2025-11-17T03:53:33.226+0000] {logging_mixin.py:150} INFO - [2025-11-17T03:53:33.226+0000] {dag.py:2742} INFO - Sync 1 DAGs
[2025-11-17T03:53:33.239+0000] {logging_mixin.py:150} INFO - [2025-11-17T03:53:33.239+0000] {dag.py:3504} INFO - Setting next_dagrun for example_short_circuit_operator to 2025-11-16T03:53:33.239555+00:00, run_after=2025-11-17T03:53:33.239555+00:00
[2025-11-17T03:53:33.254+0000] {processor.py:179} INFO - Processing /home/vscode/.local/lib/python3.10/site-packages/airflow/example_dags/example_short_circuit_operator.py took 0.049 seconds
[2025-11-17T03:54:18.157+0000] {processor.py:157} INFO - Started process (PID=19861) to work on /home/vscode/.local/lib/python3.10/site-packages/airflow/example_dags/example_short_circuit_operator.py
[2025-11-17T03:54:18.157+0000] {processor.py:826} INFO - Processing file /home/vscode/.local/lib/python3.10/site-packages/airflow/example_dags/example_short_circuit_operator.py for tasks to queue
[2025-11-17T03:54:18.158+0000] {logging_mixin.py:150} INFO - [2025-11-17T03:54:18.158+0000] {dagbag.py:541} INFO - Filling up the DagBag from /home/vscode/.local/lib/python3.10/site-packages/airflow/example_dags/example_short_circuit_operator.py
[2025-11-17T03:54:18.163+0000] {processor.py:836} INFO - DAG(s) dict_keys(['example_short_circuit_operator']) retrieved from /home/vscode/.local/lib/python3.10/site-packages/airflow/example_dags/example_short_circuit_operator.py
[2025-11-17T03:54:18.177+0000] {logging_mixin.py:150} INFO - [2025-11-17T03:54:18.177+0000] {dag.py:2742} INFO - Sync 1 DAGs
[2025-11-17T03:54:18.190+0000] {logging_mixin.py:150} INFO - [2025-11-17T03:54:18.189+0000] {dag.py:3504} INFO - Setting next_dagrun for example_short_circuit_operator to 2025-11-16T03:54:18.189844+00:00, run_after=2025-11-17T03:54:18.189844+00:00
[2025-11-17T03:54:18.203+0000] {processor.py:179} INFO - Processing /home/vscode/.local/lib/python3.10/site-packages/airflow/example_dags/example_short_circuit_operator.py took 0.048 seconds
[2025-11-17T03:55:03.318+0000] {processor.py:157} INFO - Started process (PID=20168) to work on /home/vscode/.local/lib/python3.10/site-packages/airflow/example_dags/example_short_circuit_operator.py
[2025-11-17T03:55:03.318+0000] {processor.py:826} INFO - Processing file /home/vscode/.local/lib/python3.10/site-packages/airflow/example_dags/example_short_circuit_operator.py for tasks to queue
[2025-11-17T03:55:03.319+0000] {logging_mixin.py:150} INFO - [2025-11-17T03:55:03.319+0000] {dagbag.py:541} INFO - Filling up the DagBag from /home/vscode/.local/lib/python3.10/site-packages/airflow/example_dags/example_short_circuit_operator.py
[2025-11-17T03:55:03.324+0000] {processor.py:836} INFO - DAG(s) dict_keys(['example_short_circuit_operator']) retrieved from /home/vscode/.local/lib/python3.10/site-packages/airflow/example_dags/example_short_circuit_operator.py
[2025-11-17T03:55:03.336+0000] {logging_mixin.py:150} INFO - [2025-11-17T03:55:03.336+0000] {dag.py:2742} INFO - Sync 1 DAGs
[2025-11-17T03:55:03.357+0000] {logging_mixin.py:150} INFO - [2025-11-17T03:55:03.357+0000] {dag.py:3504} INFO - Setting next_dagrun for example_short_circuit_operator to 2025-11-16T03:55:03.357376+00:00, run_after=2025-11-17T03:55:03.357376+00:00
[2025-11-17T03:55:03.389+0000] {processor.py:179} INFO - Processing /home/vscode/.local/lib/python3.10/site-packages/airflow/example_dags/example_short_circuit_operator.py took 0.073 seconds
