[2025-11-17T03:52:51.337+0000] {processor.py:157} INFO - Started process (PID=19285) to work on /home/vscode/.local/lib/python3.10/site-packages/airflow/example_dags/example_skip_dag.py
[2025-11-17T03:52:51.338+0000] {processor.py:826} INFO - Processing file /home/vscode/.local/lib/python3.10/site-packages/airflow/example_dags/example_skip_dag.py for tasks to queue
[2025-11-17T03:52:51.338+0000] {logging_mixin.py:150} INFO - [2025-11-17T03:52:51.338+0000] {dagbag.py:541} INFO - Filling up the DagBag from /home/vscode/.local/lib/python3.10/site-packages/airflow/example_dags/example_skip_dag.py
[2025-11-17T03:52:51.343+0000] {processor.py:836} INFO - DAG(s) dict_keys(['example_skip_dag']) retrieved from /home/vscode/.local/lib/python3.10/site-packages/airflow/example_dags/example_skip_dag.py
[2025-11-17T03:52:51.411+0000] {logging_mixin.py:150} INFO - [2025-11-17T03:52:51.411+0000] {manager.py:504} INFO - Created Permission View: can delete on DAG:example_skip_dag
[2025-11-17T03:52:51.418+0000] {logging_mixin.py:150} INFO - [2025-11-17T03:52:51.418+0000] {manager.py:504} INFO - Created Permission View: can edit on DAG:example_skip_dag
[2025-11-17T03:52:51.424+0000] {logging_mixin.py:150} INFO - [2025-11-17T03:52:51.424+0000] {manager.py:504} INFO - Created Permission View: can read on DAG:example_skip_dag
[2025-11-17T03:52:51.432+0000] {logging_mixin.py:150} INFO - [2025-11-17T03:52:51.431+0000] {dag.py:2742} INFO - Sync 1 DAGs
[2025-11-17T03:52:51.438+0000] {logging_mixin.py:150} INFO - [2025-11-17T03:52:51.438+0000] {dag.py:2763} INFO - Creating ORM DAG for example_skip_dag
[2025-11-17T03:52:51.443+0000] {logging_mixin.py:150} INFO - [2025-11-17T03:52:51.443+0000] {dag.py:3504} INFO - Setting next_dagrun for example_skip_dag to 2025-11-16T03:52:51.443525+00:00, run_after=2025-11-17T03:52:51.443525+00:00
[2025-11-17T03:52:51.457+0000] {processor.py:179} INFO - Processing /home/vscode/.local/lib/python3.10/site-packages/airflow/example_dags/example_skip_dag.py took 0.121 seconds
[2025-11-17T03:53:37.740+0000] {processor.py:157} INFO - Started process (PID=19588) to work on /home/vscode/.local/lib/python3.10/site-packages/airflow/example_dags/example_skip_dag.py
[2025-11-17T03:53:37.741+0000] {processor.py:826} INFO - Processing file /home/vscode/.local/lib/python3.10/site-packages/airflow/example_dags/example_skip_dag.py for tasks to queue
[2025-11-17T03:53:37.741+0000] {logging_mixin.py:150} INFO - [2025-11-17T03:53:37.741+0000] {dagbag.py:541} INFO - Filling up the DagBag from /home/vscode/.local/lib/python3.10/site-packages/airflow/example_dags/example_skip_dag.py
[2025-11-17T03:53:37.748+0000] {processor.py:836} INFO - DAG(s) dict_keys(['example_skip_dag']) retrieved from /home/vscode/.local/lib/python3.10/site-packages/airflow/example_dags/example_skip_dag.py
[2025-11-17T03:53:37.761+0000] {logging_mixin.py:150} INFO - [2025-11-17T03:53:37.761+0000] {dag.py:2742} INFO - Sync 1 DAGs
[2025-11-17T03:53:37.774+0000] {logging_mixin.py:150} INFO - [2025-11-17T03:53:37.774+0000] {dag.py:3504} INFO - Setting next_dagrun for example_skip_dag to 2025-11-16T03:53:37.774447+00:00, run_after=2025-11-17T03:53:37.774447+00:00
[2025-11-17T03:53:37.788+0000] {processor.py:179} INFO - Processing /home/vscode/.local/lib/python3.10/site-packages/airflow/example_dags/example_skip_dag.py took 0.050 seconds
[2025-11-17T03:54:23.819+0000] {processor.py:157} INFO - Started process (PID=19902) to work on /home/vscode/.local/lib/python3.10/site-packages/airflow/example_dags/example_skip_dag.py
[2025-11-17T03:54:23.820+0000] {processor.py:826} INFO - Processing file /home/vscode/.local/lib/python3.10/site-packages/airflow/example_dags/example_skip_dag.py for tasks to queue
[2025-11-17T03:54:23.820+0000] {logging_mixin.py:150} INFO - [2025-11-17T03:54:23.820+0000] {dagbag.py:541} INFO - Filling up the DagBag from /home/vscode/.local/lib/python3.10/site-packages/airflow/example_dags/example_skip_dag.py
[2025-11-17T03:54:23.825+0000] {processor.py:836} INFO - DAG(s) dict_keys(['example_skip_dag']) retrieved from /home/vscode/.local/lib/python3.10/site-packages/airflow/example_dags/example_skip_dag.py
[2025-11-17T03:54:23.839+0000] {logging_mixin.py:150} INFO - [2025-11-17T03:54:23.839+0000] {dag.py:2742} INFO - Sync 1 DAGs
[2025-11-17T03:54:23.854+0000] {logging_mixin.py:150} INFO - [2025-11-17T03:54:23.854+0000] {dag.py:3504} INFO - Setting next_dagrun for example_skip_dag to 2025-11-16T03:54:23.854485+00:00, run_after=2025-11-17T03:54:23.854485+00:00
[2025-11-17T03:54:23.868+0000] {processor.py:179} INFO - Processing /home/vscode/.local/lib/python3.10/site-packages/airflow/example_dags/example_skip_dag.py took 0.051 seconds
[2025-11-17T03:55:10.051+0000] {processor.py:157} INFO - Started process (PID=20269) to work on /home/vscode/.local/lib/python3.10/site-packages/airflow/example_dags/example_skip_dag.py
[2025-11-17T03:55:10.052+0000] {processor.py:826} INFO - Processing file /home/vscode/.local/lib/python3.10/site-packages/airflow/example_dags/example_skip_dag.py for tasks to queue
[2025-11-17T03:55:10.052+0000] {logging_mixin.py:150} INFO - [2025-11-17T03:55:10.052+0000] {dagbag.py:541} INFO - Filling up the DagBag from /home/vscode/.local/lib/python3.10/site-packages/airflow/example_dags/example_skip_dag.py
[2025-11-17T03:55:10.057+0000] {processor.py:836} INFO - DAG(s) dict_keys(['example_skip_dag']) retrieved from /home/vscode/.local/lib/python3.10/site-packages/airflow/example_dags/example_skip_dag.py
[2025-11-17T03:55:10.067+0000] {logging_mixin.py:150} INFO - [2025-11-17T03:55:10.067+0000] {dag.py:2742} INFO - Sync 1 DAGs
[2025-11-17T03:55:10.080+0000] {logging_mixin.py:150} INFO - [2025-11-17T03:55:10.080+0000] {dag.py:3504} INFO - Setting next_dagrun for example_skip_dag to 2025-11-16T03:55:10.080729+00:00, run_after=2025-11-17T03:55:10.080729+00:00
[2025-11-17T03:55:10.095+0000] {processor.py:179} INFO - Processing /home/vscode/.local/lib/python3.10/site-packages/airflow/example_dags/example_skip_dag.py took 0.046 seconds
