[2025-11-17T03:53:16.502+0000] {processor.py:157} INFO - Started process (PID=19449) to work on /home/vscode/.local/lib/python3.10/site-packages/airflow/example_dags/example_branch_operator_decorator.py
[2025-11-17T03:53:16.502+0000] {processor.py:826} INFO - Processing file /home/vscode/.local/lib/python3.10/site-packages/airflow/example_dags/example_branch_operator_decorator.py for tasks to queue
[2025-11-17T03:53:16.503+0000] {logging_mixin.py:150} INFO - [2025-11-17T03:53:16.503+0000] {dagbag.py:541} INFO - Filling up the DagBag from /home/vscode/.local/lib/python3.10/site-packages/airflow/example_dags/example_branch_operator_decorator.py
[2025-11-17T03:53:16.510+0000] {processor.py:836} INFO - DAG(s) dict_keys(['example_branch_python_operator_decorator']) retrieved from /home/vscode/.local/lib/python3.10/site-packages/airflow/example_dags/example_branch_operator_decorator.py
[2025-11-17T03:53:16.585+0000] {logging_mixin.py:150} INFO - [2025-11-17T03:53:16.585+0000] {manager.py:504} INFO - Created Permission View: can delete on DAG:example_branch_python_operator_decorator
[2025-11-17T03:53:16.592+0000] {logging_mixin.py:150} INFO - [2025-11-17T03:53:16.592+0000] {manager.py:504} INFO - Created Permission View: can edit on DAG:example_branch_python_operator_decorator
[2025-11-17T03:53:16.598+0000] {logging_mixin.py:150} INFO - [2025-11-17T03:53:16.598+0000] {manager.py:504} INFO - Created Permission View: can read on DAG:example_branch_python_operator_decorator
[2025-11-17T03:53:16.604+0000] {logging_mixin.py:150} INFO - [2025-11-17T03:53:16.604+0000] {dag.py:2742} INFO - Sync 1 DAGs
[2025-11-17T03:53:16.610+0000] {logging_mixin.py:150} INFO - [2025-11-17T03:53:16.610+0000] {dag.py:2763} INFO - Creating ORM DAG for example_branch_python_operator_decorator
[2025-11-17T03:53:16.618+0000] {logging_mixin.py:150} INFO - [2025-11-17T03:53:16.618+0000] {dag.py:3504} INFO - Setting next_dagrun for example_branch_python_operator_decorator to 2025-11-16T00:00:00+00:00, run_after=2025-11-17T00:00:00+00:00
[2025-11-17T03:53:16.632+0000] {processor.py:179} INFO - Processing /home/vscode/.local/lib/python3.10/site-packages/airflow/example_dags/example_branch_operator_decorator.py took 0.132 seconds
[2025-11-17T03:54:04.009+0000] {processor.py:157} INFO - Started process (PID=19767) to work on /home/vscode/.local/lib/python3.10/site-packages/airflow/example_dags/example_branch_operator_decorator.py
[2025-11-17T03:54:04.009+0000] {processor.py:826} INFO - Processing file /home/vscode/.local/lib/python3.10/site-packages/airflow/example_dags/example_branch_operator_decorator.py for tasks to queue
[2025-11-17T03:54:04.010+0000] {logging_mixin.py:150} INFO - [2025-11-17T03:54:04.010+0000] {dagbag.py:541} INFO - Filling up the DagBag from /home/vscode/.local/lib/python3.10/site-packages/airflow/example_dags/example_branch_operator_decorator.py
[2025-11-17T03:54:04.017+0000] {processor.py:836} INFO - DAG(s) dict_keys(['example_branch_python_operator_decorator']) retrieved from /home/vscode/.local/lib/python3.10/site-packages/airflow/example_dags/example_branch_operator_decorator.py
[2025-11-17T03:54:04.029+0000] {logging_mixin.py:150} INFO - [2025-11-17T03:54:04.029+0000] {dag.py:2742} INFO - Sync 1 DAGs
[2025-11-17T03:54:04.043+0000] {logging_mixin.py:150} INFO - [2025-11-17T03:54:04.043+0000] {dag.py:3504} INFO - Setting next_dagrun for example_branch_python_operator_decorator to 2025-11-16T00:00:00+00:00, run_after=2025-11-17T00:00:00+00:00
[2025-11-17T03:54:04.057+0000] {processor.py:179} INFO - Processing /home/vscode/.local/lib/python3.10/site-packages/airflow/example_dags/example_branch_operator_decorator.py took 0.050 seconds
[2025-11-17T03:54:49.664+0000] {processor.py:157} INFO - Started process (PID=20066) to work on /home/vscode/.local/lib/python3.10/site-packages/airflow/example_dags/example_branch_operator_decorator.py
[2025-11-17T03:54:49.665+0000] {processor.py:826} INFO - Processing file /home/vscode/.local/lib/python3.10/site-packages/airflow/example_dags/example_branch_operator_decorator.py for tasks to queue
[2025-11-17T03:54:49.665+0000] {logging_mixin.py:150} INFO - [2025-11-17T03:54:49.665+0000] {dagbag.py:541} INFO - Filling up the DagBag from /home/vscode/.local/lib/python3.10/site-packages/airflow/example_dags/example_branch_operator_decorator.py
[2025-11-17T03:54:49.672+0000] {processor.py:836} INFO - DAG(s) dict_keys(['example_branch_python_operator_decorator']) retrieved from /home/vscode/.local/lib/python3.10/site-packages/airflow/example_dags/example_branch_operator_decorator.py
[2025-11-17T03:54:49.685+0000] {logging_mixin.py:150} INFO - [2025-11-17T03:54:49.684+0000] {dag.py:2742} INFO - Sync 1 DAGs
[2025-11-17T03:54:49.698+0000] {logging_mixin.py:150} INFO - [2025-11-17T03:54:49.698+0000] {dag.py:3504} INFO - Setting next_dagrun for example_branch_python_operator_decorator to 2025-11-16T00:00:00+00:00, run_after=2025-11-17T00:00:00+00:00
[2025-11-17T03:54:49.712+0000] {processor.py:179} INFO - Processing /home/vscode/.local/lib/python3.10/site-packages/airflow/example_dags/example_branch_operator_decorator.py took 0.050 seconds
[2025-11-17T03:55:36.280+0000] {processor.py:157} INFO - Started process (PID=20533) to work on /home/vscode/.local/lib/python3.10/site-packages/airflow/example_dags/example_branch_operator_decorator.py
[2025-11-17T03:55:36.280+0000] {processor.py:826} INFO - Processing file /home/vscode/.local/lib/python3.10/site-packages/airflow/example_dags/example_branch_operator_decorator.py for tasks to queue
[2025-11-17T03:55:36.281+0000] {logging_mixin.py:150} INFO - [2025-11-17T03:55:36.281+0000] {dagbag.py:541} INFO - Filling up the DagBag from /home/vscode/.local/lib/python3.10/site-packages/airflow/example_dags/example_branch_operator_decorator.py
[2025-11-17T03:55:36.292+0000] {processor.py:836} INFO - DAG(s) dict_keys(['example_branch_python_operator_decorator']) retrieved from /home/vscode/.local/lib/python3.10/site-packages/airflow/example_dags/example_branch_operator_decorator.py
[2025-11-17T03:55:36.310+0000] {logging_mixin.py:150} INFO - [2025-11-17T03:55:36.310+0000] {dag.py:2742} INFO - Sync 1 DAGs
[2025-11-17T03:55:36.329+0000] {logging_mixin.py:150} INFO - [2025-11-17T03:55:36.328+0000] {dag.py:3504} INFO - Setting next_dagrun for example_branch_python_operator_decorator to 2025-11-16T00:00:00+00:00, run_after=2025-11-17T00:00:00+00:00
[2025-11-17T03:55:36.359+0000] {processor.py:179} INFO - Processing /home/vscode/.local/lib/python3.10/site-packages/airflow/example_dags/example_branch_operator_decorator.py took 0.081 seconds
[2025-11-17T03:56:32.726+0000] {processor.py:157} INFO - Started process (PID=21090) to work on /home/vscode/.local/lib/python3.10/site-packages/airflow/example_dags/example_branch_operator_decorator.py
[2025-11-17T03:56:32.727+0000] {processor.py:826} INFO - Processing file /home/vscode/.local/lib/python3.10/site-packages/airflow/example_dags/example_branch_operator_decorator.py for tasks to queue
[2025-11-17T03:56:32.727+0000] {logging_mixin.py:150} INFO - [2025-11-17T03:56:32.727+0000] {dagbag.py:541} INFO - Filling up the DagBag from /home/vscode/.local/lib/python3.10/site-packages/airflow/example_dags/example_branch_operator_decorator.py
[2025-11-17T03:56:32.734+0000] {processor.py:836} INFO - DAG(s) dict_keys(['example_branch_python_operator_decorator']) retrieved from /home/vscode/.local/lib/python3.10/site-packages/airflow/example_dags/example_branch_operator_decorator.py
[2025-11-17T03:56:32.746+0000] {logging_mixin.py:150} INFO - [2025-11-17T03:56:32.745+0000] {dag.py:2742} INFO - Sync 1 DAGs
[2025-11-17T03:56:32.759+0000] {logging_mixin.py:150} INFO - [2025-11-17T03:56:32.759+0000] {dag.py:3504} INFO - Setting next_dagrun for example_branch_python_operator_decorator to 2025-11-16T00:00:00+00:00, run_after=2025-11-17T00:00:00+00:00
[2025-11-17T03:56:32.773+0000] {processor.py:179} INFO - Processing /home/vscode/.local/lib/python3.10/site-packages/airflow/example_dags/example_branch_operator_decorator.py took 0.049 seconds
[2025-11-17T03:57:15.004+0000] {processor.py:157} INFO - Started process (PID=21388) to work on /home/vscode/.local/lib/python3.10/site-packages/airflow/example_dags/example_branch_operator_decorator.py
[2025-11-17T03:57:15.004+0000] {processor.py:826} INFO - Processing file /home/vscode/.local/lib/python3.10/site-packages/airflow/example_dags/example_branch_operator_decorator.py for tasks to queue
[2025-11-17T03:57:15.005+0000] {logging_mixin.py:150} INFO - [2025-11-17T03:57:15.005+0000] {dagbag.py:541} INFO - Filling up the DagBag from /home/vscode/.local/lib/python3.10/site-packages/airflow/example_dags/example_branch_operator_decorator.py
[2025-11-17T03:57:15.012+0000] {processor.py:836} INFO - DAG(s) dict_keys(['example_branch_python_operator_decorator']) retrieved from /home/vscode/.local/lib/python3.10/site-packages/airflow/example_dags/example_branch_operator_decorator.py
[2025-11-17T03:57:15.024+0000] {logging_mixin.py:150} INFO - [2025-11-17T03:57:15.024+0000] {dag.py:2742} INFO - Sync 1 DAGs
[2025-11-17T03:57:15.037+0000] {logging_mixin.py:150} INFO - [2025-11-17T03:57:15.037+0000] {dag.py:3504} INFO - Setting next_dagrun for example_branch_python_operator_decorator to 2025-11-16T00:00:00+00:00, run_after=2025-11-17T00:00:00+00:00
[2025-11-17T03:57:15.051+0000] {processor.py:179} INFO - Processing /home/vscode/.local/lib/python3.10/site-packages/airflow/example_dags/example_branch_operator_decorator.py took 0.049 seconds
[2025-11-17T03:58:11.208+0000] {processor.py:157} INFO - Started process (PID=21760) to work on /home/vscode/.local/lib/python3.10/site-packages/airflow/example_dags/example_branch_operator_decorator.py
[2025-11-17T03:58:11.208+0000] {processor.py:826} INFO - Processing file /home/vscode/.local/lib/python3.10/site-packages/airflow/example_dags/example_branch_operator_decorator.py for tasks to queue
[2025-11-17T03:58:11.209+0000] {logging_mixin.py:150} INFO - [2025-11-17T03:58:11.209+0000] {dagbag.py:541} INFO - Filling up the DagBag from /home/vscode/.local/lib/python3.10/site-packages/airflow/example_dags/example_branch_operator_decorator.py
[2025-11-17T03:58:11.216+0000] {processor.py:836} INFO - DAG(s) dict_keys(['example_branch_python_operator_decorator']) retrieved from /home/vscode/.local/lib/python3.10/site-packages/airflow/example_dags/example_branch_operator_decorator.py
[2025-11-17T03:58:11.228+0000] {logging_mixin.py:150} INFO - [2025-11-17T03:58:11.228+0000] {dag.py:2742} INFO - Sync 1 DAGs
[2025-11-17T03:58:11.242+0000] {logging_mixin.py:150} INFO - [2025-11-17T03:58:11.242+0000] {dag.py:3504} INFO - Setting next_dagrun for example_branch_python_operator_decorator to 2025-11-16T00:00:00+00:00, run_after=2025-11-17T00:00:00+00:00
[2025-11-17T03:58:11.255+0000] {processor.py:179} INFO - Processing /home/vscode/.local/lib/python3.10/site-packages/airflow/example_dags/example_branch_operator_decorator.py took 0.049 seconds
[2025-11-17T03:58:53.445+0000] {processor.py:157} INFO - Started process (PID=22045) to work on /home/vscode/.local/lib/python3.10/site-packages/airflow/example_dags/example_branch_operator_decorator.py
[2025-11-17T03:58:53.445+0000] {processor.py:826} INFO - Processing file /home/vscode/.local/lib/python3.10/site-packages/airflow/example_dags/example_branch_operator_decorator.py for tasks to queue
[2025-11-17T03:58:53.446+0000] {logging_mixin.py:150} INFO - [2025-11-17T03:58:53.446+0000] {dagbag.py:541} INFO - Filling up the DagBag from /home/vscode/.local/lib/python3.10/site-packages/airflow/example_dags/example_branch_operator_decorator.py
[2025-11-17T03:58:53.453+0000] {processor.py:836} INFO - DAG(s) dict_keys(['example_branch_python_operator_decorator']) retrieved from /home/vscode/.local/lib/python3.10/site-packages/airflow/example_dags/example_branch_operator_decorator.py
[2025-11-17T03:58:53.464+0000] {logging_mixin.py:150} INFO - [2025-11-17T03:58:53.464+0000] {dag.py:2742} INFO - Sync 1 DAGs
[2025-11-17T03:58:53.478+0000] {logging_mixin.py:150} INFO - [2025-11-17T03:58:53.478+0000] {dag.py:3504} INFO - Setting next_dagrun for example_branch_python_operator_decorator to 2025-11-16T00:00:00+00:00, run_after=2025-11-17T00:00:00+00:00
[2025-11-17T03:58:53.491+0000] {processor.py:179} INFO - Processing /home/vscode/.local/lib/python3.10/site-packages/airflow/example_dags/example_branch_operator_decorator.py took 0.049 seconds
[2025-11-17T03:59:36.630+0000] {processor.py:157} INFO - Started process (PID=22338) to work on /home/vscode/.local/lib/python3.10/site-packages/airflow/example_dags/example_branch_operator_decorator.py
[2025-11-17T03:59:36.631+0000] {processor.py:826} INFO - Processing file /home/vscode/.local/lib/python3.10/site-packages/airflow/example_dags/example_branch_operator_decorator.py for tasks to queue
[2025-11-17T03:59:36.632+0000] {logging_mixin.py:150} INFO - [2025-11-17T03:59:36.631+0000] {dagbag.py:541} INFO - Filling up the DagBag from /home/vscode/.local/lib/python3.10/site-packages/airflow/example_dags/example_branch_operator_decorator.py
[2025-11-17T03:59:36.638+0000] {processor.py:836} INFO - DAG(s) dict_keys(['example_branch_python_operator_decorator']) retrieved from /home/vscode/.local/lib/python3.10/site-packages/airflow/example_dags/example_branch_operator_decorator.py
[2025-11-17T03:59:36.650+0000] {logging_mixin.py:150} INFO - [2025-11-17T03:59:36.650+0000] {dag.py:2742} INFO - Sync 1 DAGs
[2025-11-17T03:59:36.664+0000] {logging_mixin.py:150} INFO - [2025-11-17T03:59:36.664+0000] {dag.py:3504} INFO - Setting next_dagrun for example_branch_python_operator_decorator to 2025-11-16T00:00:00+00:00, run_after=2025-11-17T00:00:00+00:00
[2025-11-17T03:59:36.677+0000] {processor.py:179} INFO - Processing /home/vscode/.local/lib/python3.10/site-packages/airflow/example_dags/example_branch_operator_decorator.py took 0.049 seconds
[2025-11-17T04:00:35.375+0000] {processor.py:157} INFO - Started process (PID=22721) to work on /home/vscode/.local/lib/python3.10/site-packages/airflow/example_dags/example_branch_operator_decorator.py
[2025-11-17T04:00:35.375+0000] {processor.py:826} INFO - Processing file /home/vscode/.local/lib/python3.10/site-packages/airflow/example_dags/example_branch_operator_decorator.py for tasks to queue
[2025-11-17T04:00:35.376+0000] {logging_mixin.py:150} INFO - [2025-11-17T04:00:35.376+0000] {dagbag.py:541} INFO - Filling up the DagBag from /home/vscode/.local/lib/python3.10/site-packages/airflow/example_dags/example_branch_operator_decorator.py
[2025-11-17T04:00:35.383+0000] {processor.py:836} INFO - DAG(s) dict_keys(['example_branch_python_operator_decorator']) retrieved from /home/vscode/.local/lib/python3.10/site-packages/airflow/example_dags/example_branch_operator_decorator.py
[2025-11-17T04:00:35.394+0000] {logging_mixin.py:150} INFO - [2025-11-17T04:00:35.394+0000] {dag.py:2742} INFO - Sync 1 DAGs
[2025-11-17T04:00:35.408+0000] {logging_mixin.py:150} INFO - [2025-11-17T04:00:35.408+0000] {dag.py:3504} INFO - Setting next_dagrun for example_branch_python_operator_decorator to 2025-11-16T00:00:00+00:00, run_after=2025-11-17T00:00:00+00:00
[2025-11-17T04:00:35.422+0000] {processor.py:179} INFO - Processing /home/vscode/.local/lib/python3.10/site-packages/airflow/example_dags/example_branch_operator_decorator.py took 0.050 seconds
[2025-11-17T04:01:33.385+0000] {processor.py:157} INFO - Started process (PID=23115) to work on /home/vscode/.local/lib/python3.10/site-packages/airflow/example_dags/example_branch_operator_decorator.py
[2025-11-17T04:01:33.386+0000] {processor.py:826} INFO - Processing file /home/vscode/.local/lib/python3.10/site-packages/airflow/example_dags/example_branch_operator_decorator.py for tasks to queue
[2025-11-17T04:01:33.387+0000] {logging_mixin.py:150} INFO - [2025-11-17T04:01:33.386+0000] {dagbag.py:541} INFO - Filling up the DagBag from /home/vscode/.local/lib/python3.10/site-packages/airflow/example_dags/example_branch_operator_decorator.py
[2025-11-17T04:01:33.394+0000] {processor.py:836} INFO - DAG(s) dict_keys(['example_branch_python_operator_decorator']) retrieved from /home/vscode/.local/lib/python3.10/site-packages/airflow/example_dags/example_branch_operator_decorator.py
[2025-11-17T04:01:33.405+0000] {logging_mixin.py:150} INFO - [2025-11-17T04:01:33.405+0000] {dag.py:2742} INFO - Sync 1 DAGs
[2025-11-17T04:01:33.419+0000] {logging_mixin.py:150} INFO - [2025-11-17T04:01:33.419+0000] {dag.py:3504} INFO - Setting next_dagrun for example_branch_python_operator_decorator to 2025-11-16T00:00:00+00:00, run_after=2025-11-17T00:00:00+00:00
[2025-11-17T04:01:33.433+0000] {processor.py:179} INFO - Processing /home/vscode/.local/lib/python3.10/site-packages/airflow/example_dags/example_branch_operator_decorator.py took 0.050 seconds
[2025-11-17T04:02:18.686+0000] {processor.py:157} INFO - Started process (PID=23425) to work on /home/vscode/.local/lib/python3.10/site-packages/airflow/example_dags/example_branch_operator_decorator.py
[2025-11-17T04:02:18.687+0000] {processor.py:826} INFO - Processing file /home/vscode/.local/lib/python3.10/site-packages/airflow/example_dags/example_branch_operator_decorator.py for tasks to queue
[2025-11-17T04:02:18.687+0000] {logging_mixin.py:150} INFO - [2025-11-17T04:02:18.687+0000] {dagbag.py:541} INFO - Filling up the DagBag from /home/vscode/.local/lib/python3.10/site-packages/airflow/example_dags/example_branch_operator_decorator.py
[2025-11-17T04:02:18.695+0000] {processor.py:836} INFO - DAG(s) dict_keys(['example_branch_python_operator_decorator']) retrieved from /home/vscode/.local/lib/python3.10/site-packages/airflow/example_dags/example_branch_operator_decorator.py
[2025-11-17T04:02:18.716+0000] {logging_mixin.py:150} INFO - [2025-11-17T04:02:18.716+0000] {dag.py:2742} INFO - Sync 1 DAGs
[2025-11-17T04:02:18.736+0000] {logging_mixin.py:150} INFO - [2025-11-17T04:02:18.736+0000] {dag.py:3504} INFO - Setting next_dagrun for example_branch_python_operator_decorator to 2025-11-16T00:00:00+00:00, run_after=2025-11-17T00:00:00+00:00
[2025-11-17T04:02:18.751+0000] {processor.py:179} INFO - Processing /home/vscode/.local/lib/python3.10/site-packages/airflow/example_dags/example_branch_operator_decorator.py took 0.066 seconds
[2025-11-17T04:03:15.149+0000] {processor.py:157} INFO - Started process (PID=23789) to work on /home/vscode/.local/lib/python3.10/site-packages/airflow/example_dags/example_branch_operator_decorator.py
[2025-11-17T04:03:15.149+0000] {processor.py:826} INFO - Processing file /home/vscode/.local/lib/python3.10/site-packages/airflow/example_dags/example_branch_operator_decorator.py for tasks to queue
[2025-11-17T04:03:15.150+0000] {logging_mixin.py:150} INFO - [2025-11-17T04:03:15.150+0000] {dagbag.py:541} INFO - Filling up the DagBag from /home/vscode/.local/lib/python3.10/site-packages/airflow/example_dags/example_branch_operator_decorator.py
[2025-11-17T04:03:15.157+0000] {processor.py:836} INFO - DAG(s) dict_keys(['example_branch_python_operator_decorator']) retrieved from /home/vscode/.local/lib/python3.10/site-packages/airflow/example_dags/example_branch_operator_decorator.py
[2025-11-17T04:03:15.170+0000] {logging_mixin.py:150} INFO - [2025-11-17T04:03:15.170+0000] {dag.py:2742} INFO - Sync 1 DAGs
[2025-11-17T04:03:15.185+0000] {logging_mixin.py:150} INFO - [2025-11-17T04:03:15.185+0000] {dag.py:3504} INFO - Setting next_dagrun for example_branch_python_operator_decorator to 2025-11-16T00:00:00+00:00, run_after=2025-11-17T00:00:00+00:00
[2025-11-17T04:03:15.203+0000] {processor.py:179} INFO - Processing /home/vscode/.local/lib/python3.10/site-packages/airflow/example_dags/example_branch_operator_decorator.py took 0.056 seconds
[2025-11-17T04:04:01.254+0000] {processor.py:157} INFO - Started process (PID=24099) to work on /home/vscode/.local/lib/python3.10/site-packages/airflow/example_dags/example_branch_operator_decorator.py
[2025-11-17T04:04:01.254+0000] {processor.py:826} INFO - Processing file /home/vscode/.local/lib/python3.10/site-packages/airflow/example_dags/example_branch_operator_decorator.py for tasks to queue
[2025-11-17T04:04:01.255+0000] {logging_mixin.py:150} INFO - [2025-11-17T04:04:01.254+0000] {dagbag.py:541} INFO - Filling up the DagBag from /home/vscode/.local/lib/python3.10/site-packages/airflow/example_dags/example_branch_operator_decorator.py
[2025-11-17T04:04:01.262+0000] {processor.py:836} INFO - DAG(s) dict_keys(['example_branch_python_operator_decorator']) retrieved from /home/vscode/.local/lib/python3.10/site-packages/airflow/example_dags/example_branch_operator_decorator.py
[2025-11-17T04:04:01.273+0000] {logging_mixin.py:150} INFO - [2025-11-17T04:04:01.273+0000] {dag.py:2742} INFO - Sync 1 DAGs
[2025-11-17T04:04:01.287+0000] {logging_mixin.py:150} INFO - [2025-11-17T04:04:01.287+0000] {dag.py:3504} INFO - Setting next_dagrun for example_branch_python_operator_decorator to 2025-11-16T00:00:00+00:00, run_after=2025-11-17T00:00:00+00:00
[2025-11-17T04:04:01.301+0000] {processor.py:179} INFO - Processing /home/vscode/.local/lib/python3.10/site-packages/airflow/example_dags/example_branch_operator_decorator.py took 0.049 seconds
[2025-11-17T04:04:48.691+0000] {processor.py:157} INFO - Started process (PID=24420) to work on /home/vscode/.local/lib/python3.10/site-packages/airflow/example_dags/example_branch_operator_decorator.py
[2025-11-17T04:04:48.691+0000] {processor.py:826} INFO - Processing file /home/vscode/.local/lib/python3.10/site-packages/airflow/example_dags/example_branch_operator_decorator.py for tasks to queue
[2025-11-17T04:04:48.692+0000] {logging_mixin.py:150} INFO - [2025-11-17T04:04:48.692+0000] {dagbag.py:541} INFO - Filling up the DagBag from /home/vscode/.local/lib/python3.10/site-packages/airflow/example_dags/example_branch_operator_decorator.py
[2025-11-17T04:04:48.699+0000] {processor.py:836} INFO - DAG(s) dict_keys(['example_branch_python_operator_decorator']) retrieved from /home/vscode/.local/lib/python3.10/site-packages/airflow/example_dags/example_branch_operator_decorator.py
[2025-11-17T04:04:48.712+0000] {logging_mixin.py:150} INFO - [2025-11-17T04:04:48.711+0000] {dag.py:2742} INFO - Sync 1 DAGs
[2025-11-17T04:04:48.725+0000] {logging_mixin.py:150} INFO - [2025-11-17T04:04:48.725+0000] {dag.py:3504} INFO - Setting next_dagrun for example_branch_python_operator_decorator to 2025-11-16T00:00:00+00:00, run_after=2025-11-17T00:00:00+00:00
[2025-11-17T04:04:48.739+0000] {processor.py:179} INFO - Processing /home/vscode/.local/lib/python3.10/site-packages/airflow/example_dags/example_branch_operator_decorator.py took 0.051 seconds
[2025-11-17T04:05:32.784+0000] {processor.py:157} INFO - Started process (PID=24741) to work on /home/vscode/.local/lib/python3.10/site-packages/airflow/example_dags/example_branch_operator_decorator.py
[2025-11-17T04:05:32.784+0000] {processor.py:826} INFO - Processing file /home/vscode/.local/lib/python3.10/site-packages/airflow/example_dags/example_branch_operator_decorator.py for tasks to queue
[2025-11-17T04:05:32.785+0000] {logging_mixin.py:150} INFO - [2025-11-17T04:05:32.785+0000] {dagbag.py:541} INFO - Filling up the DagBag from /home/vscode/.local/lib/python3.10/site-packages/airflow/example_dags/example_branch_operator_decorator.py
[2025-11-17T04:05:32.793+0000] {processor.py:836} INFO - DAG(s) dict_keys(['example_branch_python_operator_decorator']) retrieved from /home/vscode/.local/lib/python3.10/site-packages/airflow/example_dags/example_branch_operator_decorator.py
[2025-11-17T04:05:32.806+0000] {logging_mixin.py:150} INFO - [2025-11-17T04:05:32.806+0000] {dag.py:2742} INFO - Sync 1 DAGs
[2025-11-17T04:05:32.822+0000] {logging_mixin.py:150} INFO - [2025-11-17T04:05:32.822+0000] {dag.py:3504} INFO - Setting next_dagrun for example_branch_python_operator_decorator to 2025-11-16T00:00:00+00:00, run_after=2025-11-17T00:00:00+00:00
[2025-11-17T04:05:32.836+0000] {processor.py:179} INFO - Processing /home/vscode/.local/lib/python3.10/site-packages/airflow/example_dags/example_branch_operator_decorator.py took 0.055 seconds
[2025-11-17T04:06:17.524+0000] {processor.py:157} INFO - Started process (PID=25046) to work on /home/vscode/.local/lib/python3.10/site-packages/airflow/example_dags/example_branch_operator_decorator.py
[2025-11-17T04:06:17.524+0000] {processor.py:826} INFO - Processing file /home/vscode/.local/lib/python3.10/site-packages/airflow/example_dags/example_branch_operator_decorator.py for tasks to queue
[2025-11-17T04:06:17.525+0000] {logging_mixin.py:150} INFO - [2025-11-17T04:06:17.524+0000] {dagbag.py:541} INFO - Filling up the DagBag from /home/vscode/.local/lib/python3.10/site-packages/airflow/example_dags/example_branch_operator_decorator.py
[2025-11-17T04:06:17.533+0000] {processor.py:836} INFO - DAG(s) dict_keys(['example_branch_python_operator_decorator']) retrieved from /home/vscode/.local/lib/python3.10/site-packages/airflow/example_dags/example_branch_operator_decorator.py
[2025-11-17T04:06:17.551+0000] {logging_mixin.py:150} INFO - [2025-11-17T04:06:17.551+0000] {dag.py:2742} INFO - Sync 1 DAGs
[2025-11-17T04:06:17.573+0000] {logging_mixin.py:150} INFO - [2025-11-17T04:06:17.573+0000] {dag.py:3504} INFO - Setting next_dagrun for example_branch_python_operator_decorator to 2025-11-16T00:00:00+00:00, run_after=2025-11-17T00:00:00+00:00
[2025-11-17T04:06:17.592+0000] {processor.py:179} INFO - Processing /home/vscode/.local/lib/python3.10/site-packages/airflow/example_dags/example_branch_operator_decorator.py took 0.071 seconds
[2025-11-17T04:07:03.758+0000] {processor.py:157} INFO - Started process (PID=25441) to work on /home/vscode/.local/lib/python3.10/site-packages/airflow/example_dags/example_branch_operator_decorator.py
[2025-11-17T04:07:03.759+0000] {processor.py:826} INFO - Processing file /home/vscode/.local/lib/python3.10/site-packages/airflow/example_dags/example_branch_operator_decorator.py for tasks to queue
[2025-11-17T04:07:03.760+0000] {logging_mixin.py:150} INFO - [2025-11-17T04:07:03.759+0000] {dagbag.py:541} INFO - Filling up the DagBag from /home/vscode/.local/lib/python3.10/site-packages/airflow/example_dags/example_branch_operator_decorator.py
[2025-11-17T04:07:03.767+0000] {processor.py:836} INFO - DAG(s) dict_keys(['example_branch_python_operator_decorator']) retrieved from /home/vscode/.local/lib/python3.10/site-packages/airflow/example_dags/example_branch_operator_decorator.py
[2025-11-17T04:07:03.780+0000] {logging_mixin.py:150} INFO - [2025-11-17T04:07:03.780+0000] {dag.py:2742} INFO - Sync 1 DAGs
[2025-11-17T04:07:03.795+0000] {logging_mixin.py:150} INFO - [2025-11-17T04:07:03.795+0000] {dag.py:3504} INFO - Setting next_dagrun for example_branch_python_operator_decorator to 2025-11-16T00:00:00+00:00, run_after=2025-11-17T00:00:00+00:00
[2025-11-17T04:07:03.810+0000] {processor.py:179} INFO - Processing /home/vscode/.local/lib/python3.10/site-packages/airflow/example_dags/example_branch_operator_decorator.py took 0.054 seconds
[2025-11-17T04:08:00.279+0000] {processor.py:157} INFO - Started process (PID=25911) to work on /home/vscode/.local/lib/python3.10/site-packages/airflow/example_dags/example_branch_operator_decorator.py
[2025-11-17T04:08:00.280+0000] {processor.py:826} INFO - Processing file /home/vscode/.local/lib/python3.10/site-packages/airflow/example_dags/example_branch_operator_decorator.py for tasks to queue
[2025-11-17T04:08:00.281+0000] {logging_mixin.py:150} INFO - [2025-11-17T04:08:00.280+0000] {dagbag.py:541} INFO - Filling up the DagBag from /home/vscode/.local/lib/python3.10/site-packages/airflow/example_dags/example_branch_operator_decorator.py
[2025-11-17T04:08:00.288+0000] {processor.py:836} INFO - DAG(s) dict_keys(['example_branch_python_operator_decorator']) retrieved from /home/vscode/.local/lib/python3.10/site-packages/airflow/example_dags/example_branch_operator_decorator.py
[2025-11-17T04:08:00.300+0000] {logging_mixin.py:150} INFO - [2025-11-17T04:08:00.300+0000] {dag.py:2742} INFO - Sync 1 DAGs
[2025-11-17T04:08:00.315+0000] {logging_mixin.py:150} INFO - [2025-11-17T04:08:00.314+0000] {dag.py:3504} INFO - Setting next_dagrun for example_branch_python_operator_decorator to 2025-11-16T00:00:00+00:00, run_after=2025-11-17T00:00:00+00:00
[2025-11-17T04:08:00.330+0000] {processor.py:179} INFO - Processing /home/vscode/.local/lib/python3.10/site-packages/airflow/example_dags/example_branch_operator_decorator.py took 0.052 seconds
[2025-11-17T04:08:43.322+0000] {processor.py:157} INFO - Started process (PID=26212) to work on /home/vscode/.local/lib/python3.10/site-packages/airflow/example_dags/example_branch_operator_decorator.py
[2025-11-17T04:08:43.322+0000] {processor.py:826} INFO - Processing file /home/vscode/.local/lib/python3.10/site-packages/airflow/example_dags/example_branch_operator_decorator.py for tasks to queue
[2025-11-17T04:08:43.323+0000] {logging_mixin.py:150} INFO - [2025-11-17T04:08:43.323+0000] {dagbag.py:541} INFO - Filling up the DagBag from /home/vscode/.local/lib/python3.10/site-packages/airflow/example_dags/example_branch_operator_decorator.py
[2025-11-17T04:08:43.330+0000] {processor.py:836} INFO - DAG(s) dict_keys(['example_branch_python_operator_decorator']) retrieved from /home/vscode/.local/lib/python3.10/site-packages/airflow/example_dags/example_branch_operator_decorator.py
[2025-11-17T04:08:43.344+0000] {logging_mixin.py:150} INFO - [2025-11-17T04:08:43.344+0000] {dag.py:2742} INFO - Sync 1 DAGs
[2025-11-17T04:08:43.359+0000] {logging_mixin.py:150} INFO - [2025-11-17T04:08:43.359+0000] {dag.py:3504} INFO - Setting next_dagrun for example_branch_python_operator_decorator to 2025-11-16T00:00:00+00:00, run_after=2025-11-17T00:00:00+00:00
[2025-11-17T04:08:43.374+0000] {processor.py:179} INFO - Processing /home/vscode/.local/lib/python3.10/site-packages/airflow/example_dags/example_branch_operator_decorator.py took 0.055 seconds
[2025-11-17T04:09:27.652+0000] {processor.py:157} INFO - Started process (PID=26531) to work on /home/vscode/.local/lib/python3.10/site-packages/airflow/example_dags/example_branch_operator_decorator.py
[2025-11-17T04:09:27.652+0000] {processor.py:826} INFO - Processing file /home/vscode/.local/lib/python3.10/site-packages/airflow/example_dags/example_branch_operator_decorator.py for tasks to queue
[2025-11-17T04:09:27.653+0000] {logging_mixin.py:150} INFO - [2025-11-17T04:09:27.653+0000] {dagbag.py:541} INFO - Filling up the DagBag from /home/vscode/.local/lib/python3.10/site-packages/airflow/example_dags/example_branch_operator_decorator.py
[2025-11-17T04:09:27.660+0000] {processor.py:836} INFO - DAG(s) dict_keys(['example_branch_python_operator_decorator']) retrieved from /home/vscode/.local/lib/python3.10/site-packages/airflow/example_dags/example_branch_operator_decorator.py
[2025-11-17T04:09:27.678+0000] {logging_mixin.py:150} INFO - [2025-11-17T04:09:27.678+0000] {dag.py:2742} INFO - Sync 1 DAGs
[2025-11-17T04:09:27.692+0000] {logging_mixin.py:150} INFO - [2025-11-17T04:09:27.692+0000] {dag.py:3504} INFO - Setting next_dagrun for example_branch_python_operator_decorator to 2025-11-16T00:00:00+00:00, run_after=2025-11-17T00:00:00+00:00
[2025-11-17T04:09:27.707+0000] {processor.py:179} INFO - Processing /home/vscode/.local/lib/python3.10/site-packages/airflow/example_dags/example_branch_operator_decorator.py took 0.057 seconds
[2025-11-17T04:10:25.797+0000] {processor.py:157} INFO - Started process (PID=26936) to work on /home/vscode/.local/lib/python3.10/site-packages/airflow/example_dags/example_branch_operator_decorator.py
[2025-11-17T04:10:25.798+0000] {processor.py:826} INFO - Processing file /home/vscode/.local/lib/python3.10/site-packages/airflow/example_dags/example_branch_operator_decorator.py for tasks to queue
[2025-11-17T04:10:25.799+0000] {logging_mixin.py:150} INFO - [2025-11-17T04:10:25.799+0000] {dagbag.py:541} INFO - Filling up the DagBag from /home/vscode/.local/lib/python3.10/site-packages/airflow/example_dags/example_branch_operator_decorator.py
[2025-11-17T04:10:25.811+0000] {processor.py:836} INFO - DAG(s) dict_keys(['example_branch_python_operator_decorator']) retrieved from /home/vscode/.local/lib/python3.10/site-packages/airflow/example_dags/example_branch_operator_decorator.py
[2025-11-17T04:10:25.826+0000] {logging_mixin.py:150} INFO - [2025-11-17T04:10:25.826+0000] {dag.py:2742} INFO - Sync 1 DAGs
[2025-11-17T04:10:25.841+0000] {logging_mixin.py:150} INFO - [2025-11-17T04:10:25.841+0000] {dag.py:3504} INFO - Setting next_dagrun for example_branch_python_operator_decorator to 2025-11-16T00:00:00+00:00, run_after=2025-11-17T00:00:00+00:00
[2025-11-17T04:10:25.855+0000] {processor.py:179} INFO - Processing /home/vscode/.local/lib/python3.10/site-packages/airflow/example_dags/example_branch_operator_decorator.py took 0.061 seconds
[2025-11-17T04:11:17.858+0000] {processor.py:157} INFO - Started process (PID=27284) to work on /home/vscode/.local/lib/python3.10/site-packages/airflow/example_dags/example_branch_operator_decorator.py
[2025-11-17T04:11:17.859+0000] {processor.py:826} INFO - Processing file /home/vscode/.local/lib/python3.10/site-packages/airflow/example_dags/example_branch_operator_decorator.py for tasks to queue
[2025-11-17T04:11:17.859+0000] {logging_mixin.py:150} INFO - [2025-11-17T04:11:17.859+0000] {dagbag.py:541} INFO - Filling up the DagBag from /home/vscode/.local/lib/python3.10/site-packages/airflow/example_dags/example_branch_operator_decorator.py
[2025-11-17T04:11:17.867+0000] {processor.py:836} INFO - DAG(s) dict_keys(['example_branch_python_operator_decorator']) retrieved from /home/vscode/.local/lib/python3.10/site-packages/airflow/example_dags/example_branch_operator_decorator.py
[2025-11-17T04:11:17.879+0000] {logging_mixin.py:150} INFO - [2025-11-17T04:11:17.878+0000] {dag.py:2742} INFO - Sync 1 DAGs
[2025-11-17T04:11:17.893+0000] {logging_mixin.py:150} INFO - [2025-11-17T04:11:17.893+0000] {dag.py:3504} INFO - Setting next_dagrun for example_branch_python_operator_decorator to 2025-11-16T00:00:00+00:00, run_after=2025-11-17T00:00:00+00:00
[2025-11-17T04:11:17.906+0000] {processor.py:179} INFO - Processing /home/vscode/.local/lib/python3.10/site-packages/airflow/example_dags/example_branch_operator_decorator.py took 0.050 seconds
[2025-11-17T04:12:16.114+0000] {processor.py:157} INFO - Started process (PID=27692) to work on /home/vscode/.local/lib/python3.10/site-packages/airflow/example_dags/example_branch_operator_decorator.py
[2025-11-17T04:12:16.115+0000] {processor.py:826} INFO - Processing file /home/vscode/.local/lib/python3.10/site-packages/airflow/example_dags/example_branch_operator_decorator.py for tasks to queue
[2025-11-17T04:12:16.115+0000] {logging_mixin.py:150} INFO - [2025-11-17T04:12:16.115+0000] {dagbag.py:541} INFO - Filling up the DagBag from /home/vscode/.local/lib/python3.10/site-packages/airflow/example_dags/example_branch_operator_decorator.py
[2025-11-17T04:12:16.123+0000] {processor.py:836} INFO - DAG(s) dict_keys(['example_branch_python_operator_decorator']) retrieved from /home/vscode/.local/lib/python3.10/site-packages/airflow/example_dags/example_branch_operator_decorator.py
[2025-11-17T04:12:16.135+0000] {logging_mixin.py:150} INFO - [2025-11-17T04:12:16.135+0000] {dag.py:2742} INFO - Sync 1 DAGs
[2025-11-17T04:12:16.150+0000] {logging_mixin.py:150} INFO - [2025-11-17T04:12:16.150+0000] {dag.py:3504} INFO - Setting next_dagrun for example_branch_python_operator_decorator to 2025-11-16T00:00:00+00:00, run_after=2025-11-17T00:00:00+00:00
[2025-11-17T04:12:16.164+0000] {processor.py:179} INFO - Processing /home/vscode/.local/lib/python3.10/site-packages/airflow/example_dags/example_branch_operator_decorator.py took 0.052 seconds
[2025-11-17T04:13:01.911+0000] {processor.py:157} INFO - Started process (PID=28067) to work on /home/vscode/.local/lib/python3.10/site-packages/airflow/example_dags/example_branch_operator_decorator.py
[2025-11-17T04:13:01.912+0000] {processor.py:826} INFO - Processing file /home/vscode/.local/lib/python3.10/site-packages/airflow/example_dags/example_branch_operator_decorator.py for tasks to queue
[2025-11-17T04:13:01.913+0000] {logging_mixin.py:150} INFO - [2025-11-17T04:13:01.912+0000] {dagbag.py:541} INFO - Filling up the DagBag from /home/vscode/.local/lib/python3.10/site-packages/airflow/example_dags/example_branch_operator_decorator.py
[2025-11-17T04:13:01.933+0000] {processor.py:836} INFO - DAG(s) dict_keys(['example_branch_python_operator_decorator']) retrieved from /home/vscode/.local/lib/python3.10/site-packages/airflow/example_dags/example_branch_operator_decorator.py
[2025-11-17T04:13:01.961+0000] {logging_mixin.py:150} INFO - [2025-11-17T04:13:01.961+0000] {dag.py:2742} INFO - Sync 1 DAGs
[2025-11-17T04:13:01.984+0000] {logging_mixin.py:150} INFO - [2025-11-17T04:13:01.984+0000] {dag.py:3504} INFO - Setting next_dagrun for example_branch_python_operator_decorator to 2025-11-16T00:00:00+00:00, run_after=2025-11-17T00:00:00+00:00
[2025-11-17T04:13:02.006+0000] {processor.py:179} INFO - Processing /home/vscode/.local/lib/python3.10/site-packages/airflow/example_dags/example_branch_operator_decorator.py took 0.098 seconds
[2025-11-17T04:13:56.986+0000] {processor.py:157} INFO - Started process (PID=28444) to work on /home/vscode/.local/lib/python3.10/site-packages/airflow/example_dags/example_branch_operator_decorator.py
[2025-11-17T04:13:56.987+0000] {processor.py:826} INFO - Processing file /home/vscode/.local/lib/python3.10/site-packages/airflow/example_dags/example_branch_operator_decorator.py for tasks to queue
[2025-11-17T04:13:56.987+0000] {logging_mixin.py:150} INFO - [2025-11-17T04:13:56.987+0000] {dagbag.py:541} INFO - Filling up the DagBag from /home/vscode/.local/lib/python3.10/site-packages/airflow/example_dags/example_branch_operator_decorator.py
[2025-11-17T04:13:56.995+0000] {processor.py:836} INFO - DAG(s) dict_keys(['example_branch_python_operator_decorator']) retrieved from /home/vscode/.local/lib/python3.10/site-packages/airflow/example_dags/example_branch_operator_decorator.py
[2025-11-17T04:13:57.007+0000] {logging_mixin.py:150} INFO - [2025-11-17T04:13:57.007+0000] {dag.py:2742} INFO - Sync 1 DAGs
[2025-11-17T04:13:57.021+0000] {logging_mixin.py:150} INFO - [2025-11-17T04:13:57.021+0000] {dag.py:3504} INFO - Setting next_dagrun for example_branch_python_operator_decorator to 2025-11-16T00:00:00+00:00, run_after=2025-11-17T00:00:00+00:00
[2025-11-17T04:13:57.035+0000] {processor.py:179} INFO - Processing /home/vscode/.local/lib/python3.10/site-packages/airflow/example_dags/example_branch_operator_decorator.py took 0.051 seconds
[2025-11-17T04:14:45.490+0000] {processor.py:157} INFO - Started process (PID=28771) to work on /home/vscode/.local/lib/python3.10/site-packages/airflow/example_dags/example_branch_operator_decorator.py
[2025-11-17T04:14:45.491+0000] {processor.py:826} INFO - Processing file /home/vscode/.local/lib/python3.10/site-packages/airflow/example_dags/example_branch_operator_decorator.py for tasks to queue
[2025-11-17T04:14:45.491+0000] {logging_mixin.py:150} INFO - [2025-11-17T04:14:45.491+0000] {dagbag.py:541} INFO - Filling up the DagBag from /home/vscode/.local/lib/python3.10/site-packages/airflow/example_dags/example_branch_operator_decorator.py
[2025-11-17T04:14:45.498+0000] {processor.py:836} INFO - DAG(s) dict_keys(['example_branch_python_operator_decorator']) retrieved from /home/vscode/.local/lib/python3.10/site-packages/airflow/example_dags/example_branch_operator_decorator.py
[2025-11-17T04:14:45.511+0000] {logging_mixin.py:150} INFO - [2025-11-17T04:14:45.511+0000] {dag.py:2742} INFO - Sync 1 DAGs
[2025-11-17T04:14:45.526+0000] {logging_mixin.py:150} INFO - [2025-11-17T04:14:45.525+0000] {dag.py:3504} INFO - Setting next_dagrun for example_branch_python_operator_decorator to 2025-11-16T00:00:00+00:00, run_after=2025-11-17T00:00:00+00:00
[2025-11-17T04:14:45.539+0000] {processor.py:179} INFO - Processing /home/vscode/.local/lib/python3.10/site-packages/airflow/example_dags/example_branch_operator_decorator.py took 0.051 seconds
[2025-11-17T04:15:33.209+0000] {processor.py:157} INFO - Started process (PID=29261) to work on /home/vscode/.local/lib/python3.10/site-packages/airflow/example_dags/example_branch_operator_decorator.py
[2025-11-17T04:15:33.210+0000] {processor.py:826} INFO - Processing file /home/vscode/.local/lib/python3.10/site-packages/airflow/example_dags/example_branch_operator_decorator.py for tasks to queue
[2025-11-17T04:15:33.210+0000] {logging_mixin.py:150} INFO - [2025-11-17T04:15:33.210+0000] {dagbag.py:541} INFO - Filling up the DagBag from /home/vscode/.local/lib/python3.10/site-packages/airflow/example_dags/example_branch_operator_decorator.py
[2025-11-17T04:15:33.217+0000] {processor.py:836} INFO - DAG(s) dict_keys(['example_branch_python_operator_decorator']) retrieved from /home/vscode/.local/lib/python3.10/site-packages/airflow/example_dags/example_branch_operator_decorator.py
[2025-11-17T04:15:33.232+0000] {logging_mixin.py:150} INFO - [2025-11-17T04:15:33.232+0000] {dag.py:2742} INFO - Sync 1 DAGs
[2025-11-17T04:15:33.247+0000] {logging_mixin.py:150} INFO - [2025-11-17T04:15:33.247+0000] {dag.py:3504} INFO - Setting next_dagrun for example_branch_python_operator_decorator to 2025-11-16T00:00:00+00:00, run_after=2025-11-17T00:00:00+00:00
[2025-11-17T04:15:33.262+0000] {processor.py:179} INFO - Processing /home/vscode/.local/lib/python3.10/site-packages/airflow/example_dags/example_branch_operator_decorator.py took 0.055 seconds
[2025-11-17T04:16:20.712+0000] {processor.py:157} INFO - Started process (PID=29595) to work on /home/vscode/.local/lib/python3.10/site-packages/airflow/example_dags/example_branch_operator_decorator.py
[2025-11-17T04:16:20.712+0000] {processor.py:826} INFO - Processing file /home/vscode/.local/lib/python3.10/site-packages/airflow/example_dags/example_branch_operator_decorator.py for tasks to queue
[2025-11-17T04:16:20.713+0000] {logging_mixin.py:150} INFO - [2025-11-17T04:16:20.713+0000] {dagbag.py:541} INFO - Filling up the DagBag from /home/vscode/.local/lib/python3.10/site-packages/airflow/example_dags/example_branch_operator_decorator.py
[2025-11-17T04:16:20.721+0000] {processor.py:836} INFO - DAG(s) dict_keys(['example_branch_python_operator_decorator']) retrieved from /home/vscode/.local/lib/python3.10/site-packages/airflow/example_dags/example_branch_operator_decorator.py
[2025-11-17T04:16:20.734+0000] {logging_mixin.py:150} INFO - [2025-11-17T04:16:20.734+0000] {dag.py:2742} INFO - Sync 1 DAGs
[2025-11-17T04:16:20.749+0000] {logging_mixin.py:150} INFO - [2025-11-17T04:16:20.749+0000] {dag.py:3504} INFO - Setting next_dagrun for example_branch_python_operator_decorator to 2025-11-16T00:00:00+00:00, run_after=2025-11-17T00:00:00+00:00
[2025-11-17T04:16:20.763+0000] {processor.py:179} INFO - Processing /home/vscode/.local/lib/python3.10/site-packages/airflow/example_dags/example_branch_operator_decorator.py took 0.054 seconds
[2025-11-17T04:17:29.660+0000] {processor.py:157} INFO - Started process (PID=30128) to work on /home/vscode/.local/lib/python3.10/site-packages/airflow/example_dags/example_branch_operator_decorator.py
[2025-11-17T04:17:29.660+0000] {processor.py:826} INFO - Processing file /home/vscode/.local/lib/python3.10/site-packages/airflow/example_dags/example_branch_operator_decorator.py for tasks to queue
[2025-11-17T04:17:29.661+0000] {logging_mixin.py:150} INFO - [2025-11-17T04:17:29.661+0000] {dagbag.py:541} INFO - Filling up the DagBag from /home/vscode/.local/lib/python3.10/site-packages/airflow/example_dags/example_branch_operator_decorator.py
[2025-11-17T04:17:29.668+0000] {processor.py:836} INFO - DAG(s) dict_keys(['example_branch_python_operator_decorator']) retrieved from /home/vscode/.local/lib/python3.10/site-packages/airflow/example_dags/example_branch_operator_decorator.py
[2025-11-17T04:17:29.680+0000] {logging_mixin.py:150} INFO - [2025-11-17T04:17:29.680+0000] {dag.py:2742} INFO - Sync 1 DAGs
[2025-11-17T04:17:29.694+0000] {logging_mixin.py:150} INFO - [2025-11-17T04:17:29.694+0000] {dag.py:3504} INFO - Setting next_dagrun for example_branch_python_operator_decorator to 2025-11-16T00:00:00+00:00, run_after=2025-11-17T00:00:00+00:00
[2025-11-17T04:17:29.708+0000] {processor.py:179} INFO - Processing /home/vscode/.local/lib/python3.10/site-packages/airflow/example_dags/example_branch_operator_decorator.py took 0.050 seconds
[2025-11-17T04:18:20.151+0000] {processor.py:157} INFO - Started process (PID=30524) to work on /home/vscode/.local/lib/python3.10/site-packages/airflow/example_dags/example_branch_operator_decorator.py
[2025-11-17T04:18:20.151+0000] {processor.py:826} INFO - Processing file /home/vscode/.local/lib/python3.10/site-packages/airflow/example_dags/example_branch_operator_decorator.py for tasks to queue
[2025-11-17T04:18:20.152+0000] {logging_mixin.py:150} INFO - [2025-11-17T04:18:20.152+0000] {dagbag.py:541} INFO - Filling up the DagBag from /home/vscode/.local/lib/python3.10/site-packages/airflow/example_dags/example_branch_operator_decorator.py
[2025-11-17T04:18:20.159+0000] {processor.py:836} INFO - DAG(s) dict_keys(['example_branch_python_operator_decorator']) retrieved from /home/vscode/.local/lib/python3.10/site-packages/airflow/example_dags/example_branch_operator_decorator.py
[2025-11-17T04:18:20.171+0000] {logging_mixin.py:150} INFO - [2025-11-17T04:18:20.171+0000] {dag.py:2742} INFO - Sync 1 DAGs
[2025-11-17T04:18:20.185+0000] {logging_mixin.py:150} INFO - [2025-11-17T04:18:20.185+0000] {dag.py:3504} INFO - Setting next_dagrun for example_branch_python_operator_decorator to 2025-11-16T00:00:00+00:00, run_after=2025-11-17T00:00:00+00:00
[2025-11-17T04:18:20.199+0000] {processor.py:179} INFO - Processing /home/vscode/.local/lib/python3.10/site-packages/airflow/example_dags/example_branch_operator_decorator.py took 0.051 seconds
[2025-11-17T04:19:09.146+0000] {processor.py:157} INFO - Started process (PID=30915) to work on /home/vscode/.local/lib/python3.10/site-packages/airflow/example_dags/example_branch_operator_decorator.py
[2025-11-17T04:19:09.147+0000] {processor.py:826} INFO - Processing file /home/vscode/.local/lib/python3.10/site-packages/airflow/example_dags/example_branch_operator_decorator.py for tasks to queue
[2025-11-17T04:19:09.147+0000] {logging_mixin.py:150} INFO - [2025-11-17T04:19:09.147+0000] {dagbag.py:541} INFO - Filling up the DagBag from /home/vscode/.local/lib/python3.10/site-packages/airflow/example_dags/example_branch_operator_decorator.py
[2025-11-17T04:19:09.154+0000] {processor.py:836} INFO - DAG(s) dict_keys(['example_branch_python_operator_decorator']) retrieved from /home/vscode/.local/lib/python3.10/site-packages/airflow/example_dags/example_branch_operator_decorator.py
[2025-11-17T04:19:09.167+0000] {logging_mixin.py:150} INFO - [2025-11-17T04:19:09.167+0000] {dag.py:2742} INFO - Sync 1 DAGs
[2025-11-17T04:19:09.181+0000] {logging_mixin.py:150} INFO - [2025-11-17T04:19:09.181+0000] {dag.py:3504} INFO - Setting next_dagrun for example_branch_python_operator_decorator to 2025-11-16T00:00:00+00:00, run_after=2025-11-17T00:00:00+00:00
[2025-11-17T04:19:09.195+0000] {processor.py:179} INFO - Processing /home/vscode/.local/lib/python3.10/site-packages/airflow/example_dags/example_branch_operator_decorator.py took 0.051 seconds
[2025-11-17T04:20:05.837+0000] {processor.py:157} INFO - Started process (PID=31372) to work on /home/vscode/.local/lib/python3.10/site-packages/airflow/example_dags/example_branch_operator_decorator.py
[2025-11-17T04:20:05.837+0000] {processor.py:826} INFO - Processing file /home/vscode/.local/lib/python3.10/site-packages/airflow/example_dags/example_branch_operator_decorator.py for tasks to queue
[2025-11-17T04:20:05.838+0000] {logging_mixin.py:150} INFO - [2025-11-17T04:20:05.838+0000] {dagbag.py:541} INFO - Filling up the DagBag from /home/vscode/.local/lib/python3.10/site-packages/airflow/example_dags/example_branch_operator_decorator.py
[2025-11-17T04:20:05.845+0000] {processor.py:836} INFO - DAG(s) dict_keys(['example_branch_python_operator_decorator']) retrieved from /home/vscode/.local/lib/python3.10/site-packages/airflow/example_dags/example_branch_operator_decorator.py
[2025-11-17T04:20:05.857+0000] {logging_mixin.py:150} INFO - [2025-11-17T04:20:05.857+0000] {dag.py:2742} INFO - Sync 1 DAGs
[2025-11-17T04:20:05.870+0000] {logging_mixin.py:150} INFO - [2025-11-17T04:20:05.870+0000] {dag.py:3504} INFO - Setting next_dagrun for example_branch_python_operator_decorator to 2025-11-16T00:00:00+00:00, run_after=2025-11-17T00:00:00+00:00
[2025-11-17T04:20:05.884+0000] {processor.py:179} INFO - Processing /home/vscode/.local/lib/python3.10/site-packages/airflow/example_dags/example_branch_operator_decorator.py took 0.049 seconds
[2025-11-17T04:20:55.032+0000] {processor.py:157} INFO - Started process (PID=31810) to work on /home/vscode/.local/lib/python3.10/site-packages/airflow/example_dags/example_branch_operator_decorator.py
[2025-11-17T04:20:55.032+0000] {processor.py:826} INFO - Processing file /home/vscode/.local/lib/python3.10/site-packages/airflow/example_dags/example_branch_operator_decorator.py for tasks to queue
[2025-11-17T04:20:55.033+0000] {logging_mixin.py:150} INFO - [2025-11-17T04:20:55.033+0000] {dagbag.py:541} INFO - Filling up the DagBag from /home/vscode/.local/lib/python3.10/site-packages/airflow/example_dags/example_branch_operator_decorator.py
[2025-11-17T04:20:55.040+0000] {processor.py:836} INFO - DAG(s) dict_keys(['example_branch_python_operator_decorator']) retrieved from /home/vscode/.local/lib/python3.10/site-packages/airflow/example_dags/example_branch_operator_decorator.py
[2025-11-17T04:20:55.054+0000] {logging_mixin.py:150} INFO - [2025-11-17T04:20:55.054+0000] {dag.py:2742} INFO - Sync 1 DAGs
[2025-11-17T04:20:55.073+0000] {logging_mixin.py:150} INFO - [2025-11-17T04:20:55.073+0000] {dag.py:3504} INFO - Setting next_dagrun for example_branch_python_operator_decorator to 2025-11-16T00:00:00+00:00, run_after=2025-11-17T00:00:00+00:00
[2025-11-17T04:20:55.093+0000] {processor.py:179} INFO - Processing /home/vscode/.local/lib/python3.10/site-packages/airflow/example_dags/example_branch_operator_decorator.py took 0.064 seconds
[2025-11-17T04:21:45.383+0000] {processor.py:157} INFO - Started process (PID=32145) to work on /home/vscode/.local/lib/python3.10/site-packages/airflow/example_dags/example_branch_operator_decorator.py
[2025-11-17T04:21:45.383+0000] {processor.py:826} INFO - Processing file /home/vscode/.local/lib/python3.10/site-packages/airflow/example_dags/example_branch_operator_decorator.py for tasks to queue
[2025-11-17T04:21:45.384+0000] {logging_mixin.py:150} INFO - [2025-11-17T04:21:45.384+0000] {dagbag.py:541} INFO - Filling up the DagBag from /home/vscode/.local/lib/python3.10/site-packages/airflow/example_dags/example_branch_operator_decorator.py
[2025-11-17T04:21:45.391+0000] {processor.py:836} INFO - DAG(s) dict_keys(['example_branch_python_operator_decorator']) retrieved from /home/vscode/.local/lib/python3.10/site-packages/airflow/example_dags/example_branch_operator_decorator.py
[2025-11-17T04:21:45.403+0000] {logging_mixin.py:150} INFO - [2025-11-17T04:21:45.403+0000] {dag.py:2742} INFO - Sync 1 DAGs
[2025-11-17T04:21:45.418+0000] {logging_mixin.py:150} INFO - [2025-11-17T04:21:45.418+0000] {dag.py:3504} INFO - Setting next_dagrun for example_branch_python_operator_decorator to 2025-11-16T00:00:00+00:00, run_after=2025-11-17T00:00:00+00:00
[2025-11-17T04:21:45.433+0000] {processor.py:179} INFO - Processing /home/vscode/.local/lib/python3.10/site-packages/airflow/example_dags/example_branch_operator_decorator.py took 0.052 seconds
[2025-11-17T04:22:35.148+0000] {processor.py:157} INFO - Started process (PID=32529) to work on /home/vscode/.local/lib/python3.10/site-packages/airflow/example_dags/example_branch_operator_decorator.py
[2025-11-17T04:22:35.150+0000] {processor.py:826} INFO - Processing file /home/vscode/.local/lib/python3.10/site-packages/airflow/example_dags/example_branch_operator_decorator.py for tasks to queue
[2025-11-17T04:22:35.151+0000] {logging_mixin.py:150} INFO - [2025-11-17T04:22:35.151+0000] {dagbag.py:541} INFO - Filling up the DagBag from /home/vscode/.local/lib/python3.10/site-packages/airflow/example_dags/example_branch_operator_decorator.py
[2025-11-17T04:22:35.162+0000] {processor.py:836} INFO - DAG(s) dict_keys(['example_branch_python_operator_decorator']) retrieved from /home/vscode/.local/lib/python3.10/site-packages/airflow/example_dags/example_branch_operator_decorator.py
[2025-11-17T04:22:35.189+0000] {logging_mixin.py:150} INFO - [2025-11-17T04:22:35.188+0000] {dag.py:2742} INFO - Sync 1 DAGs
[2025-11-17T04:22:35.209+0000] {logging_mixin.py:150} INFO - [2025-11-17T04:22:35.208+0000] {dag.py:3504} INFO - Setting next_dagrun for example_branch_python_operator_decorator to 2025-11-16T00:00:00+00:00, run_after=2025-11-17T00:00:00+00:00
[2025-11-17T04:22:35.226+0000] {processor.py:179} INFO - Processing /home/vscode/.local/lib/python3.10/site-packages/airflow/example_dags/example_branch_operator_decorator.py took 0.082 seconds
[2025-11-17T04:23:21.203+0000] {processor.py:157} INFO - Started process (PID=32838) to work on /home/vscode/.local/lib/python3.10/site-packages/airflow/example_dags/example_branch_operator_decorator.py
[2025-11-17T04:23:21.204+0000] {processor.py:826} INFO - Processing file /home/vscode/.local/lib/python3.10/site-packages/airflow/example_dags/example_branch_operator_decorator.py for tasks to queue
[2025-11-17T04:23:21.205+0000] {logging_mixin.py:150} INFO - [2025-11-17T04:23:21.204+0000] {dagbag.py:541} INFO - Filling up the DagBag from /home/vscode/.local/lib/python3.10/site-packages/airflow/example_dags/example_branch_operator_decorator.py
[2025-11-17T04:23:21.212+0000] {processor.py:836} INFO - DAG(s) dict_keys(['example_branch_python_operator_decorator']) retrieved from /home/vscode/.local/lib/python3.10/site-packages/airflow/example_dags/example_branch_operator_decorator.py
[2025-11-17T04:23:21.224+0000] {logging_mixin.py:150} INFO - [2025-11-17T04:23:21.224+0000] {dag.py:2742} INFO - Sync 1 DAGs
[2025-11-17T04:23:21.238+0000] {logging_mixin.py:150} INFO - [2025-11-17T04:23:21.238+0000] {dag.py:3504} INFO - Setting next_dagrun for example_branch_python_operator_decorator to 2025-11-16T00:00:00+00:00, run_after=2025-11-17T00:00:00+00:00
[2025-11-17T04:23:21.253+0000] {processor.py:179} INFO - Processing /home/vscode/.local/lib/python3.10/site-packages/airflow/example_dags/example_branch_operator_decorator.py took 0.052 seconds
[2025-11-17T04:24:08.532+0000] {processor.py:157} INFO - Started process (PID=33255) to work on /home/vscode/.local/lib/python3.10/site-packages/airflow/example_dags/example_branch_operator_decorator.py
[2025-11-17T04:24:08.533+0000] {processor.py:826} INFO - Processing file /home/vscode/.local/lib/python3.10/site-packages/airflow/example_dags/example_branch_operator_decorator.py for tasks to queue
[2025-11-17T04:24:08.534+0000] {logging_mixin.py:150} INFO - [2025-11-17T04:24:08.533+0000] {dagbag.py:541} INFO - Filling up the DagBag from /home/vscode/.local/lib/python3.10/site-packages/airflow/example_dags/example_branch_operator_decorator.py
[2025-11-17T04:24:08.541+0000] {processor.py:836} INFO - DAG(s) dict_keys(['example_branch_python_operator_decorator']) retrieved from /home/vscode/.local/lib/python3.10/site-packages/airflow/example_dags/example_branch_operator_decorator.py
[2025-11-17T04:24:08.554+0000] {logging_mixin.py:150} INFO - [2025-11-17T04:24:08.553+0000] {dag.py:2742} INFO - Sync 1 DAGs
[2025-11-17T04:24:08.568+0000] {logging_mixin.py:150} INFO - [2025-11-17T04:24:08.568+0000] {dag.py:3504} INFO - Setting next_dagrun for example_branch_python_operator_decorator to 2025-11-16T00:00:00+00:00, run_after=2025-11-17T00:00:00+00:00
[2025-11-17T04:24:08.582+0000] {processor.py:179} INFO - Processing /home/vscode/.local/lib/python3.10/site-packages/airflow/example_dags/example_branch_operator_decorator.py took 0.052 seconds
[2025-11-17T04:24:58.131+0000] {processor.py:157} INFO - Started process (PID=33732) to work on /home/vscode/.local/lib/python3.10/site-packages/airflow/example_dags/example_branch_operator_decorator.py
[2025-11-17T04:24:58.132+0000] {processor.py:826} INFO - Processing file /home/vscode/.local/lib/python3.10/site-packages/airflow/example_dags/example_branch_operator_decorator.py for tasks to queue
[2025-11-17T04:24:58.132+0000] {logging_mixin.py:150} INFO - [2025-11-17T04:24:58.132+0000] {dagbag.py:541} INFO - Filling up the DagBag from /home/vscode/.local/lib/python3.10/site-packages/airflow/example_dags/example_branch_operator_decorator.py
[2025-11-17T04:24:58.142+0000] {processor.py:836} INFO - DAG(s) dict_keys(['example_branch_python_operator_decorator']) retrieved from /home/vscode/.local/lib/python3.10/site-packages/airflow/example_dags/example_branch_operator_decorator.py
[2025-11-17T04:24:58.155+0000] {logging_mixin.py:150} INFO - [2025-11-17T04:24:58.155+0000] {dag.py:2742} INFO - Sync 1 DAGs
[2025-11-17T04:24:58.169+0000] {logging_mixin.py:150} INFO - [2025-11-17T04:24:58.169+0000] {dag.py:3504} INFO - Setting next_dagrun for example_branch_python_operator_decorator to 2025-11-16T00:00:00+00:00, run_after=2025-11-17T00:00:00+00:00
[2025-11-17T04:24:58.182+0000] {processor.py:179} INFO - Processing /home/vscode/.local/lib/python3.10/site-packages/airflow/example_dags/example_branch_operator_decorator.py took 0.054 seconds
[2025-11-17T04:25:47.863+0000] {processor.py:157} INFO - Started process (PID=34127) to work on /home/vscode/.local/lib/python3.10/site-packages/airflow/example_dags/example_branch_operator_decorator.py
[2025-11-17T04:25:47.864+0000] {processor.py:826} INFO - Processing file /home/vscode/.local/lib/python3.10/site-packages/airflow/example_dags/example_branch_operator_decorator.py for tasks to queue
[2025-11-17T04:25:47.864+0000] {logging_mixin.py:150} INFO - [2025-11-17T04:25:47.864+0000] {dagbag.py:541} INFO - Filling up the DagBag from /home/vscode/.local/lib/python3.10/site-packages/airflow/example_dags/example_branch_operator_decorator.py
[2025-11-17T04:25:47.871+0000] {processor.py:836} INFO - DAG(s) dict_keys(['example_branch_python_operator_decorator']) retrieved from /home/vscode/.local/lib/python3.10/site-packages/airflow/example_dags/example_branch_operator_decorator.py
[2025-11-17T04:25:47.884+0000] {logging_mixin.py:150} INFO - [2025-11-17T04:25:47.884+0000] {dag.py:2742} INFO - Sync 1 DAGs
[2025-11-17T04:25:47.897+0000] {logging_mixin.py:150} INFO - [2025-11-17T04:25:47.897+0000] {dag.py:3504} INFO - Setting next_dagrun for example_branch_python_operator_decorator to 2025-11-16T00:00:00+00:00, run_after=2025-11-17T00:00:00+00:00
[2025-11-17T04:25:47.912+0000] {processor.py:179} INFO - Processing /home/vscode/.local/lib/python3.10/site-packages/airflow/example_dags/example_branch_operator_decorator.py took 0.051 seconds
