[2025-11-17T03:52:41.093+0000] {processor.py:157} INFO - Started process (PID=19218) to work on /home/vscode/.local/lib/python3.10/site-packages/airflow/example_dags/example_trigger_target_dag.py
[2025-11-17T03:52:41.094+0000] {processor.py:826} INFO - Processing file /home/vscode/.local/lib/python3.10/site-packages/airflow/example_dags/example_trigger_target_dag.py for tasks to queue
[2025-11-17T03:52:41.095+0000] {logging_mixin.py:150} INFO - [2025-11-17T03:52:41.094+0000] {dagbag.py:541} INFO - Filling up the DagBag from /home/vscode/.local/lib/python3.10/site-packages/airflow/example_dags/example_trigger_target_dag.py
[2025-11-17T03:52:41.100+0000] {processor.py:836} INFO - DAG(s) dict_keys(['example_trigger_target_dag']) retrieved from /home/vscode/.local/lib/python3.10/site-packages/airflow/example_dags/example_trigger_target_dag.py
[2025-11-17T03:52:41.170+0000] {logging_mixin.py:150} INFO - [2025-11-17T03:52:41.170+0000] {manager.py:504} INFO - Created Permission View: can delete on DAG:example_trigger_target_dag
[2025-11-17T03:52:41.178+0000] {logging_mixin.py:150} INFO - [2025-11-17T03:52:41.178+0000] {manager.py:504} INFO - Created Permission View: can edit on DAG:example_trigger_target_dag
[2025-11-17T03:52:41.183+0000] {logging_mixin.py:150} INFO - [2025-11-17T03:52:41.183+0000] {manager.py:504} INFO - Created Permission View: can read on DAG:example_trigger_target_dag
[2025-11-17T03:52:41.191+0000] {logging_mixin.py:150} INFO - [2025-11-17T03:52:41.190+0000] {dag.py:2742} INFO - Sync 1 DAGs
[2025-11-17T03:52:41.197+0000] {logging_mixin.py:150} INFO - [2025-11-17T03:52:41.197+0000] {dag.py:2763} INFO - Creating ORM DAG for example_trigger_target_dag
[2025-11-17T03:52:41.205+0000] {logging_mixin.py:150} INFO - [2025-11-17T03:52:41.205+0000] {dag.py:3504} INFO - Setting next_dagrun for example_trigger_target_dag to None, run_after=None
[2025-11-17T03:52:41.220+0000] {processor.py:179} INFO - Processing /home/vscode/.local/lib/python3.10/site-packages/airflow/example_dags/example_trigger_target_dag.py took 0.129 seconds
[2025-11-17T03:53:29.253+0000] {processor.py:157} INFO - Started process (PID=19534) to work on /home/vscode/.local/lib/python3.10/site-packages/airflow/example_dags/example_trigger_target_dag.py
[2025-11-17T03:53:29.253+0000] {processor.py:826} INFO - Processing file /home/vscode/.local/lib/python3.10/site-packages/airflow/example_dags/example_trigger_target_dag.py for tasks to queue
[2025-11-17T03:53:29.254+0000] {logging_mixin.py:150} INFO - [2025-11-17T03:53:29.253+0000] {dagbag.py:541} INFO - Filling up the DagBag from /home/vscode/.local/lib/python3.10/site-packages/airflow/example_dags/example_trigger_target_dag.py
[2025-11-17T03:53:29.259+0000] {processor.py:836} INFO - DAG(s) dict_keys(['example_trigger_target_dag']) retrieved from /home/vscode/.local/lib/python3.10/site-packages/airflow/example_dags/example_trigger_target_dag.py
[2025-11-17T03:53:29.269+0000] {logging_mixin.py:150} INFO - [2025-11-17T03:53:29.269+0000] {dag.py:2742} INFO - Sync 1 DAGs
[2025-11-17T03:53:29.282+0000] {logging_mixin.py:150} INFO - [2025-11-17T03:53:29.282+0000] {dag.py:3504} INFO - Setting next_dagrun for example_trigger_target_dag to None, run_after=None
[2025-11-17T03:53:29.296+0000] {processor.py:179} INFO - Processing /home/vscode/.local/lib/python3.10/site-packages/airflow/example_dags/example_trigger_target_dag.py took 0.045 seconds
[2025-11-17T03:54:13.686+0000] {processor.py:157} INFO - Started process (PID=19833) to work on /home/vscode/.local/lib/python3.10/site-packages/airflow/example_dags/example_trigger_target_dag.py
[2025-11-17T03:54:13.687+0000] {processor.py:826} INFO - Processing file /home/vscode/.local/lib/python3.10/site-packages/airflow/example_dags/example_trigger_target_dag.py for tasks to queue
[2025-11-17T03:54:13.687+0000] {logging_mixin.py:150} INFO - [2025-11-17T03:54:13.687+0000] {dagbag.py:541} INFO - Filling up the DagBag from /home/vscode/.local/lib/python3.10/site-packages/airflow/example_dags/example_trigger_target_dag.py
[2025-11-17T03:54:13.691+0000] {processor.py:836} INFO - DAG(s) dict_keys(['example_trigger_target_dag']) retrieved from /home/vscode/.local/lib/python3.10/site-packages/airflow/example_dags/example_trigger_target_dag.py
[2025-11-17T03:54:13.701+0000] {logging_mixin.py:150} INFO - [2025-11-17T03:54:13.701+0000] {dag.py:2742} INFO - Sync 1 DAGs
[2025-11-17T03:54:13.714+0000] {logging_mixin.py:150} INFO - [2025-11-17T03:54:13.714+0000] {dag.py:3504} INFO - Setting next_dagrun for example_trigger_target_dag to None, run_after=None
[2025-11-17T03:54:13.727+0000] {processor.py:179} INFO - Processing /home/vscode/.local/lib/python3.10/site-packages/airflow/example_dags/example_trigger_target_dag.py took 0.043 seconds
[2025-11-17T03:54:58.650+0000] {processor.py:157} INFO - Started process (PID=20140) to work on /home/vscode/.local/lib/python3.10/site-packages/airflow/example_dags/example_trigger_target_dag.py
[2025-11-17T03:54:58.651+0000] {processor.py:826} INFO - Processing file /home/vscode/.local/lib/python3.10/site-packages/airflow/example_dags/example_trigger_target_dag.py for tasks to queue
[2025-11-17T03:54:58.651+0000] {logging_mixin.py:150} INFO - [2025-11-17T03:54:58.651+0000] {dagbag.py:541} INFO - Filling up the DagBag from /home/vscode/.local/lib/python3.10/site-packages/airflow/example_dags/example_trigger_target_dag.py
[2025-11-17T03:54:58.655+0000] {processor.py:836} INFO - DAG(s) dict_keys(['example_trigger_target_dag']) retrieved from /home/vscode/.local/lib/python3.10/site-packages/airflow/example_dags/example_trigger_target_dag.py
[2025-11-17T03:54:58.667+0000] {logging_mixin.py:150} INFO - [2025-11-17T03:54:58.666+0000] {dag.py:2742} INFO - Sync 1 DAGs
[2025-11-17T03:54:58.679+0000] {logging_mixin.py:150} INFO - [2025-11-17T03:54:58.679+0000] {dag.py:3504} INFO - Setting next_dagrun for example_trigger_target_dag to None, run_after=None
[2025-11-17T03:54:58.694+0000] {processor.py:179} INFO - Processing /home/vscode/.local/lib/python3.10/site-packages/airflow/example_dags/example_trigger_target_dag.py took 0.046 seconds
[2025-11-17T03:55:43.870+0000] {processor.py:157} INFO - Started process (PID=20646) to work on /home/vscode/.local/lib/python3.10/site-packages/airflow/example_dags/example_trigger_target_dag.py
[2025-11-17T03:55:43.870+0000] {processor.py:826} INFO - Processing file /home/vscode/.local/lib/python3.10/site-packages/airflow/example_dags/example_trigger_target_dag.py for tasks to queue
[2025-11-17T03:55:43.871+0000] {logging_mixin.py:150} INFO - [2025-11-17T03:55:43.871+0000] {dagbag.py:541} INFO - Filling up the DagBag from /home/vscode/.local/lib/python3.10/site-packages/airflow/example_dags/example_trigger_target_dag.py
[2025-11-17T03:55:43.875+0000] {processor.py:836} INFO - DAG(s) dict_keys(['example_trigger_target_dag']) retrieved from /home/vscode/.local/lib/python3.10/site-packages/airflow/example_dags/example_trigger_target_dag.py
[2025-11-17T03:55:43.885+0000] {logging_mixin.py:150} INFO - [2025-11-17T03:55:43.885+0000] {dag.py:2742} INFO - Sync 1 DAGs
[2025-11-17T03:55:43.898+0000] {logging_mixin.py:150} INFO - [2025-11-17T03:55:43.898+0000] {dag.py:3504} INFO - Setting next_dagrun for example_trigger_target_dag to None, run_after=None
[2025-11-17T03:55:43.913+0000] {processor.py:179} INFO - Processing /home/vscode/.local/lib/python3.10/site-packages/airflow/example_dags/example_trigger_target_dag.py took 0.046 seconds
[2025-11-17T03:56:24.367+0000] {processor.py:157} INFO - Started process (PID=21043) to work on /home/vscode/.local/lib/python3.10/site-packages/airflow/example_dags/example_trigger_target_dag.py
[2025-11-17T03:56:24.368+0000] {processor.py:826} INFO - Processing file /home/vscode/.local/lib/python3.10/site-packages/airflow/example_dags/example_trigger_target_dag.py for tasks to queue
[2025-11-17T03:56:24.369+0000] {logging_mixin.py:150} INFO - [2025-11-17T03:56:24.368+0000] {dagbag.py:541} INFO - Filling up the DagBag from /home/vscode/.local/lib/python3.10/site-packages/airflow/example_dags/example_trigger_target_dag.py
[2025-11-17T03:56:24.374+0000] {processor.py:836} INFO - DAG(s) dict_keys(['example_trigger_target_dag']) retrieved from /home/vscode/.local/lib/python3.10/site-packages/airflow/example_dags/example_trigger_target_dag.py
[2025-11-17T03:56:24.388+0000] {logging_mixin.py:150} INFO - [2025-11-17T03:56:24.388+0000] {dag.py:2742} INFO - Sync 1 DAGs
[2025-11-17T03:56:24.407+0000] {logging_mixin.py:150} INFO - [2025-11-17T03:56:24.407+0000] {dag.py:3504} INFO - Setting next_dagrun for example_trigger_target_dag to None, run_after=None
[2025-11-17T03:56:24.422+0000] {processor.py:179} INFO - Processing /home/vscode/.local/lib/python3.10/site-packages/airflow/example_dags/example_trigger_target_dag.py took 0.056 seconds
[2025-11-17T03:57:07.135+0000] {processor.py:157} INFO - Started process (PID=21342) to work on /home/vscode/.local/lib/python3.10/site-packages/airflow/example_dags/example_trigger_target_dag.py
[2025-11-17T03:57:07.136+0000] {processor.py:826} INFO - Processing file /home/vscode/.local/lib/python3.10/site-packages/airflow/example_dags/example_trigger_target_dag.py for tasks to queue
[2025-11-17T03:57:07.136+0000] {logging_mixin.py:150} INFO - [2025-11-17T03:57:07.136+0000] {dagbag.py:541} INFO - Filling up the DagBag from /home/vscode/.local/lib/python3.10/site-packages/airflow/example_dags/example_trigger_target_dag.py
[2025-11-17T03:57:07.140+0000] {processor.py:836} INFO - DAG(s) dict_keys(['example_trigger_target_dag']) retrieved from /home/vscode/.local/lib/python3.10/site-packages/airflow/example_dags/example_trigger_target_dag.py
[2025-11-17T03:57:07.150+0000] {logging_mixin.py:150} INFO - [2025-11-17T03:57:07.150+0000] {dag.py:2742} INFO - Sync 1 DAGs
[2025-11-17T03:57:07.163+0000] {logging_mixin.py:150} INFO - [2025-11-17T03:57:07.163+0000] {dag.py:3504} INFO - Setting next_dagrun for example_trigger_target_dag to None, run_after=None
[2025-11-17T03:57:07.176+0000] {processor.py:179} INFO - Processing /home/vscode/.local/lib/python3.10/site-packages/airflow/example_dags/example_trigger_target_dag.py took 0.043 seconds
[2025-11-17T03:57:46.413+0000] {processor.py:157} INFO - Started process (PID=21602) to work on /home/vscode/.local/lib/python3.10/site-packages/airflow/example_dags/example_trigger_target_dag.py
[2025-11-17T03:57:46.414+0000] {processor.py:826} INFO - Processing file /home/vscode/.local/lib/python3.10/site-packages/airflow/example_dags/example_trigger_target_dag.py for tasks to queue
[2025-11-17T03:57:46.414+0000] {logging_mixin.py:150} INFO - [2025-11-17T03:57:46.414+0000] {dagbag.py:541} INFO - Filling up the DagBag from /home/vscode/.local/lib/python3.10/site-packages/airflow/example_dags/example_trigger_target_dag.py
[2025-11-17T03:57:46.418+0000] {processor.py:836} INFO - DAG(s) dict_keys(['example_trigger_target_dag']) retrieved from /home/vscode/.local/lib/python3.10/site-packages/airflow/example_dags/example_trigger_target_dag.py
[2025-11-17T03:57:46.428+0000] {logging_mixin.py:150} INFO - [2025-11-17T03:57:46.428+0000] {dag.py:2742} INFO - Sync 1 DAGs
[2025-11-17T03:57:46.441+0000] {logging_mixin.py:150} INFO - [2025-11-17T03:57:46.441+0000] {dag.py:3504} INFO - Setting next_dagrun for example_trigger_target_dag to None, run_after=None
[2025-11-17T03:57:46.456+0000] {processor.py:179} INFO - Processing /home/vscode/.local/lib/python3.10/site-packages/airflow/example_dags/example_trigger_target_dag.py took 0.045 seconds
[2025-11-17T03:58:31.853+0000] {processor.py:157} INFO - Started process (PID=21899) to work on /home/vscode/.local/lib/python3.10/site-packages/airflow/example_dags/example_trigger_target_dag.py
[2025-11-17T03:58:31.853+0000] {processor.py:826} INFO - Processing file /home/vscode/.local/lib/python3.10/site-packages/airflow/example_dags/example_trigger_target_dag.py for tasks to queue
[2025-11-17T03:58:31.854+0000] {logging_mixin.py:150} INFO - [2025-11-17T03:58:31.854+0000] {dagbag.py:541} INFO - Filling up the DagBag from /home/vscode/.local/lib/python3.10/site-packages/airflow/example_dags/example_trigger_target_dag.py
[2025-11-17T03:58:31.858+0000] {processor.py:836} INFO - DAG(s) dict_keys(['example_trigger_target_dag']) retrieved from /home/vscode/.local/lib/python3.10/site-packages/airflow/example_dags/example_trigger_target_dag.py
[2025-11-17T03:58:31.868+0000] {logging_mixin.py:150} INFO - [2025-11-17T03:58:31.868+0000] {dag.py:2742} INFO - Sync 1 DAGs
[2025-11-17T03:58:31.880+0000] {logging_mixin.py:150} INFO - [2025-11-17T03:58:31.880+0000] {dag.py:3504} INFO - Setting next_dagrun for example_trigger_target_dag to None, run_after=None
[2025-11-17T03:58:31.894+0000] {processor.py:179} INFO - Processing /home/vscode/.local/lib/python3.10/site-packages/airflow/example_dags/example_trigger_target_dag.py took 0.043 seconds
[2025-11-17T03:59:11.594+0000] {processor.py:157} INFO - Started process (PID=22160) to work on /home/vscode/.local/lib/python3.10/site-packages/airflow/example_dags/example_trigger_target_dag.py
[2025-11-17T03:59:11.595+0000] {processor.py:826} INFO - Processing file /home/vscode/.local/lib/python3.10/site-packages/airflow/example_dags/example_trigger_target_dag.py for tasks to queue
[2025-11-17T03:59:11.595+0000] {logging_mixin.py:150} INFO - [2025-11-17T03:59:11.595+0000] {dagbag.py:541} INFO - Filling up the DagBag from /home/vscode/.local/lib/python3.10/site-packages/airflow/example_dags/example_trigger_target_dag.py
[2025-11-17T03:59:11.599+0000] {processor.py:836} INFO - DAG(s) dict_keys(['example_trigger_target_dag']) retrieved from /home/vscode/.local/lib/python3.10/site-packages/airflow/example_dags/example_trigger_target_dag.py
[2025-11-17T03:59:11.609+0000] {logging_mixin.py:150} INFO - [2025-11-17T03:59:11.609+0000] {dag.py:2742} INFO - Sync 1 DAGs
[2025-11-17T03:59:11.622+0000] {logging_mixin.py:150} INFO - [2025-11-17T03:59:11.622+0000] {dag.py:3504} INFO - Setting next_dagrun for example_trigger_target_dag to None, run_after=None
[2025-11-17T03:59:11.635+0000] {processor.py:179} INFO - Processing /home/vscode/.local/lib/python3.10/site-packages/airflow/example_dags/example_trigger_target_dag.py took 0.043 seconds
[2025-11-17T03:59:53.819+0000] {processor.py:157} INFO - Started process (PID=22445) to work on /home/vscode/.local/lib/python3.10/site-packages/airflow/example_dags/example_trigger_target_dag.py
[2025-11-17T03:59:53.819+0000] {processor.py:826} INFO - Processing file /home/vscode/.local/lib/python3.10/site-packages/airflow/example_dags/example_trigger_target_dag.py for tasks to queue
[2025-11-17T03:59:53.820+0000] {logging_mixin.py:150} INFO - [2025-11-17T03:59:53.820+0000] {dagbag.py:541} INFO - Filling up the DagBag from /home/vscode/.local/lib/python3.10/site-packages/airflow/example_dags/example_trigger_target_dag.py
[2025-11-17T03:59:53.824+0000] {processor.py:836} INFO - DAG(s) dict_keys(['example_trigger_target_dag']) retrieved from /home/vscode/.local/lib/python3.10/site-packages/airflow/example_dags/example_trigger_target_dag.py
[2025-11-17T03:59:53.834+0000] {logging_mixin.py:150} INFO - [2025-11-17T03:59:53.834+0000] {dag.py:2742} INFO - Sync 1 DAGs
[2025-11-17T03:59:53.847+0000] {logging_mixin.py:150} INFO - [2025-11-17T03:59:53.847+0000] {dag.py:3504} INFO - Setting next_dagrun for example_trigger_target_dag to None, run_after=None
[2025-11-17T03:59:53.861+0000] {processor.py:179} INFO - Processing /home/vscode/.local/lib/python3.10/site-packages/airflow/example_dags/example_trigger_target_dag.py took 0.044 seconds
[2025-11-17T04:00:38.561+0000] {processor.py:157} INFO - Started process (PID=22745) to work on /home/vscode/.local/lib/python3.10/site-packages/airflow/example_dags/example_trigger_target_dag.py
[2025-11-17T04:00:38.561+0000] {processor.py:826} INFO - Processing file /home/vscode/.local/lib/python3.10/site-packages/airflow/example_dags/example_trigger_target_dag.py for tasks to queue
[2025-11-17T04:00:38.562+0000] {logging_mixin.py:150} INFO - [2025-11-17T04:00:38.561+0000] {dagbag.py:541} INFO - Filling up the DagBag from /home/vscode/.local/lib/python3.10/site-packages/airflow/example_dags/example_trigger_target_dag.py
[2025-11-17T04:00:38.565+0000] {processor.py:836} INFO - DAG(s) dict_keys(['example_trigger_target_dag']) retrieved from /home/vscode/.local/lib/python3.10/site-packages/airflow/example_dags/example_trigger_target_dag.py
[2025-11-17T04:00:38.575+0000] {logging_mixin.py:150} INFO - [2025-11-17T04:00:38.575+0000] {dag.py:2742} INFO - Sync 1 DAGs
[2025-11-17T04:00:38.588+0000] {logging_mixin.py:150} INFO - [2025-11-17T04:00:38.588+0000] {dag.py:3504} INFO - Setting next_dagrun for example_trigger_target_dag to None, run_after=None
[2025-11-17T04:00:38.605+0000] {processor.py:179} INFO - Processing /home/vscode/.local/lib/python3.10/site-packages/airflow/example_dags/example_trigger_target_dag.py took 0.046 seconds
[2025-11-17T04:01:19.924+0000] {processor.py:157} INFO - Started process (PID=23029) to work on /home/vscode/.local/lib/python3.10/site-packages/airflow/example_dags/example_trigger_target_dag.py
[2025-11-17T04:01:19.925+0000] {processor.py:826} INFO - Processing file /home/vscode/.local/lib/python3.10/site-packages/airflow/example_dags/example_trigger_target_dag.py for tasks to queue
[2025-11-17T04:01:19.925+0000] {logging_mixin.py:150} INFO - [2025-11-17T04:01:19.925+0000] {dagbag.py:541} INFO - Filling up the DagBag from /home/vscode/.local/lib/python3.10/site-packages/airflow/example_dags/example_trigger_target_dag.py
[2025-11-17T04:01:19.929+0000] {processor.py:836} INFO - DAG(s) dict_keys(['example_trigger_target_dag']) retrieved from /home/vscode/.local/lib/python3.10/site-packages/airflow/example_dags/example_trigger_target_dag.py
[2025-11-17T04:01:19.939+0000] {logging_mixin.py:150} INFO - [2025-11-17T04:01:19.939+0000] {dag.py:2742} INFO - Sync 1 DAGs
[2025-11-17T04:01:19.951+0000] {logging_mixin.py:150} INFO - [2025-11-17T04:01:19.951+0000] {dag.py:3504} INFO - Setting next_dagrun for example_trigger_target_dag to None, run_after=None
[2025-11-17T04:01:19.964+0000] {processor.py:179} INFO - Processing /home/vscode/.local/lib/python3.10/site-packages/airflow/example_dags/example_trigger_target_dag.py took 0.042 seconds
[2025-11-17T04:01:58.125+0000] {processor.py:157} INFO - Started process (PID=23286) to work on /home/vscode/.local/lib/python3.10/site-packages/airflow/example_dags/example_trigger_target_dag.py
[2025-11-17T04:01:58.126+0000] {processor.py:826} INFO - Processing file /home/vscode/.local/lib/python3.10/site-packages/airflow/example_dags/example_trigger_target_dag.py for tasks to queue
[2025-11-17T04:01:58.127+0000] {logging_mixin.py:150} INFO - [2025-11-17T04:01:58.126+0000] {dagbag.py:541} INFO - Filling up the DagBag from /home/vscode/.local/lib/python3.10/site-packages/airflow/example_dags/example_trigger_target_dag.py
[2025-11-17T04:01:58.131+0000] {processor.py:836} INFO - DAG(s) dict_keys(['example_trigger_target_dag']) retrieved from /home/vscode/.local/lib/python3.10/site-packages/airflow/example_dags/example_trigger_target_dag.py
[2025-11-17T04:01:58.142+0000] {logging_mixin.py:150} INFO - [2025-11-17T04:01:58.142+0000] {dag.py:2742} INFO - Sync 1 DAGs
[2025-11-17T04:01:58.156+0000] {logging_mixin.py:150} INFO - [2025-11-17T04:01:58.156+0000] {dag.py:3504} INFO - Setting next_dagrun for example_trigger_target_dag to None, run_after=None
[2025-11-17T04:01:58.170+0000] {processor.py:179} INFO - Processing /home/vscode/.local/lib/python3.10/site-packages/airflow/example_dags/example_trigger_target_dag.py took 0.047 seconds
[2025-11-17T04:02:40.189+0000] {processor.py:157} INFO - Started process (PID=23560) to work on /home/vscode/.local/lib/python3.10/site-packages/airflow/example_dags/example_trigger_target_dag.py
[2025-11-17T04:02:40.190+0000] {processor.py:826} INFO - Processing file /home/vscode/.local/lib/python3.10/site-packages/airflow/example_dags/example_trigger_target_dag.py for tasks to queue
[2025-11-17T04:02:40.190+0000] {logging_mixin.py:150} INFO - [2025-11-17T04:02:40.190+0000] {dagbag.py:541} INFO - Filling up the DagBag from /home/vscode/.local/lib/python3.10/site-packages/airflow/example_dags/example_trigger_target_dag.py
[2025-11-17T04:02:40.195+0000] {processor.py:836} INFO - DAG(s) dict_keys(['example_trigger_target_dag']) retrieved from /home/vscode/.local/lib/python3.10/site-packages/airflow/example_dags/example_trigger_target_dag.py
[2025-11-17T04:02:40.205+0000] {logging_mixin.py:150} INFO - [2025-11-17T04:02:40.205+0000] {dag.py:2742} INFO - Sync 1 DAGs
[2025-11-17T04:02:40.218+0000] {logging_mixin.py:150} INFO - [2025-11-17T04:02:40.218+0000] {dag.py:3504} INFO - Setting next_dagrun for example_trigger_target_dag to None, run_after=None
[2025-11-17T04:02:40.233+0000] {processor.py:179} INFO - Processing /home/vscode/.local/lib/python3.10/site-packages/airflow/example_dags/example_trigger_target_dag.py took 0.046 seconds
[2025-11-17T04:03:24.292+0000] {processor.py:157} INFO - Started process (PID=23856) to work on /home/vscode/.local/lib/python3.10/site-packages/airflow/example_dags/example_trigger_target_dag.py
[2025-11-17T04:03:24.292+0000] {processor.py:826} INFO - Processing file /home/vscode/.local/lib/python3.10/site-packages/airflow/example_dags/example_trigger_target_dag.py for tasks to queue
[2025-11-17T04:03:24.293+0000] {logging_mixin.py:150} INFO - [2025-11-17T04:03:24.293+0000] {dagbag.py:541} INFO - Filling up the DagBag from /home/vscode/.local/lib/python3.10/site-packages/airflow/example_dags/example_trigger_target_dag.py
[2025-11-17T04:03:24.297+0000] {processor.py:836} INFO - DAG(s) dict_keys(['example_trigger_target_dag']) retrieved from /home/vscode/.local/lib/python3.10/site-packages/airflow/example_dags/example_trigger_target_dag.py
[2025-11-17T04:03:24.310+0000] {logging_mixin.py:150} INFO - [2025-11-17T04:03:24.310+0000] {dag.py:2742} INFO - Sync 1 DAGs
[2025-11-17T04:03:24.323+0000] {logging_mixin.py:150} INFO - [2025-11-17T04:03:24.323+0000] {dag.py:3504} INFO - Setting next_dagrun for example_trigger_target_dag to None, run_after=None
[2025-11-17T04:03:24.338+0000] {processor.py:179} INFO - Processing /home/vscode/.local/lib/python3.10/site-packages/airflow/example_dags/example_trigger_target_dag.py took 0.049 seconds
[2025-11-17T04:04:09.396+0000] {processor.py:157} INFO - Started process (PID=24157) to work on /home/vscode/.local/lib/python3.10/site-packages/airflow/example_dags/example_trigger_target_dag.py
[2025-11-17T04:04:09.397+0000] {processor.py:826} INFO - Processing file /home/vscode/.local/lib/python3.10/site-packages/airflow/example_dags/example_trigger_target_dag.py for tasks to queue
[2025-11-17T04:04:09.397+0000] {logging_mixin.py:150} INFO - [2025-11-17T04:04:09.397+0000] {dagbag.py:541} INFO - Filling up the DagBag from /home/vscode/.local/lib/python3.10/site-packages/airflow/example_dags/example_trigger_target_dag.py
[2025-11-17T04:04:09.401+0000] {processor.py:836} INFO - DAG(s) dict_keys(['example_trigger_target_dag']) retrieved from /home/vscode/.local/lib/python3.10/site-packages/airflow/example_dags/example_trigger_target_dag.py
[2025-11-17T04:04:09.411+0000] {logging_mixin.py:150} INFO - [2025-11-17T04:04:09.411+0000] {dag.py:2742} INFO - Sync 1 DAGs
[2025-11-17T04:04:09.426+0000] {logging_mixin.py:150} INFO - [2025-11-17T04:04:09.425+0000] {dag.py:3504} INFO - Setting next_dagrun for example_trigger_target_dag to None, run_after=None
[2025-11-17T04:04:09.439+0000] {processor.py:179} INFO - Processing /home/vscode/.local/lib/python3.10/site-packages/airflow/example_dags/example_trigger_target_dag.py took 0.045 seconds
[2025-11-17T04:04:54.772+0000] {processor.py:157} INFO - Started process (PID=24462) to work on /home/vscode/.local/lib/python3.10/site-packages/airflow/example_dags/example_trigger_target_dag.py
[2025-11-17T04:04:54.773+0000] {processor.py:826} INFO - Processing file /home/vscode/.local/lib/python3.10/site-packages/airflow/example_dags/example_trigger_target_dag.py for tasks to queue
[2025-11-17T04:04:54.773+0000] {logging_mixin.py:150} INFO - [2025-11-17T04:04:54.773+0000] {dagbag.py:541} INFO - Filling up the DagBag from /home/vscode/.local/lib/python3.10/site-packages/airflow/example_dags/example_trigger_target_dag.py
[2025-11-17T04:04:54.777+0000] {processor.py:836} INFO - DAG(s) dict_keys(['example_trigger_target_dag']) retrieved from /home/vscode/.local/lib/python3.10/site-packages/airflow/example_dags/example_trigger_target_dag.py
[2025-11-17T04:04:54.788+0000] {logging_mixin.py:150} INFO - [2025-11-17T04:04:54.788+0000] {dag.py:2742} INFO - Sync 1 DAGs
[2025-11-17T04:04:54.801+0000] {logging_mixin.py:150} INFO - [2025-11-17T04:04:54.801+0000] {dag.py:3504} INFO - Setting next_dagrun for example_trigger_target_dag to None, run_after=None
[2025-11-17T04:04:54.815+0000] {processor.py:179} INFO - Processing /home/vscode/.local/lib/python3.10/site-packages/airflow/example_dags/example_trigger_target_dag.py took 0.046 seconds
[2025-11-17T04:05:37.909+0000] {processor.py:157} INFO - Started process (PID=24782) to work on /home/vscode/.local/lib/python3.10/site-packages/airflow/example_dags/example_trigger_target_dag.py
[2025-11-17T04:05:37.910+0000] {processor.py:826} INFO - Processing file /home/vscode/.local/lib/python3.10/site-packages/airflow/example_dags/example_trigger_target_dag.py for tasks to queue
[2025-11-17T04:05:37.910+0000] {logging_mixin.py:150} INFO - [2025-11-17T04:05:37.910+0000] {dagbag.py:541} INFO - Filling up the DagBag from /home/vscode/.local/lib/python3.10/site-packages/airflow/example_dags/example_trigger_target_dag.py
[2025-11-17T04:05:37.914+0000] {processor.py:836} INFO - DAG(s) dict_keys(['example_trigger_target_dag']) retrieved from /home/vscode/.local/lib/python3.10/site-packages/airflow/example_dags/example_trigger_target_dag.py
[2025-11-17T04:05:37.924+0000] {logging_mixin.py:150} INFO - [2025-11-17T04:05:37.924+0000] {dag.py:2742} INFO - Sync 1 DAGs
[2025-11-17T04:05:37.937+0000] {logging_mixin.py:150} INFO - [2025-11-17T04:05:37.937+0000] {dag.py:3504} INFO - Setting next_dagrun for example_trigger_target_dag to None, run_after=None
[2025-11-17T04:05:37.951+0000] {processor.py:179} INFO - Processing /home/vscode/.local/lib/python3.10/site-packages/airflow/example_dags/example_trigger_target_dag.py took 0.044 seconds
[2025-11-17T04:06:23.246+0000] {processor.py:157} INFO - Started process (PID=25092) to work on /home/vscode/.local/lib/python3.10/site-packages/airflow/example_dags/example_trigger_target_dag.py
[2025-11-17T04:06:23.247+0000] {processor.py:826} INFO - Processing file /home/vscode/.local/lib/python3.10/site-packages/airflow/example_dags/example_trigger_target_dag.py for tasks to queue
[2025-11-17T04:06:23.247+0000] {logging_mixin.py:150} INFO - [2025-11-17T04:06:23.247+0000] {dagbag.py:541} INFO - Filling up the DagBag from /home/vscode/.local/lib/python3.10/site-packages/airflow/example_dags/example_trigger_target_dag.py
[2025-11-17T04:06:23.251+0000] {processor.py:836} INFO - DAG(s) dict_keys(['example_trigger_target_dag']) retrieved from /home/vscode/.local/lib/python3.10/site-packages/airflow/example_dags/example_trigger_target_dag.py
[2025-11-17T04:06:23.262+0000] {logging_mixin.py:150} INFO - [2025-11-17T04:06:23.262+0000] {dag.py:2742} INFO - Sync 1 DAGs
[2025-11-17T04:06:23.276+0000] {logging_mixin.py:150} INFO - [2025-11-17T04:06:23.276+0000] {dag.py:3504} INFO - Setting next_dagrun for example_trigger_target_dag to None, run_after=None
[2025-11-17T04:06:23.291+0000] {processor.py:179} INFO - Processing /home/vscode/.local/lib/python3.10/site-packages/airflow/example_dags/example_trigger_target_dag.py took 0.047 seconds
[2025-11-17T04:07:08.292+0000] {processor.py:157} INFO - Started process (PID=25466) to work on /home/vscode/.local/lib/python3.10/site-packages/airflow/example_dags/example_trigger_target_dag.py
[2025-11-17T04:07:08.292+0000] {processor.py:826} INFO - Processing file /home/vscode/.local/lib/python3.10/site-packages/airflow/example_dags/example_trigger_target_dag.py for tasks to queue
[2025-11-17T04:07:08.293+0000] {logging_mixin.py:150} INFO - [2025-11-17T04:07:08.293+0000] {dagbag.py:541} INFO - Filling up the DagBag from /home/vscode/.local/lib/python3.10/site-packages/airflow/example_dags/example_trigger_target_dag.py
[2025-11-17T04:07:08.298+0000] {processor.py:836} INFO - DAG(s) dict_keys(['example_trigger_target_dag']) retrieved from /home/vscode/.local/lib/python3.10/site-packages/airflow/example_dags/example_trigger_target_dag.py
[2025-11-17T04:07:08.317+0000] {logging_mixin.py:150} INFO - [2025-11-17T04:07:08.316+0000] {dag.py:2742} INFO - Sync 1 DAGs
[2025-11-17T04:07:08.356+0000] {logging_mixin.py:150} INFO - [2025-11-17T04:07:08.356+0000] {dag.py:3504} INFO - Setting next_dagrun for example_trigger_target_dag to None, run_after=None
[2025-11-17T04:07:08.379+0000] {processor.py:179} INFO - Processing /home/vscode/.local/lib/python3.10/site-packages/airflow/example_dags/example_trigger_target_dag.py took 0.090 seconds
[2025-11-17T04:07:50.001+0000] {processor.py:157} INFO - Started process (PID=25758) to work on /home/vscode/.local/lib/python3.10/site-packages/airflow/example_dags/example_trigger_target_dag.py
[2025-11-17T04:07:50.001+0000] {processor.py:826} INFO - Processing file /home/vscode/.local/lib/python3.10/site-packages/airflow/example_dags/example_trigger_target_dag.py for tasks to queue
[2025-11-17T04:07:50.002+0000] {logging_mixin.py:150} INFO - [2025-11-17T04:07:50.002+0000] {dagbag.py:541} INFO - Filling up the DagBag from /home/vscode/.local/lib/python3.10/site-packages/airflow/example_dags/example_trigger_target_dag.py
[2025-11-17T04:07:50.006+0000] {processor.py:836} INFO - DAG(s) dict_keys(['example_trigger_target_dag']) retrieved from /home/vscode/.local/lib/python3.10/site-packages/airflow/example_dags/example_trigger_target_dag.py
[2025-11-17T04:07:50.017+0000] {logging_mixin.py:150} INFO - [2025-11-17T04:07:50.017+0000] {dag.py:2742} INFO - Sync 1 DAGs
[2025-11-17T04:07:50.030+0000] {logging_mixin.py:150} INFO - [2025-11-17T04:07:50.030+0000] {dag.py:3504} INFO - Setting next_dagrun for example_trigger_target_dag to None, run_after=None
[2025-11-17T04:07:50.046+0000] {processor.py:179} INFO - Processing /home/vscode/.local/lib/python3.10/site-packages/airflow/example_dags/example_trigger_target_dag.py took 0.047 seconds
[2025-11-17T04:08:34.321+0000] {processor.py:157} INFO - Started process (PID=26145) to work on /home/vscode/.local/lib/python3.10/site-packages/airflow/example_dags/example_trigger_target_dag.py
[2025-11-17T04:08:34.322+0000] {processor.py:826} INFO - Processing file /home/vscode/.local/lib/python3.10/site-packages/airflow/example_dags/example_trigger_target_dag.py for tasks to queue
[2025-11-17T04:08:34.323+0000] {logging_mixin.py:150} INFO - [2025-11-17T04:08:34.322+0000] {dagbag.py:541} INFO - Filling up the DagBag from /home/vscode/.local/lib/python3.10/site-packages/airflow/example_dags/example_trigger_target_dag.py
[2025-11-17T04:08:34.327+0000] {processor.py:836} INFO - DAG(s) dict_keys(['example_trigger_target_dag']) retrieved from /home/vscode/.local/lib/python3.10/site-packages/airflow/example_dags/example_trigger_target_dag.py
[2025-11-17T04:08:34.337+0000] {logging_mixin.py:150} INFO - [2025-11-17T04:08:34.337+0000] {dag.py:2742} INFO - Sync 1 DAGs
[2025-11-17T04:08:34.350+0000] {logging_mixin.py:150} INFO - [2025-11-17T04:08:34.350+0000] {dag.py:3504} INFO - Setting next_dagrun for example_trigger_target_dag to None, run_after=None
[2025-11-17T04:08:34.364+0000] {processor.py:179} INFO - Processing /home/vscode/.local/lib/python3.10/site-packages/airflow/example_dags/example_trigger_target_dag.py took 0.045 seconds
[2025-11-17T04:09:17.123+0000] {processor.py:157} INFO - Started process (PID=26450) to work on /home/vscode/.local/lib/python3.10/site-packages/airflow/example_dags/example_trigger_target_dag.py
[2025-11-17T04:09:17.124+0000] {processor.py:826} INFO - Processing file /home/vscode/.local/lib/python3.10/site-packages/airflow/example_dags/example_trigger_target_dag.py for tasks to queue
[2025-11-17T04:09:17.125+0000] {logging_mixin.py:150} INFO - [2025-11-17T04:09:17.124+0000] {dagbag.py:541} INFO - Filling up the DagBag from /home/vscode/.local/lib/python3.10/site-packages/airflow/example_dags/example_trigger_target_dag.py
[2025-11-17T04:09:17.129+0000] {processor.py:836} INFO - DAG(s) dict_keys(['example_trigger_target_dag']) retrieved from /home/vscode/.local/lib/python3.10/site-packages/airflow/example_dags/example_trigger_target_dag.py
[2025-11-17T04:09:17.140+0000] {logging_mixin.py:150} INFO - [2025-11-17T04:09:17.140+0000] {dag.py:2742} INFO - Sync 1 DAGs
[2025-11-17T04:09:17.157+0000] {logging_mixin.py:150} INFO - [2025-11-17T04:09:17.157+0000] {dag.py:3504} INFO - Setting next_dagrun for example_trigger_target_dag to None, run_after=None
[2025-11-17T04:09:17.175+0000] {processor.py:179} INFO - Processing /home/vscode/.local/lib/python3.10/site-packages/airflow/example_dags/example_trigger_target_dag.py took 0.054 seconds
[2025-11-17T04:09:58.539+0000] {processor.py:157} INFO - Started process (PID=26750) to work on /home/vscode/.local/lib/python3.10/site-packages/airflow/example_dags/example_trigger_target_dag.py
[2025-11-17T04:09:58.540+0000] {processor.py:826} INFO - Processing file /home/vscode/.local/lib/python3.10/site-packages/airflow/example_dags/example_trigger_target_dag.py for tasks to queue
[2025-11-17T04:09:58.541+0000] {logging_mixin.py:150} INFO - [2025-11-17T04:09:58.540+0000] {dagbag.py:541} INFO - Filling up the DagBag from /home/vscode/.local/lib/python3.10/site-packages/airflow/example_dags/example_trigger_target_dag.py
[2025-11-17T04:09:58.545+0000] {processor.py:836} INFO - DAG(s) dict_keys(['example_trigger_target_dag']) retrieved from /home/vscode/.local/lib/python3.10/site-packages/airflow/example_dags/example_trigger_target_dag.py
[2025-11-17T04:09:58.556+0000] {logging_mixin.py:150} INFO - [2025-11-17T04:09:58.556+0000] {dag.py:2742} INFO - Sync 1 DAGs
[2025-11-17T04:09:58.570+0000] {logging_mixin.py:150} INFO - [2025-11-17T04:09:58.570+0000] {dag.py:3504} INFO - Setting next_dagrun for example_trigger_target_dag to None, run_after=None
[2025-11-17T04:09:58.585+0000] {processor.py:179} INFO - Processing /home/vscode/.local/lib/python3.10/site-packages/airflow/example_dags/example_trigger_target_dag.py took 0.048 seconds
[2025-11-17T04:10:42.221+0000] {processor.py:157} INFO - Started process (PID=27049) to work on /home/vscode/.local/lib/python3.10/site-packages/airflow/example_dags/example_trigger_target_dag.py
[2025-11-17T04:10:42.222+0000] {processor.py:826} INFO - Processing file /home/vscode/.local/lib/python3.10/site-packages/airflow/example_dags/example_trigger_target_dag.py for tasks to queue
[2025-11-17T04:10:42.223+0000] {logging_mixin.py:150} INFO - [2025-11-17T04:10:42.222+0000] {dagbag.py:541} INFO - Filling up the DagBag from /home/vscode/.local/lib/python3.10/site-packages/airflow/example_dags/example_trigger_target_dag.py
[2025-11-17T04:10:42.227+0000] {processor.py:836} INFO - DAG(s) dict_keys(['example_trigger_target_dag']) retrieved from /home/vscode/.local/lib/python3.10/site-packages/airflow/example_dags/example_trigger_target_dag.py
[2025-11-17T04:10:42.238+0000] {logging_mixin.py:150} INFO - [2025-11-17T04:10:42.238+0000] {dag.py:2742} INFO - Sync 1 DAGs
[2025-11-17T04:10:42.252+0000] {logging_mixin.py:150} INFO - [2025-11-17T04:10:42.252+0000] {dag.py:3504} INFO - Setting next_dagrun for example_trigger_target_dag to None, run_after=None
[2025-11-17T04:10:42.267+0000] {processor.py:179} INFO - Processing /home/vscode/.local/lib/python3.10/site-packages/airflow/example_dags/example_trigger_target_dag.py took 0.048 seconds
[2025-11-17T04:11:20.724+0000] {processor.py:157} INFO - Started process (PID=27308) to work on /home/vscode/.local/lib/python3.10/site-packages/airflow/example_dags/example_trigger_target_dag.py
[2025-11-17T04:11:20.724+0000] {processor.py:826} INFO - Processing file /home/vscode/.local/lib/python3.10/site-packages/airflow/example_dags/example_trigger_target_dag.py for tasks to queue
[2025-11-17T04:11:20.725+0000] {logging_mixin.py:150} INFO - [2025-11-17T04:11:20.724+0000] {dagbag.py:541} INFO - Filling up the DagBag from /home/vscode/.local/lib/python3.10/site-packages/airflow/example_dags/example_trigger_target_dag.py
[2025-11-17T04:11:20.729+0000] {processor.py:836} INFO - DAG(s) dict_keys(['example_trigger_target_dag']) retrieved from /home/vscode/.local/lib/python3.10/site-packages/airflow/example_dags/example_trigger_target_dag.py
[2025-11-17T04:11:20.739+0000] {logging_mixin.py:150} INFO - [2025-11-17T04:11:20.739+0000] {dag.py:2742} INFO - Sync 1 DAGs
[2025-11-17T04:11:20.754+0000] {logging_mixin.py:150} INFO - [2025-11-17T04:11:20.754+0000] {dag.py:3504} INFO - Setting next_dagrun for example_trigger_target_dag to None, run_after=None
[2025-11-17T04:11:20.772+0000] {processor.py:179} INFO - Processing /home/vscode/.local/lib/python3.10/site-packages/airflow/example_dags/example_trigger_target_dag.py took 0.050 seconds
[2025-11-17T04:12:04.069+0000] {processor.py:157} INFO - Started process (PID=27609) to work on /home/vscode/.local/lib/python3.10/site-packages/airflow/example_dags/example_trigger_target_dag.py
[2025-11-17T04:12:04.070+0000] {processor.py:826} INFO - Processing file /home/vscode/.local/lib/python3.10/site-packages/airflow/example_dags/example_trigger_target_dag.py for tasks to queue
[2025-11-17T04:12:04.071+0000] {logging_mixin.py:150} INFO - [2025-11-17T04:12:04.070+0000] {dagbag.py:541} INFO - Filling up the DagBag from /home/vscode/.local/lib/python3.10/site-packages/airflow/example_dags/example_trigger_target_dag.py
[2025-11-17T04:12:04.076+0000] {processor.py:836} INFO - DAG(s) dict_keys(['example_trigger_target_dag']) retrieved from /home/vscode/.local/lib/python3.10/site-packages/airflow/example_dags/example_trigger_target_dag.py
[2025-11-17T04:12:04.092+0000] {logging_mixin.py:150} INFO - [2025-11-17T04:12:04.092+0000] {dag.py:2742} INFO - Sync 1 DAGs
[2025-11-17T04:12:04.112+0000] {logging_mixin.py:150} INFO - [2025-11-17T04:12:04.112+0000] {dag.py:3504} INFO - Setting next_dagrun for example_trigger_target_dag to None, run_after=None
[2025-11-17T04:12:04.132+0000] {processor.py:179} INFO - Processing /home/vscode/.local/lib/python3.10/site-packages/airflow/example_dags/example_trigger_target_dag.py took 0.066 seconds
[2025-11-17T04:12:48.059+0000] {processor.py:157} INFO - Started process (PID=27914) to work on /home/vscode/.local/lib/python3.10/site-packages/airflow/example_dags/example_trigger_target_dag.py
[2025-11-17T04:12:48.060+0000] {processor.py:826} INFO - Processing file /home/vscode/.local/lib/python3.10/site-packages/airflow/example_dags/example_trigger_target_dag.py for tasks to queue
[2025-11-17T04:12:48.061+0000] {logging_mixin.py:150} INFO - [2025-11-17T04:12:48.060+0000] {dagbag.py:541} INFO - Filling up the DagBag from /home/vscode/.local/lib/python3.10/site-packages/airflow/example_dags/example_trigger_target_dag.py
[2025-11-17T04:12:48.066+0000] {processor.py:836} INFO - DAG(s) dict_keys(['example_trigger_target_dag']) retrieved from /home/vscode/.local/lib/python3.10/site-packages/airflow/example_dags/example_trigger_target_dag.py
[2025-11-17T04:12:48.083+0000] {logging_mixin.py:150} INFO - [2025-11-17T04:12:48.083+0000] {dag.py:2742} INFO - Sync 1 DAGs
[2025-11-17T04:12:48.099+0000] {logging_mixin.py:150} INFO - [2025-11-17T04:12:48.099+0000] {dag.py:3504} INFO - Setting next_dagrun for example_trigger_target_dag to None, run_after=None
[2025-11-17T04:12:48.117+0000] {processor.py:179} INFO - Processing /home/vscode/.local/lib/python3.10/site-packages/airflow/example_dags/example_trigger_target_dag.py took 0.061 seconds
[2025-11-17T04:13:23.558+0000] {processor.py:157} INFO - Started process (PID=28214) to work on /home/vscode/.local/lib/python3.10/site-packages/airflow/example_dags/example_trigger_target_dag.py
[2025-11-17T04:13:23.559+0000] {processor.py:826} INFO - Processing file /home/vscode/.local/lib/python3.10/site-packages/airflow/example_dags/example_trigger_target_dag.py for tasks to queue
[2025-11-17T04:13:23.559+0000] {logging_mixin.py:150} INFO - [2025-11-17T04:13:23.559+0000] {dagbag.py:541} INFO - Filling up the DagBag from /home/vscode/.local/lib/python3.10/site-packages/airflow/example_dags/example_trigger_target_dag.py
[2025-11-17T04:13:23.563+0000] {processor.py:836} INFO - DAG(s) dict_keys(['example_trigger_target_dag']) retrieved from /home/vscode/.local/lib/python3.10/site-packages/airflow/example_dags/example_trigger_target_dag.py
[2025-11-17T04:13:23.573+0000] {logging_mixin.py:150} INFO - [2025-11-17T04:13:23.573+0000] {dag.py:2742} INFO - Sync 1 DAGs
[2025-11-17T04:13:23.586+0000] {logging_mixin.py:150} INFO - [2025-11-17T04:13:23.586+0000] {dag.py:3504} INFO - Setting next_dagrun for example_trigger_target_dag to None, run_after=None
[2025-11-17T04:13:23.600+0000] {processor.py:179} INFO - Processing /home/vscode/.local/lib/python3.10/site-packages/airflow/example_dags/example_trigger_target_dag.py took 0.044 seconds
[2025-11-17T04:14:00.986+0000] {processor.py:157} INFO - Started process (PID=28471) to work on /home/vscode/.local/lib/python3.10/site-packages/airflow/example_dags/example_trigger_target_dag.py
[2025-11-17T04:14:00.987+0000] {processor.py:826} INFO - Processing file /home/vscode/.local/lib/python3.10/site-packages/airflow/example_dags/example_trigger_target_dag.py for tasks to queue
[2025-11-17T04:14:00.987+0000] {logging_mixin.py:150} INFO - [2025-11-17T04:14:00.987+0000] {dagbag.py:541} INFO - Filling up the DagBag from /home/vscode/.local/lib/python3.10/site-packages/airflow/example_dags/example_trigger_target_dag.py
[2025-11-17T04:14:00.992+0000] {processor.py:836} INFO - DAG(s) dict_keys(['example_trigger_target_dag']) retrieved from /home/vscode/.local/lib/python3.10/site-packages/airflow/example_dags/example_trigger_target_dag.py
[2025-11-17T04:14:01.003+0000] {logging_mixin.py:150} INFO - [2025-11-17T04:14:01.003+0000] {dag.py:2742} INFO - Sync 1 DAGs
[2025-11-17T04:14:01.016+0000] {logging_mixin.py:150} INFO - [2025-11-17T04:14:01.016+0000] {dag.py:3504} INFO - Setting next_dagrun for example_trigger_target_dag to None, run_after=None
[2025-11-17T04:14:01.031+0000] {processor.py:179} INFO - Processing /home/vscode/.local/lib/python3.10/site-packages/airflow/example_dags/example_trigger_target_dag.py took 0.047 seconds
[2025-11-17T04:14:34.589+0000] {processor.py:157} INFO - Started process (PID=28701) to work on /home/vscode/.local/lib/python3.10/site-packages/airflow/example_dags/example_trigger_target_dag.py
[2025-11-17T04:14:34.589+0000] {processor.py:826} INFO - Processing file /home/vscode/.local/lib/python3.10/site-packages/airflow/example_dags/example_trigger_target_dag.py for tasks to queue
[2025-11-17T04:14:34.590+0000] {logging_mixin.py:150} INFO - [2025-11-17T04:14:34.590+0000] {dagbag.py:541} INFO - Filling up the DagBag from /home/vscode/.local/lib/python3.10/site-packages/airflow/example_dags/example_trigger_target_dag.py
[2025-11-17T04:14:34.594+0000] {processor.py:836} INFO - DAG(s) dict_keys(['example_trigger_target_dag']) retrieved from /home/vscode/.local/lib/python3.10/site-packages/airflow/example_dags/example_trigger_target_dag.py
[2025-11-17T04:14:34.605+0000] {logging_mixin.py:150} INFO - [2025-11-17T04:14:34.604+0000] {dag.py:2742} INFO - Sync 1 DAGs
[2025-11-17T04:14:34.618+0000] {logging_mixin.py:150} INFO - [2025-11-17T04:14:34.618+0000] {dag.py:3504} INFO - Setting next_dagrun for example_trigger_target_dag to None, run_after=None
[2025-11-17T04:14:34.633+0000] {processor.py:179} INFO - Processing /home/vscode/.local/lib/python3.10/site-packages/airflow/example_dags/example_trigger_target_dag.py took 0.046 seconds
[2025-11-17T04:15:21.840+0000] {processor.py:157} INFO - Started process (PID=29163) to work on /home/vscode/.local/lib/python3.10/site-packages/airflow/example_dags/example_trigger_target_dag.py
[2025-11-17T04:15:21.841+0000] {processor.py:826} INFO - Processing file /home/vscode/.local/lib/python3.10/site-packages/airflow/example_dags/example_trigger_target_dag.py for tasks to queue
[2025-11-17T04:15:21.841+0000] {logging_mixin.py:150} INFO - [2025-11-17T04:15:21.841+0000] {dagbag.py:541} INFO - Filling up the DagBag from /home/vscode/.local/lib/python3.10/site-packages/airflow/example_dags/example_trigger_target_dag.py
[2025-11-17T04:15:21.845+0000] {processor.py:836} INFO - DAG(s) dict_keys(['example_trigger_target_dag']) retrieved from /home/vscode/.local/lib/python3.10/site-packages/airflow/example_dags/example_trigger_target_dag.py
[2025-11-17T04:15:21.857+0000] {logging_mixin.py:150} INFO - [2025-11-17T04:15:21.856+0000] {dag.py:2742} INFO - Sync 1 DAGs
[2025-11-17T04:15:21.870+0000] {logging_mixin.py:150} INFO - [2025-11-17T04:15:21.870+0000] {dag.py:3504} INFO - Setting next_dagrun for example_trigger_target_dag to None, run_after=None
[2025-11-17T04:15:21.884+0000] {processor.py:179} INFO - Processing /home/vscode/.local/lib/python3.10/site-packages/airflow/example_dags/example_trigger_target_dag.py took 0.046 seconds
[2025-11-17T04:16:08.989+0000] {processor.py:157} INFO - Started process (PID=29517) to work on /home/vscode/.local/lib/python3.10/site-packages/airflow/example_dags/example_trigger_target_dag.py
[2025-11-17T04:16:08.989+0000] {processor.py:826} INFO - Processing file /home/vscode/.local/lib/python3.10/site-packages/airflow/example_dags/example_trigger_target_dag.py for tasks to queue
[2025-11-17T04:16:08.990+0000] {logging_mixin.py:150} INFO - [2025-11-17T04:16:08.990+0000] {dagbag.py:541} INFO - Filling up the DagBag from /home/vscode/.local/lib/python3.10/site-packages/airflow/example_dags/example_trigger_target_dag.py
[2025-11-17T04:16:08.994+0000] {processor.py:836} INFO - DAG(s) dict_keys(['example_trigger_target_dag']) retrieved from /home/vscode/.local/lib/python3.10/site-packages/airflow/example_dags/example_trigger_target_dag.py
[2025-11-17T04:16:09.005+0000] {logging_mixin.py:150} INFO - [2025-11-17T04:16:09.005+0000] {dag.py:2742} INFO - Sync 1 DAGs
[2025-11-17T04:16:09.018+0000] {logging_mixin.py:150} INFO - [2025-11-17T04:16:09.018+0000] {dag.py:3504} INFO - Setting next_dagrun for example_trigger_target_dag to None, run_after=None
[2025-11-17T04:16:09.032+0000] {processor.py:179} INFO - Processing /home/vscode/.local/lib/python3.10/site-packages/airflow/example_dags/example_trigger_target_dag.py took 0.046 seconds
[2025-11-17T04:16:53.804+0000] {processor.py:157} INFO - Started process (PID=29891) to work on /home/vscode/.local/lib/python3.10/site-packages/airflow/example_dags/example_trigger_target_dag.py
[2025-11-17T04:16:53.805+0000] {processor.py:826} INFO - Processing file /home/vscode/.local/lib/python3.10/site-packages/airflow/example_dags/example_trigger_target_dag.py for tasks to queue
[2025-11-17T04:16:53.805+0000] {logging_mixin.py:150} INFO - [2025-11-17T04:16:53.805+0000] {dagbag.py:541} INFO - Filling up the DagBag from /home/vscode/.local/lib/python3.10/site-packages/airflow/example_dags/example_trigger_target_dag.py
[2025-11-17T04:16:53.809+0000] {processor.py:836} INFO - DAG(s) dict_keys(['example_trigger_target_dag']) retrieved from /home/vscode/.local/lib/python3.10/site-packages/airflow/example_dags/example_trigger_target_dag.py
[2025-11-17T04:16:53.819+0000] {logging_mixin.py:150} INFO - [2025-11-17T04:16:53.819+0000] {dag.py:2742} INFO - Sync 1 DAGs
[2025-11-17T04:16:53.832+0000] {logging_mixin.py:150} INFO - [2025-11-17T04:16:53.832+0000] {dag.py:3504} INFO - Setting next_dagrun for example_trigger_target_dag to None, run_after=None
[2025-11-17T04:16:53.846+0000] {processor.py:179} INFO - Processing /home/vscode/.local/lib/python3.10/site-packages/airflow/example_dags/example_trigger_target_dag.py took 0.043 seconds
[2025-11-17T04:17:35.829+0000] {processor.py:157} INFO - Started process (PID=30170) to work on /home/vscode/.local/lib/python3.10/site-packages/airflow/example_dags/example_trigger_target_dag.py
[2025-11-17T04:17:35.830+0000] {processor.py:826} INFO - Processing file /home/vscode/.local/lib/python3.10/site-packages/airflow/example_dags/example_trigger_target_dag.py for tasks to queue
[2025-11-17T04:17:35.830+0000] {logging_mixin.py:150} INFO - [2025-11-17T04:17:35.830+0000] {dagbag.py:541} INFO - Filling up the DagBag from /home/vscode/.local/lib/python3.10/site-packages/airflow/example_dags/example_trigger_target_dag.py
[2025-11-17T04:17:35.835+0000] {processor.py:836} INFO - DAG(s) dict_keys(['example_trigger_target_dag']) retrieved from /home/vscode/.local/lib/python3.10/site-packages/airflow/example_dags/example_trigger_target_dag.py
[2025-11-17T04:17:35.845+0000] {logging_mixin.py:150} INFO - [2025-11-17T04:17:35.845+0000] {dag.py:2742} INFO - Sync 1 DAGs
[2025-11-17T04:17:35.859+0000] {logging_mixin.py:150} INFO - [2025-11-17T04:17:35.859+0000] {dag.py:3504} INFO - Setting next_dagrun for example_trigger_target_dag to None, run_after=None
[2025-11-17T04:17:35.874+0000] {processor.py:179} INFO - Processing /home/vscode/.local/lib/python3.10/site-packages/airflow/example_dags/example_trigger_target_dag.py took 0.047 seconds
[2025-11-17T04:18:11.151+0000] {processor.py:157} INFO - Started process (PID=30467) to work on /home/vscode/.local/lib/python3.10/site-packages/airflow/example_dags/example_trigger_target_dag.py
[2025-11-17T04:18:11.152+0000] {processor.py:826} INFO - Processing file /home/vscode/.local/lib/python3.10/site-packages/airflow/example_dags/example_trigger_target_dag.py for tasks to queue
[2025-11-17T04:18:11.153+0000] {logging_mixin.py:150} INFO - [2025-11-17T04:18:11.152+0000] {dagbag.py:541} INFO - Filling up the DagBag from /home/vscode/.local/lib/python3.10/site-packages/airflow/example_dags/example_trigger_target_dag.py
[2025-11-17T04:18:11.157+0000] {processor.py:836} INFO - DAG(s) dict_keys(['example_trigger_target_dag']) retrieved from /home/vscode/.local/lib/python3.10/site-packages/airflow/example_dags/example_trigger_target_dag.py
[2025-11-17T04:18:11.170+0000] {logging_mixin.py:150} INFO - [2025-11-17T04:18:11.170+0000] {dag.py:2742} INFO - Sync 1 DAGs
[2025-11-17T04:18:11.184+0000] {logging_mixin.py:150} INFO - [2025-11-17T04:18:11.184+0000] {dag.py:3504} INFO - Setting next_dagrun for example_trigger_target_dag to None, run_after=None
[2025-11-17T04:18:11.201+0000] {processor.py:179} INFO - Processing /home/vscode/.local/lib/python3.10/site-packages/airflow/example_dags/example_trigger_target_dag.py took 0.051 seconds
[2025-11-17T04:18:58.533+0000] {processor.py:157} INFO - Started process (PID=30846) to work on /home/vscode/.local/lib/python3.10/site-packages/airflow/example_dags/example_trigger_target_dag.py
[2025-11-17T04:18:58.533+0000] {processor.py:826} INFO - Processing file /home/vscode/.local/lib/python3.10/site-packages/airflow/example_dags/example_trigger_target_dag.py for tasks to queue
[2025-11-17T04:18:58.534+0000] {logging_mixin.py:150} INFO - [2025-11-17T04:18:58.534+0000] {dagbag.py:541} INFO - Filling up the DagBag from /home/vscode/.local/lib/python3.10/site-packages/airflow/example_dags/example_trigger_target_dag.py
[2025-11-17T04:18:58.538+0000] {processor.py:836} INFO - DAG(s) dict_keys(['example_trigger_target_dag']) retrieved from /home/vscode/.local/lib/python3.10/site-packages/airflow/example_dags/example_trigger_target_dag.py
[2025-11-17T04:18:58.549+0000] {logging_mixin.py:150} INFO - [2025-11-17T04:18:58.549+0000] {dag.py:2742} INFO - Sync 1 DAGs
[2025-11-17T04:18:58.565+0000] {logging_mixin.py:150} INFO - [2025-11-17T04:18:58.565+0000] {dag.py:3504} INFO - Setting next_dagrun for example_trigger_target_dag to None, run_after=None
[2025-11-17T04:18:58.579+0000] {processor.py:179} INFO - Processing /home/vscode/.local/lib/python3.10/site-packages/airflow/example_dags/example_trigger_target_dag.py took 0.048 seconds
[2025-11-17T04:19:38.942+0000] {processor.py:157} INFO - Started process (PID=31130) to work on /home/vscode/.local/lib/python3.10/site-packages/airflow/example_dags/example_trigger_target_dag.py
[2025-11-17T04:19:38.943+0000] {processor.py:826} INFO - Processing file /home/vscode/.local/lib/python3.10/site-packages/airflow/example_dags/example_trigger_target_dag.py for tasks to queue
[2025-11-17T04:19:38.944+0000] {logging_mixin.py:150} INFO - [2025-11-17T04:19:38.944+0000] {dagbag.py:541} INFO - Filling up the DagBag from /home/vscode/.local/lib/python3.10/site-packages/airflow/example_dags/example_trigger_target_dag.py
[2025-11-17T04:19:38.950+0000] {processor.py:836} INFO - DAG(s) dict_keys(['example_trigger_target_dag']) retrieved from /home/vscode/.local/lib/python3.10/site-packages/airflow/example_dags/example_trigger_target_dag.py
[2025-11-17T04:19:38.966+0000] {logging_mixin.py:150} INFO - [2025-11-17T04:19:38.965+0000] {dag.py:2742} INFO - Sync 1 DAGs
[2025-11-17T04:19:38.985+0000] {logging_mixin.py:150} INFO - [2025-11-17T04:19:38.985+0000] {dag.py:3504} INFO - Setting next_dagrun for example_trigger_target_dag to None, run_after=None
[2025-11-17T04:19:39.002+0000] {processor.py:179} INFO - Processing /home/vscode/.local/lib/python3.10/site-packages/airflow/example_dags/example_trigger_target_dag.py took 0.063 seconds
[2025-11-17T04:20:27.685+0000] {processor.py:157} INFO - Started process (PID=31569) to work on /home/vscode/.local/lib/python3.10/site-packages/airflow/example_dags/example_trigger_target_dag.py
[2025-11-17T04:20:27.686+0000] {processor.py:826} INFO - Processing file /home/vscode/.local/lib/python3.10/site-packages/airflow/example_dags/example_trigger_target_dag.py for tasks to queue
[2025-11-17T04:20:27.687+0000] {logging_mixin.py:150} INFO - [2025-11-17T04:20:27.686+0000] {dagbag.py:541} INFO - Filling up the DagBag from /home/vscode/.local/lib/python3.10/site-packages/airflow/example_dags/example_trigger_target_dag.py
[2025-11-17T04:20:27.691+0000] {processor.py:836} INFO - DAG(s) dict_keys(['example_trigger_target_dag']) retrieved from /home/vscode/.local/lib/python3.10/site-packages/airflow/example_dags/example_trigger_target_dag.py
[2025-11-17T04:20:27.701+0000] {logging_mixin.py:150} INFO - [2025-11-17T04:20:27.701+0000] {dag.py:2742} INFO - Sync 1 DAGs
[2025-11-17T04:20:27.714+0000] {logging_mixin.py:150} INFO - [2025-11-17T04:20:27.714+0000] {dag.py:3504} INFO - Setting next_dagrun for example_trigger_target_dag to None, run_after=None
[2025-11-17T04:20:27.729+0000] {processor.py:179} INFO - Processing /home/vscode/.local/lib/python3.10/site-packages/airflow/example_dags/example_trigger_target_dag.py took 0.046 seconds
[2025-11-17T04:21:05.306+0000] {processor.py:157} INFO - Started process (PID=31879) to work on /home/vscode/.local/lib/python3.10/site-packages/airflow/example_dags/example_trigger_target_dag.py
[2025-11-17T04:21:05.307+0000] {processor.py:826} INFO - Processing file /home/vscode/.local/lib/python3.10/site-packages/airflow/example_dags/example_trigger_target_dag.py for tasks to queue
[2025-11-17T04:21:05.308+0000] {logging_mixin.py:150} INFO - [2025-11-17T04:21:05.307+0000] {dagbag.py:541} INFO - Filling up the DagBag from /home/vscode/.local/lib/python3.10/site-packages/airflow/example_dags/example_trigger_target_dag.py
[2025-11-17T04:21:05.312+0000] {processor.py:836} INFO - DAG(s) dict_keys(['example_trigger_target_dag']) retrieved from /home/vscode/.local/lib/python3.10/site-packages/airflow/example_dags/example_trigger_target_dag.py
[2025-11-17T04:21:05.322+0000] {logging_mixin.py:150} INFO - [2025-11-17T04:21:05.322+0000] {dag.py:2742} INFO - Sync 1 DAGs
[2025-11-17T04:21:05.335+0000] {logging_mixin.py:150} INFO - [2025-11-17T04:21:05.335+0000] {dag.py:3504} INFO - Setting next_dagrun for example_trigger_target_dag to None, run_after=None
[2025-11-17T04:21:05.350+0000] {processor.py:179} INFO - Processing /home/vscode/.local/lib/python3.10/site-packages/airflow/example_dags/example_trigger_target_dag.py took 0.046 seconds
[2025-11-17T04:21:53.486+0000] {processor.py:157} INFO - Started process (PID=32191) to work on /home/vscode/.local/lib/python3.10/site-packages/airflow/example_dags/example_trigger_target_dag.py
[2025-11-17T04:21:53.487+0000] {processor.py:826} INFO - Processing file /home/vscode/.local/lib/python3.10/site-packages/airflow/example_dags/example_trigger_target_dag.py for tasks to queue
[2025-11-17T04:21:53.488+0000] {logging_mixin.py:150} INFO - [2025-11-17T04:21:53.487+0000] {dagbag.py:541} INFO - Filling up the DagBag from /home/vscode/.local/lib/python3.10/site-packages/airflow/example_dags/example_trigger_target_dag.py
[2025-11-17T04:21:53.492+0000] {processor.py:836} INFO - DAG(s) dict_keys(['example_trigger_target_dag']) retrieved from /home/vscode/.local/lib/python3.10/site-packages/airflow/example_dags/example_trigger_target_dag.py
[2025-11-17T04:21:53.503+0000] {logging_mixin.py:150} INFO - [2025-11-17T04:21:53.502+0000] {dag.py:2742} INFO - Sync 1 DAGs
[2025-11-17T04:21:53.516+0000] {logging_mixin.py:150} INFO - [2025-11-17T04:21:53.516+0000] {dag.py:3504} INFO - Setting next_dagrun for example_trigger_target_dag to None, run_after=None
[2025-11-17T04:21:53.531+0000] {processor.py:179} INFO - Processing /home/vscode/.local/lib/python3.10/site-packages/airflow/example_dags/example_trigger_target_dag.py took 0.046 seconds
[2025-11-17T04:22:41.734+0000] {processor.py:157} INFO - Started process (PID=32575) to work on /home/vscode/.local/lib/python3.10/site-packages/airflow/example_dags/example_trigger_target_dag.py
[2025-11-17T04:22:41.735+0000] {processor.py:826} INFO - Processing file /home/vscode/.local/lib/python3.10/site-packages/airflow/example_dags/example_trigger_target_dag.py for tasks to queue
[2025-11-17T04:22:41.735+0000] {logging_mixin.py:150} INFO - [2025-11-17T04:22:41.735+0000] {dagbag.py:541} INFO - Filling up the DagBag from /home/vscode/.local/lib/python3.10/site-packages/airflow/example_dags/example_trigger_target_dag.py
[2025-11-17T04:22:41.741+0000] {processor.py:836} INFO - DAG(s) dict_keys(['example_trigger_target_dag']) retrieved from /home/vscode/.local/lib/python3.10/site-packages/airflow/example_dags/example_trigger_target_dag.py
[2025-11-17T04:22:41.756+0000] {logging_mixin.py:150} INFO - [2025-11-17T04:22:41.756+0000] {dag.py:2742} INFO - Sync 1 DAGs
[2025-11-17T04:22:41.775+0000] {logging_mixin.py:150} INFO - [2025-11-17T04:22:41.775+0000] {dag.py:3504} INFO - Setting next_dagrun for example_trigger_target_dag to None, run_after=None
[2025-11-17T04:22:41.797+0000] {processor.py:179} INFO - Processing /home/vscode/.local/lib/python3.10/site-packages/airflow/example_dags/example_trigger_target_dag.py took 0.066 seconds
[2025-11-17T04:23:29.213+0000] {processor.py:157} INFO - Started process (PID=32937) to work on /home/vscode/.local/lib/python3.10/site-packages/airflow/example_dags/example_trigger_target_dag.py
[2025-11-17T04:23:29.213+0000] {processor.py:826} INFO - Processing file /home/vscode/.local/lib/python3.10/site-packages/airflow/example_dags/example_trigger_target_dag.py for tasks to queue
[2025-11-17T04:23:29.214+0000] {logging_mixin.py:150} INFO - [2025-11-17T04:23:29.214+0000] {dagbag.py:541} INFO - Filling up the DagBag from /home/vscode/.local/lib/python3.10/site-packages/airflow/example_dags/example_trigger_target_dag.py
[2025-11-17T04:23:29.220+0000] {processor.py:836} INFO - DAG(s) dict_keys(['example_trigger_target_dag']) retrieved from /home/vscode/.local/lib/python3.10/site-packages/airflow/example_dags/example_trigger_target_dag.py
[2025-11-17T04:23:29.231+0000] {logging_mixin.py:150} INFO - [2025-11-17T04:23:29.231+0000] {dag.py:2742} INFO - Sync 1 DAGs
[2025-11-17T04:23:29.251+0000] {logging_mixin.py:150} INFO - [2025-11-17T04:23:29.251+0000] {dag.py:3504} INFO - Setting next_dagrun for example_trigger_target_dag to None, run_after=None
[2025-11-17T04:23:29.268+0000] {processor.py:179} INFO - Processing /home/vscode/.local/lib/python3.10/site-packages/airflow/example_dags/example_trigger_target_dag.py took 0.058 seconds
[2025-11-17T04:24:16.409+0000] {processor.py:157} INFO - Started process (PID=33320) to work on /home/vscode/.local/lib/python3.10/site-packages/airflow/example_dags/example_trigger_target_dag.py
[2025-11-17T04:24:16.409+0000] {processor.py:826} INFO - Processing file /home/vscode/.local/lib/python3.10/site-packages/airflow/example_dags/example_trigger_target_dag.py for tasks to queue
[2025-11-17T04:24:16.410+0000] {logging_mixin.py:150} INFO - [2025-11-17T04:24:16.410+0000] {dagbag.py:541} INFO - Filling up the DagBag from /home/vscode/.local/lib/python3.10/site-packages/airflow/example_dags/example_trigger_target_dag.py
[2025-11-17T04:24:16.414+0000] {processor.py:836} INFO - DAG(s) dict_keys(['example_trigger_target_dag']) retrieved from /home/vscode/.local/lib/python3.10/site-packages/airflow/example_dags/example_trigger_target_dag.py
[2025-11-17T04:24:16.425+0000] {logging_mixin.py:150} INFO - [2025-11-17T04:24:16.425+0000] {dag.py:2742} INFO - Sync 1 DAGs
[2025-11-17T04:24:16.439+0000] {logging_mixin.py:150} INFO - [2025-11-17T04:24:16.439+0000] {dag.py:3504} INFO - Setting next_dagrun for example_trigger_target_dag to None, run_after=None
[2025-11-17T04:24:16.454+0000] {processor.py:179} INFO - Processing /home/vscode/.local/lib/python3.10/site-packages/airflow/example_dags/example_trigger_target_dag.py took 0.047 seconds
[2025-11-17T04:25:03.109+0000] {processor.py:157} INFO - Started process (PID=33766) to work on /home/vscode/.local/lib/python3.10/site-packages/airflow/example_dags/example_trigger_target_dag.py
[2025-11-17T04:25:03.112+0000] {processor.py:826} INFO - Processing file /home/vscode/.local/lib/python3.10/site-packages/airflow/example_dags/example_trigger_target_dag.py for tasks to queue
[2025-11-17T04:25:03.113+0000] {logging_mixin.py:150} INFO - [2025-11-17T04:25:03.113+0000] {dagbag.py:541} INFO - Filling up the DagBag from /home/vscode/.local/lib/python3.10/site-packages/airflow/example_dags/example_trigger_target_dag.py
[2025-11-17T04:25:03.123+0000] {processor.py:836} INFO - DAG(s) dict_keys(['example_trigger_target_dag']) retrieved from /home/vscode/.local/lib/python3.10/site-packages/airflow/example_dags/example_trigger_target_dag.py
[2025-11-17T04:25:03.143+0000] {logging_mixin.py:150} INFO - [2025-11-17T04:25:03.143+0000] {dag.py:2742} INFO - Sync 1 DAGs
[2025-11-17T04:25:03.163+0000] {logging_mixin.py:150} INFO - [2025-11-17T04:25:03.163+0000] {dag.py:3504} INFO - Setting next_dagrun for example_trigger_target_dag to None, run_after=None
[2025-11-17T04:25:03.183+0000] {processor.py:179} INFO - Processing /home/vscode/.local/lib/python3.10/site-packages/airflow/example_dags/example_trigger_target_dag.py took 0.081 seconds
[2025-11-17T04:25:38.727+0000] {processor.py:157} INFO - Started process (PID=34014) to work on /home/vscode/.local/lib/python3.10/site-packages/airflow/example_dags/example_trigger_target_dag.py
[2025-11-17T04:25:38.727+0000] {processor.py:826} INFO - Processing file /home/vscode/.local/lib/python3.10/site-packages/airflow/example_dags/example_trigger_target_dag.py for tasks to queue
[2025-11-17T04:25:38.728+0000] {logging_mixin.py:150} INFO - [2025-11-17T04:25:38.728+0000] {dagbag.py:541} INFO - Filling up the DagBag from /home/vscode/.local/lib/python3.10/site-packages/airflow/example_dags/example_trigger_target_dag.py
[2025-11-17T04:25:38.732+0000] {processor.py:836} INFO - DAG(s) dict_keys(['example_trigger_target_dag']) retrieved from /home/vscode/.local/lib/python3.10/site-packages/airflow/example_dags/example_trigger_target_dag.py
[2025-11-17T04:25:38.743+0000] {logging_mixin.py:150} INFO - [2025-11-17T04:25:38.743+0000] {dag.py:2742} INFO - Sync 1 DAGs
[2025-11-17T04:25:38.757+0000] {logging_mixin.py:150} INFO - [2025-11-17T04:25:38.757+0000] {dag.py:3504} INFO - Setting next_dagrun for example_trigger_target_dag to None, run_after=None
[2025-11-17T04:25:38.779+0000] {processor.py:179} INFO - Processing /home/vscode/.local/lib/python3.10/site-packages/airflow/example_dags/example_trigger_target_dag.py took 0.055 seconds
