[2025-11-17T03:53:01.266+0000] {processor.py:157} INFO - Started process (PID=19346) to work on /home/vscode/.local/lib/python3.10/site-packages/airflow/example_dags/example_latest_only.py
[2025-11-17T03:53:01.267+0000] {processor.py:826} INFO - Processing file /home/vscode/.local/lib/python3.10/site-packages/airflow/example_dags/example_latest_only.py for tasks to queue
[2025-11-17T03:53:01.267+0000] {logging_mixin.py:150} INFO - [2025-11-17T03:53:01.267+0000] {dagbag.py:541} INFO - Filling up the DagBag from /home/vscode/.local/lib/python3.10/site-packages/airflow/example_dags/example_latest_only.py
[2025-11-17T03:53:01.271+0000] {processor.py:836} INFO - DAG(s) dict_keys(['latest_only']) retrieved from /home/vscode/.local/lib/python3.10/site-packages/airflow/example_dags/example_latest_only.py
[2025-11-17T03:53:01.353+0000] {logging_mixin.py:150} INFO - [2025-11-17T03:53:01.353+0000] {manager.py:504} INFO - Created Permission View: can delete on DAG:latest_only
[2025-11-17T03:53:01.360+0000] {logging_mixin.py:150} INFO - [2025-11-17T03:53:01.360+0000] {manager.py:504} INFO - Created Permission View: can edit on DAG:latest_only
[2025-11-17T03:53:01.366+0000] {logging_mixin.py:150} INFO - [2025-11-17T03:53:01.366+0000] {manager.py:504} INFO - Created Permission View: can read on DAG:latest_only
[2025-11-17T03:53:01.373+0000] {logging_mixin.py:150} INFO - [2025-11-17T03:53:01.373+0000] {dag.py:2742} INFO - Sync 1 DAGs
[2025-11-17T03:53:01.381+0000] {logging_mixin.py:150} INFO - [2025-11-17T03:53:01.381+0000] {dag.py:2763} INFO - Creating ORM DAG for latest_only
[2025-11-17T03:53:01.390+0000] {logging_mixin.py:150} INFO - [2025-11-17T03:53:01.390+0000] {dag.py:3504} INFO - Setting next_dagrun for latest_only to 2025-11-16T23:53:01.390267+00:00, run_after=2025-11-17T03:53:01.390267+00:00
[2025-11-17T03:53:01.409+0000] {processor.py:179} INFO - Processing /home/vscode/.local/lib/python3.10/site-packages/airflow/example_dags/example_latest_only.py took 0.145 seconds
[2025-11-17T03:53:46.757+0000] {processor.py:157} INFO - Started process (PID=19654) to work on /home/vscode/.local/lib/python3.10/site-packages/airflow/example_dags/example_latest_only.py
[2025-11-17T03:53:46.757+0000] {processor.py:826} INFO - Processing file /home/vscode/.local/lib/python3.10/site-packages/airflow/example_dags/example_latest_only.py for tasks to queue
[2025-11-17T03:53:46.758+0000] {logging_mixin.py:150} INFO - [2025-11-17T03:53:46.758+0000] {dagbag.py:541} INFO - Filling up the DagBag from /home/vscode/.local/lib/python3.10/site-packages/airflow/example_dags/example_latest_only.py
[2025-11-17T03:53:46.762+0000] {processor.py:836} INFO - DAG(s) dict_keys(['latest_only']) retrieved from /home/vscode/.local/lib/python3.10/site-packages/airflow/example_dags/example_latest_only.py
[2025-11-17T03:53:46.771+0000] {logging_mixin.py:150} INFO - [2025-11-17T03:53:46.771+0000] {dag.py:2742} INFO - Sync 1 DAGs
[2025-11-17T03:53:46.784+0000] {logging_mixin.py:150} INFO - [2025-11-17T03:53:46.784+0000] {dag.py:3504} INFO - Setting next_dagrun for latest_only to 2025-11-16T23:53:46.784475+00:00, run_after=2025-11-17T03:53:46.784475+00:00
[2025-11-17T03:53:46.798+0000] {processor.py:179} INFO - Processing /home/vscode/.local/lib/python3.10/site-packages/airflow/example_dags/example_latest_only.py took 0.043 seconds
[2025-11-17T03:54:31.228+0000] {processor.py:157} INFO - Started process (PID=19942) to work on /home/vscode/.local/lib/python3.10/site-packages/airflow/example_dags/example_latest_only.py
[2025-11-17T03:54:31.229+0000] {processor.py:826} INFO - Processing file /home/vscode/.local/lib/python3.10/site-packages/airflow/example_dags/example_latest_only.py for tasks to queue
[2025-11-17T03:54:31.229+0000] {logging_mixin.py:150} INFO - [2025-11-17T03:54:31.229+0000] {dagbag.py:541} INFO - Filling up the DagBag from /home/vscode/.local/lib/python3.10/site-packages/airflow/example_dags/example_latest_only.py
[2025-11-17T03:54:31.233+0000] {processor.py:836} INFO - DAG(s) dict_keys(['latest_only']) retrieved from /home/vscode/.local/lib/python3.10/site-packages/airflow/example_dags/example_latest_only.py
[2025-11-17T03:54:31.247+0000] {logging_mixin.py:150} INFO - [2025-11-17T03:54:31.247+0000] {dag.py:2742} INFO - Sync 1 DAGs
[2025-11-17T03:54:31.260+0000] {logging_mixin.py:150} INFO - [2025-11-17T03:54:31.260+0000] {dag.py:3504} INFO - Setting next_dagrun for latest_only to 2025-11-16T23:54:31.259960+00:00, run_after=2025-11-17T03:54:31.259960+00:00
[2025-11-17T03:54:31.273+0000] {processor.py:179} INFO - Processing /home/vscode/.local/lib/python3.10/site-packages/airflow/example_dags/example_latest_only.py took 0.048 seconds
[2025-11-17T03:55:18.808+0000] {processor.py:157} INFO - Started process (PID=20357) to work on /home/vscode/.local/lib/python3.10/site-packages/airflow/example_dags/example_latest_only.py
[2025-11-17T03:55:18.809+0000] {processor.py:826} INFO - Processing file /home/vscode/.local/lib/python3.10/site-packages/airflow/example_dags/example_latest_only.py for tasks to queue
[2025-11-17T03:55:18.810+0000] {logging_mixin.py:150} INFO - [2025-11-17T03:55:18.809+0000] {dagbag.py:541} INFO - Filling up the DagBag from /home/vscode/.local/lib/python3.10/site-packages/airflow/example_dags/example_latest_only.py
[2025-11-17T03:55:18.813+0000] {processor.py:836} INFO - DAG(s) dict_keys(['latest_only']) retrieved from /home/vscode/.local/lib/python3.10/site-packages/airflow/example_dags/example_latest_only.py
[2025-11-17T03:55:18.824+0000] {logging_mixin.py:150} INFO - [2025-11-17T03:55:18.823+0000] {dag.py:2742} INFO - Sync 1 DAGs
[2025-11-17T03:55:18.840+0000] {logging_mixin.py:150} INFO - [2025-11-17T03:55:18.840+0000] {dag.py:3504} INFO - Setting next_dagrun for latest_only to 2025-11-16T23:55:18.840717+00:00, run_after=2025-11-17T03:55:18.840717+00:00
[2025-11-17T03:55:18.854+0000] {processor.py:179} INFO - Processing /home/vscode/.local/lib/python3.10/site-packages/airflow/example_dags/example_latest_only.py took 0.048 seconds
[2025-11-17T03:56:01.370+0000] {processor.py:157} INFO - Started process (PID=20873) to work on /home/vscode/.local/lib/python3.10/site-packages/airflow/example_dags/example_latest_only.py
[2025-11-17T03:56:01.370+0000] {processor.py:826} INFO - Processing file /home/vscode/.local/lib/python3.10/site-packages/airflow/example_dags/example_latest_only.py for tasks to queue
[2025-11-17T03:56:01.371+0000] {logging_mixin.py:150} INFO - [2025-11-17T03:56:01.370+0000] {dagbag.py:541} INFO - Filling up the DagBag from /home/vscode/.local/lib/python3.10/site-packages/airflow/example_dags/example_latest_only.py
[2025-11-17T03:56:01.375+0000] {processor.py:836} INFO - DAG(s) dict_keys(['latest_only']) retrieved from /home/vscode/.local/lib/python3.10/site-packages/airflow/example_dags/example_latest_only.py
[2025-11-17T03:56:01.384+0000] {logging_mixin.py:150} INFO - [2025-11-17T03:56:01.384+0000] {dag.py:2742} INFO - Sync 1 DAGs
[2025-11-17T03:56:01.397+0000] {logging_mixin.py:150} INFO - [2025-11-17T03:56:01.396+0000] {dag.py:3504} INFO - Setting next_dagrun for latest_only to 2025-11-16T23:56:01.396822+00:00, run_after=2025-11-17T03:56:01.396822+00:00
[2025-11-17T03:56:01.410+0000] {processor.py:179} INFO - Processing /home/vscode/.local/lib/python3.10/site-packages/airflow/example_dags/example_latest_only.py took 0.042 seconds
[2025-11-17T03:56:48.474+0000] {processor.py:157} INFO - Started process (PID=21194) to work on /home/vscode/.local/lib/python3.10/site-packages/airflow/example_dags/example_latest_only.py
[2025-11-17T03:56:48.475+0000] {processor.py:826} INFO - Processing file /home/vscode/.local/lib/python3.10/site-packages/airflow/example_dags/example_latest_only.py for tasks to queue
[2025-11-17T03:56:48.475+0000] {logging_mixin.py:150} INFO - [2025-11-17T03:56:48.475+0000] {dagbag.py:541} INFO - Filling up the DagBag from /home/vscode/.local/lib/python3.10/site-packages/airflow/example_dags/example_latest_only.py
[2025-11-17T03:56:48.479+0000] {processor.py:836} INFO - DAG(s) dict_keys(['latest_only']) retrieved from /home/vscode/.local/lib/python3.10/site-packages/airflow/example_dags/example_latest_only.py
[2025-11-17T03:56:48.489+0000] {logging_mixin.py:150} INFO - [2025-11-17T03:56:48.489+0000] {dag.py:2742} INFO - Sync 1 DAGs
[2025-11-17T03:56:48.502+0000] {logging_mixin.py:150} INFO - [2025-11-17T03:56:48.502+0000] {dag.py:3504} INFO - Setting next_dagrun for latest_only to 2025-11-16T23:56:48.501911+00:00, run_after=2025-11-17T03:56:48.501911+00:00
[2025-11-17T03:56:48.515+0000] {processor.py:179} INFO - Processing /home/vscode/.local/lib/python3.10/site-packages/airflow/example_dags/example_latest_only.py took 0.043 seconds
[2025-11-17T03:57:35.147+0000] {processor.py:157} INFO - Started process (PID=21526) to work on /home/vscode/.local/lib/python3.10/site-packages/airflow/example_dags/example_latest_only.py
[2025-11-17T03:57:35.147+0000] {processor.py:826} INFO - Processing file /home/vscode/.local/lib/python3.10/site-packages/airflow/example_dags/example_latest_only.py for tasks to queue
[2025-11-17T03:57:35.148+0000] {logging_mixin.py:150} INFO - [2025-11-17T03:57:35.147+0000] {dagbag.py:541} INFO - Filling up the DagBag from /home/vscode/.local/lib/python3.10/site-packages/airflow/example_dags/example_latest_only.py
[2025-11-17T03:57:35.152+0000] {processor.py:836} INFO - DAG(s) dict_keys(['latest_only']) retrieved from /home/vscode/.local/lib/python3.10/site-packages/airflow/example_dags/example_latest_only.py
[2025-11-17T03:57:35.162+0000] {logging_mixin.py:150} INFO - [2025-11-17T03:57:35.162+0000] {dag.py:2742} INFO - Sync 1 DAGs
[2025-11-17T03:57:35.175+0000] {logging_mixin.py:150} INFO - [2025-11-17T03:57:35.175+0000] {dag.py:3504} INFO - Setting next_dagrun for latest_only to 2025-11-16T23:57:35.175252+00:00, run_after=2025-11-17T03:57:35.175252+00:00
[2025-11-17T03:57:35.189+0000] {processor.py:179} INFO - Processing /home/vscode/.local/lib/python3.10/site-packages/airflow/example_dags/example_latest_only.py took 0.044 seconds
[2025-11-17T03:58:21.489+0000] {processor.py:157} INFO - Started process (PID=21829) to work on /home/vscode/.local/lib/python3.10/site-packages/airflow/example_dags/example_latest_only.py
[2025-11-17T03:58:21.490+0000] {processor.py:826} INFO - Processing file /home/vscode/.local/lib/python3.10/site-packages/airflow/example_dags/example_latest_only.py for tasks to queue
[2025-11-17T03:58:21.491+0000] {logging_mixin.py:150} INFO - [2025-11-17T03:58:21.490+0000] {dagbag.py:541} INFO - Filling up the DagBag from /home/vscode/.local/lib/python3.10/site-packages/airflow/example_dags/example_latest_only.py
[2025-11-17T03:58:21.495+0000] {processor.py:836} INFO - DAG(s) dict_keys(['latest_only']) retrieved from /home/vscode/.local/lib/python3.10/site-packages/airflow/example_dags/example_latest_only.py
[2025-11-17T03:58:21.504+0000] {logging_mixin.py:150} INFO - [2025-11-17T03:58:21.504+0000] {dag.py:2742} INFO - Sync 1 DAGs
[2025-11-17T03:58:21.517+0000] {logging_mixin.py:150} INFO - [2025-11-17T03:58:21.517+0000] {dag.py:3504} INFO - Setting next_dagrun for latest_only to 2025-11-16T23:58:21.517077+00:00, run_after=2025-11-17T03:58:21.517077+00:00
[2025-11-17T03:58:21.531+0000] {processor.py:179} INFO - Processing /home/vscode/.local/lib/python3.10/site-packages/airflow/example_dags/example_latest_only.py took 0.044 seconds
[2025-11-17T03:59:03.591+0000] {processor.py:157} INFO - Started process (PID=22113) to work on /home/vscode/.local/lib/python3.10/site-packages/airflow/example_dags/example_latest_only.py
[2025-11-17T03:59:03.592+0000] {processor.py:826} INFO - Processing file /home/vscode/.local/lib/python3.10/site-packages/airflow/example_dags/example_latest_only.py for tasks to queue
[2025-11-17T03:59:03.592+0000] {logging_mixin.py:150} INFO - [2025-11-17T03:59:03.592+0000] {dagbag.py:541} INFO - Filling up the DagBag from /home/vscode/.local/lib/python3.10/site-packages/airflow/example_dags/example_latest_only.py
[2025-11-17T03:59:03.596+0000] {processor.py:836} INFO - DAG(s) dict_keys(['latest_only']) retrieved from /home/vscode/.local/lib/python3.10/site-packages/airflow/example_dags/example_latest_only.py
[2025-11-17T03:59:03.606+0000] {logging_mixin.py:150} INFO - [2025-11-17T03:59:03.606+0000] {dag.py:2742} INFO - Sync 1 DAGs
[2025-11-17T03:59:03.619+0000] {logging_mixin.py:150} INFO - [2025-11-17T03:59:03.618+0000] {dag.py:3504} INFO - Setting next_dagrun for latest_only to 2025-11-16T23:59:03.618771+00:00, run_after=2025-11-17T03:59:03.618771+00:00
[2025-11-17T03:59:03.632+0000] {processor.py:179} INFO - Processing /home/vscode/.local/lib/python3.10/site-packages/airflow/example_dags/example_latest_only.py took 0.043 seconds
[2025-11-17T03:59:45.810+0000] {processor.py:157} INFO - Started process (PID=22398) to work on /home/vscode/.local/lib/python3.10/site-packages/airflow/example_dags/example_latest_only.py
[2025-11-17T03:59:45.811+0000] {processor.py:826} INFO - Processing file /home/vscode/.local/lib/python3.10/site-packages/airflow/example_dags/example_latest_only.py for tasks to queue
[2025-11-17T03:59:45.811+0000] {logging_mixin.py:150} INFO - [2025-11-17T03:59:45.811+0000] {dagbag.py:541} INFO - Filling up the DagBag from /home/vscode/.local/lib/python3.10/site-packages/airflow/example_dags/example_latest_only.py
[2025-11-17T03:59:45.815+0000] {processor.py:836} INFO - DAG(s) dict_keys(['latest_only']) retrieved from /home/vscode/.local/lib/python3.10/site-packages/airflow/example_dags/example_latest_only.py
[2025-11-17T03:59:45.825+0000] {logging_mixin.py:150} INFO - [2025-11-17T03:59:45.825+0000] {dag.py:2742} INFO - Sync 1 DAGs
[2025-11-17T03:59:45.838+0000] {logging_mixin.py:150} INFO - [2025-11-17T03:59:45.838+0000] {dag.py:3504} INFO - Setting next_dagrun for latest_only to 2025-11-16T23:59:45.837888+00:00, run_after=2025-11-17T03:59:45.837888+00:00
[2025-11-17T03:59:45.852+0000] {processor.py:179} INFO - Processing /home/vscode/.local/lib/python3.10/site-packages/airflow/example_dags/example_latest_only.py took 0.043 seconds
[2025-11-17T04:00:31.489+0000] {processor.py:157} INFO - Started process (PID=22700) to work on /home/vscode/.local/lib/python3.10/site-packages/airflow/example_dags/example_latest_only.py
[2025-11-17T04:00:31.490+0000] {processor.py:826} INFO - Processing file /home/vscode/.local/lib/python3.10/site-packages/airflow/example_dags/example_latest_only.py for tasks to queue
[2025-11-17T04:00:31.490+0000] {logging_mixin.py:150} INFO - [2025-11-17T04:00:31.490+0000] {dagbag.py:541} INFO - Filling up the DagBag from /home/vscode/.local/lib/python3.10/site-packages/airflow/example_dags/example_latest_only.py
[2025-11-17T04:00:31.494+0000] {processor.py:836} INFO - DAG(s) dict_keys(['latest_only']) retrieved from /home/vscode/.local/lib/python3.10/site-packages/airflow/example_dags/example_latest_only.py
[2025-11-17T04:00:31.504+0000] {logging_mixin.py:150} INFO - [2025-11-17T04:00:31.504+0000] {dag.py:2742} INFO - Sync 1 DAGs
[2025-11-17T04:00:31.517+0000] {logging_mixin.py:150} INFO - [2025-11-17T04:00:31.517+0000] {dag.py:3504} INFO - Setting next_dagrun for latest_only to 2025-11-17T00:00:31.517353+00:00, run_after=2025-11-17T04:00:31.517353+00:00
[2025-11-17T04:00:31.531+0000] {processor.py:179} INFO - Processing /home/vscode/.local/lib/python3.10/site-packages/airflow/example_dags/example_latest_only.py took 0.043 seconds
[2025-11-17T04:01:14.186+0000] {processor.py:157} INFO - Started process (PID=22987) to work on /home/vscode/.local/lib/python3.10/site-packages/airflow/example_dags/example_latest_only.py
[2025-11-17T04:01:14.187+0000] {processor.py:826} INFO - Processing file /home/vscode/.local/lib/python3.10/site-packages/airflow/example_dags/example_latest_only.py for tasks to queue
[2025-11-17T04:01:14.187+0000] {logging_mixin.py:150} INFO - [2025-11-17T04:01:14.187+0000] {dagbag.py:541} INFO - Filling up the DagBag from /home/vscode/.local/lib/python3.10/site-packages/airflow/example_dags/example_latest_only.py
[2025-11-17T04:01:14.191+0000] {processor.py:836} INFO - DAG(s) dict_keys(['latest_only']) retrieved from /home/vscode/.local/lib/python3.10/site-packages/airflow/example_dags/example_latest_only.py
[2025-11-17T04:01:14.201+0000] {logging_mixin.py:150} INFO - [2025-11-17T04:01:14.201+0000] {dag.py:2742} INFO - Sync 1 DAGs
[2025-11-17T04:01:14.213+0000] {logging_mixin.py:150} INFO - [2025-11-17T04:01:14.213+0000] {dag.py:3504} INFO - Setting next_dagrun for latest_only to 2025-11-17T00:01:14.213560+00:00, run_after=2025-11-17T04:01:14.213560+00:00
[2025-11-17T04:01:14.227+0000] {processor.py:179} INFO - Processing /home/vscode/.local/lib/python3.10/site-packages/airflow/example_dags/example_latest_only.py took 0.043 seconds
[2025-11-17T04:02:00.990+0000] {processor.py:157} INFO - Started process (PID=23299) to work on /home/vscode/.local/lib/python3.10/site-packages/airflow/example_dags/example_latest_only.py
[2025-11-17T04:02:00.991+0000] {processor.py:826} INFO - Processing file /home/vscode/.local/lib/python3.10/site-packages/airflow/example_dags/example_latest_only.py for tasks to queue
[2025-11-17T04:02:00.991+0000] {logging_mixin.py:150} INFO - [2025-11-17T04:02:00.991+0000] {dagbag.py:541} INFO - Filling up the DagBag from /home/vscode/.local/lib/python3.10/site-packages/airflow/example_dags/example_latest_only.py
[2025-11-17T04:02:00.995+0000] {processor.py:836} INFO - DAG(s) dict_keys(['latest_only']) retrieved from /home/vscode/.local/lib/python3.10/site-packages/airflow/example_dags/example_latest_only.py
[2025-11-17T04:02:01.006+0000] {logging_mixin.py:150} INFO - [2025-11-17T04:02:01.006+0000] {dag.py:2742} INFO - Sync 1 DAGs
[2025-11-17T04:02:01.020+0000] {logging_mixin.py:150} INFO - [2025-11-17T04:02:01.020+0000] {dag.py:3504} INFO - Setting next_dagrun for latest_only to 2025-11-17T00:02:01.020111+00:00, run_after=2025-11-17T04:02:01.020111+00:00
[2025-11-17T04:02:01.035+0000] {processor.py:179} INFO - Processing /home/vscode/.local/lib/python3.10/site-packages/airflow/example_dags/example_latest_only.py took 0.047 seconds
[2025-11-17T04:02:44.366+0000] {processor.py:157} INFO - Started process (PID=23586) to work on /home/vscode/.local/lib/python3.10/site-packages/airflow/example_dags/example_latest_only.py
[2025-11-17T04:02:44.367+0000] {processor.py:826} INFO - Processing file /home/vscode/.local/lib/python3.10/site-packages/airflow/example_dags/example_latest_only.py for tasks to queue
[2025-11-17T04:02:44.367+0000] {logging_mixin.py:150} INFO - [2025-11-17T04:02:44.367+0000] {dagbag.py:541} INFO - Filling up the DagBag from /home/vscode/.local/lib/python3.10/site-packages/airflow/example_dags/example_latest_only.py
[2025-11-17T04:02:44.371+0000] {processor.py:836} INFO - DAG(s) dict_keys(['latest_only']) retrieved from /home/vscode/.local/lib/python3.10/site-packages/airflow/example_dags/example_latest_only.py
[2025-11-17T04:02:44.382+0000] {logging_mixin.py:150} INFO - [2025-11-17T04:02:44.382+0000] {dag.py:2742} INFO - Sync 1 DAGs
[2025-11-17T04:02:44.395+0000] {logging_mixin.py:150} INFO - [2025-11-17T04:02:44.395+0000] {dag.py:3504} INFO - Setting next_dagrun for latest_only to 2025-11-17T00:02:44.395611+00:00, run_after=2025-11-17T04:02:44.395611+00:00
[2025-11-17T04:02:44.410+0000] {processor.py:179} INFO - Processing /home/vscode/.local/lib/python3.10/site-packages/airflow/example_dags/example_latest_only.py took 0.047 seconds
[2025-11-17T04:03:28.291+0000] {processor.py:157} INFO - Started process (PID=23882) to work on /home/vscode/.local/lib/python3.10/site-packages/airflow/example_dags/example_latest_only.py
[2025-11-17T04:03:28.291+0000] {processor.py:826} INFO - Processing file /home/vscode/.local/lib/python3.10/site-packages/airflow/example_dags/example_latest_only.py for tasks to queue
[2025-11-17T04:03:28.292+0000] {logging_mixin.py:150} INFO - [2025-11-17T04:03:28.292+0000] {dagbag.py:541} INFO - Filling up the DagBag from /home/vscode/.local/lib/python3.10/site-packages/airflow/example_dags/example_latest_only.py
[2025-11-17T04:03:28.296+0000] {processor.py:836} INFO - DAG(s) dict_keys(['latest_only']) retrieved from /home/vscode/.local/lib/python3.10/site-packages/airflow/example_dags/example_latest_only.py
[2025-11-17T04:03:28.307+0000] {logging_mixin.py:150} INFO - [2025-11-17T04:03:28.307+0000] {dag.py:2742} INFO - Sync 1 DAGs
[2025-11-17T04:03:28.320+0000] {logging_mixin.py:150} INFO - [2025-11-17T04:03:28.320+0000] {dag.py:3504} INFO - Setting next_dagrun for latest_only to 2025-11-17T00:03:28.319930+00:00, run_after=2025-11-17T04:03:28.319930+00:00
[2025-11-17T04:03:28.334+0000] {processor.py:179} INFO - Processing /home/vscode/.local/lib/python3.10/site-packages/airflow/example_dags/example_latest_only.py took 0.045 seconds
[2025-11-17T04:04:13.664+0000] {processor.py:157} INFO - Started process (PID=24183) to work on /home/vscode/.local/lib/python3.10/site-packages/airflow/example_dags/example_latest_only.py
[2025-11-17T04:04:13.664+0000] {processor.py:826} INFO - Processing file /home/vscode/.local/lib/python3.10/site-packages/airflow/example_dags/example_latest_only.py for tasks to queue
[2025-11-17T04:04:13.665+0000] {logging_mixin.py:150} INFO - [2025-11-17T04:04:13.665+0000] {dagbag.py:541} INFO - Filling up the DagBag from /home/vscode/.local/lib/python3.10/site-packages/airflow/example_dags/example_latest_only.py
[2025-11-17T04:04:13.669+0000] {processor.py:836} INFO - DAG(s) dict_keys(['latest_only']) retrieved from /home/vscode/.local/lib/python3.10/site-packages/airflow/example_dags/example_latest_only.py
[2025-11-17T04:04:13.680+0000] {logging_mixin.py:150} INFO - [2025-11-17T04:04:13.680+0000] {dag.py:2742} INFO - Sync 1 DAGs
[2025-11-17T04:04:13.694+0000] {logging_mixin.py:150} INFO - [2025-11-17T04:04:13.694+0000] {dag.py:3504} INFO - Setting next_dagrun for latest_only to 2025-11-17T00:04:13.694282+00:00, run_after=2025-11-17T04:04:13.694282+00:00
[2025-11-17T04:04:13.708+0000] {processor.py:179} INFO - Processing /home/vscode/.local/lib/python3.10/site-packages/airflow/example_dags/example_latest_only.py took 0.047 seconds
[2025-11-17T04:04:58.970+0000] {processor.py:157} INFO - Started process (PID=24499) to work on /home/vscode/.local/lib/python3.10/site-packages/airflow/example_dags/example_latest_only.py
[2025-11-17T04:04:58.971+0000] {processor.py:826} INFO - Processing file /home/vscode/.local/lib/python3.10/site-packages/airflow/example_dags/example_latest_only.py for tasks to queue
[2025-11-17T04:04:58.971+0000] {logging_mixin.py:150} INFO - [2025-11-17T04:04:58.971+0000] {dagbag.py:541} INFO - Filling up the DagBag from /home/vscode/.local/lib/python3.10/site-packages/airflow/example_dags/example_latest_only.py
[2025-11-17T04:04:58.975+0000] {processor.py:836} INFO - DAG(s) dict_keys(['latest_only']) retrieved from /home/vscode/.local/lib/python3.10/site-packages/airflow/example_dags/example_latest_only.py
[2025-11-17T04:04:58.986+0000] {logging_mixin.py:150} INFO - [2025-11-17T04:04:58.986+0000] {dag.py:2742} INFO - Sync 1 DAGs
[2025-11-17T04:04:58.999+0000] {logging_mixin.py:150} INFO - [2025-11-17T04:04:58.999+0000] {dag.py:3504} INFO - Setting next_dagrun for latest_only to 2025-11-17T00:04:58.999196+00:00, run_after=2025-11-17T04:04:58.999196+00:00
[2025-11-17T04:04:59.013+0000] {processor.py:179} INFO - Processing /home/vscode/.local/lib/python3.10/site-packages/airflow/example_dags/example_latest_only.py took 0.045 seconds
[2025-11-17T04:05:41.540+0000] {processor.py:157} INFO - Started process (PID=24813) to work on /home/vscode/.local/lib/python3.10/site-packages/airflow/example_dags/example_latest_only.py
[2025-11-17T04:05:41.540+0000] {processor.py:826} INFO - Processing file /home/vscode/.local/lib/python3.10/site-packages/airflow/example_dags/example_latest_only.py for tasks to queue
[2025-11-17T04:05:41.541+0000] {logging_mixin.py:150} INFO - [2025-11-17T04:05:41.540+0000] {dagbag.py:541} INFO - Filling up the DagBag from /home/vscode/.local/lib/python3.10/site-packages/airflow/example_dags/example_latest_only.py
[2025-11-17T04:05:41.545+0000] {processor.py:836} INFO - DAG(s) dict_keys(['latest_only']) retrieved from /home/vscode/.local/lib/python3.10/site-packages/airflow/example_dags/example_latest_only.py
[2025-11-17T04:05:41.555+0000] {logging_mixin.py:150} INFO - [2025-11-17T04:05:41.555+0000] {dag.py:2742} INFO - Sync 1 DAGs
[2025-11-17T04:05:41.568+0000] {logging_mixin.py:150} INFO - [2025-11-17T04:05:41.568+0000] {dag.py:3504} INFO - Setting next_dagrun for latest_only to 2025-11-17T00:05:41.567989+00:00, run_after=2025-11-17T04:05:41.567989+00:00
[2025-11-17T04:05:41.581+0000] {processor.py:179} INFO - Processing /home/vscode/.local/lib/python3.10/site-packages/airflow/example_dags/example_latest_only.py took 0.044 seconds
[2025-11-17T04:06:27.780+0000] {processor.py:157} INFO - Started process (PID=25162) to work on /home/vscode/.local/lib/python3.10/site-packages/airflow/example_dags/example_latest_only.py
[2025-11-17T04:06:27.781+0000] {processor.py:826} INFO - Processing file /home/vscode/.local/lib/python3.10/site-packages/airflow/example_dags/example_latest_only.py for tasks to queue
[2025-11-17T04:06:27.782+0000] {logging_mixin.py:150} INFO - [2025-11-17T04:06:27.781+0000] {dagbag.py:541} INFO - Filling up the DagBag from /home/vscode/.local/lib/python3.10/site-packages/airflow/example_dags/example_latest_only.py
[2025-11-17T04:06:27.786+0000] {processor.py:836} INFO - DAG(s) dict_keys(['latest_only']) retrieved from /home/vscode/.local/lib/python3.10/site-packages/airflow/example_dags/example_latest_only.py
[2025-11-17T04:06:27.799+0000] {logging_mixin.py:150} INFO - [2025-11-17T04:06:27.799+0000] {dag.py:2742} INFO - Sync 1 DAGs
[2025-11-17T04:06:27.818+0000] {logging_mixin.py:150} INFO - [2025-11-17T04:06:27.818+0000] {dag.py:3504} INFO - Setting next_dagrun for latest_only to 2025-11-17T00:06:27.818126+00:00, run_after=2025-11-17T04:06:27.818126+00:00
[2025-11-17T04:06:27.840+0000] {processor.py:179} INFO - Processing /home/vscode/.local/lib/python3.10/site-packages/airflow/example_dags/example_latest_only.py took 0.061 seconds
[2025-11-17T04:07:11.165+0000] {processor.py:157} INFO - Started process (PID=25497) to work on /home/vscode/.local/lib/python3.10/site-packages/airflow/example_dags/example_latest_only.py
[2025-11-17T04:07:11.165+0000] {processor.py:826} INFO - Processing file /home/vscode/.local/lib/python3.10/site-packages/airflow/example_dags/example_latest_only.py for tasks to queue
[2025-11-17T04:07:11.166+0000] {logging_mixin.py:150} INFO - [2025-11-17T04:07:11.165+0000] {dagbag.py:541} INFO - Filling up the DagBag from /home/vscode/.local/lib/python3.10/site-packages/airflow/example_dags/example_latest_only.py
[2025-11-17T04:07:11.170+0000] {processor.py:836} INFO - DAG(s) dict_keys(['latest_only']) retrieved from /home/vscode/.local/lib/python3.10/site-packages/airflow/example_dags/example_latest_only.py
[2025-11-17T04:07:11.181+0000] {logging_mixin.py:150} INFO - [2025-11-17T04:07:11.181+0000] {dag.py:2742} INFO - Sync 1 DAGs
[2025-11-17T04:07:11.205+0000] {logging_mixin.py:150} INFO - [2025-11-17T04:07:11.205+0000] {dag.py:3504} INFO - Setting next_dagrun for latest_only to 2025-11-17T00:07:11.205276+00:00, run_after=2025-11-17T04:07:11.205276+00:00
[2025-11-17T04:07:11.229+0000] {processor.py:179} INFO - Processing /home/vscode/.local/lib/python3.10/site-packages/airflow/example_dags/example_latest_only.py took 0.066 seconds
[2025-11-17T04:07:53.900+0000] {processor.py:157} INFO - Started process (PID=25788) to work on /home/vscode/.local/lib/python3.10/site-packages/airflow/example_dags/example_latest_only.py
[2025-11-17T04:07:54.556+0000] {processor.py:826} INFO - Processing file /home/vscode/.local/lib/python3.10/site-packages/airflow/example_dags/example_latest_only.py for tasks to queue
[2025-11-17T04:07:54.557+0000] {logging_mixin.py:150} INFO - [2025-11-17T04:07:54.557+0000] {dagbag.py:541} INFO - Filling up the DagBag from /home/vscode/.local/lib/python3.10/site-packages/airflow/example_dags/example_latest_only.py
[2025-11-17T04:07:54.562+0000] {processor.py:836} INFO - DAG(s) dict_keys(['latest_only']) retrieved from /home/vscode/.local/lib/python3.10/site-packages/airflow/example_dags/example_latest_only.py
[2025-11-17T04:07:54.575+0000] {logging_mixin.py:150} INFO - [2025-11-17T04:07:54.575+0000] {dag.py:2742} INFO - Sync 1 DAGs
[2025-11-17T04:07:54.590+0000] {logging_mixin.py:150} INFO - [2025-11-17T04:07:54.589+0000] {dag.py:3504} INFO - Setting next_dagrun for latest_only to 2025-11-17T00:07:54.589789+00:00, run_after=2025-11-17T04:07:54.589789+00:00
[2025-11-17T04:07:54.636+0000] {processor.py:179} INFO - Processing /home/vscode/.local/lib/python3.10/site-packages/airflow/example_dags/example_latest_only.py took 0.738 seconds
[2025-11-17T04:08:38.552+0000] {processor.py:157} INFO - Started process (PID=26171) to work on /home/vscode/.local/lib/python3.10/site-packages/airflow/example_dags/example_latest_only.py
[2025-11-17T04:08:38.553+0000] {processor.py:826} INFO - Processing file /home/vscode/.local/lib/python3.10/site-packages/airflow/example_dags/example_latest_only.py for tasks to queue
[2025-11-17T04:08:38.553+0000] {logging_mixin.py:150} INFO - [2025-11-17T04:08:38.553+0000] {dagbag.py:541} INFO - Filling up the DagBag from /home/vscode/.local/lib/python3.10/site-packages/airflow/example_dags/example_latest_only.py
[2025-11-17T04:08:38.558+0000] {processor.py:836} INFO - DAG(s) dict_keys(['latest_only']) retrieved from /home/vscode/.local/lib/python3.10/site-packages/airflow/example_dags/example_latest_only.py
[2025-11-17T04:08:38.568+0000] {logging_mixin.py:150} INFO - [2025-11-17T04:08:38.568+0000] {dag.py:2742} INFO - Sync 1 DAGs
[2025-11-17T04:08:38.582+0000] {logging_mixin.py:150} INFO - [2025-11-17T04:08:38.581+0000] {dag.py:3504} INFO - Setting next_dagrun for latest_only to 2025-11-17T00:08:38.581840+00:00, run_after=2025-11-17T04:08:38.581840+00:00
[2025-11-17T04:08:38.596+0000] {processor.py:179} INFO - Processing /home/vscode/.local/lib/python3.10/site-packages/airflow/example_dags/example_latest_only.py took 0.046 seconds
[2025-11-17T04:09:20.900+0000] {processor.py:157} INFO - Started process (PID=26488) to work on /home/vscode/.local/lib/python3.10/site-packages/airflow/example_dags/example_latest_only.py
[2025-11-17T04:09:20.901+0000] {processor.py:826} INFO - Processing file /home/vscode/.local/lib/python3.10/site-packages/airflow/example_dags/example_latest_only.py for tasks to queue
[2025-11-17T04:09:20.901+0000] {logging_mixin.py:150} INFO - [2025-11-17T04:09:20.901+0000] {dagbag.py:541} INFO - Filling up the DagBag from /home/vscode/.local/lib/python3.10/site-packages/airflow/example_dags/example_latest_only.py
[2025-11-17T04:09:20.906+0000] {processor.py:836} INFO - DAG(s) dict_keys(['latest_only']) retrieved from /home/vscode/.local/lib/python3.10/site-packages/airflow/example_dags/example_latest_only.py
[2025-11-17T04:09:20.916+0000] {logging_mixin.py:150} INFO - [2025-11-17T04:09:20.915+0000] {dag.py:2742} INFO - Sync 1 DAGs
[2025-11-17T04:09:20.929+0000] {logging_mixin.py:150} INFO - [2025-11-17T04:09:20.929+0000] {dag.py:3504} INFO - Setting next_dagrun for latest_only to 2025-11-17T00:09:20.929185+00:00, run_after=2025-11-17T04:09:20.929185+00:00
[2025-11-17T04:09:20.943+0000] {processor.py:179} INFO - Processing /home/vscode/.local/lib/python3.10/site-packages/airflow/example_dags/example_latest_only.py took 0.045 seconds
[2025-11-17T04:10:03.072+0000] {processor.py:157} INFO - Started process (PID=26782) to work on /home/vscode/.local/lib/python3.10/site-packages/airflow/example_dags/example_latest_only.py
[2025-11-17T04:10:03.072+0000] {processor.py:826} INFO - Processing file /home/vscode/.local/lib/python3.10/site-packages/airflow/example_dags/example_latest_only.py for tasks to queue
[2025-11-17T04:10:03.073+0000] {logging_mixin.py:150} INFO - [2025-11-17T04:10:03.073+0000] {dagbag.py:541} INFO - Filling up the DagBag from /home/vscode/.local/lib/python3.10/site-packages/airflow/example_dags/example_latest_only.py
[2025-11-17T04:10:03.077+0000] {processor.py:836} INFO - DAG(s) dict_keys(['latest_only']) retrieved from /home/vscode/.local/lib/python3.10/site-packages/airflow/example_dags/example_latest_only.py
[2025-11-17T04:10:03.087+0000] {logging_mixin.py:150} INFO - [2025-11-17T04:10:03.087+0000] {dag.py:2742} INFO - Sync 1 DAGs
[2025-11-17T04:10:03.101+0000] {logging_mixin.py:150} INFO - [2025-11-17T04:10:03.101+0000] {dag.py:3504} INFO - Setting next_dagrun for latest_only to 2025-11-17T00:10:03.101320+00:00, run_after=2025-11-17T04:10:03.101320+00:00
[2025-11-17T04:10:03.117+0000] {processor.py:179} INFO - Processing /home/vscode/.local/lib/python3.10/site-packages/airflow/example_dags/example_latest_only.py took 0.048 seconds
[2025-11-17T04:10:44.922+0000] {processor.py:157} INFO - Started process (PID=27062) to work on /home/vscode/.local/lib/python3.10/site-packages/airflow/example_dags/example_latest_only.py
[2025-11-17T04:10:44.923+0000] {processor.py:826} INFO - Processing file /home/vscode/.local/lib/python3.10/site-packages/airflow/example_dags/example_latest_only.py for tasks to queue
[2025-11-17T04:10:44.923+0000] {logging_mixin.py:150} INFO - [2025-11-17T04:10:44.923+0000] {dagbag.py:541} INFO - Filling up the DagBag from /home/vscode/.local/lib/python3.10/site-packages/airflow/example_dags/example_latest_only.py
[2025-11-17T04:10:44.927+0000] {processor.py:836} INFO - DAG(s) dict_keys(['latest_only']) retrieved from /home/vscode/.local/lib/python3.10/site-packages/airflow/example_dags/example_latest_only.py
[2025-11-17T04:10:44.939+0000] {logging_mixin.py:150} INFO - [2025-11-17T04:10:44.939+0000] {dag.py:2742} INFO - Sync 1 DAGs
[2025-11-17T04:10:44.953+0000] {logging_mixin.py:150} INFO - [2025-11-17T04:10:44.953+0000] {dag.py:3504} INFO - Setting next_dagrun for latest_only to 2025-11-17T00:10:44.953147+00:00, run_after=2025-11-17T04:10:44.953147+00:00
[2025-11-17T04:10:44.969+0000] {processor.py:179} INFO - Processing /home/vscode/.local/lib/python3.10/site-packages/airflow/example_dags/example_latest_only.py took 0.049 seconds
[2025-11-17T04:11:25.258+0000] {processor.py:157} INFO - Started process (PID=27334) to work on /home/vscode/.local/lib/python3.10/site-packages/airflow/example_dags/example_latest_only.py
[2025-11-17T04:11:25.259+0000] {processor.py:826} INFO - Processing file /home/vscode/.local/lib/python3.10/site-packages/airflow/example_dags/example_latest_only.py for tasks to queue
[2025-11-17T04:11:25.259+0000] {logging_mixin.py:150} INFO - [2025-11-17T04:11:25.259+0000] {dagbag.py:541} INFO - Filling up the DagBag from /home/vscode/.local/lib/python3.10/site-packages/airflow/example_dags/example_latest_only.py
[2025-11-17T04:11:25.263+0000] {processor.py:836} INFO - DAG(s) dict_keys(['latest_only']) retrieved from /home/vscode/.local/lib/python3.10/site-packages/airflow/example_dags/example_latest_only.py
[2025-11-17T04:11:25.274+0000] {logging_mixin.py:150} INFO - [2025-11-17T04:11:25.273+0000] {dag.py:2742} INFO - Sync 1 DAGs
[2025-11-17T04:11:25.287+0000] {logging_mixin.py:150} INFO - [2025-11-17T04:11:25.287+0000] {dag.py:3504} INFO - Setting next_dagrun for latest_only to 2025-11-17T00:11:25.287068+00:00, run_after=2025-11-17T04:11:25.287068+00:00
[2025-11-17T04:11:25.301+0000] {processor.py:179} INFO - Processing /home/vscode/.local/lib/python3.10/site-packages/airflow/example_dags/example_latest_only.py took 0.044 seconds
[2025-11-17T04:12:08.065+0000] {processor.py:157} INFO - Started process (PID=27629) to work on /home/vscode/.local/lib/python3.10/site-packages/airflow/example_dags/example_latest_only.py
[2025-11-17T04:12:08.066+0000] {processor.py:826} INFO - Processing file /home/vscode/.local/lib/python3.10/site-packages/airflow/example_dags/example_latest_only.py for tasks to queue
[2025-11-17T04:12:08.067+0000] {logging_mixin.py:150} INFO - [2025-11-17T04:12:08.066+0000] {dagbag.py:541} INFO - Filling up the DagBag from /home/vscode/.local/lib/python3.10/site-packages/airflow/example_dags/example_latest_only.py
[2025-11-17T04:12:08.071+0000] {processor.py:836} INFO - DAG(s) dict_keys(['latest_only']) retrieved from /home/vscode/.local/lib/python3.10/site-packages/airflow/example_dags/example_latest_only.py
[2025-11-17T04:12:08.083+0000] {logging_mixin.py:150} INFO - [2025-11-17T04:12:08.083+0000] {dag.py:2742} INFO - Sync 1 DAGs
[2025-11-17T04:12:08.102+0000] {logging_mixin.py:150} INFO - [2025-11-17T04:12:08.102+0000] {dag.py:3504} INFO - Setting next_dagrun for latest_only to 2025-11-17T00:12:08.102563+00:00, run_after=2025-11-17T04:12:08.102563+00:00
[2025-11-17T04:12:08.122+0000] {processor.py:179} INFO - Processing /home/vscode/.local/lib/python3.10/site-packages/airflow/example_dags/example_latest_only.py took 0.059 seconds
[2025-11-17T04:12:52.601+0000] {processor.py:157} INFO - Started process (PID=27948) to work on /home/vscode/.local/lib/python3.10/site-packages/airflow/example_dags/example_latest_only.py
[2025-11-17T04:12:52.602+0000] {processor.py:826} INFO - Processing file /home/vscode/.local/lib/python3.10/site-packages/airflow/example_dags/example_latest_only.py for tasks to queue
[2025-11-17T04:12:52.603+0000] {logging_mixin.py:150} INFO - [2025-11-17T04:12:52.603+0000] {dagbag.py:541} INFO - Filling up the DagBag from /home/vscode/.local/lib/python3.10/site-packages/airflow/example_dags/example_latest_only.py
[2025-11-17T04:12:52.611+0000] {processor.py:836} INFO - DAG(s) dict_keys(['latest_only']) retrieved from /home/vscode/.local/lib/python3.10/site-packages/airflow/example_dags/example_latest_only.py
[2025-11-17T04:12:52.635+0000] {logging_mixin.py:150} INFO - [2025-11-17T04:12:52.635+0000] {dag.py:2742} INFO - Sync 1 DAGs
[2025-11-17T04:12:52.676+0000] {logging_mixin.py:150} INFO - [2025-11-17T04:12:52.676+0000] {dag.py:3504} INFO - Setting next_dagrun for latest_only to 2025-11-17T00:12:52.676422+00:00, run_after=2025-11-17T04:12:52.676422+00:00
[2025-11-17T04:12:52.721+0000] {processor.py:179} INFO - Processing /home/vscode/.local/lib/python3.10/site-packages/airflow/example_dags/example_latest_only.py took 0.125 seconds
[2025-11-17T04:13:47.300+0000] {processor.py:157} INFO - Started process (PID=28377) to work on /home/vscode/.local/lib/python3.10/site-packages/airflow/example_dags/example_latest_only.py
[2025-11-17T04:13:47.301+0000] {processor.py:826} INFO - Processing file /home/vscode/.local/lib/python3.10/site-packages/airflow/example_dags/example_latest_only.py for tasks to queue
[2025-11-17T04:13:47.302+0000] {logging_mixin.py:150} INFO - [2025-11-17T04:13:47.301+0000] {dagbag.py:541} INFO - Filling up the DagBag from /home/vscode/.local/lib/python3.10/site-packages/airflow/example_dags/example_latest_only.py
[2025-11-17T04:13:47.306+0000] {processor.py:836} INFO - DAG(s) dict_keys(['latest_only']) retrieved from /home/vscode/.local/lib/python3.10/site-packages/airflow/example_dags/example_latest_only.py
[2025-11-17T04:13:47.316+0000] {logging_mixin.py:150} INFO - [2025-11-17T04:13:47.316+0000] {dag.py:2742} INFO - Sync 1 DAGs
[2025-11-17T04:13:47.329+0000] {logging_mixin.py:150} INFO - [2025-11-17T04:13:47.329+0000] {dag.py:3504} INFO - Setting next_dagrun for latest_only to 2025-11-17T00:13:47.328998+00:00, run_after=2025-11-17T04:13:47.328998+00:00
[2025-11-17T04:13:47.343+0000] {processor.py:179} INFO - Processing /home/vscode/.local/lib/python3.10/site-packages/airflow/example_dags/example_latest_only.py took 0.045 seconds
[2025-11-17T04:14:36.564+0000] {processor.py:157} INFO - Started process (PID=28711) to work on /home/vscode/.local/lib/python3.10/site-packages/airflow/example_dags/example_latest_only.py
[2025-11-17T04:14:36.565+0000] {processor.py:826} INFO - Processing file /home/vscode/.local/lib/python3.10/site-packages/airflow/example_dags/example_latest_only.py for tasks to queue
[2025-11-17T04:14:36.565+0000] {logging_mixin.py:150} INFO - [2025-11-17T04:14:36.565+0000] {dagbag.py:541} INFO - Filling up the DagBag from /home/vscode/.local/lib/python3.10/site-packages/airflow/example_dags/example_latest_only.py
[2025-11-17T04:14:36.570+0000] {processor.py:836} INFO - DAG(s) dict_keys(['latest_only']) retrieved from /home/vscode/.local/lib/python3.10/site-packages/airflow/example_dags/example_latest_only.py
[2025-11-17T04:14:36.580+0000] {logging_mixin.py:150} INFO - [2025-11-17T04:14:36.580+0000] {dag.py:2742} INFO - Sync 1 DAGs
[2025-11-17T04:14:36.595+0000] {logging_mixin.py:150} INFO - [2025-11-17T04:14:36.594+0000] {dag.py:3504} INFO - Setting next_dagrun for latest_only to 2025-11-17T00:14:36.594818+00:00, run_after=2025-11-17T04:14:36.594818+00:00
[2025-11-17T04:14:36.610+0000] {processor.py:179} INFO - Processing /home/vscode/.local/lib/python3.10/site-packages/airflow/example_dags/example_latest_only.py took 0.048 seconds
[2025-11-17T04:15:24.312+0000] {processor.py:157} INFO - Started process (PID=29175) to work on /home/vscode/.local/lib/python3.10/site-packages/airflow/example_dags/example_latest_only.py
[2025-11-17T04:15:24.313+0000] {processor.py:826} INFO - Processing file /home/vscode/.local/lib/python3.10/site-packages/airflow/example_dags/example_latest_only.py for tasks to queue
[2025-11-17T04:15:24.313+0000] {logging_mixin.py:150} INFO - [2025-11-17T04:15:24.313+0000] {dagbag.py:541} INFO - Filling up the DagBag from /home/vscode/.local/lib/python3.10/site-packages/airflow/example_dags/example_latest_only.py
[2025-11-17T04:15:24.317+0000] {processor.py:836} INFO - DAG(s) dict_keys(['latest_only']) retrieved from /home/vscode/.local/lib/python3.10/site-packages/airflow/example_dags/example_latest_only.py
[2025-11-17T04:15:24.328+0000] {logging_mixin.py:150} INFO - [2025-11-17T04:15:24.327+0000] {dag.py:2742} INFO - Sync 1 DAGs
[2025-11-17T04:15:24.341+0000] {logging_mixin.py:150} INFO - [2025-11-17T04:15:24.340+0000] {dag.py:3504} INFO - Setting next_dagrun for latest_only to 2025-11-17T00:15:24.340732+00:00, run_after=2025-11-17T04:15:24.340732+00:00
[2025-11-17T04:15:24.358+0000] {processor.py:179} INFO - Processing /home/vscode/.local/lib/python3.10/site-packages/airflow/example_dags/example_latest_only.py took 0.048 seconds
[2025-11-17T04:16:12.696+0000] {processor.py:157} INFO - Started process (PID=29548) to work on /home/vscode/.local/lib/python3.10/site-packages/airflow/example_dags/example_latest_only.py
[2025-11-17T04:16:12.696+0000] {processor.py:826} INFO - Processing file /home/vscode/.local/lib/python3.10/site-packages/airflow/example_dags/example_latest_only.py for tasks to queue
[2025-11-17T04:16:12.697+0000] {logging_mixin.py:150} INFO - [2025-11-17T04:16:12.697+0000] {dagbag.py:541} INFO - Filling up the DagBag from /home/vscode/.local/lib/python3.10/site-packages/airflow/example_dags/example_latest_only.py
[2025-11-17T04:16:12.701+0000] {processor.py:836} INFO - DAG(s) dict_keys(['latest_only']) retrieved from /home/vscode/.local/lib/python3.10/site-packages/airflow/example_dags/example_latest_only.py
[2025-11-17T04:16:12.711+0000] {logging_mixin.py:150} INFO - [2025-11-17T04:16:12.711+0000] {dag.py:2742} INFO - Sync 1 DAGs
[2025-11-17T04:16:12.725+0000] {logging_mixin.py:150} INFO - [2025-11-17T04:16:12.725+0000] {dag.py:3504} INFO - Setting next_dagrun for latest_only to 2025-11-17T00:16:12.725358+00:00, run_after=2025-11-17T04:16:12.725358+00:00
[2025-11-17T04:16:12.739+0000] {processor.py:179} INFO - Processing /home/vscode/.local/lib/python3.10/site-packages/airflow/example_dags/example_latest_only.py took 0.046 seconds
[2025-11-17T04:16:57.808+0000] {processor.py:157} INFO - Started process (PID=29917) to work on /home/vscode/.local/lib/python3.10/site-packages/airflow/example_dags/example_latest_only.py
[2025-11-17T04:16:57.808+0000] {processor.py:826} INFO - Processing file /home/vscode/.local/lib/python3.10/site-packages/airflow/example_dags/example_latest_only.py for tasks to queue
[2025-11-17T04:16:57.809+0000] {logging_mixin.py:150} INFO - [2025-11-17T04:16:57.809+0000] {dagbag.py:541} INFO - Filling up the DagBag from /home/vscode/.local/lib/python3.10/site-packages/airflow/example_dags/example_latest_only.py
[2025-11-17T04:16:57.813+0000] {processor.py:836} INFO - DAG(s) dict_keys(['latest_only']) retrieved from /home/vscode/.local/lib/python3.10/site-packages/airflow/example_dags/example_latest_only.py
[2025-11-17T04:16:57.823+0000] {logging_mixin.py:150} INFO - [2025-11-17T04:16:57.823+0000] {dag.py:2742} INFO - Sync 1 DAGs
[2025-11-17T04:16:57.836+0000] {logging_mixin.py:150} INFO - [2025-11-17T04:16:57.836+0000] {dag.py:3504} INFO - Setting next_dagrun for latest_only to 2025-11-17T00:16:57.836559+00:00, run_after=2025-11-17T04:16:57.836559+00:00
[2025-11-17T04:16:57.851+0000] {processor.py:179} INFO - Processing /home/vscode/.local/lib/python3.10/site-packages/airflow/example_dags/example_latest_only.py took 0.045 seconds
[2025-11-17T04:17:44.794+0000] {processor.py:157} INFO - Started process (PID=30236) to work on /home/vscode/.local/lib/python3.10/site-packages/airflow/example_dags/example_latest_only.py
[2025-11-17T04:17:44.795+0000] {processor.py:826} INFO - Processing file /home/vscode/.local/lib/python3.10/site-packages/airflow/example_dags/example_latest_only.py for tasks to queue
[2025-11-17T04:17:44.796+0000] {logging_mixin.py:150} INFO - [2025-11-17T04:17:44.795+0000] {dagbag.py:541} INFO - Filling up the DagBag from /home/vscode/.local/lib/python3.10/site-packages/airflow/example_dags/example_latest_only.py
[2025-11-17T04:17:44.800+0000] {processor.py:836} INFO - DAG(s) dict_keys(['latest_only']) retrieved from /home/vscode/.local/lib/python3.10/site-packages/airflow/example_dags/example_latest_only.py
[2025-11-17T04:17:44.810+0000] {logging_mixin.py:150} INFO - [2025-11-17T04:17:44.810+0000] {dag.py:2742} INFO - Sync 1 DAGs
[2025-11-17T04:17:44.823+0000] {logging_mixin.py:150} INFO - [2025-11-17T04:17:44.823+0000] {dag.py:3504} INFO - Setting next_dagrun for latest_only to 2025-11-17T00:17:44.822898+00:00, run_after=2025-11-17T04:17:44.822898+00:00
[2025-11-17T04:17:44.836+0000] {processor.py:179} INFO - Processing /home/vscode/.local/lib/python3.10/site-packages/airflow/example_dags/example_latest_only.py took 0.045 seconds
[2025-11-17T04:18:32.465+0000] {processor.py:157} INFO - Started process (PID=30606) to work on /home/vscode/.local/lib/python3.10/site-packages/airflow/example_dags/example_latest_only.py
[2025-11-17T04:18:32.466+0000] {processor.py:826} INFO - Processing file /home/vscode/.local/lib/python3.10/site-packages/airflow/example_dags/example_latest_only.py for tasks to queue
[2025-11-17T04:18:32.466+0000] {logging_mixin.py:150} INFO - [2025-11-17T04:18:32.466+0000] {dagbag.py:541} INFO - Filling up the DagBag from /home/vscode/.local/lib/python3.10/site-packages/airflow/example_dags/example_latest_only.py
[2025-11-17T04:18:32.470+0000] {processor.py:836} INFO - DAG(s) dict_keys(['latest_only']) retrieved from /home/vscode/.local/lib/python3.10/site-packages/airflow/example_dags/example_latest_only.py
[2025-11-17T04:18:32.481+0000] {logging_mixin.py:150} INFO - [2025-11-17T04:18:32.481+0000] {dag.py:2742} INFO - Sync 1 DAGs
[2025-11-17T04:18:32.494+0000] {logging_mixin.py:150} INFO - [2025-11-17T04:18:32.494+0000] {dag.py:3504} INFO - Setting next_dagrun for latest_only to 2025-11-17T00:18:32.494320+00:00, run_after=2025-11-17T04:18:32.494320+00:00
[2025-11-17T04:18:32.509+0000] {processor.py:179} INFO - Processing /home/vscode/.local/lib/python3.10/site-packages/airflow/example_dags/example_latest_only.py took 0.046 seconds
[2025-11-17T04:19:16.013+0000] {processor.py:157} INFO - Started process (PID=30961) to work on /home/vscode/.local/lib/python3.10/site-packages/airflow/example_dags/example_latest_only.py
[2025-11-17T04:19:16.014+0000] {processor.py:826} INFO - Processing file /home/vscode/.local/lib/python3.10/site-packages/airflow/example_dags/example_latest_only.py for tasks to queue
[2025-11-17T04:19:16.014+0000] {logging_mixin.py:150} INFO - [2025-11-17T04:19:16.014+0000] {dagbag.py:541} INFO - Filling up the DagBag from /home/vscode/.local/lib/python3.10/site-packages/airflow/example_dags/example_latest_only.py
[2025-11-17T04:19:16.018+0000] {processor.py:836} INFO - DAG(s) dict_keys(['latest_only']) retrieved from /home/vscode/.local/lib/python3.10/site-packages/airflow/example_dags/example_latest_only.py
[2025-11-17T04:19:16.028+0000] {logging_mixin.py:150} INFO - [2025-11-17T04:19:16.028+0000] {dag.py:2742} INFO - Sync 1 DAGs
[2025-11-17T04:19:16.041+0000] {logging_mixin.py:150} INFO - [2025-11-17T04:19:16.041+0000] {dag.py:3504} INFO - Setting next_dagrun for latest_only to 2025-11-17T00:19:16.041478+00:00, run_after=2025-11-17T04:19:16.041478+00:00
[2025-11-17T04:19:16.055+0000] {processor.py:179} INFO - Processing /home/vscode/.local/lib/python3.10/site-packages/airflow/example_dags/example_latest_only.py took 0.043 seconds
[2025-11-17T04:19:58.411+0000] {processor.py:157} INFO - Started process (PID=31305) to work on /home/vscode/.local/lib/python3.10/site-packages/airflow/example_dags/example_latest_only.py
[2025-11-17T04:19:58.412+0000] {processor.py:826} INFO - Processing file /home/vscode/.local/lib/python3.10/site-packages/airflow/example_dags/example_latest_only.py for tasks to queue
[2025-11-17T04:19:58.412+0000] {logging_mixin.py:150} INFO - [2025-11-17T04:19:58.412+0000] {dagbag.py:541} INFO - Filling up the DagBag from /home/vscode/.local/lib/python3.10/site-packages/airflow/example_dags/example_latest_only.py
[2025-11-17T04:19:58.417+0000] {processor.py:836} INFO - DAG(s) dict_keys(['latest_only']) retrieved from /home/vscode/.local/lib/python3.10/site-packages/airflow/example_dags/example_latest_only.py
[2025-11-17T04:19:58.428+0000] {logging_mixin.py:150} INFO - [2025-11-17T04:19:58.428+0000] {dag.py:2742} INFO - Sync 1 DAGs
[2025-11-17T04:19:58.443+0000] {logging_mixin.py:150} INFO - [2025-11-17T04:19:58.443+0000] {dag.py:3504} INFO - Setting next_dagrun for latest_only to 2025-11-17T00:19:58.443017+00:00, run_after=2025-11-17T04:19:58.443017+00:00
[2025-11-17T04:19:58.459+0000] {processor.py:179} INFO - Processing /home/vscode/.local/lib/python3.10/site-packages/airflow/example_dags/example_latest_only.py took 0.050 seconds
[2025-11-17T04:20:46.474+0000] {processor.py:157} INFO - Started process (PID=31753) to work on /home/vscode/.local/lib/python3.10/site-packages/airflow/example_dags/example_latest_only.py
[2025-11-17T04:20:46.475+0000] {processor.py:826} INFO - Processing file /home/vscode/.local/lib/python3.10/site-packages/airflow/example_dags/example_latest_only.py for tasks to queue
[2025-11-17T04:20:46.476+0000] {logging_mixin.py:150} INFO - [2025-11-17T04:20:46.475+0000] {dagbag.py:541} INFO - Filling up the DagBag from /home/vscode/.local/lib/python3.10/site-packages/airflow/example_dags/example_latest_only.py
[2025-11-17T04:20:46.480+0000] {processor.py:836} INFO - DAG(s) dict_keys(['latest_only']) retrieved from /home/vscode/.local/lib/python3.10/site-packages/airflow/example_dags/example_latest_only.py
[2025-11-17T04:20:46.490+0000] {logging_mixin.py:150} INFO - [2025-11-17T04:20:46.490+0000] {dag.py:2742} INFO - Sync 1 DAGs
[2025-11-17T04:20:46.503+0000] {logging_mixin.py:150} INFO - [2025-11-17T04:20:46.503+0000] {dag.py:3504} INFO - Setting next_dagrun for latest_only to 2025-11-17T00:20:46.503165+00:00, run_after=2025-11-17T04:20:46.503165+00:00
[2025-11-17T04:20:46.517+0000] {processor.py:179} INFO - Processing /home/vscode/.local/lib/python3.10/site-packages/airflow/example_dags/example_latest_only.py took 0.044 seconds
[2025-11-17T04:21:37.380+0000] {processor.py:157} INFO - Started process (PID=32087) to work on /home/vscode/.local/lib/python3.10/site-packages/airflow/example_dags/example_latest_only.py
[2025-11-17T04:21:37.381+0000] {processor.py:826} INFO - Processing file /home/vscode/.local/lib/python3.10/site-packages/airflow/example_dags/example_latest_only.py for tasks to queue
[2025-11-17T04:21:37.381+0000] {logging_mixin.py:150} INFO - [2025-11-17T04:21:37.381+0000] {dagbag.py:541} INFO - Filling up the DagBag from /home/vscode/.local/lib/python3.10/site-packages/airflow/example_dags/example_latest_only.py
[2025-11-17T04:21:37.386+0000] {processor.py:836} INFO - DAG(s) dict_keys(['latest_only']) retrieved from /home/vscode/.local/lib/python3.10/site-packages/airflow/example_dags/example_latest_only.py
[2025-11-17T04:21:37.398+0000] {logging_mixin.py:150} INFO - [2025-11-17T04:21:37.398+0000] {dag.py:2742} INFO - Sync 1 DAGs
[2025-11-17T04:21:37.412+0000] {logging_mixin.py:150} INFO - [2025-11-17T04:21:37.412+0000] {dag.py:3504} INFO - Setting next_dagrun for latest_only to 2025-11-17T00:21:37.412079+00:00, run_after=2025-11-17T04:21:37.412079+00:00
[2025-11-17T04:21:37.427+0000] {processor.py:179} INFO - Processing /home/vscode/.local/lib/python3.10/site-packages/airflow/example_dags/example_latest_only.py took 0.050 seconds
[2025-11-17T04:22:28.536+0000] {processor.py:157} INFO - Started process (PID=32431) to work on /home/vscode/.local/lib/python3.10/site-packages/airflow/example_dags/example_latest_only.py
[2025-11-17T04:22:28.537+0000] {processor.py:826} INFO - Processing file /home/vscode/.local/lib/python3.10/site-packages/airflow/example_dags/example_latest_only.py for tasks to queue
[2025-11-17T04:22:28.537+0000] {logging_mixin.py:150} INFO - [2025-11-17T04:22:28.537+0000] {dagbag.py:541} INFO - Filling up the DagBag from /home/vscode/.local/lib/python3.10/site-packages/airflow/example_dags/example_latest_only.py
[2025-11-17T04:22:28.542+0000] {processor.py:836} INFO - DAG(s) dict_keys(['latest_only']) retrieved from /home/vscode/.local/lib/python3.10/site-packages/airflow/example_dags/example_latest_only.py
[2025-11-17T04:22:28.553+0000] {logging_mixin.py:150} INFO - [2025-11-17T04:22:28.553+0000] {dag.py:2742} INFO - Sync 1 DAGs
[2025-11-17T04:22:28.567+0000] {logging_mixin.py:150} INFO - [2025-11-17T04:22:28.567+0000] {dag.py:3504} INFO - Setting next_dagrun for latest_only to 2025-11-17T00:22:28.567219+00:00, run_after=2025-11-17T04:22:28.567219+00:00
[2025-11-17T04:22:28.582+0000] {processor.py:179} INFO - Processing /home/vscode/.local/lib/python3.10/site-packages/airflow/example_dags/example_latest_only.py took 0.049 seconds
[2025-11-17T04:23:12.659+0000] {processor.py:157} INFO - Started process (PID=32786) to work on /home/vscode/.local/lib/python3.10/site-packages/airflow/example_dags/example_latest_only.py
[2025-11-17T04:23:12.659+0000] {processor.py:826} INFO - Processing file /home/vscode/.local/lib/python3.10/site-packages/airflow/example_dags/example_latest_only.py for tasks to queue
[2025-11-17T04:23:12.660+0000] {logging_mixin.py:150} INFO - [2025-11-17T04:23:12.659+0000] {dagbag.py:541} INFO - Filling up the DagBag from /home/vscode/.local/lib/python3.10/site-packages/airflow/example_dags/example_latest_only.py
[2025-11-17T04:23:12.664+0000] {processor.py:836} INFO - DAG(s) dict_keys(['latest_only']) retrieved from /home/vscode/.local/lib/python3.10/site-packages/airflow/example_dags/example_latest_only.py
[2025-11-17T04:23:12.675+0000] {logging_mixin.py:150} INFO - [2025-11-17T04:23:12.674+0000] {dag.py:2742} INFO - Sync 1 DAGs
[2025-11-17T04:23:12.688+0000] {logging_mixin.py:150} INFO - [2025-11-17T04:23:12.688+0000] {dag.py:3504} INFO - Setting next_dagrun for latest_only to 2025-11-17T00:23:12.688121+00:00, run_after=2025-11-17T04:23:12.688121+00:00
[2025-11-17T04:23:12.702+0000] {processor.py:179} INFO - Processing /home/vscode/.local/lib/python3.10/site-packages/airflow/example_dags/example_latest_only.py took 0.046 seconds
[2025-11-17T04:24:00.136+0000] {processor.py:157} INFO - Started process (PID=33197) to work on /home/vscode/.local/lib/python3.10/site-packages/airflow/example_dags/example_latest_only.py
[2025-11-17T04:24:00.137+0000] {processor.py:826} INFO - Processing file /home/vscode/.local/lib/python3.10/site-packages/airflow/example_dags/example_latest_only.py for tasks to queue
[2025-11-17T04:24:00.137+0000] {logging_mixin.py:150} INFO - [2025-11-17T04:24:00.137+0000] {dagbag.py:541} INFO - Filling up the DagBag from /home/vscode/.local/lib/python3.10/site-packages/airflow/example_dags/example_latest_only.py
[2025-11-17T04:24:00.142+0000] {processor.py:836} INFO - DAG(s) dict_keys(['latest_only']) retrieved from /home/vscode/.local/lib/python3.10/site-packages/airflow/example_dags/example_latest_only.py
[2025-11-17T04:24:00.152+0000] {logging_mixin.py:150} INFO - [2025-11-17T04:24:00.152+0000] {dag.py:2742} INFO - Sync 1 DAGs
[2025-11-17T04:24:00.166+0000] {logging_mixin.py:150} INFO - [2025-11-17T04:24:00.166+0000] {dag.py:3504} INFO - Setting next_dagrun for latest_only to 2025-11-17T00:24:00.166664+00:00, run_after=2025-11-17T04:24:00.166664+00:00
[2025-11-17T04:24:00.181+0000] {processor.py:179} INFO - Processing /home/vscode/.local/lib/python3.10/site-packages/airflow/example_dags/example_latest_only.py took 0.048 seconds
[2025-11-17T04:24:50.522+0000] {processor.py:157} INFO - Started process (PID=33629) to work on /home/vscode/.local/lib/python3.10/site-packages/airflow/example_dags/example_latest_only.py
[2025-11-17T04:24:50.523+0000] {processor.py:826} INFO - Processing file /home/vscode/.local/lib/python3.10/site-packages/airflow/example_dags/example_latest_only.py for tasks to queue
[2025-11-17T04:24:50.524+0000] {logging_mixin.py:150} INFO - [2025-11-17T04:24:50.524+0000] {dagbag.py:541} INFO - Filling up the DagBag from /home/vscode/.local/lib/python3.10/site-packages/airflow/example_dags/example_latest_only.py
[2025-11-17T04:24:50.529+0000] {processor.py:836} INFO - DAG(s) dict_keys(['latest_only']) retrieved from /home/vscode/.local/lib/python3.10/site-packages/airflow/example_dags/example_latest_only.py
[2025-11-17T04:24:50.543+0000] {logging_mixin.py:150} INFO - [2025-11-17T04:24:50.543+0000] {dag.py:2742} INFO - Sync 1 DAGs
[2025-11-17T04:24:50.560+0000] {logging_mixin.py:150} INFO - [2025-11-17T04:24:50.560+0000] {dag.py:3504} INFO - Setting next_dagrun for latest_only to 2025-11-17T00:24:50.560232+00:00, run_after=2025-11-17T04:24:50.560232+00:00
[2025-11-17T04:24:50.574+0000] {processor.py:179} INFO - Processing /home/vscode/.local/lib/python3.10/site-packages/airflow/example_dags/example_latest_only.py took 0.055 seconds
[2025-11-17T04:25:40.992+0000] {processor.py:157} INFO - Started process (PID=34050) to work on /home/vscode/.local/lib/python3.10/site-packages/airflow/example_dags/example_latest_only.py
[2025-11-17T04:25:40.992+0000] {processor.py:826} INFO - Processing file /home/vscode/.local/lib/python3.10/site-packages/airflow/example_dags/example_latest_only.py for tasks to queue
[2025-11-17T04:25:40.993+0000] {logging_mixin.py:150} INFO - [2025-11-17T04:25:40.993+0000] {dagbag.py:541} INFO - Filling up the DagBag from /home/vscode/.local/lib/python3.10/site-packages/airflow/example_dags/example_latest_only.py
[2025-11-17T04:25:40.998+0000] {processor.py:836} INFO - DAG(s) dict_keys(['latest_only']) retrieved from /home/vscode/.local/lib/python3.10/site-packages/airflow/example_dags/example_latest_only.py
[2025-11-17T04:25:41.008+0000] {logging_mixin.py:150} INFO - [2025-11-17T04:25:41.008+0000] {dag.py:2742} INFO - Sync 1 DAGs
[2025-11-17T04:25:41.022+0000] {logging_mixin.py:150} INFO - [2025-11-17T04:25:41.022+0000] {dag.py:3504} INFO - Setting next_dagrun for latest_only to 2025-11-17T00:25:41.021868+00:00, run_after=2025-11-17T04:25:41.021868+00:00
[2025-11-17T04:25:41.036+0000] {processor.py:179} INFO - Processing /home/vscode/.local/lib/python3.10/site-packages/airflow/example_dags/example_latest_only.py took 0.047 seconds
