[2025-11-17T03:52:56.579+0000] {processor.py:157} INFO - Started process (PID=19319) to work on /home/vscode/.local/lib/python3.10/site-packages/airflow/example_dags/example_sensors.py
[2025-11-17T03:52:56.579+0000] {processor.py:826} INFO - Processing file /home/vscode/.local/lib/python3.10/site-packages/airflow/example_dags/example_sensors.py for tasks to queue
[2025-11-17T03:52:56.580+0000] {logging_mixin.py:150} INFO - [2025-11-17T03:52:56.580+0000] {dagbag.py:541} INFO - Filling up the DagBag from /home/vscode/.local/lib/python3.10/site-packages/airflow/example_dags/example_sensors.py
[2025-11-17T03:52:56.586+0000] {processor.py:836} INFO - DAG(s) dict_keys(['example_sensors']) retrieved from /home/vscode/.local/lib/python3.10/site-packages/airflow/example_dags/example_sensors.py
[2025-11-17T03:52:56.658+0000] {logging_mixin.py:150} INFO - [2025-11-17T03:52:56.658+0000] {manager.py:504} INFO - Created Permission View: can delete on DAG:example_sensors
[2025-11-17T03:52:56.666+0000] {logging_mixin.py:150} INFO - [2025-11-17T03:52:56.666+0000] {manager.py:504} INFO - Created Permission View: can edit on DAG:example_sensors
[2025-11-17T03:52:56.671+0000] {logging_mixin.py:150} INFO - [2025-11-17T03:52:56.671+0000] {manager.py:504} INFO - Created Permission View: can read on DAG:example_sensors
[2025-11-17T03:52:56.678+0000] {logging_mixin.py:150} INFO - [2025-11-17T03:52:56.678+0000] {dag.py:2742} INFO - Sync 1 DAGs
[2025-11-17T03:52:56.685+0000] {logging_mixin.py:150} INFO - [2025-11-17T03:52:56.685+0000] {dag.py:2763} INFO - Creating ORM DAG for example_sensors
[2025-11-17T03:52:56.690+0000] {logging_mixin.py:150} INFO - [2025-11-17T03:52:56.690+0000] {dag.py:3504} INFO - Setting next_dagrun for example_sensors to None, run_after=None
[2025-11-17T03:52:56.705+0000] {processor.py:179} INFO - Processing /home/vscode/.local/lib/python3.10/site-packages/airflow/example_dags/example_sensors.py took 0.128 seconds
[2025-11-17T03:53:42.205+0000] {processor.py:157} INFO - Started process (PID=19615) to work on /home/vscode/.local/lib/python3.10/site-packages/airflow/example_dags/example_sensors.py
[2025-11-17T03:53:42.206+0000] {processor.py:826} INFO - Processing file /home/vscode/.local/lib/python3.10/site-packages/airflow/example_dags/example_sensors.py for tasks to queue
[2025-11-17T03:53:42.206+0000] {logging_mixin.py:150} INFO - [2025-11-17T03:53:42.206+0000] {dagbag.py:541} INFO - Filling up the DagBag from /home/vscode/.local/lib/python3.10/site-packages/airflow/example_dags/example_sensors.py
[2025-11-17T03:53:42.213+0000] {processor.py:836} INFO - DAG(s) dict_keys(['example_sensors']) retrieved from /home/vscode/.local/lib/python3.10/site-packages/airflow/example_dags/example_sensors.py
[2025-11-17T03:53:42.226+0000] {logging_mixin.py:150} INFO - [2025-11-17T03:53:42.226+0000] {dag.py:2742} INFO - Sync 1 DAGs
[2025-11-17T03:53:42.239+0000] {logging_mixin.py:150} INFO - [2025-11-17T03:53:42.239+0000] {dag.py:3504} INFO - Setting next_dagrun for example_sensors to None, run_after=None
[2025-11-17T03:53:42.253+0000] {processor.py:179} INFO - Processing /home/vscode/.local/lib/python3.10/site-packages/airflow/example_dags/example_sensors.py took 0.049 seconds
[2025-11-17T03:54:28.968+0000] {processor.py:157} INFO - Started process (PID=19930) to work on /home/vscode/.local/lib/python3.10/site-packages/airflow/example_dags/example_sensors.py
[2025-11-17T03:54:28.968+0000] {processor.py:826} INFO - Processing file /home/vscode/.local/lib/python3.10/site-packages/airflow/example_dags/example_sensors.py for tasks to queue
[2025-11-17T03:54:28.969+0000] {logging_mixin.py:150} INFO - [2025-11-17T03:54:28.969+0000] {dagbag.py:541} INFO - Filling up the DagBag from /home/vscode/.local/lib/python3.10/site-packages/airflow/example_dags/example_sensors.py
[2025-11-17T03:54:28.975+0000] {processor.py:836} INFO - DAG(s) dict_keys(['example_sensors']) retrieved from /home/vscode/.local/lib/python3.10/site-packages/airflow/example_dags/example_sensors.py
[2025-11-17T03:54:28.988+0000] {logging_mixin.py:150} INFO - [2025-11-17T03:54:28.988+0000] {dag.py:2742} INFO - Sync 1 DAGs
[2025-11-17T03:54:29.000+0000] {logging_mixin.py:150} INFO - [2025-11-17T03:54:29.000+0000] {dag.py:3504} INFO - Setting next_dagrun for example_sensors to None, run_after=None
[2025-11-17T03:54:29.018+0000] {processor.py:179} INFO - Processing /home/vscode/.local/lib/python3.10/site-packages/airflow/example_dags/example_sensors.py took 0.053 seconds
[2025-11-17T03:55:14.603+0000] {processor.py:157} INFO - Started process (PID=20327) to work on /home/vscode/.local/lib/python3.10/site-packages/airflow/example_dags/example_sensors.py
[2025-11-17T03:55:14.604+0000] {processor.py:826} INFO - Processing file /home/vscode/.local/lib/python3.10/site-packages/airflow/example_dags/example_sensors.py for tasks to queue
[2025-11-17T03:55:14.604+0000] {logging_mixin.py:150} INFO - [2025-11-17T03:55:14.604+0000] {dagbag.py:541} INFO - Filling up the DagBag from /home/vscode/.local/lib/python3.10/site-packages/airflow/example_dags/example_sensors.py
[2025-11-17T03:55:14.611+0000] {processor.py:836} INFO - DAG(s) dict_keys(['example_sensors']) retrieved from /home/vscode/.local/lib/python3.10/site-packages/airflow/example_dags/example_sensors.py
[2025-11-17T03:55:14.624+0000] {logging_mixin.py:150} INFO - [2025-11-17T03:55:14.624+0000] {dag.py:2742} INFO - Sync 1 DAGs
[2025-11-17T03:55:14.636+0000] {logging_mixin.py:150} INFO - [2025-11-17T03:55:14.636+0000] {dag.py:3504} INFO - Setting next_dagrun for example_sensors to None, run_after=None
[2025-11-17T03:55:14.654+0000] {processor.py:179} INFO - Processing /home/vscode/.local/lib/python3.10/site-packages/airflow/example_dags/example_sensors.py took 0.053 seconds
[2025-11-17T03:55:56.835+0000] {processor.py:157} INFO - Started process (PID=20852) to work on /home/vscode/.local/lib/python3.10/site-packages/airflow/example_dags/example_sensors.py
[2025-11-17T03:55:56.835+0000] {processor.py:826} INFO - Processing file /home/vscode/.local/lib/python3.10/site-packages/airflow/example_dags/example_sensors.py for tasks to queue
[2025-11-17T03:55:56.836+0000] {logging_mixin.py:150} INFO - [2025-11-17T03:55:56.836+0000] {dagbag.py:541} INFO - Filling up the DagBag from /home/vscode/.local/lib/python3.10/site-packages/airflow/example_dags/example_sensors.py
[2025-11-17T03:55:56.842+0000] {processor.py:836} INFO - DAG(s) dict_keys(['example_sensors']) retrieved from /home/vscode/.local/lib/python3.10/site-packages/airflow/example_dags/example_sensors.py
[2025-11-17T03:55:56.855+0000] {logging_mixin.py:150} INFO - [2025-11-17T03:55:56.855+0000] {dag.py:2742} INFO - Sync 1 DAGs
[2025-11-17T03:55:56.867+0000] {logging_mixin.py:150} INFO - [2025-11-17T03:55:56.867+0000] {dag.py:3504} INFO - Setting next_dagrun for example_sensors to None, run_after=None
[2025-11-17T03:55:56.880+0000] {processor.py:179} INFO - Processing /home/vscode/.local/lib/python3.10/site-packages/airflow/example_dags/example_sensors.py took 0.047 seconds
[2025-11-17T03:56:44.609+0000] {processor.py:157} INFO - Started process (PID=21174) to work on /home/vscode/.local/lib/python3.10/site-packages/airflow/example_dags/example_sensors.py
[2025-11-17T03:56:44.609+0000] {processor.py:826} INFO - Processing file /home/vscode/.local/lib/python3.10/site-packages/airflow/example_dags/example_sensors.py for tasks to queue
[2025-11-17T03:56:44.610+0000] {logging_mixin.py:150} INFO - [2025-11-17T03:56:44.610+0000] {dagbag.py:541} INFO - Filling up the DagBag from /home/vscode/.local/lib/python3.10/site-packages/airflow/example_dags/example_sensors.py
[2025-11-17T03:56:44.616+0000] {processor.py:836} INFO - DAG(s) dict_keys(['example_sensors']) retrieved from /home/vscode/.local/lib/python3.10/site-packages/airflow/example_dags/example_sensors.py
[2025-11-17T03:56:44.629+0000] {logging_mixin.py:150} INFO - [2025-11-17T03:56:44.629+0000] {dag.py:2742} INFO - Sync 1 DAGs
[2025-11-17T03:56:44.642+0000] {logging_mixin.py:150} INFO - [2025-11-17T03:56:44.642+0000] {dag.py:3504} INFO - Setting next_dagrun for example_sensors to None, run_after=None
[2025-11-17T03:56:44.655+0000] {processor.py:179} INFO - Processing /home/vscode/.local/lib/python3.10/site-packages/airflow/example_dags/example_sensors.py took 0.049 seconds
[2025-11-17T03:57:27.278+0000] {processor.py:157} INFO - Started process (PID=21467) to work on /home/vscode/.local/lib/python3.10/site-packages/airflow/example_dags/example_sensors.py
[2025-11-17T03:57:27.279+0000] {processor.py:826} INFO - Processing file /home/vscode/.local/lib/python3.10/site-packages/airflow/example_dags/example_sensors.py for tasks to queue
[2025-11-17T03:57:27.279+0000] {logging_mixin.py:150} INFO - [2025-11-17T03:57:27.279+0000] {dagbag.py:541} INFO - Filling up the DagBag from /home/vscode/.local/lib/python3.10/site-packages/airflow/example_dags/example_sensors.py
[2025-11-17T03:57:27.285+0000] {processor.py:836} INFO - DAG(s) dict_keys(['example_sensors']) retrieved from /home/vscode/.local/lib/python3.10/site-packages/airflow/example_dags/example_sensors.py
[2025-11-17T03:57:27.298+0000] {logging_mixin.py:150} INFO - [2025-11-17T03:57:27.298+0000] {dag.py:2742} INFO - Sync 1 DAGs
[2025-11-17T03:57:27.310+0000] {logging_mixin.py:150} INFO - [2025-11-17T03:57:27.310+0000] {dag.py:3504} INFO - Setting next_dagrun for example_sensors to None, run_after=None
[2025-11-17T03:57:27.324+0000] {processor.py:179} INFO - Processing /home/vscode/.local/lib/python3.10/site-packages/airflow/example_dags/example_sensors.py took 0.048 seconds
[2025-11-17T03:58:07.808+0000] {processor.py:157} INFO - Started process (PID=21741) to work on /home/vscode/.local/lib/python3.10/site-packages/airflow/example_dags/example_sensors.py
[2025-11-17T03:58:07.809+0000] {processor.py:826} INFO - Processing file /home/vscode/.local/lib/python3.10/site-packages/airflow/example_dags/example_sensors.py for tasks to queue
[2025-11-17T03:58:07.809+0000] {logging_mixin.py:150} INFO - [2025-11-17T03:58:07.809+0000] {dagbag.py:541} INFO - Filling up the DagBag from /home/vscode/.local/lib/python3.10/site-packages/airflow/example_dags/example_sensors.py
[2025-11-17T03:58:07.816+0000] {processor.py:836} INFO - DAG(s) dict_keys(['example_sensors']) retrieved from /home/vscode/.local/lib/python3.10/site-packages/airflow/example_dags/example_sensors.py
[2025-11-17T03:58:07.829+0000] {logging_mixin.py:150} INFO - [2025-11-17T03:58:07.829+0000] {dag.py:2742} INFO - Sync 1 DAGs
[2025-11-17T03:58:07.841+0000] {logging_mixin.py:150} INFO - [2025-11-17T03:58:07.841+0000] {dag.py:3504} INFO - Setting next_dagrun for example_sensors to None, run_after=None
[2025-11-17T03:58:07.854+0000] {processor.py:179} INFO - Processing /home/vscode/.local/lib/python3.10/site-packages/airflow/example_dags/example_sensors.py took 0.048 seconds
[2025-11-17T03:58:50.571+0000] {processor.py:157} INFO - Started process (PID=22021) to work on /home/vscode/.local/lib/python3.10/site-packages/airflow/example_dags/example_sensors.py
[2025-11-17T03:58:50.572+0000] {processor.py:826} INFO - Processing file /home/vscode/.local/lib/python3.10/site-packages/airflow/example_dags/example_sensors.py for tasks to queue
[2025-11-17T03:58:50.573+0000] {logging_mixin.py:150} INFO - [2025-11-17T03:58:50.572+0000] {dagbag.py:541} INFO - Filling up the DagBag from /home/vscode/.local/lib/python3.10/site-packages/airflow/example_dags/example_sensors.py
[2025-11-17T03:58:50.579+0000] {processor.py:836} INFO - DAG(s) dict_keys(['example_sensors']) retrieved from /home/vscode/.local/lib/python3.10/site-packages/airflow/example_dags/example_sensors.py
[2025-11-17T03:58:50.594+0000] {logging_mixin.py:150} INFO - [2025-11-17T03:58:50.594+0000] {dag.py:2742} INFO - Sync 1 DAGs
[2025-11-17T03:58:50.613+0000] {logging_mixin.py:150} INFO - [2025-11-17T03:58:50.613+0000] {dag.py:3504} INFO - Setting next_dagrun for example_sensors to None, run_after=None
[2025-11-17T03:58:50.646+0000] {processor.py:179} INFO - Processing /home/vscode/.local/lib/python3.10/site-packages/airflow/example_dags/example_sensors.py took 0.076 seconds
[2025-11-17T03:59:31.531+0000] {processor.py:157} INFO - Started process (PID=22296) to work on /home/vscode/.local/lib/python3.10/site-packages/airflow/example_dags/example_sensors.py
[2025-11-17T03:59:31.532+0000] {processor.py:826} INFO - Processing file /home/vscode/.local/lib/python3.10/site-packages/airflow/example_dags/example_sensors.py for tasks to queue
[2025-11-17T03:59:31.532+0000] {logging_mixin.py:150} INFO - [2025-11-17T03:59:31.532+0000] {dagbag.py:541} INFO - Filling up the DagBag from /home/vscode/.local/lib/python3.10/site-packages/airflow/example_dags/example_sensors.py
[2025-11-17T03:59:31.539+0000] {processor.py:836} INFO - DAG(s) dict_keys(['example_sensors']) retrieved from /home/vscode/.local/lib/python3.10/site-packages/airflow/example_dags/example_sensors.py
[2025-11-17T03:59:31.552+0000] {logging_mixin.py:150} INFO - [2025-11-17T03:59:31.551+0000] {dag.py:2742} INFO - Sync 1 DAGs
[2025-11-17T03:59:31.564+0000] {logging_mixin.py:150} INFO - [2025-11-17T03:59:31.564+0000] {dag.py:3504} INFO - Setting next_dagrun for example_sensors to None, run_after=None
[2025-11-17T03:59:31.577+0000] {processor.py:179} INFO - Processing /home/vscode/.local/lib/python3.10/site-packages/airflow/example_dags/example_sensors.py took 0.048 seconds
[2025-11-17T04:00:13.228+0000] {processor.py:157} INFO - Started process (PID=22579) to work on /home/vscode/.local/lib/python3.10/site-packages/airflow/example_dags/example_sensors.py
[2025-11-17T04:00:13.229+0000] {processor.py:826} INFO - Processing file /home/vscode/.local/lib/python3.10/site-packages/airflow/example_dags/example_sensors.py for tasks to queue
[2025-11-17T04:00:13.229+0000] {logging_mixin.py:150} INFO - [2025-11-17T04:00:13.229+0000] {dagbag.py:541} INFO - Filling up the DagBag from /home/vscode/.local/lib/python3.10/site-packages/airflow/example_dags/example_sensors.py
[2025-11-17T04:00:13.236+0000] {processor.py:836} INFO - DAG(s) dict_keys(['example_sensors']) retrieved from /home/vscode/.local/lib/python3.10/site-packages/airflow/example_dags/example_sensors.py
[2025-11-17T04:00:13.250+0000] {logging_mixin.py:150} INFO - [2025-11-17T04:00:13.249+0000] {dag.py:2742} INFO - Sync 1 DAGs
[2025-11-17T04:00:13.262+0000] {logging_mixin.py:150} INFO - [2025-11-17T04:00:13.262+0000] {dag.py:3504} INFO - Setting next_dagrun for example_sensors to None, run_after=None
[2025-11-17T04:00:13.276+0000] {processor.py:179} INFO - Processing /home/vscode/.local/lib/python3.10/site-packages/airflow/example_dags/example_sensors.py took 0.050 seconds
[2025-11-17T04:00:55.383+0000] {processor.py:157} INFO - Started process (PID=22852) to work on /home/vscode/.local/lib/python3.10/site-packages/airflow/example_dags/example_sensors.py
[2025-11-17T04:00:55.384+0000] {processor.py:826} INFO - Processing file /home/vscode/.local/lib/python3.10/site-packages/airflow/example_dags/example_sensors.py for tasks to queue
[2025-11-17T04:00:55.384+0000] {logging_mixin.py:150} INFO - [2025-11-17T04:00:55.384+0000] {dagbag.py:541} INFO - Filling up the DagBag from /home/vscode/.local/lib/python3.10/site-packages/airflow/example_dags/example_sensors.py
[2025-11-17T04:00:55.391+0000] {processor.py:836} INFO - DAG(s) dict_keys(['example_sensors']) retrieved from /home/vscode/.local/lib/python3.10/site-packages/airflow/example_dags/example_sensors.py
[2025-11-17T04:00:55.405+0000] {logging_mixin.py:150} INFO - [2025-11-17T04:00:55.405+0000] {dag.py:2742} INFO - Sync 1 DAGs
[2025-11-17T04:00:55.417+0000] {logging_mixin.py:150} INFO - [2025-11-17T04:00:55.417+0000] {dag.py:3504} INFO - Setting next_dagrun for example_sensors to None, run_after=None
[2025-11-17T04:00:55.431+0000] {processor.py:179} INFO - Processing /home/vscode/.local/lib/python3.10/site-packages/airflow/example_dags/example_sensors.py took 0.050 seconds
[2025-11-17T04:01:42.708+0000] {processor.py:157} INFO - Started process (PID=23176) to work on /home/vscode/.local/lib/python3.10/site-packages/airflow/example_dags/example_sensors.py
[2025-11-17T04:01:42.709+0000] {processor.py:826} INFO - Processing file /home/vscode/.local/lib/python3.10/site-packages/airflow/example_dags/example_sensors.py for tasks to queue
[2025-11-17T04:01:42.710+0000] {logging_mixin.py:150} INFO - [2025-11-17T04:01:42.709+0000] {dagbag.py:541} INFO - Filling up the DagBag from /home/vscode/.local/lib/python3.10/site-packages/airflow/example_dags/example_sensors.py
[2025-11-17T04:01:42.716+0000] {processor.py:836} INFO - DAG(s) dict_keys(['example_sensors']) retrieved from /home/vscode/.local/lib/python3.10/site-packages/airflow/example_dags/example_sensors.py
[2025-11-17T04:01:42.729+0000] {logging_mixin.py:150} INFO - [2025-11-17T04:01:42.729+0000] {dag.py:2742} INFO - Sync 1 DAGs
[2025-11-17T04:01:42.742+0000] {logging_mixin.py:150} INFO - [2025-11-17T04:01:42.742+0000] {dag.py:3504} INFO - Setting next_dagrun for example_sensors to None, run_after=None
[2025-11-17T04:01:42.755+0000] {processor.py:179} INFO - Processing /home/vscode/.local/lib/python3.10/site-packages/airflow/example_dags/example_sensors.py took 0.049 seconds
[2025-11-17T04:02:24.957+0000] {processor.py:157} INFO - Started process (PID=23462) to work on /home/vscode/.local/lib/python3.10/site-packages/airflow/example_dags/example_sensors.py
[2025-11-17T04:02:24.958+0000] {processor.py:826} INFO - Processing file /home/vscode/.local/lib/python3.10/site-packages/airflow/example_dags/example_sensors.py for tasks to queue
[2025-11-17T04:02:24.958+0000] {logging_mixin.py:150} INFO - [2025-11-17T04:02:24.958+0000] {dagbag.py:541} INFO - Filling up the DagBag from /home/vscode/.local/lib/python3.10/site-packages/airflow/example_dags/example_sensors.py
[2025-11-17T04:02:24.965+0000] {processor.py:836} INFO - DAG(s) dict_keys(['example_sensors']) retrieved from /home/vscode/.local/lib/python3.10/site-packages/airflow/example_dags/example_sensors.py
[2025-11-17T04:02:24.979+0000] {logging_mixin.py:150} INFO - [2025-11-17T04:02:24.979+0000] {dag.py:2742} INFO - Sync 1 DAGs
[2025-11-17T04:02:24.992+0000] {logging_mixin.py:150} INFO - [2025-11-17T04:02:24.992+0000] {dag.py:3504} INFO - Setting next_dagrun for example_sensors to None, run_after=None
[2025-11-17T04:02:25.006+0000] {processor.py:179} INFO - Processing /home/vscode/.local/lib/python3.10/site-packages/airflow/example_dags/example_sensors.py took 0.051 seconds
[2025-11-17T04:03:06.600+0000] {processor.py:157} INFO - Started process (PID=23732) to work on /home/vscode/.local/lib/python3.10/site-packages/airflow/example_dags/example_sensors.py
[2025-11-17T04:03:06.600+0000] {processor.py:826} INFO - Processing file /home/vscode/.local/lib/python3.10/site-packages/airflow/example_dags/example_sensors.py for tasks to queue
[2025-11-17T04:03:06.601+0000] {logging_mixin.py:150} INFO - [2025-11-17T04:03:06.601+0000] {dagbag.py:541} INFO - Filling up the DagBag from /home/vscode/.local/lib/python3.10/site-packages/airflow/example_dags/example_sensors.py
[2025-11-17T04:03:06.608+0000] {processor.py:836} INFO - DAG(s) dict_keys(['example_sensors']) retrieved from /home/vscode/.local/lib/python3.10/site-packages/airflow/example_dags/example_sensors.py
[2025-11-17T04:03:06.622+0000] {logging_mixin.py:150} INFO - [2025-11-17T04:03:06.622+0000] {dag.py:2742} INFO - Sync 1 DAGs
[2025-11-17T04:03:06.636+0000] {logging_mixin.py:150} INFO - [2025-11-17T04:03:06.635+0000] {dag.py:3504} INFO - Setting next_dagrun for example_sensors to None, run_after=None
[2025-11-17T04:03:06.650+0000] {processor.py:179} INFO - Processing /home/vscode/.local/lib/python3.10/site-packages/airflow/example_dags/example_sensors.py took 0.053 seconds
[2025-11-17T04:03:53.112+0000] {processor.py:157} INFO - Started process (PID=24047) to work on /home/vscode/.local/lib/python3.10/site-packages/airflow/example_dags/example_sensors.py
[2025-11-17T04:03:53.113+0000] {processor.py:826} INFO - Processing file /home/vscode/.local/lib/python3.10/site-packages/airflow/example_dags/example_sensors.py for tasks to queue
[2025-11-17T04:03:53.113+0000] {logging_mixin.py:150} INFO - [2025-11-17T04:03:53.113+0000] {dagbag.py:541} INFO - Filling up the DagBag from /home/vscode/.local/lib/python3.10/site-packages/airflow/example_dags/example_sensors.py
[2025-11-17T04:03:53.120+0000] {processor.py:836} INFO - DAG(s) dict_keys(['example_sensors']) retrieved from /home/vscode/.local/lib/python3.10/site-packages/airflow/example_dags/example_sensors.py
[2025-11-17T04:03:53.133+0000] {logging_mixin.py:150} INFO - [2025-11-17T04:03:53.133+0000] {dag.py:2742} INFO - Sync 1 DAGs
[2025-11-17T04:03:53.146+0000] {logging_mixin.py:150} INFO - [2025-11-17T04:03:53.145+0000] {dag.py:3504} INFO - Setting next_dagrun for example_sensors to None, run_after=None
[2025-11-17T04:03:53.160+0000] {processor.py:179} INFO - Processing /home/vscode/.local/lib/python3.10/site-packages/airflow/example_dags/example_sensors.py took 0.050 seconds
[2025-11-17T04:04:40.235+0000] {processor.py:157} INFO - Started process (PID=24358) to work on /home/vscode/.local/lib/python3.10/site-packages/airflow/example_dags/example_sensors.py
[2025-11-17T04:04:40.236+0000] {processor.py:826} INFO - Processing file /home/vscode/.local/lib/python3.10/site-packages/airflow/example_dags/example_sensors.py for tasks to queue
[2025-11-17T04:04:40.236+0000] {logging_mixin.py:150} INFO - [2025-11-17T04:04:40.236+0000] {dagbag.py:541} INFO - Filling up the DagBag from /home/vscode/.local/lib/python3.10/site-packages/airflow/example_dags/example_sensors.py
[2025-11-17T04:04:40.243+0000] {processor.py:836} INFO - DAG(s) dict_keys(['example_sensors']) retrieved from /home/vscode/.local/lib/python3.10/site-packages/airflow/example_dags/example_sensors.py
[2025-11-17T04:04:40.257+0000] {logging_mixin.py:150} INFO - [2025-11-17T04:04:40.257+0000] {dag.py:2742} INFO - Sync 1 DAGs
[2025-11-17T04:04:40.271+0000] {logging_mixin.py:150} INFO - [2025-11-17T04:04:40.270+0000] {dag.py:3504} INFO - Setting next_dagrun for example_sensors to None, run_after=None
[2025-11-17T04:04:40.286+0000] {processor.py:179} INFO - Processing /home/vscode/.local/lib/python3.10/site-packages/airflow/example_dags/example_sensors.py took 0.053 seconds
[2025-11-17T04:05:23.911+0000] {processor.py:157} INFO - Started process (PID=24666) to work on /home/vscode/.local/lib/python3.10/site-packages/airflow/example_dags/example_sensors.py
[2025-11-17T04:05:23.911+0000] {processor.py:826} INFO - Processing file /home/vscode/.local/lib/python3.10/site-packages/airflow/example_dags/example_sensors.py for tasks to queue
[2025-11-17T04:05:23.912+0000] {logging_mixin.py:150} INFO - [2025-11-17T04:05:23.912+0000] {dagbag.py:541} INFO - Filling up the DagBag from /home/vscode/.local/lib/python3.10/site-packages/airflow/example_dags/example_sensors.py
[2025-11-17T04:05:23.919+0000] {processor.py:836} INFO - DAG(s) dict_keys(['example_sensors']) retrieved from /home/vscode/.local/lib/python3.10/site-packages/airflow/example_dags/example_sensors.py
[2025-11-17T04:05:23.933+0000] {logging_mixin.py:150} INFO - [2025-11-17T04:05:23.933+0000] {dag.py:2742} INFO - Sync 1 DAGs
[2025-11-17T04:05:23.945+0000] {logging_mixin.py:150} INFO - [2025-11-17T04:05:23.945+0000] {dag.py:3504} INFO - Setting next_dagrun for example_sensors to None, run_after=None
[2025-11-17T04:05:23.960+0000] {processor.py:179} INFO - Processing /home/vscode/.local/lib/python3.10/site-packages/airflow/example_dags/example_sensors.py took 0.051 seconds
[2025-11-17T04:06:08.104+0000] {processor.py:157} INFO - Started process (PID=24991) to work on /home/vscode/.local/lib/python3.10/site-packages/airflow/example_dags/example_sensors.py
[2025-11-17T04:06:08.104+0000] {processor.py:826} INFO - Processing file /home/vscode/.local/lib/python3.10/site-packages/airflow/example_dags/example_sensors.py for tasks to queue
[2025-11-17T04:06:08.105+0000] {logging_mixin.py:150} INFO - [2025-11-17T04:06:08.105+0000] {dagbag.py:541} INFO - Filling up the DagBag from /home/vscode/.local/lib/python3.10/site-packages/airflow/example_dags/example_sensors.py
[2025-11-17T04:06:08.112+0000] {processor.py:836} INFO - DAG(s) dict_keys(['example_sensors']) retrieved from /home/vscode/.local/lib/python3.10/site-packages/airflow/example_dags/example_sensors.py
[2025-11-17T04:06:08.127+0000] {logging_mixin.py:150} INFO - [2025-11-17T04:06:08.126+0000] {dag.py:2742} INFO - Sync 1 DAGs
[2025-11-17T04:06:08.140+0000] {logging_mixin.py:150} INFO - [2025-11-17T04:06:08.140+0000] {dag.py:3504} INFO - Setting next_dagrun for example_sensors to None, run_after=None
[2025-11-17T04:06:08.155+0000] {processor.py:179} INFO - Processing /home/vscode/.local/lib/python3.10/site-packages/airflow/example_dags/example_sensors.py took 0.054 seconds
[2025-11-17T04:06:54.621+0000] {processor.py:157} INFO - Started process (PID=25381) to work on /home/vscode/.local/lib/python3.10/site-packages/airflow/example_dags/example_sensors.py
[2025-11-17T04:06:54.622+0000] {processor.py:826} INFO - Processing file /home/vscode/.local/lib/python3.10/site-packages/airflow/example_dags/example_sensors.py for tasks to queue
[2025-11-17T04:06:54.622+0000] {logging_mixin.py:150} INFO - [2025-11-17T04:06:54.622+0000] {dagbag.py:541} INFO - Filling up the DagBag from /home/vscode/.local/lib/python3.10/site-packages/airflow/example_dags/example_sensors.py
[2025-11-17T04:06:54.629+0000] {processor.py:836} INFO - DAG(s) dict_keys(['example_sensors']) retrieved from /home/vscode/.local/lib/python3.10/site-packages/airflow/example_dags/example_sensors.py
[2025-11-17T04:06:54.643+0000] {logging_mixin.py:150} INFO - [2025-11-17T04:06:54.643+0000] {dag.py:2742} INFO - Sync 1 DAGs
[2025-11-17T04:06:54.656+0000] {logging_mixin.py:150} INFO - [2025-11-17T04:06:54.656+0000] {dag.py:3504} INFO - Setting next_dagrun for example_sensors to None, run_after=None
[2025-11-17T04:06:54.670+0000] {processor.py:179} INFO - Processing /home/vscode/.local/lib/python3.10/site-packages/airflow/example_dags/example_sensors.py took 0.051 seconds
[2025-11-17T04:07:38.092+0000] {processor.py:157} INFO - Started process (PID=25675) to work on /home/vscode/.local/lib/python3.10/site-packages/airflow/example_dags/example_sensors.py
[2025-11-17T04:07:38.093+0000] {processor.py:826} INFO - Processing file /home/vscode/.local/lib/python3.10/site-packages/airflow/example_dags/example_sensors.py for tasks to queue
[2025-11-17T04:07:38.093+0000] {logging_mixin.py:150} INFO - [2025-11-17T04:07:38.093+0000] {dagbag.py:541} INFO - Filling up the DagBag from /home/vscode/.local/lib/python3.10/site-packages/airflow/example_dags/example_sensors.py
[2025-11-17T04:07:38.100+0000] {processor.py:836} INFO - DAG(s) dict_keys(['example_sensors']) retrieved from /home/vscode/.local/lib/python3.10/site-packages/airflow/example_dags/example_sensors.py
[2025-11-17T04:07:38.115+0000] {logging_mixin.py:150} INFO - [2025-11-17T04:07:38.115+0000] {dag.py:2742} INFO - Sync 1 DAGs
[2025-11-17T04:07:38.128+0000] {logging_mixin.py:150} INFO - [2025-11-17T04:07:38.128+0000] {dag.py:3504} INFO - Setting next_dagrun for example_sensors to None, run_after=None
[2025-11-17T04:07:38.143+0000] {processor.py:179} INFO - Processing /home/vscode/.local/lib/python3.10/site-packages/airflow/example_dags/example_sensors.py took 0.053 seconds
[2025-11-17T04:08:21.970+0000] {processor.py:157} INFO - Started process (PID=26065) to work on /home/vscode/.local/lib/python3.10/site-packages/airflow/example_dags/example_sensors.py
[2025-11-17T04:08:21.971+0000] {processor.py:826} INFO - Processing file /home/vscode/.local/lib/python3.10/site-packages/airflow/example_dags/example_sensors.py for tasks to queue
[2025-11-17T04:08:21.971+0000] {logging_mixin.py:150} INFO - [2025-11-17T04:08:21.971+0000] {dagbag.py:541} INFO - Filling up the DagBag from /home/vscode/.local/lib/python3.10/site-packages/airflow/example_dags/example_sensors.py
[2025-11-17T04:08:21.978+0000] {processor.py:836} INFO - DAG(s) dict_keys(['example_sensors']) retrieved from /home/vscode/.local/lib/python3.10/site-packages/airflow/example_dags/example_sensors.py
[2025-11-17T04:08:21.992+0000] {logging_mixin.py:150} INFO - [2025-11-17T04:08:21.992+0000] {dag.py:2742} INFO - Sync 1 DAGs
[2025-11-17T04:08:22.005+0000] {logging_mixin.py:150} INFO - [2025-11-17T04:08:22.005+0000] {dag.py:3504} INFO - Setting next_dagrun for example_sensors to None, run_after=None
[2025-11-17T04:08:22.019+0000] {processor.py:179} INFO - Processing /home/vscode/.local/lib/python3.10/site-packages/airflow/example_dags/example_sensors.py took 0.051 seconds
[2025-11-17T04:09:04.727+0000] {processor.py:157} INFO - Started process (PID=26360) to work on /home/vscode/.local/lib/python3.10/site-packages/airflow/example_dags/example_sensors.py
[2025-11-17T04:09:04.727+0000] {processor.py:826} INFO - Processing file /home/vscode/.local/lib/python3.10/site-packages/airflow/example_dags/example_sensors.py for tasks to queue
[2025-11-17T04:09:04.728+0000] {logging_mixin.py:150} INFO - [2025-11-17T04:09:04.728+0000] {dagbag.py:541} INFO - Filling up the DagBag from /home/vscode/.local/lib/python3.10/site-packages/airflow/example_dags/example_sensors.py
[2025-11-17T04:09:04.735+0000] {processor.py:836} INFO - DAG(s) dict_keys(['example_sensors']) retrieved from /home/vscode/.local/lib/python3.10/site-packages/airflow/example_dags/example_sensors.py
[2025-11-17T04:09:04.749+0000] {logging_mixin.py:150} INFO - [2025-11-17T04:09:04.749+0000] {dag.py:2742} INFO - Sync 1 DAGs
[2025-11-17T04:09:04.762+0000] {logging_mixin.py:150} INFO - [2025-11-17T04:09:04.762+0000] {dag.py:3504} INFO - Setting next_dagrun for example_sensors to None, run_after=None
[2025-11-17T04:09:04.777+0000] {processor.py:179} INFO - Processing /home/vscode/.local/lib/python3.10/site-packages/airflow/example_dags/example_sensors.py took 0.052 seconds
[2025-11-17T04:09:47.533+0000] {processor.py:157} INFO - Started process (PID=26679) to work on /home/vscode/.local/lib/python3.10/site-packages/airflow/example_dags/example_sensors.py
[2025-11-17T04:09:47.533+0000] {processor.py:826} INFO - Processing file /home/vscode/.local/lib/python3.10/site-packages/airflow/example_dags/example_sensors.py for tasks to queue
[2025-11-17T04:09:47.534+0000] {logging_mixin.py:150} INFO - [2025-11-17T04:09:47.534+0000] {dagbag.py:541} INFO - Filling up the DagBag from /home/vscode/.local/lib/python3.10/site-packages/airflow/example_dags/example_sensors.py
[2025-11-17T04:09:47.540+0000] {processor.py:836} INFO - DAG(s) dict_keys(['example_sensors']) retrieved from /home/vscode/.local/lib/python3.10/site-packages/airflow/example_dags/example_sensors.py
[2025-11-17T04:09:47.554+0000] {logging_mixin.py:150} INFO - [2025-11-17T04:09:47.554+0000] {dag.py:2742} INFO - Sync 1 DAGs
[2025-11-17T04:09:47.566+0000] {logging_mixin.py:150} INFO - [2025-11-17T04:09:47.566+0000] {dag.py:3504} INFO - Setting next_dagrun for example_sensors to None, run_after=None
[2025-11-17T04:09:47.580+0000] {processor.py:179} INFO - Processing /home/vscode/.local/lib/python3.10/site-packages/airflow/example_dags/example_sensors.py took 0.049 seconds
[2025-11-17T04:10:32.051+0000] {processor.py:157} INFO - Started process (PID=26979) to work on /home/vscode/.local/lib/python3.10/site-packages/airflow/example_dags/example_sensors.py
[2025-11-17T04:10:32.052+0000] {processor.py:826} INFO - Processing file /home/vscode/.local/lib/python3.10/site-packages/airflow/example_dags/example_sensors.py for tasks to queue
[2025-11-17T04:10:32.053+0000] {logging_mixin.py:150} INFO - [2025-11-17T04:10:32.052+0000] {dagbag.py:541} INFO - Filling up the DagBag from /home/vscode/.local/lib/python3.10/site-packages/airflow/example_dags/example_sensors.py
[2025-11-17T04:10:32.060+0000] {processor.py:836} INFO - DAG(s) dict_keys(['example_sensors']) retrieved from /home/vscode/.local/lib/python3.10/site-packages/airflow/example_dags/example_sensors.py
[2025-11-17T04:10:32.074+0000] {logging_mixin.py:150} INFO - [2025-11-17T04:10:32.074+0000] {dag.py:2742} INFO - Sync 1 DAGs
[2025-11-17T04:10:32.088+0000] {logging_mixin.py:150} INFO - [2025-11-17T04:10:32.088+0000] {dag.py:3504} INFO - Setting next_dagrun for example_sensors to None, run_after=None
[2025-11-17T04:10:32.102+0000] {processor.py:179} INFO - Processing /home/vscode/.local/lib/python3.10/site-packages/airflow/example_dags/example_sensors.py took 0.053 seconds
[2025-11-17T04:11:11.310+0000] {processor.py:157} INFO - Started process (PID=27242) to work on /home/vscode/.local/lib/python3.10/site-packages/airflow/example_dags/example_sensors.py
[2025-11-17T04:11:11.311+0000] {processor.py:826} INFO - Processing file /home/vscode/.local/lib/python3.10/site-packages/airflow/example_dags/example_sensors.py for tasks to queue
[2025-11-17T04:11:11.311+0000] {logging_mixin.py:150} INFO - [2025-11-17T04:11:11.311+0000] {dagbag.py:541} INFO - Filling up the DagBag from /home/vscode/.local/lib/python3.10/site-packages/airflow/example_dags/example_sensors.py
[2025-11-17T04:11:11.318+0000] {processor.py:836} INFO - DAG(s) dict_keys(['example_sensors']) retrieved from /home/vscode/.local/lib/python3.10/site-packages/airflow/example_dags/example_sensors.py
[2025-11-17T04:11:11.331+0000] {logging_mixin.py:150} INFO - [2025-11-17T04:11:11.331+0000] {dag.py:2742} INFO - Sync 1 DAGs
[2025-11-17T04:11:11.343+0000] {logging_mixin.py:150} INFO - [2025-11-17T04:11:11.343+0000] {dag.py:3504} INFO - Setting next_dagrun for example_sensors to None, run_after=None
[2025-11-17T04:11:11.357+0000] {processor.py:179} INFO - Processing /home/vscode/.local/lib/python3.10/site-packages/airflow/example_dags/example_sensors.py took 0.049 seconds
[2025-11-17T04:11:54.970+0000] {processor.py:157} INFO - Started process (PID=27542) to work on /home/vscode/.local/lib/python3.10/site-packages/airflow/example_dags/example_sensors.py
[2025-11-17T04:11:54.971+0000] {processor.py:826} INFO - Processing file /home/vscode/.local/lib/python3.10/site-packages/airflow/example_dags/example_sensors.py for tasks to queue
[2025-11-17T04:11:54.972+0000] {logging_mixin.py:150} INFO - [2025-11-17T04:11:54.972+0000] {dagbag.py:541} INFO - Filling up the DagBag from /home/vscode/.local/lib/python3.10/site-packages/airflow/example_dags/example_sensors.py
[2025-11-17T04:11:54.981+0000] {processor.py:836} INFO - DAG(s) dict_keys(['example_sensors']) retrieved from /home/vscode/.local/lib/python3.10/site-packages/airflow/example_dags/example_sensors.py
[2025-11-17T04:11:55.005+0000] {logging_mixin.py:150} INFO - [2025-11-17T04:11:55.004+0000] {dag.py:2742} INFO - Sync 1 DAGs
[2025-11-17T04:11:55.029+0000] {logging_mixin.py:150} INFO - [2025-11-17T04:11:55.029+0000] {dag.py:3504} INFO - Setting next_dagrun for example_sensors to None, run_after=None
[2025-11-17T04:11:55.045+0000] {processor.py:179} INFO - Processing /home/vscode/.local/lib/python3.10/site-packages/airflow/example_dags/example_sensors.py took 0.078 seconds
[2025-11-17T04:12:42.142+0000] {processor.py:157} INFO - Started process (PID=27871) to work on /home/vscode/.local/lib/python3.10/site-packages/airflow/example_dags/example_sensors.py
[2025-11-17T04:12:42.143+0000] {processor.py:826} INFO - Processing file /home/vscode/.local/lib/python3.10/site-packages/airflow/example_dags/example_sensors.py for tasks to queue
[2025-11-17T04:12:42.143+0000] {logging_mixin.py:150} INFO - [2025-11-17T04:12:42.143+0000] {dagbag.py:541} INFO - Filling up the DagBag from /home/vscode/.local/lib/python3.10/site-packages/airflow/example_dags/example_sensors.py
[2025-11-17T04:12:42.150+0000] {processor.py:836} INFO - DAG(s) dict_keys(['example_sensors']) retrieved from /home/vscode/.local/lib/python3.10/site-packages/airflow/example_dags/example_sensors.py
[2025-11-17T04:12:42.165+0000] {logging_mixin.py:150} INFO - [2025-11-17T04:12:42.165+0000] {dag.py:2742} INFO - Sync 1 DAGs
[2025-11-17T04:12:42.177+0000] {logging_mixin.py:150} INFO - [2025-11-17T04:12:42.177+0000] {dag.py:3504} INFO - Setting next_dagrun for example_sensors to None, run_after=None
[2025-11-17T04:12:42.191+0000] {processor.py:179} INFO - Processing /home/vscode/.local/lib/python3.10/site-packages/airflow/example_dags/example_sensors.py took 0.051 seconds
[2025-11-17T04:13:29.299+0000] {processor.py:157} INFO - Started process (PID=28251) to work on /home/vscode/.local/lib/python3.10/site-packages/airflow/example_dags/example_sensors.py
[2025-11-17T04:13:29.300+0000] {processor.py:826} INFO - Processing file /home/vscode/.local/lib/python3.10/site-packages/airflow/example_dags/example_sensors.py for tasks to queue
[2025-11-17T04:13:29.300+0000] {logging_mixin.py:150} INFO - [2025-11-17T04:13:29.300+0000] {dagbag.py:541} INFO - Filling up the DagBag from /home/vscode/.local/lib/python3.10/site-packages/airflow/example_dags/example_sensors.py
[2025-11-17T04:13:29.306+0000] {processor.py:836} INFO - DAG(s) dict_keys(['example_sensors']) retrieved from /home/vscode/.local/lib/python3.10/site-packages/airflow/example_dags/example_sensors.py
[2025-11-17T04:13:29.319+0000] {logging_mixin.py:150} INFO - [2025-11-17T04:13:29.319+0000] {dag.py:2742} INFO - Sync 1 DAGs
[2025-11-17T04:13:29.331+0000] {logging_mixin.py:150} INFO - [2025-11-17T04:13:29.331+0000] {dag.py:3504} INFO - Setting next_dagrun for example_sensors to None, run_after=None
[2025-11-17T04:13:29.345+0000] {processor.py:179} INFO - Processing /home/vscode/.local/lib/python3.10/site-packages/airflow/example_dags/example_sensors.py took 0.048 seconds
[2025-11-17T04:14:24.890+0000] {processor.py:157} INFO - Started process (PID=28633) to work on /home/vscode/.local/lib/python3.10/site-packages/airflow/example_dags/example_sensors.py
[2025-11-17T04:14:24.890+0000] {processor.py:826} INFO - Processing file /home/vscode/.local/lib/python3.10/site-packages/airflow/example_dags/example_sensors.py for tasks to queue
[2025-11-17T04:14:24.891+0000] {logging_mixin.py:150} INFO - [2025-11-17T04:14:24.890+0000] {dagbag.py:541} INFO - Filling up the DagBag from /home/vscode/.local/lib/python3.10/site-packages/airflow/example_dags/example_sensors.py
[2025-11-17T04:14:24.897+0000] {processor.py:836} INFO - DAG(s) dict_keys(['example_sensors']) retrieved from /home/vscode/.local/lib/python3.10/site-packages/airflow/example_dags/example_sensors.py
[2025-11-17T04:14:24.910+0000] {logging_mixin.py:150} INFO - [2025-11-17T04:14:24.910+0000] {dag.py:2742} INFO - Sync 1 DAGs
[2025-11-17T04:14:24.924+0000] {logging_mixin.py:150} INFO - [2025-11-17T04:14:24.924+0000] {dag.py:3504} INFO - Setting next_dagrun for example_sensors to None, run_after=None
[2025-11-17T04:14:24.939+0000] {processor.py:179} INFO - Processing /home/vscode/.local/lib/python3.10/site-packages/airflow/example_dags/example_sensors.py took 0.051 seconds
[2025-11-17T04:15:10.753+0000] {processor.py:157} INFO - Started process (PID=29030) to work on /home/vscode/.local/lib/python3.10/site-packages/airflow/example_dags/example_sensors.py
[2025-11-17T04:15:10.758+0000] {processor.py:826} INFO - Processing file /home/vscode/.local/lib/python3.10/site-packages/airflow/example_dags/example_sensors.py for tasks to queue
[2025-11-17T04:15:10.761+0000] {logging_mixin.py:150} INFO - [2025-11-17T04:15:10.760+0000] {dagbag.py:541} INFO - Filling up the DagBag from /home/vscode/.local/lib/python3.10/site-packages/airflow/example_dags/example_sensors.py
[2025-11-17T04:15:10.806+0000] {processor.py:836} INFO - DAG(s) dict_keys(['example_sensors']) retrieved from /home/vscode/.local/lib/python3.10/site-packages/airflow/example_dags/example_sensors.py
[2025-11-17T04:15:10.877+0000] {logging_mixin.py:150} INFO - [2025-11-17T04:15:10.877+0000] {dag.py:2742} INFO - Sync 1 DAGs
[2025-11-17T04:15:10.933+0000] {logging_mixin.py:150} INFO - [2025-11-17T04:15:10.933+0000] {dag.py:3504} INFO - Setting next_dagrun for example_sensors to None, run_after=None
[2025-11-17T04:15:10.988+0000] {processor.py:179} INFO - Processing /home/vscode/.local/lib/python3.10/site-packages/airflow/example_dags/example_sensors.py took 0.240 seconds
[2025-11-17T04:15:59.017+0000] {processor.py:157} INFO - Started process (PID=29450) to work on /home/vscode/.local/lib/python3.10/site-packages/airflow/example_dags/example_sensors.py
[2025-11-17T04:15:59.017+0000] {processor.py:826} INFO - Processing file /home/vscode/.local/lib/python3.10/site-packages/airflow/example_dags/example_sensors.py for tasks to queue
[2025-11-17T04:15:59.018+0000] {logging_mixin.py:150} INFO - [2025-11-17T04:15:59.018+0000] {dagbag.py:541} INFO - Filling up the DagBag from /home/vscode/.local/lib/python3.10/site-packages/airflow/example_dags/example_sensors.py
[2025-11-17T04:15:59.024+0000] {processor.py:836} INFO - DAG(s) dict_keys(['example_sensors']) retrieved from /home/vscode/.local/lib/python3.10/site-packages/airflow/example_dags/example_sensors.py
[2025-11-17T04:15:59.039+0000] {logging_mixin.py:150} INFO - [2025-11-17T04:15:59.039+0000] {dag.py:2742} INFO - Sync 1 DAGs
[2025-11-17T04:15:59.052+0000] {logging_mixin.py:150} INFO - [2025-11-17T04:15:59.052+0000] {dag.py:3504} INFO - Setting next_dagrun for example_sensors to None, run_after=None
[2025-11-17T04:15:59.067+0000] {processor.py:179} INFO - Processing /home/vscode/.local/lib/python3.10/site-packages/airflow/example_dags/example_sensors.py took 0.053 seconds
[2025-11-17T04:16:43.530+0000] {processor.py:157} INFO - Started process (PID=29758) to work on /home/vscode/.local/lib/python3.10/site-packages/airflow/example_dags/example_sensors.py
[2025-11-17T04:16:43.531+0000] {processor.py:826} INFO - Processing file /home/vscode/.local/lib/python3.10/site-packages/airflow/example_dags/example_sensors.py for tasks to queue
[2025-11-17T04:16:43.531+0000] {logging_mixin.py:150} INFO - [2025-11-17T04:16:43.531+0000] {dagbag.py:541} INFO - Filling up the DagBag from /home/vscode/.local/lib/python3.10/site-packages/airflow/example_dags/example_sensors.py
[2025-11-17T04:16:43.538+0000] {processor.py:836} INFO - DAG(s) dict_keys(['example_sensors']) retrieved from /home/vscode/.local/lib/python3.10/site-packages/airflow/example_dags/example_sensors.py
[2025-11-17T04:16:43.551+0000] {logging_mixin.py:150} INFO - [2025-11-17T04:16:43.551+0000] {dag.py:2742} INFO - Sync 1 DAGs
[2025-11-17T04:16:43.563+0000] {logging_mixin.py:150} INFO - [2025-11-17T04:16:43.563+0000] {dag.py:3504} INFO - Setting next_dagrun for example_sensors to None, run_after=None
[2025-11-17T04:16:43.577+0000] {processor.py:179} INFO - Processing /home/vscode/.local/lib/python3.10/site-packages/airflow/example_dags/example_sensors.py took 0.049 seconds
[2025-11-17T04:17:40.929+0000] {processor.py:157} INFO - Started process (PID=30204) to work on /home/vscode/.local/lib/python3.10/site-packages/airflow/example_dags/example_sensors.py
[2025-11-17T04:17:40.930+0000] {processor.py:826} INFO - Processing file /home/vscode/.local/lib/python3.10/site-packages/airflow/example_dags/example_sensors.py for tasks to queue
[2025-11-17T04:17:40.930+0000] {logging_mixin.py:150} INFO - [2025-11-17T04:17:40.930+0000] {dagbag.py:541} INFO - Filling up the DagBag from /home/vscode/.local/lib/python3.10/site-packages/airflow/example_dags/example_sensors.py
[2025-11-17T04:17:40.937+0000] {processor.py:836} INFO - DAG(s) dict_keys(['example_sensors']) retrieved from /home/vscode/.local/lib/python3.10/site-packages/airflow/example_dags/example_sensors.py
[2025-11-17T04:17:40.950+0000] {logging_mixin.py:150} INFO - [2025-11-17T04:17:40.950+0000] {dag.py:2742} INFO - Sync 1 DAGs
[2025-11-17T04:17:40.963+0000] {logging_mixin.py:150} INFO - [2025-11-17T04:17:40.963+0000] {dag.py:3504} INFO - Setting next_dagrun for example_sensors to None, run_after=None
[2025-11-17T04:17:40.976+0000] {processor.py:179} INFO - Processing /home/vscode/.local/lib/python3.10/site-packages/airflow/example_dags/example_sensors.py took 0.049 seconds
[2025-11-17T04:18:27.861+0000] {processor.py:157} INFO - Started process (PID=30582) to work on /home/vscode/.local/lib/python3.10/site-packages/airflow/example_dags/example_sensors.py
[2025-11-17T04:18:27.861+0000] {processor.py:826} INFO - Processing file /home/vscode/.local/lib/python3.10/site-packages/airflow/example_dags/example_sensors.py for tasks to queue
[2025-11-17T04:18:27.862+0000] {logging_mixin.py:150} INFO - [2025-11-17T04:18:27.862+0000] {dagbag.py:541} INFO - Filling up the DagBag from /home/vscode/.local/lib/python3.10/site-packages/airflow/example_dags/example_sensors.py
[2025-11-17T04:18:27.873+0000] {processor.py:836} INFO - DAG(s) dict_keys(['example_sensors']) retrieved from /home/vscode/.local/lib/python3.10/site-packages/airflow/example_dags/example_sensors.py
[2025-11-17T04:18:27.894+0000] {logging_mixin.py:150} INFO - [2025-11-17T04:18:27.894+0000] {dag.py:2742} INFO - Sync 1 DAGs
[2025-11-17T04:18:27.908+0000] {logging_mixin.py:150} INFO - [2025-11-17T04:18:27.908+0000] {dag.py:3504} INFO - Setting next_dagrun for example_sensors to None, run_after=None
[2025-11-17T04:18:27.923+0000] {processor.py:179} INFO - Processing /home/vscode/.local/lib/python3.10/site-packages/airflow/example_dags/example_sensors.py took 0.065 seconds
[2025-11-17T04:19:13.151+0000] {processor.py:157} INFO - Started process (PID=30942) to work on /home/vscode/.local/lib/python3.10/site-packages/airflow/example_dags/example_sensors.py
[2025-11-17T04:19:13.152+0000] {processor.py:826} INFO - Processing file /home/vscode/.local/lib/python3.10/site-packages/airflow/example_dags/example_sensors.py for tasks to queue
[2025-11-17T04:19:13.153+0000] {logging_mixin.py:150} INFO - [2025-11-17T04:19:13.152+0000] {dagbag.py:541} INFO - Filling up the DagBag from /home/vscode/.local/lib/python3.10/site-packages/airflow/example_dags/example_sensors.py
[2025-11-17T04:19:13.160+0000] {processor.py:836} INFO - DAG(s) dict_keys(['example_sensors']) retrieved from /home/vscode/.local/lib/python3.10/site-packages/airflow/example_dags/example_sensors.py
[2025-11-17T04:19:13.173+0000] {logging_mixin.py:150} INFO - [2025-11-17T04:19:13.173+0000] {dag.py:2742} INFO - Sync 1 DAGs
[2025-11-17T04:19:13.186+0000] {logging_mixin.py:150} INFO - [2025-11-17T04:19:13.186+0000] {dag.py:3504} INFO - Setting next_dagrun for example_sensors to None, run_after=None
[2025-11-17T04:19:13.201+0000] {processor.py:179} INFO - Processing /home/vscode/.local/lib/python3.10/site-packages/airflow/example_dags/example_sensors.py took 0.051 seconds
[2025-11-17T04:19:54.402+0000] {processor.py:157} INFO - Started process (PID=31251) to work on /home/vscode/.local/lib/python3.10/site-packages/airflow/example_dags/example_sensors.py
[2025-11-17T04:19:54.403+0000] {processor.py:826} INFO - Processing file /home/vscode/.local/lib/python3.10/site-packages/airflow/example_dags/example_sensors.py for tasks to queue
[2025-11-17T04:19:54.403+0000] {logging_mixin.py:150} INFO - [2025-11-17T04:19:54.403+0000] {dagbag.py:541} INFO - Filling up the DagBag from /home/vscode/.local/lib/python3.10/site-packages/airflow/example_dags/example_sensors.py
[2025-11-17T04:19:54.410+0000] {processor.py:836} INFO - DAG(s) dict_keys(['example_sensors']) retrieved from /home/vscode/.local/lib/python3.10/site-packages/airflow/example_dags/example_sensors.py
[2025-11-17T04:19:54.424+0000] {logging_mixin.py:150} INFO - [2025-11-17T04:19:54.424+0000] {dag.py:2742} INFO - Sync 1 DAGs
[2025-11-17T04:19:54.440+0000] {logging_mixin.py:150} INFO - [2025-11-17T04:19:54.439+0000] {dag.py:3504} INFO - Setting next_dagrun for example_sensors to None, run_after=None
[2025-11-17T04:19:54.459+0000] {processor.py:179} INFO - Processing /home/vscode/.local/lib/python3.10/site-packages/airflow/example_dags/example_sensors.py took 0.059 seconds
[2025-11-17T04:20:35.607+0000] {processor.py:157} INFO - Started process (PID=31678) to work on /home/vscode/.local/lib/python3.10/site-packages/airflow/example_dags/example_sensors.py
[2025-11-17T04:20:35.608+0000] {processor.py:826} INFO - Processing file /home/vscode/.local/lib/python3.10/site-packages/airflow/example_dags/example_sensors.py for tasks to queue
[2025-11-17T04:20:35.608+0000] {logging_mixin.py:150} INFO - [2025-11-17T04:20:35.608+0000] {dagbag.py:541} INFO - Filling up the DagBag from /home/vscode/.local/lib/python3.10/site-packages/airflow/example_dags/example_sensors.py
[2025-11-17T04:20:35.615+0000] {processor.py:836} INFO - DAG(s) dict_keys(['example_sensors']) retrieved from /home/vscode/.local/lib/python3.10/site-packages/airflow/example_dags/example_sensors.py
[2025-11-17T04:20:35.630+0000] {logging_mixin.py:150} INFO - [2025-11-17T04:20:35.630+0000] {dag.py:2742} INFO - Sync 1 DAGs
[2025-11-17T04:20:35.643+0000] {logging_mixin.py:150} INFO - [2025-11-17T04:20:35.643+0000] {dag.py:3504} INFO - Setting next_dagrun for example_sensors to None, run_after=None
[2025-11-17T04:20:35.657+0000] {processor.py:179} INFO - Processing /home/vscode/.local/lib/python3.10/site-packages/airflow/example_dags/example_sensors.py took 0.052 seconds
[2025-11-17T04:21:24.822+0000] {processor.py:157} INFO - Started process (PID=32008) to work on /home/vscode/.local/lib/python3.10/site-packages/airflow/example_dags/example_sensors.py
[2025-11-17T04:21:24.823+0000] {processor.py:826} INFO - Processing file /home/vscode/.local/lib/python3.10/site-packages/airflow/example_dags/example_sensors.py for tasks to queue
[2025-11-17T04:21:24.824+0000] {logging_mixin.py:150} INFO - [2025-11-17T04:21:24.823+0000] {dagbag.py:541} INFO - Filling up the DagBag from /home/vscode/.local/lib/python3.10/site-packages/airflow/example_dags/example_sensors.py
[2025-11-17T04:21:24.830+0000] {processor.py:836} INFO - DAG(s) dict_keys(['example_sensors']) retrieved from /home/vscode/.local/lib/python3.10/site-packages/airflow/example_dags/example_sensors.py
[2025-11-17T04:21:24.845+0000] {logging_mixin.py:150} INFO - [2025-11-17T04:21:24.845+0000] {dag.py:2742} INFO - Sync 1 DAGs
[2025-11-17T04:21:24.859+0000] {logging_mixin.py:150} INFO - [2025-11-17T04:21:24.859+0000] {dag.py:3504} INFO - Setting next_dagrun for example_sensors to None, run_after=None
[2025-11-17T04:21:24.874+0000] {processor.py:179} INFO - Processing /home/vscode/.local/lib/python3.10/site-packages/airflow/example_dags/example_sensors.py took 0.054 seconds
[2025-11-17T04:22:14.998+0000] {processor.py:157} INFO - Started process (PID=32342) to work on /home/vscode/.local/lib/python3.10/site-packages/airflow/example_dags/example_sensors.py
[2025-11-17T04:22:14.999+0000] {processor.py:826} INFO - Processing file /home/vscode/.local/lib/python3.10/site-packages/airflow/example_dags/example_sensors.py for tasks to queue
[2025-11-17T04:22:14.999+0000] {logging_mixin.py:150} INFO - [2025-11-17T04:22:14.999+0000] {dagbag.py:541} INFO - Filling up the DagBag from /home/vscode/.local/lib/python3.10/site-packages/airflow/example_dags/example_sensors.py
[2025-11-17T04:22:15.006+0000] {processor.py:836} INFO - DAG(s) dict_keys(['example_sensors']) retrieved from /home/vscode/.local/lib/python3.10/site-packages/airflow/example_dags/example_sensors.py
[2025-11-17T04:22:15.019+0000] {logging_mixin.py:150} INFO - [2025-11-17T04:22:15.019+0000] {dag.py:2742} INFO - Sync 1 DAGs
[2025-11-17T04:22:15.032+0000] {logging_mixin.py:150} INFO - [2025-11-17T04:22:15.032+0000] {dag.py:3504} INFO - Setting next_dagrun for example_sensors to None, run_after=None
[2025-11-17T04:22:15.047+0000] {processor.py:179} INFO - Processing /home/vscode/.local/lib/python3.10/site-packages/airflow/example_dags/example_sensors.py took 0.051 seconds
[2025-11-17T04:23:01.783+0000] {processor.py:157} INFO - Started process (PID=32712) to work on /home/vscode/.local/lib/python3.10/site-packages/airflow/example_dags/example_sensors.py
[2025-11-17T04:23:01.784+0000] {processor.py:826} INFO - Processing file /home/vscode/.local/lib/python3.10/site-packages/airflow/example_dags/example_sensors.py for tasks to queue
[2025-11-17T04:23:01.784+0000] {logging_mixin.py:150} INFO - [2025-11-17T04:23:01.784+0000] {dagbag.py:541} INFO - Filling up the DagBag from /home/vscode/.local/lib/python3.10/site-packages/airflow/example_dags/example_sensors.py
[2025-11-17T04:23:01.794+0000] {processor.py:836} INFO - DAG(s) dict_keys(['example_sensors']) retrieved from /home/vscode/.local/lib/python3.10/site-packages/airflow/example_dags/example_sensors.py
[2025-11-17T04:23:01.810+0000] {logging_mixin.py:150} INFO - [2025-11-17T04:23:01.810+0000] {dag.py:2742} INFO - Sync 1 DAGs
[2025-11-17T04:23:01.823+0000] {logging_mixin.py:150} INFO - [2025-11-17T04:23:01.823+0000] {dag.py:3504} INFO - Setting next_dagrun for example_sensors to None, run_after=None
[2025-11-17T04:23:01.836+0000] {processor.py:179} INFO - Processing /home/vscode/.local/lib/python3.10/site-packages/airflow/example_dags/example_sensors.py took 0.056 seconds
[2025-11-17T04:23:48.074+0000] {processor.py:157} INFO - Started process (PID=33107) to work on /home/vscode/.local/lib/python3.10/site-packages/airflow/example_dags/example_sensors.py
[2025-11-17T04:23:48.074+0000] {processor.py:826} INFO - Processing file /home/vscode/.local/lib/python3.10/site-packages/airflow/example_dags/example_sensors.py for tasks to queue
[2025-11-17T04:23:48.075+0000] {logging_mixin.py:150} INFO - [2025-11-17T04:23:48.075+0000] {dagbag.py:541} INFO - Filling up the DagBag from /home/vscode/.local/lib/python3.10/site-packages/airflow/example_dags/example_sensors.py
[2025-11-17T04:23:48.082+0000] {processor.py:836} INFO - DAG(s) dict_keys(['example_sensors']) retrieved from /home/vscode/.local/lib/python3.10/site-packages/airflow/example_dags/example_sensors.py
[2025-11-17T04:23:48.096+0000] {logging_mixin.py:150} INFO - [2025-11-17T04:23:48.096+0000] {dag.py:2742} INFO - Sync 1 DAGs
[2025-11-17T04:23:48.110+0000] {logging_mixin.py:150} INFO - [2025-11-17T04:23:48.109+0000] {dag.py:3504} INFO - Setting next_dagrun for example_sensors to None, run_after=None
[2025-11-17T04:23:48.124+0000] {processor.py:179} INFO - Processing /home/vscode/.local/lib/python3.10/site-packages/airflow/example_dags/example_sensors.py took 0.053 seconds
[2025-11-17T04:24:38.826+0000] {processor.py:157} INFO - Started process (PID=33503) to work on /home/vscode/.local/lib/python3.10/site-packages/airflow/example_dags/example_sensors.py
[2025-11-17T04:24:38.827+0000] {processor.py:826} INFO - Processing file /home/vscode/.local/lib/python3.10/site-packages/airflow/example_dags/example_sensors.py for tasks to queue
[2025-11-17T04:24:38.827+0000] {logging_mixin.py:150} INFO - [2025-11-17T04:24:38.827+0000] {dagbag.py:541} INFO - Filling up the DagBag from /home/vscode/.local/lib/python3.10/site-packages/airflow/example_dags/example_sensors.py
[2025-11-17T04:24:38.834+0000] {processor.py:836} INFO - DAG(s) dict_keys(['example_sensors']) retrieved from /home/vscode/.local/lib/python3.10/site-packages/airflow/example_dags/example_sensors.py
[2025-11-17T04:24:38.847+0000] {logging_mixin.py:150} INFO - [2025-11-17T04:24:38.847+0000] {dag.py:2742} INFO - Sync 1 DAGs
[2025-11-17T04:24:38.859+0000] {logging_mixin.py:150} INFO - [2025-11-17T04:24:38.859+0000] {dag.py:3504} INFO - Setting next_dagrun for example_sensors to None, run_after=None
[2025-11-17T04:24:38.874+0000] {processor.py:179} INFO - Processing /home/vscode/.local/lib/python3.10/site-packages/airflow/example_dags/example_sensors.py took 0.049 seconds
[2025-11-17T04:25:26.207+0000] {processor.py:157} INFO - Started process (PID=33922) to work on /home/vscode/.local/lib/python3.10/site-packages/airflow/example_dags/example_sensors.py
[2025-11-17T04:25:26.207+0000] {processor.py:826} INFO - Processing file /home/vscode/.local/lib/python3.10/site-packages/airflow/example_dags/example_sensors.py for tasks to queue
[2025-11-17T04:25:26.208+0000] {logging_mixin.py:150} INFO - [2025-11-17T04:25:26.208+0000] {dagbag.py:541} INFO - Filling up the DagBag from /home/vscode/.local/lib/python3.10/site-packages/airflow/example_dags/example_sensors.py
[2025-11-17T04:25:26.215+0000] {processor.py:836} INFO - DAG(s) dict_keys(['example_sensors']) retrieved from /home/vscode/.local/lib/python3.10/site-packages/airflow/example_dags/example_sensors.py
[2025-11-17T04:25:26.228+0000] {logging_mixin.py:150} INFO - [2025-11-17T04:25:26.228+0000] {dag.py:2742} INFO - Sync 1 DAGs
[2025-11-17T04:25:26.242+0000] {logging_mixin.py:150} INFO - [2025-11-17T04:25:26.242+0000] {dag.py:3504} INFO - Setting next_dagrun for example_sensors to None, run_after=None
[2025-11-17T04:25:26.256+0000] {processor.py:179} INFO - Processing /home/vscode/.local/lib/python3.10/site-packages/airflow/example_dags/example_sensors.py took 0.052 seconds
