[2025-11-17T03:53:17.630+0000] {processor.py:157} INFO - Started process (PID=19457) to work on /home/vscode/.local/lib/python3.10/site-packages/airflow/example_dags/example_branch_datetime_operator.py
[2025-11-17T03:53:17.630+0000] {processor.py:826} INFO - Processing file /home/vscode/.local/lib/python3.10/site-packages/airflow/example_dags/example_branch_datetime_operator.py for tasks to queue
[2025-11-17T03:53:17.631+0000] {logging_mixin.py:150} INFO - [2025-11-17T03:53:17.630+0000] {dagbag.py:541} INFO - Filling up the DagBag from /home/vscode/.local/lib/python3.10/site-packages/airflow/example_dags/example_branch_datetime_operator.py
[2025-11-17T03:53:17.637+0000] {processor.py:836} INFO - DAG(s) dict_keys(['example_branch_datetime_operator', 'example_branch_datetime_operator_2', 'example_branch_datetime_operator_3']) retrieved from /home/vscode/.local/lib/python3.10/site-packages/airflow/example_dags/example_branch_datetime_operator.py
[2025-11-17T03:53:17.705+0000] {logging_mixin.py:150} INFO - [2025-11-17T03:53:17.705+0000] {manager.py:504} INFO - Created Permission View: can delete on DAG:example_branch_datetime_operator
[2025-11-17T03:53:17.713+0000] {logging_mixin.py:150} INFO - [2025-11-17T03:53:17.713+0000] {manager.py:504} INFO - Created Permission View: can edit on DAG:example_branch_datetime_operator
[2025-11-17T03:53:17.719+0000] {logging_mixin.py:150} INFO - [2025-11-17T03:53:17.719+0000] {manager.py:504} INFO - Created Permission View: can read on DAG:example_branch_datetime_operator
[2025-11-17T03:53:17.738+0000] {logging_mixin.py:150} INFO - [2025-11-17T03:53:17.738+0000] {manager.py:504} INFO - Created Permission View: can delete on DAG:example_branch_datetime_operator_2
[2025-11-17T03:53:17.743+0000] {logging_mixin.py:150} INFO - [2025-11-17T03:53:17.743+0000] {manager.py:504} INFO - Created Permission View: can edit on DAG:example_branch_datetime_operator_2
[2025-11-17T03:53:17.749+0000] {logging_mixin.py:150} INFO - [2025-11-17T03:53:17.749+0000] {manager.py:504} INFO - Created Permission View: can read on DAG:example_branch_datetime_operator_2
[2025-11-17T03:53:17.781+0000] {logging_mixin.py:150} INFO - [2025-11-17T03:53:17.781+0000] {manager.py:504} INFO - Created Permission View: can delete on DAG:example_branch_datetime_operator_3
[2025-11-17T03:53:17.789+0000] {logging_mixin.py:150} INFO - [2025-11-17T03:53:17.788+0000] {manager.py:504} INFO - Created Permission View: can edit on DAG:example_branch_datetime_operator_3
[2025-11-17T03:53:17.795+0000] {logging_mixin.py:150} INFO - [2025-11-17T03:53:17.795+0000] {manager.py:504} INFO - Created Permission View: can read on DAG:example_branch_datetime_operator_3
[2025-11-17T03:53:17.799+0000] {logging_mixin.py:150} INFO - [2025-11-17T03:53:17.799+0000] {dag.py:2742} INFO - Sync 3 DAGs
[2025-11-17T03:53:17.809+0000] {logging_mixin.py:150} INFO - [2025-11-17T03:53:17.809+0000] {dag.py:2763} INFO - Creating ORM DAG for example_branch_datetime_operator_3
[2025-11-17T03:53:17.810+0000] {logging_mixin.py:150} INFO - [2025-11-17T03:53:17.810+0000] {dag.py:2763} INFO - Creating ORM DAG for example_branch_datetime_operator
[2025-11-17T03:53:17.810+0000] {logging_mixin.py:150} INFO - [2025-11-17T03:53:17.810+0000] {dag.py:2763} INFO - Creating ORM DAG for example_branch_datetime_operator_2
[2025-11-17T03:53:17.821+0000] {logging_mixin.py:150} INFO - [2025-11-17T03:53:17.821+0000] {dag.py:3504} INFO - Setting next_dagrun for example_branch_datetime_operator to 2025-11-16T00:00:00+00:00, run_after=2025-11-17T00:00:00+00:00
[2025-11-17T03:53:17.825+0000] {logging_mixin.py:150} INFO - [2025-11-17T03:53:17.825+0000] {dag.py:3504} INFO - Setting next_dagrun for example_branch_datetime_operator_2 to 2025-11-16T00:00:00+00:00, run_after=2025-11-17T00:00:00+00:00
[2025-11-17T03:53:17.827+0000] {logging_mixin.py:150} INFO - [2025-11-17T03:53:17.827+0000] {dag.py:3504} INFO - Setting next_dagrun for example_branch_datetime_operator_3 to 2025-11-16T00:00:00+00:00, run_after=2025-11-17T00:00:00+00:00
[2025-11-17T03:53:17.845+0000] {processor.py:179} INFO - Processing /home/vscode/.local/lib/python3.10/site-packages/airflow/example_dags/example_branch_datetime_operator.py took 0.217 seconds
[2025-11-17T03:54:05.147+0000] {processor.py:157} INFO - Started process (PID=19775) to work on /home/vscode/.local/lib/python3.10/site-packages/airflow/example_dags/example_branch_datetime_operator.py
[2025-11-17T03:54:05.148+0000] {processor.py:826} INFO - Processing file /home/vscode/.local/lib/python3.10/site-packages/airflow/example_dags/example_branch_datetime_operator.py for tasks to queue
[2025-11-17T03:54:05.148+0000] {logging_mixin.py:150} INFO - [2025-11-17T03:54:05.148+0000] {dagbag.py:541} INFO - Filling up the DagBag from /home/vscode/.local/lib/python3.10/site-packages/airflow/example_dags/example_branch_datetime_operator.py
[2025-11-17T03:54:05.155+0000] {processor.py:836} INFO - DAG(s) dict_keys(['example_branch_datetime_operator_2', 'example_branch_datetime_operator', 'example_branch_datetime_operator_3']) retrieved from /home/vscode/.local/lib/python3.10/site-packages/airflow/example_dags/example_branch_datetime_operator.py
[2025-11-17T03:54:05.170+0000] {logging_mixin.py:150} INFO - [2025-11-17T03:54:05.170+0000] {dag.py:2742} INFO - Sync 3 DAGs
[2025-11-17T03:54:05.183+0000] {logging_mixin.py:150} INFO - [2025-11-17T03:54:05.183+0000] {dag.py:3504} INFO - Setting next_dagrun for example_branch_datetime_operator to 2025-11-16T00:00:00+00:00, run_after=2025-11-17T00:00:00+00:00
[2025-11-17T03:54:05.186+0000] {logging_mixin.py:150} INFO - [2025-11-17T03:54:05.186+0000] {dag.py:3504} INFO - Setting next_dagrun for example_branch_datetime_operator_2 to 2025-11-16T00:00:00+00:00, run_after=2025-11-17T00:00:00+00:00
[2025-11-17T03:54:05.187+0000] {logging_mixin.py:150} INFO - [2025-11-17T03:54:05.187+0000] {dag.py:3504} INFO - Setting next_dagrun for example_branch_datetime_operator_3 to 2025-11-16T00:00:00+00:00, run_after=2025-11-17T00:00:00+00:00
[2025-11-17T03:54:05.200+0000] {processor.py:179} INFO - Processing /home/vscode/.local/lib/python3.10/site-packages/airflow/example_dags/example_branch_datetime_operator.py took 0.054 seconds
[2025-11-17T03:54:50.112+0000] {processor.py:157} INFO - Started process (PID=20074) to work on /home/vscode/.local/lib/python3.10/site-packages/airflow/example_dags/example_branch_datetime_operator.py
[2025-11-17T03:54:50.113+0000] {processor.py:826} INFO - Processing file /home/vscode/.local/lib/python3.10/site-packages/airflow/example_dags/example_branch_datetime_operator.py for tasks to queue
[2025-11-17T03:54:50.114+0000] {logging_mixin.py:150} INFO - [2025-11-17T03:54:50.113+0000] {dagbag.py:541} INFO - Filling up the DagBag from /home/vscode/.local/lib/python3.10/site-packages/airflow/example_dags/example_branch_datetime_operator.py
[2025-11-17T03:54:50.120+0000] {processor.py:836} INFO - DAG(s) dict_keys(['example_branch_datetime_operator_2', 'example_branch_datetime_operator', 'example_branch_datetime_operator_3']) retrieved from /home/vscode/.local/lib/python3.10/site-packages/airflow/example_dags/example_branch_datetime_operator.py
[2025-11-17T03:54:50.134+0000] {logging_mixin.py:150} INFO - [2025-11-17T03:54:50.134+0000] {dag.py:2742} INFO - Sync 3 DAGs
[2025-11-17T03:54:50.148+0000] {logging_mixin.py:150} INFO - [2025-11-17T03:54:50.148+0000] {dag.py:3504} INFO - Setting next_dagrun for example_branch_datetime_operator to 2025-11-16T00:00:00+00:00, run_after=2025-11-17T00:00:00+00:00
[2025-11-17T03:54:50.151+0000] {logging_mixin.py:150} INFO - [2025-11-17T03:54:50.151+0000] {dag.py:3504} INFO - Setting next_dagrun for example_branch_datetime_operator_2 to 2025-11-16T00:00:00+00:00, run_after=2025-11-17T00:00:00+00:00
[2025-11-17T03:54:50.152+0000] {logging_mixin.py:150} INFO - [2025-11-17T03:54:50.152+0000] {dag.py:3504} INFO - Setting next_dagrun for example_branch_datetime_operator_3 to 2025-11-16T00:00:00+00:00, run_after=2025-11-17T00:00:00+00:00
[2025-11-17T03:54:50.165+0000] {processor.py:179} INFO - Processing /home/vscode/.local/lib/python3.10/site-packages/airflow/example_dags/example_branch_datetime_operator.py took 0.055 seconds
[2025-11-17T03:55:37.418+0000] {processor.py:157} INFO - Started process (PID=20553) to work on /home/vscode/.local/lib/python3.10/site-packages/airflow/example_dags/example_branch_datetime_operator.py
[2025-11-17T03:55:37.419+0000] {processor.py:826} INFO - Processing file /home/vscode/.local/lib/python3.10/site-packages/airflow/example_dags/example_branch_datetime_operator.py for tasks to queue
[2025-11-17T03:55:37.420+0000] {logging_mixin.py:150} INFO - [2025-11-17T03:55:37.419+0000] {dagbag.py:541} INFO - Filling up the DagBag from /home/vscode/.local/lib/python3.10/site-packages/airflow/example_dags/example_branch_datetime_operator.py
[2025-11-17T03:55:37.426+0000] {processor.py:836} INFO - DAG(s) dict_keys(['example_branch_datetime_operator', 'example_branch_datetime_operator_2', 'example_branch_datetime_operator_3']) retrieved from /home/vscode/.local/lib/python3.10/site-packages/airflow/example_dags/example_branch_datetime_operator.py
[2025-11-17T03:55:37.441+0000] {logging_mixin.py:150} INFO - [2025-11-17T03:55:37.441+0000] {dag.py:2742} INFO - Sync 3 DAGs
[2025-11-17T03:55:37.455+0000] {logging_mixin.py:150} INFO - [2025-11-17T03:55:37.455+0000] {dag.py:3504} INFO - Setting next_dagrun for example_branch_datetime_operator to 2025-11-16T00:00:00+00:00, run_after=2025-11-17T00:00:00+00:00
[2025-11-17T03:55:37.458+0000] {logging_mixin.py:150} INFO - [2025-11-17T03:55:37.458+0000] {dag.py:3504} INFO - Setting next_dagrun for example_branch_datetime_operator_2 to 2025-11-16T00:00:00+00:00, run_after=2025-11-17T00:00:00+00:00
[2025-11-17T03:55:37.459+0000] {logging_mixin.py:150} INFO - [2025-11-17T03:55:37.459+0000] {dag.py:3504} INFO - Setting next_dagrun for example_branch_datetime_operator_3 to 2025-11-16T00:00:00+00:00, run_after=2025-11-17T00:00:00+00:00
[2025-11-17T03:55:37.472+0000] {processor.py:179} INFO - Processing /home/vscode/.local/lib/python3.10/site-packages/airflow/example_dags/example_branch_datetime_operator.py took 0.055 seconds
[2025-11-17T03:56:33.341+0000] {processor.py:157} INFO - Started process (PID=21092) to work on /home/vscode/.local/lib/python3.10/site-packages/airflow/example_dags/example_branch_datetime_operator.py
[2025-11-17T03:56:33.342+0000] {processor.py:826} INFO - Processing file /home/vscode/.local/lib/python3.10/site-packages/airflow/example_dags/example_branch_datetime_operator.py for tasks to queue
[2025-11-17T03:56:33.342+0000] {logging_mixin.py:150} INFO - [2025-11-17T03:56:33.342+0000] {dagbag.py:541} INFO - Filling up the DagBag from /home/vscode/.local/lib/python3.10/site-packages/airflow/example_dags/example_branch_datetime_operator.py
[2025-11-17T03:56:33.349+0000] {processor.py:836} INFO - DAG(s) dict_keys(['example_branch_datetime_operator', 'example_branch_datetime_operator_2', 'example_branch_datetime_operator_3']) retrieved from /home/vscode/.local/lib/python3.10/site-packages/airflow/example_dags/example_branch_datetime_operator.py
[2025-11-17T03:56:33.363+0000] {logging_mixin.py:150} INFO - [2025-11-17T03:56:33.363+0000] {dag.py:2742} INFO - Sync 3 DAGs
[2025-11-17T03:56:33.377+0000] {logging_mixin.py:150} INFO - [2025-11-17T03:56:33.377+0000] {dag.py:3504} INFO - Setting next_dagrun for example_branch_datetime_operator to 2025-11-16T00:00:00+00:00, run_after=2025-11-17T00:00:00+00:00
[2025-11-17T03:56:33.382+0000] {logging_mixin.py:150} INFO - [2025-11-17T03:56:33.382+0000] {dag.py:3504} INFO - Setting next_dagrun for example_branch_datetime_operator_2 to 2025-11-16T00:00:00+00:00, run_after=2025-11-17T00:00:00+00:00
[2025-11-17T03:56:33.384+0000] {logging_mixin.py:150} INFO - [2025-11-17T03:56:33.384+0000] {dag.py:3504} INFO - Setting next_dagrun for example_branch_datetime_operator_3 to 2025-11-16T00:00:00+00:00, run_after=2025-11-17T00:00:00+00:00
[2025-11-17T03:56:33.398+0000] {processor.py:179} INFO - Processing /home/vscode/.local/lib/python3.10/site-packages/airflow/example_dags/example_branch_datetime_operator.py took 0.059 seconds
[2025-11-17T03:57:16.138+0000] {processor.py:157} INFO - Started process (PID=21397) to work on /home/vscode/.local/lib/python3.10/site-packages/airflow/example_dags/example_branch_datetime_operator.py
[2025-11-17T03:57:16.138+0000] {processor.py:826} INFO - Processing file /home/vscode/.local/lib/python3.10/site-packages/airflow/example_dags/example_branch_datetime_operator.py for tasks to queue
[2025-11-17T03:57:16.139+0000] {logging_mixin.py:150} INFO - [2025-11-17T03:57:16.138+0000] {dagbag.py:541} INFO - Filling up the DagBag from /home/vscode/.local/lib/python3.10/site-packages/airflow/example_dags/example_branch_datetime_operator.py
[2025-11-17T03:57:16.145+0000] {processor.py:836} INFO - DAG(s) dict_keys(['example_branch_datetime_operator_2', 'example_branch_datetime_operator', 'example_branch_datetime_operator_3']) retrieved from /home/vscode/.local/lib/python3.10/site-packages/airflow/example_dags/example_branch_datetime_operator.py
[2025-11-17T03:57:16.160+0000] {logging_mixin.py:150} INFO - [2025-11-17T03:57:16.160+0000] {dag.py:2742} INFO - Sync 3 DAGs
[2025-11-17T03:57:16.174+0000] {logging_mixin.py:150} INFO - [2025-11-17T03:57:16.174+0000] {dag.py:3504} INFO - Setting next_dagrun for example_branch_datetime_operator to 2025-11-16T00:00:00+00:00, run_after=2025-11-17T00:00:00+00:00
[2025-11-17T03:57:16.177+0000] {logging_mixin.py:150} INFO - [2025-11-17T03:57:16.177+0000] {dag.py:3504} INFO - Setting next_dagrun for example_branch_datetime_operator_2 to 2025-11-16T00:00:00+00:00, run_after=2025-11-17T00:00:00+00:00
[2025-11-17T03:57:16.178+0000] {logging_mixin.py:150} INFO - [2025-11-17T03:57:16.178+0000] {dag.py:3504} INFO - Setting next_dagrun for example_branch_datetime_operator_3 to 2025-11-16T00:00:00+00:00, run_after=2025-11-17T00:00:00+00:00
[2025-11-17T03:57:16.191+0000] {processor.py:179} INFO - Processing /home/vscode/.local/lib/python3.10/site-packages/airflow/example_dags/example_branch_datetime_operator.py took 0.055 seconds
[2025-11-17T03:58:12.342+0000] {processor.py:157} INFO - Started process (PID=21765) to work on /home/vscode/.local/lib/python3.10/site-packages/airflow/example_dags/example_branch_datetime_operator.py
[2025-11-17T03:58:12.343+0000] {processor.py:826} INFO - Processing file /home/vscode/.local/lib/python3.10/site-packages/airflow/example_dags/example_branch_datetime_operator.py for tasks to queue
[2025-11-17T03:58:12.343+0000] {logging_mixin.py:150} INFO - [2025-11-17T03:58:12.343+0000] {dagbag.py:541} INFO - Filling up the DagBag from /home/vscode/.local/lib/python3.10/site-packages/airflow/example_dags/example_branch_datetime_operator.py
[2025-11-17T03:58:12.353+0000] {processor.py:836} INFO - DAG(s) dict_keys(['example_branch_datetime_operator_3', 'example_branch_datetime_operator', 'example_branch_datetime_operator_2']) retrieved from /home/vscode/.local/lib/python3.10/site-packages/airflow/example_dags/example_branch_datetime_operator.py
[2025-11-17T03:58:12.375+0000] {logging_mixin.py:150} INFO - [2025-11-17T03:58:12.375+0000] {dag.py:2742} INFO - Sync 3 DAGs
[2025-11-17T03:58:12.392+0000] {logging_mixin.py:150} INFO - [2025-11-17T03:58:12.392+0000] {dag.py:3504} INFO - Setting next_dagrun for example_branch_datetime_operator to 2025-11-16T00:00:00+00:00, run_after=2025-11-17T00:00:00+00:00
[2025-11-17T03:58:12.395+0000] {logging_mixin.py:150} INFO - [2025-11-17T03:58:12.395+0000] {dag.py:3504} INFO - Setting next_dagrun for example_branch_datetime_operator_2 to 2025-11-16T00:00:00+00:00, run_after=2025-11-17T00:00:00+00:00
[2025-11-17T03:58:12.396+0000] {logging_mixin.py:150} INFO - [2025-11-17T03:58:12.396+0000] {dag.py:3504} INFO - Setting next_dagrun for example_branch_datetime_operator_3 to 2025-11-16T00:00:00+00:00, run_after=2025-11-17T00:00:00+00:00
[2025-11-17T03:58:12.408+0000] {processor.py:179} INFO - Processing /home/vscode/.local/lib/python3.10/site-packages/airflow/example_dags/example_branch_datetime_operator.py took 0.069 seconds
[2025-11-17T03:58:54.575+0000] {processor.py:157} INFO - Started process (PID=22047) to work on /home/vscode/.local/lib/python3.10/site-packages/airflow/example_dags/example_branch_datetime_operator.py
[2025-11-17T03:58:54.575+0000] {processor.py:826} INFO - Processing file /home/vscode/.local/lib/python3.10/site-packages/airflow/example_dags/example_branch_datetime_operator.py for tasks to queue
[2025-11-17T03:58:54.576+0000] {logging_mixin.py:150} INFO - [2025-11-17T03:58:54.576+0000] {dagbag.py:541} INFO - Filling up the DagBag from /home/vscode/.local/lib/python3.10/site-packages/airflow/example_dags/example_branch_datetime_operator.py
[2025-11-17T03:58:54.583+0000] {processor.py:836} INFO - DAG(s) dict_keys(['example_branch_datetime_operator', 'example_branch_datetime_operator_3', 'example_branch_datetime_operator_2']) retrieved from /home/vscode/.local/lib/python3.10/site-packages/airflow/example_dags/example_branch_datetime_operator.py
[2025-11-17T03:58:54.597+0000] {logging_mixin.py:150} INFO - [2025-11-17T03:58:54.597+0000] {dag.py:2742} INFO - Sync 3 DAGs
[2025-11-17T03:58:54.614+0000] {logging_mixin.py:150} INFO - [2025-11-17T03:58:54.613+0000] {dag.py:3504} INFO - Setting next_dagrun for example_branch_datetime_operator to 2025-11-16T00:00:00+00:00, run_after=2025-11-17T00:00:00+00:00
[2025-11-17T03:58:54.617+0000] {logging_mixin.py:150} INFO - [2025-11-17T03:58:54.617+0000] {dag.py:3504} INFO - Setting next_dagrun for example_branch_datetime_operator_2 to 2025-11-16T00:00:00+00:00, run_after=2025-11-17T00:00:00+00:00
[2025-11-17T03:58:54.619+0000] {logging_mixin.py:150} INFO - [2025-11-17T03:58:54.619+0000] {dag.py:3504} INFO - Setting next_dagrun for example_branch_datetime_operator_3 to 2025-11-16T00:00:00+00:00, run_after=2025-11-17T00:00:00+00:00
[2025-11-17T03:58:54.631+0000] {processor.py:179} INFO - Processing /home/vscode/.local/lib/python3.10/site-packages/airflow/example_dags/example_branch_datetime_operator.py took 0.058 seconds
[2025-11-17T03:59:49.976+0000] {processor.py:157} INFO - Started process (PID=22419) to work on /home/vscode/.local/lib/python3.10/site-packages/airflow/example_dags/example_branch_datetime_operator.py
[2025-11-17T03:59:49.977+0000] {processor.py:826} INFO - Processing file /home/vscode/.local/lib/python3.10/site-packages/airflow/example_dags/example_branch_datetime_operator.py for tasks to queue
[2025-11-17T03:59:49.977+0000] {logging_mixin.py:150} INFO - [2025-11-17T03:59:49.977+0000] {dagbag.py:541} INFO - Filling up the DagBag from /home/vscode/.local/lib/python3.10/site-packages/airflow/example_dags/example_branch_datetime_operator.py
[2025-11-17T03:59:49.984+0000] {processor.py:836} INFO - DAG(s) dict_keys(['example_branch_datetime_operator_2', 'example_branch_datetime_operator', 'example_branch_datetime_operator_3']) retrieved from /home/vscode/.local/lib/python3.10/site-packages/airflow/example_dags/example_branch_datetime_operator.py
[2025-11-17T03:59:49.999+0000] {logging_mixin.py:150} INFO - [2025-11-17T03:59:49.998+0000] {dag.py:2742} INFO - Sync 3 DAGs
[2025-11-17T03:59:50.012+0000] {logging_mixin.py:150} INFO - [2025-11-17T03:59:50.012+0000] {dag.py:3504} INFO - Setting next_dagrun for example_branch_datetime_operator to 2025-11-16T00:00:00+00:00, run_after=2025-11-17T00:00:00+00:00
[2025-11-17T03:59:50.015+0000] {logging_mixin.py:150} INFO - [2025-11-17T03:59:50.015+0000] {dag.py:3504} INFO - Setting next_dagrun for example_branch_datetime_operator_2 to 2025-11-16T00:00:00+00:00, run_after=2025-11-17T00:00:00+00:00
[2025-11-17T03:59:50.017+0000] {logging_mixin.py:150} INFO - [2025-11-17T03:59:50.017+0000] {dag.py:3504} INFO - Setting next_dagrun for example_branch_datetime_operator_3 to 2025-11-16T00:00:00+00:00, run_after=2025-11-17T00:00:00+00:00
[2025-11-17T03:59:50.029+0000] {processor.py:179} INFO - Processing /home/vscode/.local/lib/python3.10/site-packages/airflow/example_dags/example_branch_datetime_operator.py took 0.055 seconds
[2025-11-17T04:00:36.513+0000] {processor.py:157} INFO - Started process (PID=22735) to work on /home/vscode/.local/lib/python3.10/site-packages/airflow/example_dags/example_branch_datetime_operator.py
[2025-11-17T04:00:36.514+0000] {processor.py:826} INFO - Processing file /home/vscode/.local/lib/python3.10/site-packages/airflow/example_dags/example_branch_datetime_operator.py for tasks to queue
[2025-11-17T04:00:36.515+0000] {logging_mixin.py:150} INFO - [2025-11-17T04:00:36.515+0000] {dagbag.py:541} INFO - Filling up the DagBag from /home/vscode/.local/lib/python3.10/site-packages/airflow/example_dags/example_branch_datetime_operator.py
[2025-11-17T04:00:36.521+0000] {processor.py:836} INFO - DAG(s) dict_keys(['example_branch_datetime_operator_3', 'example_branch_datetime_operator', 'example_branch_datetime_operator_2']) retrieved from /home/vscode/.local/lib/python3.10/site-packages/airflow/example_dags/example_branch_datetime_operator.py
[2025-11-17T04:00:36.537+0000] {logging_mixin.py:150} INFO - [2025-11-17T04:00:36.537+0000] {dag.py:2742} INFO - Sync 3 DAGs
[2025-11-17T04:00:36.551+0000] {logging_mixin.py:150} INFO - [2025-11-17T04:00:36.551+0000] {dag.py:3504} INFO - Setting next_dagrun for example_branch_datetime_operator to 2025-11-16T00:00:00+00:00, run_after=2025-11-17T00:00:00+00:00
[2025-11-17T04:00:36.554+0000] {logging_mixin.py:150} INFO - [2025-11-17T04:00:36.554+0000] {dag.py:3504} INFO - Setting next_dagrun for example_branch_datetime_operator_2 to 2025-11-16T00:00:00+00:00, run_after=2025-11-17T00:00:00+00:00
[2025-11-17T04:00:36.555+0000] {logging_mixin.py:150} INFO - [2025-11-17T04:00:36.555+0000] {dag.py:3504} INFO - Setting next_dagrun for example_branch_datetime_operator_3 to 2025-11-16T00:00:00+00:00, run_after=2025-11-17T00:00:00+00:00
[2025-11-17T04:00:36.568+0000] {processor.py:179} INFO - Processing /home/vscode/.local/lib/python3.10/site-packages/airflow/example_dags/example_branch_datetime_operator.py took 0.057 seconds
[2025-11-17T04:01:34.517+0000] {processor.py:157} INFO - Started process (PID=23118) to work on /home/vscode/.local/lib/python3.10/site-packages/airflow/example_dags/example_branch_datetime_operator.py
[2025-11-17T04:01:34.518+0000] {processor.py:826} INFO - Processing file /home/vscode/.local/lib/python3.10/site-packages/airflow/example_dags/example_branch_datetime_operator.py for tasks to queue
[2025-11-17T04:01:34.518+0000] {logging_mixin.py:150} INFO - [2025-11-17T04:01:34.518+0000] {dagbag.py:541} INFO - Filling up the DagBag from /home/vscode/.local/lib/python3.10/site-packages/airflow/example_dags/example_branch_datetime_operator.py
[2025-11-17T04:01:34.525+0000] {processor.py:836} INFO - DAG(s) dict_keys(['example_branch_datetime_operator', 'example_branch_datetime_operator_2', 'example_branch_datetime_operator_3']) retrieved from /home/vscode/.local/lib/python3.10/site-packages/airflow/example_dags/example_branch_datetime_operator.py
[2025-11-17T04:01:34.539+0000] {logging_mixin.py:150} INFO - [2025-11-17T04:01:34.539+0000] {dag.py:2742} INFO - Sync 3 DAGs
[2025-11-17T04:01:34.552+0000] {logging_mixin.py:150} INFO - [2025-11-17T04:01:34.552+0000] {dag.py:3504} INFO - Setting next_dagrun for example_branch_datetime_operator to 2025-11-16T00:00:00+00:00, run_after=2025-11-17T00:00:00+00:00
[2025-11-17T04:01:34.555+0000] {logging_mixin.py:150} INFO - [2025-11-17T04:01:34.555+0000] {dag.py:3504} INFO - Setting next_dagrun for example_branch_datetime_operator_2 to 2025-11-16T00:00:00+00:00, run_after=2025-11-17T00:00:00+00:00
[2025-11-17T04:01:34.557+0000] {logging_mixin.py:150} INFO - [2025-11-17T04:01:34.557+0000] {dag.py:3504} INFO - Setting next_dagrun for example_branch_datetime_operator_3 to 2025-11-16T00:00:00+00:00, run_after=2025-11-17T00:00:00+00:00
[2025-11-17T04:01:34.570+0000] {processor.py:179} INFO - Processing /home/vscode/.local/lib/python3.10/site-packages/airflow/example_dags/example_branch_datetime_operator.py took 0.054 seconds
[2025-11-17T04:02:19.823+0000] {processor.py:157} INFO - Started process (PID=23427) to work on /home/vscode/.local/lib/python3.10/site-packages/airflow/example_dags/example_branch_datetime_operator.py
[2025-11-17T04:02:19.823+0000] {processor.py:826} INFO - Processing file /home/vscode/.local/lib/python3.10/site-packages/airflow/example_dags/example_branch_datetime_operator.py for tasks to queue
[2025-11-17T04:02:19.824+0000] {logging_mixin.py:150} INFO - [2025-11-17T04:02:19.824+0000] {dagbag.py:541} INFO - Filling up the DagBag from /home/vscode/.local/lib/python3.10/site-packages/airflow/example_dags/example_branch_datetime_operator.py
[2025-11-17T04:02:19.834+0000] {processor.py:836} INFO - DAG(s) dict_keys(['example_branch_datetime_operator_2', 'example_branch_datetime_operator', 'example_branch_datetime_operator_3']) retrieved from /home/vscode/.local/lib/python3.10/site-packages/airflow/example_dags/example_branch_datetime_operator.py
[2025-11-17T04:02:19.857+0000] {logging_mixin.py:150} INFO - [2025-11-17T04:02:19.856+0000] {dag.py:2742} INFO - Sync 3 DAGs
[2025-11-17T04:02:19.876+0000] {logging_mixin.py:150} INFO - [2025-11-17T04:02:19.876+0000] {dag.py:3504} INFO - Setting next_dagrun for example_branch_datetime_operator to 2025-11-16T00:00:00+00:00, run_after=2025-11-17T00:00:00+00:00
[2025-11-17T04:02:19.879+0000] {logging_mixin.py:150} INFO - [2025-11-17T04:02:19.879+0000] {dag.py:3504} INFO - Setting next_dagrun for example_branch_datetime_operator_2 to 2025-11-16T00:00:00+00:00, run_after=2025-11-17T00:00:00+00:00
[2025-11-17T04:02:19.880+0000] {logging_mixin.py:150} INFO - [2025-11-17T04:02:19.880+0000] {dag.py:3504} INFO - Setting next_dagrun for example_branch_datetime_operator_3 to 2025-11-16T00:00:00+00:00, run_after=2025-11-17T00:00:00+00:00
[2025-11-17T04:02:19.893+0000] {processor.py:179} INFO - Processing /home/vscode/.local/lib/python3.10/site-packages/airflow/example_dags/example_branch_datetime_operator.py took 0.073 seconds
[2025-11-17T04:03:16.282+0000] {processor.py:157} INFO - Started process (PID=23797) to work on /home/vscode/.local/lib/python3.10/site-packages/airflow/example_dags/example_branch_datetime_operator.py
[2025-11-17T04:03:16.282+0000] {processor.py:826} INFO - Processing file /home/vscode/.local/lib/python3.10/site-packages/airflow/example_dags/example_branch_datetime_operator.py for tasks to queue
[2025-11-17T04:03:16.283+0000] {logging_mixin.py:150} INFO - [2025-11-17T04:03:16.282+0000] {dagbag.py:541} INFO - Filling up the DagBag from /home/vscode/.local/lib/python3.10/site-packages/airflow/example_dags/example_branch_datetime_operator.py
[2025-11-17T04:03:16.290+0000] {processor.py:836} INFO - DAG(s) dict_keys(['example_branch_datetime_operator_2', 'example_branch_datetime_operator', 'example_branch_datetime_operator_3']) retrieved from /home/vscode/.local/lib/python3.10/site-packages/airflow/example_dags/example_branch_datetime_operator.py
[2025-11-17T04:03:16.306+0000] {logging_mixin.py:150} INFO - [2025-11-17T04:03:16.306+0000] {dag.py:2742} INFO - Sync 3 DAGs
[2025-11-17T04:03:16.321+0000] {logging_mixin.py:150} INFO - [2025-11-17T04:03:16.320+0000] {dag.py:3504} INFO - Setting next_dagrun for example_branch_datetime_operator to 2025-11-16T00:00:00+00:00, run_after=2025-11-17T00:00:00+00:00
[2025-11-17T04:03:16.324+0000] {logging_mixin.py:150} INFO - [2025-11-17T04:03:16.324+0000] {dag.py:3504} INFO - Setting next_dagrun for example_branch_datetime_operator_2 to 2025-11-16T00:00:00+00:00, run_after=2025-11-17T00:00:00+00:00
[2025-11-17T04:03:16.325+0000] {logging_mixin.py:150} INFO - [2025-11-17T04:03:16.325+0000] {dag.py:3504} INFO - Setting next_dagrun for example_branch_datetime_operator_3 to 2025-11-16T00:00:00+00:00, run_after=2025-11-17T00:00:00+00:00
[2025-11-17T04:03:16.338+0000] {processor.py:179} INFO - Processing /home/vscode/.local/lib/python3.10/site-packages/airflow/example_dags/example_branch_datetime_operator.py took 0.059 seconds
[2025-11-17T04:04:02.384+0000] {processor.py:157} INFO - Started process (PID=24107) to work on /home/vscode/.local/lib/python3.10/site-packages/airflow/example_dags/example_branch_datetime_operator.py
[2025-11-17T04:04:02.385+0000] {processor.py:826} INFO - Processing file /home/vscode/.local/lib/python3.10/site-packages/airflow/example_dags/example_branch_datetime_operator.py for tasks to queue
[2025-11-17T04:04:02.385+0000] {logging_mixin.py:150} INFO - [2025-11-17T04:04:02.385+0000] {dagbag.py:541} INFO - Filling up the DagBag from /home/vscode/.local/lib/python3.10/site-packages/airflow/example_dags/example_branch_datetime_operator.py
[2025-11-17T04:04:02.393+0000] {processor.py:836} INFO - DAG(s) dict_keys(['example_branch_datetime_operator_2', 'example_branch_datetime_operator_3', 'example_branch_datetime_operator']) retrieved from /home/vscode/.local/lib/python3.10/site-packages/airflow/example_dags/example_branch_datetime_operator.py
[2025-11-17T04:04:02.408+0000] {logging_mixin.py:150} INFO - [2025-11-17T04:04:02.408+0000] {dag.py:2742} INFO - Sync 3 DAGs
[2025-11-17T04:04:02.422+0000] {logging_mixin.py:150} INFO - [2025-11-17T04:04:02.422+0000] {dag.py:3504} INFO - Setting next_dagrun for example_branch_datetime_operator to 2025-11-16T00:00:00+00:00, run_after=2025-11-17T00:00:00+00:00
[2025-11-17T04:04:02.426+0000] {logging_mixin.py:150} INFO - [2025-11-17T04:04:02.426+0000] {dag.py:3504} INFO - Setting next_dagrun for example_branch_datetime_operator_2 to 2025-11-16T00:00:00+00:00, run_after=2025-11-17T00:00:00+00:00
[2025-11-17T04:04:02.427+0000] {logging_mixin.py:150} INFO - [2025-11-17T04:04:02.427+0000] {dag.py:3504} INFO - Setting next_dagrun for example_branch_datetime_operator_3 to 2025-11-16T00:00:00+00:00, run_after=2025-11-17T00:00:00+00:00
[2025-11-17T04:04:02.440+0000] {processor.py:179} INFO - Processing /home/vscode/.local/lib/python3.10/site-packages/airflow/example_dags/example_branch_datetime_operator.py took 0.058 seconds
[2025-11-17T04:04:49.827+0000] {processor.py:157} INFO - Started process (PID=24429) to work on /home/vscode/.local/lib/python3.10/site-packages/airflow/example_dags/example_branch_datetime_operator.py
[2025-11-17T04:04:49.827+0000] {processor.py:826} INFO - Processing file /home/vscode/.local/lib/python3.10/site-packages/airflow/example_dags/example_branch_datetime_operator.py for tasks to queue
[2025-11-17T04:04:49.828+0000] {logging_mixin.py:150} INFO - [2025-11-17T04:04:49.828+0000] {dagbag.py:541} INFO - Filling up the DagBag from /home/vscode/.local/lib/python3.10/site-packages/airflow/example_dags/example_branch_datetime_operator.py
[2025-11-17T04:04:49.835+0000] {processor.py:836} INFO - DAG(s) dict_keys(['example_branch_datetime_operator', 'example_branch_datetime_operator_2', 'example_branch_datetime_operator_3']) retrieved from /home/vscode/.local/lib/python3.10/site-packages/airflow/example_dags/example_branch_datetime_operator.py
[2025-11-17T04:04:49.850+0000] {logging_mixin.py:150} INFO - [2025-11-17T04:04:49.850+0000] {dag.py:2742} INFO - Sync 3 DAGs
[2025-11-17T04:04:49.864+0000] {logging_mixin.py:150} INFO - [2025-11-17T04:04:49.864+0000] {dag.py:3504} INFO - Setting next_dagrun for example_branch_datetime_operator to 2025-11-16T00:00:00+00:00, run_after=2025-11-17T00:00:00+00:00
[2025-11-17T04:04:49.867+0000] {logging_mixin.py:150} INFO - [2025-11-17T04:04:49.867+0000] {dag.py:3504} INFO - Setting next_dagrun for example_branch_datetime_operator_2 to 2025-11-16T00:00:00+00:00, run_after=2025-11-17T00:00:00+00:00
[2025-11-17T04:04:49.868+0000] {logging_mixin.py:150} INFO - [2025-11-17T04:04:49.868+0000] {dag.py:3504} INFO - Setting next_dagrun for example_branch_datetime_operator_3 to 2025-11-16T00:00:00+00:00, run_after=2025-11-17T00:00:00+00:00
[2025-11-17T04:04:49.881+0000] {processor.py:179} INFO - Processing /home/vscode/.local/lib/python3.10/site-packages/airflow/example_dags/example_branch_datetime_operator.py took 0.056 seconds
[2025-11-17T04:05:46.676+0000] {processor.py:157} INFO - Started process (PID=24845) to work on /home/vscode/.local/lib/python3.10/site-packages/airflow/example_dags/example_branch_datetime_operator.py
[2025-11-17T04:05:46.677+0000] {processor.py:826} INFO - Processing file /home/vscode/.local/lib/python3.10/site-packages/airflow/example_dags/example_branch_datetime_operator.py for tasks to queue
[2025-11-17T04:05:46.678+0000] {logging_mixin.py:150} INFO - [2025-11-17T04:05:46.677+0000] {dagbag.py:541} INFO - Filling up the DagBag from /home/vscode/.local/lib/python3.10/site-packages/airflow/example_dags/example_branch_datetime_operator.py
[2025-11-17T04:05:46.685+0000] {processor.py:836} INFO - DAG(s) dict_keys(['example_branch_datetime_operator_3', 'example_branch_datetime_operator_2', 'example_branch_datetime_operator']) retrieved from /home/vscode/.local/lib/python3.10/site-packages/airflow/example_dags/example_branch_datetime_operator.py
[2025-11-17T04:05:46.701+0000] {logging_mixin.py:150} INFO - [2025-11-17T04:05:46.701+0000] {dag.py:2742} INFO - Sync 3 DAGs
[2025-11-17T04:05:46.718+0000] {logging_mixin.py:150} INFO - [2025-11-17T04:05:46.717+0000] {dag.py:3504} INFO - Setting next_dagrun for example_branch_datetime_operator to 2025-11-16T00:00:00+00:00, run_after=2025-11-17T00:00:00+00:00
[2025-11-17T04:05:46.721+0000] {logging_mixin.py:150} INFO - [2025-11-17T04:05:46.721+0000] {dag.py:3504} INFO - Setting next_dagrun for example_branch_datetime_operator_2 to 2025-11-16T00:00:00+00:00, run_after=2025-11-17T00:00:00+00:00
[2025-11-17T04:05:46.722+0000] {logging_mixin.py:150} INFO - [2025-11-17T04:05:46.722+0000] {dag.py:3504} INFO - Setting next_dagrun for example_branch_datetime_operator_3 to 2025-11-16T00:00:00+00:00, run_after=2025-11-17T00:00:00+00:00
[2025-11-17T04:05:46.737+0000] {processor.py:179} INFO - Processing /home/vscode/.local/lib/python3.10/site-packages/airflow/example_dags/example_branch_datetime_operator.py took 0.063 seconds
[2025-11-17T04:06:32.915+0000] {processor.py:157} INFO - Started process (PID=25217) to work on /home/vscode/.local/lib/python3.10/site-packages/airflow/example_dags/example_branch_datetime_operator.py
[2025-11-17T04:06:32.916+0000] {processor.py:826} INFO - Processing file /home/vscode/.local/lib/python3.10/site-packages/airflow/example_dags/example_branch_datetime_operator.py for tasks to queue
[2025-11-17T04:06:32.917+0000] {logging_mixin.py:150} INFO - [2025-11-17T04:06:32.916+0000] {dagbag.py:541} INFO - Filling up the DagBag from /home/vscode/.local/lib/python3.10/site-packages/airflow/example_dags/example_branch_datetime_operator.py
[2025-11-17T04:06:32.924+0000] {processor.py:836} INFO - DAG(s) dict_keys(['example_branch_datetime_operator', 'example_branch_datetime_operator_2', 'example_branch_datetime_operator_3']) retrieved from /home/vscode/.local/lib/python3.10/site-packages/airflow/example_dags/example_branch_datetime_operator.py
[2025-11-17T04:06:32.938+0000] {logging_mixin.py:150} INFO - [2025-11-17T04:06:32.938+0000] {dag.py:2742} INFO - Sync 3 DAGs
[2025-11-17T04:06:32.953+0000] {logging_mixin.py:150} INFO - [2025-11-17T04:06:32.952+0000] {dag.py:3504} INFO - Setting next_dagrun for example_branch_datetime_operator to 2025-11-16T00:00:00+00:00, run_after=2025-11-17T00:00:00+00:00
[2025-11-17T04:06:32.955+0000] {logging_mixin.py:150} INFO - [2025-11-17T04:06:32.955+0000] {dag.py:3504} INFO - Setting next_dagrun for example_branch_datetime_operator_2 to 2025-11-16T00:00:00+00:00, run_after=2025-11-17T00:00:00+00:00
[2025-11-17T04:06:32.957+0000] {logging_mixin.py:150} INFO - [2025-11-17T04:06:32.957+0000] {dag.py:3504} INFO - Setting next_dagrun for example_branch_datetime_operator_3 to 2025-11-16T00:00:00+00:00, run_after=2025-11-17T00:00:00+00:00
[2025-11-17T04:06:32.972+0000] {processor.py:179} INFO - Processing /home/vscode/.local/lib/python3.10/site-packages/airflow/example_dags/example_branch_datetime_operator.py took 0.059 seconds
[2025-11-17T04:07:16.305+0000] {processor.py:157} INFO - Started process (PID=25529) to work on /home/vscode/.local/lib/python3.10/site-packages/airflow/example_dags/example_branch_datetime_operator.py
[2025-11-17T04:07:16.306+0000] {processor.py:826} INFO - Processing file /home/vscode/.local/lib/python3.10/site-packages/airflow/example_dags/example_branch_datetime_operator.py for tasks to queue
[2025-11-17T04:07:16.307+0000] {logging_mixin.py:150} INFO - [2025-11-17T04:07:16.306+0000] {dagbag.py:541} INFO - Filling up the DagBag from /home/vscode/.local/lib/python3.10/site-packages/airflow/example_dags/example_branch_datetime_operator.py
[2025-11-17T04:07:16.314+0000] {processor.py:836} INFO - DAG(s) dict_keys(['example_branch_datetime_operator', 'example_branch_datetime_operator_3', 'example_branch_datetime_operator_2']) retrieved from /home/vscode/.local/lib/python3.10/site-packages/airflow/example_dags/example_branch_datetime_operator.py
[2025-11-17T04:07:16.330+0000] {logging_mixin.py:150} INFO - [2025-11-17T04:07:16.330+0000] {dag.py:2742} INFO - Sync 3 DAGs
[2025-11-17T04:07:16.345+0000] {logging_mixin.py:150} INFO - [2025-11-17T04:07:16.345+0000] {dag.py:3504} INFO - Setting next_dagrun for example_branch_datetime_operator to 2025-11-16T00:00:00+00:00, run_after=2025-11-17T00:00:00+00:00
[2025-11-17T04:07:16.348+0000] {logging_mixin.py:150} INFO - [2025-11-17T04:07:16.348+0000] {dag.py:3504} INFO - Setting next_dagrun for example_branch_datetime_operator_2 to 2025-11-16T00:00:00+00:00, run_after=2025-11-17T00:00:00+00:00
[2025-11-17T04:07:16.349+0000] {logging_mixin.py:150} INFO - [2025-11-17T04:07:16.349+0000] {dag.py:3504} INFO - Setting next_dagrun for example_branch_datetime_operator_3 to 2025-11-16T00:00:00+00:00, run_after=2025-11-17T00:00:00+00:00
[2025-11-17T04:07:16.362+0000] {processor.py:179} INFO - Processing /home/vscode/.local/lib/python3.10/site-packages/airflow/example_dags/example_branch_datetime_operator.py took 0.059 seconds
[2025-11-17T04:08:01.418+0000] {processor.py:157} INFO - Started process (PID=25913) to work on /home/vscode/.local/lib/python3.10/site-packages/airflow/example_dags/example_branch_datetime_operator.py
[2025-11-17T04:08:01.419+0000] {processor.py:826} INFO - Processing file /home/vscode/.local/lib/python3.10/site-packages/airflow/example_dags/example_branch_datetime_operator.py for tasks to queue
[2025-11-17T04:08:01.419+0000] {logging_mixin.py:150} INFO - [2025-11-17T04:08:01.419+0000] {dagbag.py:541} INFO - Filling up the DagBag from /home/vscode/.local/lib/python3.10/site-packages/airflow/example_dags/example_branch_datetime_operator.py
[2025-11-17T04:08:01.426+0000] {processor.py:836} INFO - DAG(s) dict_keys(['example_branch_datetime_operator_2', 'example_branch_datetime_operator_3', 'example_branch_datetime_operator']) retrieved from /home/vscode/.local/lib/python3.10/site-packages/airflow/example_dags/example_branch_datetime_operator.py
[2025-11-17T04:08:01.443+0000] {logging_mixin.py:150} INFO - [2025-11-17T04:08:01.443+0000] {dag.py:2742} INFO - Sync 3 DAGs
[2025-11-17T04:08:01.458+0000] {logging_mixin.py:150} INFO - [2025-11-17T04:08:01.458+0000] {dag.py:3504} INFO - Setting next_dagrun for example_branch_datetime_operator to 2025-11-16T00:00:00+00:00, run_after=2025-11-17T00:00:00+00:00
[2025-11-17T04:08:01.462+0000] {logging_mixin.py:150} INFO - [2025-11-17T04:08:01.461+0000] {dag.py:3504} INFO - Setting next_dagrun for example_branch_datetime_operator_2 to 2025-11-16T00:00:00+00:00, run_after=2025-11-17T00:00:00+00:00
[2025-11-17T04:08:01.463+0000] {logging_mixin.py:150} INFO - [2025-11-17T04:08:01.463+0000] {dag.py:3504} INFO - Setting next_dagrun for example_branch_datetime_operator_3 to 2025-11-16T00:00:00+00:00, run_after=2025-11-17T00:00:00+00:00
[2025-11-17T04:08:01.476+0000] {processor.py:179} INFO - Processing /home/vscode/.local/lib/python3.10/site-packages/airflow/example_dags/example_branch_datetime_operator.py took 0.060 seconds
[2025-11-17T04:08:44.456+0000] {processor.py:157} INFO - Started process (PID=26214) to work on /home/vscode/.local/lib/python3.10/site-packages/airflow/example_dags/example_branch_datetime_operator.py
[2025-11-17T04:08:44.457+0000] {processor.py:826} INFO - Processing file /home/vscode/.local/lib/python3.10/site-packages/airflow/example_dags/example_branch_datetime_operator.py for tasks to queue
[2025-11-17T04:08:44.458+0000] {logging_mixin.py:150} INFO - [2025-11-17T04:08:44.457+0000] {dagbag.py:541} INFO - Filling up the DagBag from /home/vscode/.local/lib/python3.10/site-packages/airflow/example_dags/example_branch_datetime_operator.py
[2025-11-17T04:08:44.465+0000] {processor.py:836} INFO - DAG(s) dict_keys(['example_branch_datetime_operator_3', 'example_branch_datetime_operator', 'example_branch_datetime_operator_2']) retrieved from /home/vscode/.local/lib/python3.10/site-packages/airflow/example_dags/example_branch_datetime_operator.py
[2025-11-17T04:08:44.482+0000] {logging_mixin.py:150} INFO - [2025-11-17T04:08:44.482+0000] {dag.py:2742} INFO - Sync 3 DAGs
[2025-11-17T04:08:44.499+0000] {logging_mixin.py:150} INFO - [2025-11-17T04:08:44.499+0000] {dag.py:3504} INFO - Setting next_dagrun for example_branch_datetime_operator to 2025-11-16T00:00:00+00:00, run_after=2025-11-17T00:00:00+00:00
[2025-11-17T04:08:44.502+0000] {logging_mixin.py:150} INFO - [2025-11-17T04:08:44.502+0000] {dag.py:3504} INFO - Setting next_dagrun for example_branch_datetime_operator_2 to 2025-11-16T00:00:00+00:00, run_after=2025-11-17T00:00:00+00:00
[2025-11-17T04:08:44.504+0000] {logging_mixin.py:150} INFO - [2025-11-17T04:08:44.504+0000] {dag.py:3504} INFO - Setting next_dagrun for example_branch_datetime_operator_3 to 2025-11-16T00:00:00+00:00, run_after=2025-11-17T00:00:00+00:00
[2025-11-17T04:08:44.517+0000] {processor.py:179} INFO - Processing /home/vscode/.local/lib/python3.10/site-packages/airflow/example_dags/example_branch_datetime_operator.py took 0.063 seconds
[2025-11-17T04:09:41.685+0000] {processor.py:157} INFO - Started process (PID=26643) to work on /home/vscode/.local/lib/python3.10/site-packages/airflow/example_dags/example_branch_datetime_operator.py
[2025-11-17T04:09:41.685+0000] {processor.py:826} INFO - Processing file /home/vscode/.local/lib/python3.10/site-packages/airflow/example_dags/example_branch_datetime_operator.py for tasks to queue
[2025-11-17T04:09:41.686+0000] {logging_mixin.py:150} INFO - [2025-11-17T04:09:41.686+0000] {dagbag.py:541} INFO - Filling up the DagBag from /home/vscode/.local/lib/python3.10/site-packages/airflow/example_dags/example_branch_datetime_operator.py
[2025-11-17T04:09:41.693+0000] {processor.py:836} INFO - DAG(s) dict_keys(['example_branch_datetime_operator_2', 'example_branch_datetime_operator_3', 'example_branch_datetime_operator']) retrieved from /home/vscode/.local/lib/python3.10/site-packages/airflow/example_dags/example_branch_datetime_operator.py
[2025-11-17T04:09:41.709+0000] {logging_mixin.py:150} INFO - [2025-11-17T04:09:41.708+0000] {dag.py:2742} INFO - Sync 3 DAGs
[2025-11-17T04:09:41.723+0000] {logging_mixin.py:150} INFO - [2025-11-17T04:09:41.723+0000] {dag.py:3504} INFO - Setting next_dagrun for example_branch_datetime_operator to 2025-11-16T00:00:00+00:00, run_after=2025-11-17T00:00:00+00:00
[2025-11-17T04:09:41.727+0000] {logging_mixin.py:150} INFO - [2025-11-17T04:09:41.727+0000] {dag.py:3504} INFO - Setting next_dagrun for example_branch_datetime_operator_2 to 2025-11-16T00:00:00+00:00, run_after=2025-11-17T00:00:00+00:00
[2025-11-17T04:09:41.729+0000] {logging_mixin.py:150} INFO - [2025-11-17T04:09:41.729+0000] {dag.py:3504} INFO - Setting next_dagrun for example_branch_datetime_operator_3 to 2025-11-16T00:00:00+00:00, run_after=2025-11-17T00:00:00+00:00
[2025-11-17T04:09:41.742+0000] {processor.py:179} INFO - Processing /home/vscode/.local/lib/python3.10/site-packages/airflow/example_dags/example_branch_datetime_operator.py took 0.060 seconds
[2025-11-17T04:10:39.614+0000] {processor.py:157} INFO - Started process (PID=27020) to work on /home/vscode/.local/lib/python3.10/site-packages/airflow/example_dags/example_branch_datetime_operator.py
[2025-11-17T04:10:39.614+0000] {processor.py:826} INFO - Processing file /home/vscode/.local/lib/python3.10/site-packages/airflow/example_dags/example_branch_datetime_operator.py for tasks to queue
[2025-11-17T04:10:39.615+0000] {logging_mixin.py:150} INFO - [2025-11-17T04:10:39.615+0000] {dagbag.py:541} INFO - Filling up the DagBag from /home/vscode/.local/lib/python3.10/site-packages/airflow/example_dags/example_branch_datetime_operator.py
[2025-11-17T04:10:39.622+0000] {processor.py:836} INFO - DAG(s) dict_keys(['example_branch_datetime_operator', 'example_branch_datetime_operator_3', 'example_branch_datetime_operator_2']) retrieved from /home/vscode/.local/lib/python3.10/site-packages/airflow/example_dags/example_branch_datetime_operator.py
[2025-11-17T04:10:39.638+0000] {logging_mixin.py:150} INFO - [2025-11-17T04:10:39.637+0000] {dag.py:2742} INFO - Sync 3 DAGs
[2025-11-17T04:10:39.652+0000] {logging_mixin.py:150} INFO - [2025-11-17T04:10:39.652+0000] {dag.py:3504} INFO - Setting next_dagrun for example_branch_datetime_operator to 2025-11-16T00:00:00+00:00, run_after=2025-11-17T00:00:00+00:00
[2025-11-17T04:10:39.656+0000] {logging_mixin.py:150} INFO - [2025-11-17T04:10:39.656+0000] {dag.py:3504} INFO - Setting next_dagrun for example_branch_datetime_operator_2 to 2025-11-16T00:00:00+00:00, run_after=2025-11-17T00:00:00+00:00
[2025-11-17T04:10:39.657+0000] {logging_mixin.py:150} INFO - [2025-11-17T04:10:39.657+0000] {dag.py:3504} INFO - Setting next_dagrun for example_branch_datetime_operator_3 to 2025-11-16T00:00:00+00:00, run_after=2025-11-17T00:00:00+00:00
[2025-11-17T04:10:39.670+0000] {processor.py:179} INFO - Processing /home/vscode/.local/lib/python3.10/site-packages/airflow/example_dags/example_branch_datetime_operator.py took 0.059 seconds
[2025-11-17T04:11:32.149+0000] {processor.py:157} INFO - Started process (PID=27389) to work on /home/vscode/.local/lib/python3.10/site-packages/airflow/example_dags/example_branch_datetime_operator.py
[2025-11-17T04:11:32.149+0000] {processor.py:826} INFO - Processing file /home/vscode/.local/lib/python3.10/site-packages/airflow/example_dags/example_branch_datetime_operator.py for tasks to queue
[2025-11-17T04:11:32.150+0000] {logging_mixin.py:150} INFO - [2025-11-17T04:11:32.150+0000] {dagbag.py:541} INFO - Filling up the DagBag from /home/vscode/.local/lib/python3.10/site-packages/airflow/example_dags/example_branch_datetime_operator.py
[2025-11-17T04:11:32.161+0000] {processor.py:836} INFO - DAG(s) dict_keys(['example_branch_datetime_operator_3', 'example_branch_datetime_operator_2', 'example_branch_datetime_operator']) retrieved from /home/vscode/.local/lib/python3.10/site-packages/airflow/example_dags/example_branch_datetime_operator.py
[2025-11-17T04:11:32.186+0000] {logging_mixin.py:150} INFO - [2025-11-17T04:11:32.186+0000] {dag.py:2742} INFO - Sync 3 DAGs
[2025-11-17T04:11:32.208+0000] {logging_mixin.py:150} INFO - [2025-11-17T04:11:32.208+0000] {dag.py:3504} INFO - Setting next_dagrun for example_branch_datetime_operator to 2025-11-16T00:00:00+00:00, run_after=2025-11-17T00:00:00+00:00
[2025-11-17T04:11:32.211+0000] {logging_mixin.py:150} INFO - [2025-11-17T04:11:32.211+0000] {dag.py:3504} INFO - Setting next_dagrun for example_branch_datetime_operator_2 to 2025-11-16T00:00:00+00:00, run_after=2025-11-17T00:00:00+00:00
[2025-11-17T04:11:32.213+0000] {logging_mixin.py:150} INFO - [2025-11-17T04:11:32.213+0000] {dag.py:3504} INFO - Setting next_dagrun for example_branch_datetime_operator_3 to 2025-11-16T00:00:00+00:00, run_after=2025-11-17T00:00:00+00:00
[2025-11-17T04:11:32.226+0000] {processor.py:179} INFO - Processing /home/vscode/.local/lib/python3.10/site-packages/airflow/example_dags/example_branch_datetime_operator.py took 0.080 seconds
[2025-11-17T04:12:32.184+0000] {processor.py:157} INFO - Started process (PID=27803) to work on /home/vscode/.local/lib/python3.10/site-packages/airflow/example_dags/example_branch_datetime_operator.py
[2025-11-17T04:12:32.184+0000] {processor.py:826} INFO - Processing file /home/vscode/.local/lib/python3.10/site-packages/airflow/example_dags/example_branch_datetime_operator.py for tasks to queue
[2025-11-17T04:12:32.185+0000] {logging_mixin.py:150} INFO - [2025-11-17T04:12:32.185+0000] {dagbag.py:541} INFO - Filling up the DagBag from /home/vscode/.local/lib/python3.10/site-packages/airflow/example_dags/example_branch_datetime_operator.py
[2025-11-17T04:12:32.191+0000] {processor.py:836} INFO - DAG(s) dict_keys(['example_branch_datetime_operator_3', 'example_branch_datetime_operator_2', 'example_branch_datetime_operator']) retrieved from /home/vscode/.local/lib/python3.10/site-packages/airflow/example_dags/example_branch_datetime_operator.py
[2025-11-17T04:12:32.209+0000] {logging_mixin.py:150} INFO - [2025-11-17T04:12:32.209+0000] {dag.py:2742} INFO - Sync 3 DAGs
[2025-11-17T04:12:32.229+0000] {logging_mixin.py:150} INFO - [2025-11-17T04:12:32.229+0000] {dag.py:3504} INFO - Setting next_dagrun for example_branch_datetime_operator to 2025-11-16T00:00:00+00:00, run_after=2025-11-17T00:00:00+00:00
[2025-11-17T04:12:32.234+0000] {logging_mixin.py:150} INFO - [2025-11-17T04:12:32.234+0000] {dag.py:3504} INFO - Setting next_dagrun for example_branch_datetime_operator_2 to 2025-11-16T00:00:00+00:00, run_after=2025-11-17T00:00:00+00:00
[2025-11-17T04:12:32.236+0000] {logging_mixin.py:150} INFO - [2025-11-17T04:12:32.236+0000] {dag.py:3504} INFO - Setting next_dagrun for example_branch_datetime_operator_3 to 2025-11-16T00:00:00+00:00, run_after=2025-11-17T00:00:00+00:00
[2025-11-17T04:12:32.254+0000] {processor.py:179} INFO - Processing /home/vscode/.local/lib/python3.10/site-packages/airflow/example_dags/example_branch_datetime_operator.py took 0.073 seconds
[2025-11-17T04:13:16.900+0000] {processor.py:157} INFO - Started process (PID=28172) to work on /home/vscode/.local/lib/python3.10/site-packages/airflow/example_dags/example_branch_datetime_operator.py
[2025-11-17T04:13:16.901+0000] {processor.py:826} INFO - Processing file /home/vscode/.local/lib/python3.10/site-packages/airflow/example_dags/example_branch_datetime_operator.py for tasks to queue
[2025-11-17T04:13:16.901+0000] {logging_mixin.py:150} INFO - [2025-11-17T04:13:16.901+0000] {dagbag.py:541} INFO - Filling up the DagBag from /home/vscode/.local/lib/python3.10/site-packages/airflow/example_dags/example_branch_datetime_operator.py
[2025-11-17T04:13:16.908+0000] {processor.py:836} INFO - DAG(s) dict_keys(['example_branch_datetime_operator', 'example_branch_datetime_operator_3', 'example_branch_datetime_operator_2']) retrieved from /home/vscode/.local/lib/python3.10/site-packages/airflow/example_dags/example_branch_datetime_operator.py
[2025-11-17T04:13:16.923+0000] {logging_mixin.py:150} INFO - [2025-11-17T04:13:16.923+0000] {dag.py:2742} INFO - Sync 3 DAGs
[2025-11-17T04:13:16.937+0000] {logging_mixin.py:150} INFO - [2025-11-17T04:13:16.937+0000] {dag.py:3504} INFO - Setting next_dagrun for example_branch_datetime_operator to 2025-11-16T00:00:00+00:00, run_after=2025-11-17T00:00:00+00:00
[2025-11-17T04:13:16.940+0000] {logging_mixin.py:150} INFO - [2025-11-17T04:13:16.940+0000] {dag.py:3504} INFO - Setting next_dagrun for example_branch_datetime_operator_2 to 2025-11-16T00:00:00+00:00, run_after=2025-11-17T00:00:00+00:00
[2025-11-17T04:13:16.942+0000] {logging_mixin.py:150} INFO - [2025-11-17T04:13:16.942+0000] {dag.py:3504} INFO - Setting next_dagrun for example_branch_datetime_operator_3 to 2025-11-16T00:00:00+00:00, run_after=2025-11-17T00:00:00+00:00
[2025-11-17T04:13:16.954+0000] {processor.py:179} INFO - Processing /home/vscode/.local/lib/python3.10/site-packages/airflow/example_dags/example_branch_datetime_operator.py took 0.056 seconds
[2025-11-17T04:14:14.087+0000] {processor.py:157} INFO - Started process (PID=28563) to work on /home/vscode/.local/lib/python3.10/site-packages/airflow/example_dags/example_branch_datetime_operator.py
[2025-11-17T04:14:14.088+0000] {processor.py:826} INFO - Processing file /home/vscode/.local/lib/python3.10/site-packages/airflow/example_dags/example_branch_datetime_operator.py for tasks to queue
[2025-11-17T04:14:14.088+0000] {logging_mixin.py:150} INFO - [2025-11-17T04:14:14.088+0000] {dagbag.py:541} INFO - Filling up the DagBag from /home/vscode/.local/lib/python3.10/site-packages/airflow/example_dags/example_branch_datetime_operator.py
[2025-11-17T04:14:14.095+0000] {processor.py:836} INFO - DAG(s) dict_keys(['example_branch_datetime_operator', 'example_branch_datetime_operator_3', 'example_branch_datetime_operator_2']) retrieved from /home/vscode/.local/lib/python3.10/site-packages/airflow/example_dags/example_branch_datetime_operator.py
[2025-11-17T04:14:14.111+0000] {logging_mixin.py:150} INFO - [2025-11-17T04:14:14.111+0000] {dag.py:2742} INFO - Sync 3 DAGs
[2025-11-17T04:14:14.124+0000] {logging_mixin.py:150} INFO - [2025-11-17T04:14:14.124+0000] {dag.py:3504} INFO - Setting next_dagrun for example_branch_datetime_operator to 2025-11-16T00:00:00+00:00, run_after=2025-11-17T00:00:00+00:00
[2025-11-17T04:14:14.127+0000] {logging_mixin.py:150} INFO - [2025-11-17T04:14:14.127+0000] {dag.py:3504} INFO - Setting next_dagrun for example_branch_datetime_operator_2 to 2025-11-16T00:00:00+00:00, run_after=2025-11-17T00:00:00+00:00
[2025-11-17T04:14:14.129+0000] {logging_mixin.py:150} INFO - [2025-11-17T04:14:14.129+0000] {dag.py:3504} INFO - Setting next_dagrun for example_branch_datetime_operator_3 to 2025-11-16T00:00:00+00:00, run_after=2025-11-17T00:00:00+00:00
[2025-11-17T04:14:14.141+0000] {processor.py:179} INFO - Processing /home/vscode/.local/lib/python3.10/site-packages/airflow/example_dags/example_branch_datetime_operator.py took 0.056 seconds
[2025-11-17T04:14:59.491+0000] {processor.py:157} INFO - Started process (PID=28937) to work on /home/vscode/.local/lib/python3.10/site-packages/airflow/example_dags/example_branch_datetime_operator.py
[2025-11-17T04:14:59.492+0000] {processor.py:826} INFO - Processing file /home/vscode/.local/lib/python3.10/site-packages/airflow/example_dags/example_branch_datetime_operator.py for tasks to queue
[2025-11-17T04:14:59.492+0000] {logging_mixin.py:150} INFO - [2025-11-17T04:14:59.492+0000] {dagbag.py:541} INFO - Filling up the DagBag from /home/vscode/.local/lib/python3.10/site-packages/airflow/example_dags/example_branch_datetime_operator.py
[2025-11-17T04:14:59.499+0000] {processor.py:836} INFO - DAG(s) dict_keys(['example_branch_datetime_operator_2', 'example_branch_datetime_operator', 'example_branch_datetime_operator_3']) retrieved from /home/vscode/.local/lib/python3.10/site-packages/airflow/example_dags/example_branch_datetime_operator.py
[2025-11-17T04:14:59.515+0000] {logging_mixin.py:150} INFO - [2025-11-17T04:14:59.515+0000] {dag.py:2742} INFO - Sync 3 DAGs
[2025-11-17T04:14:59.539+0000] {logging_mixin.py:150} INFO - [2025-11-17T04:14:59.539+0000] {dag.py:3504} INFO - Setting next_dagrun for example_branch_datetime_operator to 2025-11-16T00:00:00+00:00, run_after=2025-11-17T00:00:00+00:00
[2025-11-17T04:14:59.545+0000] {logging_mixin.py:150} INFO - [2025-11-17T04:14:59.544+0000] {dag.py:3504} INFO - Setting next_dagrun for example_branch_datetime_operator_2 to 2025-11-16T00:00:00+00:00, run_after=2025-11-17T00:00:00+00:00
[2025-11-17T04:14:59.547+0000] {logging_mixin.py:150} INFO - [2025-11-17T04:14:59.547+0000] {dag.py:3504} INFO - Setting next_dagrun for example_branch_datetime_operator_3 to 2025-11-16T00:00:00+00:00, run_after=2025-11-17T00:00:00+00:00
[2025-11-17T04:14:59.561+0000] {processor.py:179} INFO - Processing /home/vscode/.local/lib/python3.10/site-packages/airflow/example_dags/example_branch_datetime_operator.py took 0.073 seconds
[2025-11-17T04:15:48.252+0000] {processor.py:157} INFO - Started process (PID=29379) to work on /home/vscode/.local/lib/python3.10/site-packages/airflow/example_dags/example_branch_datetime_operator.py
[2025-11-17T04:15:48.252+0000] {processor.py:826} INFO - Processing file /home/vscode/.local/lib/python3.10/site-packages/airflow/example_dags/example_branch_datetime_operator.py for tasks to queue
[2025-11-17T04:15:48.253+0000] {logging_mixin.py:150} INFO - [2025-11-17T04:15:48.253+0000] {dagbag.py:541} INFO - Filling up the DagBag from /home/vscode/.local/lib/python3.10/site-packages/airflow/example_dags/example_branch_datetime_operator.py
[2025-11-17T04:15:48.260+0000] {processor.py:836} INFO - DAG(s) dict_keys(['example_branch_datetime_operator_2', 'example_branch_datetime_operator_3', 'example_branch_datetime_operator']) retrieved from /home/vscode/.local/lib/python3.10/site-packages/airflow/example_dags/example_branch_datetime_operator.py
[2025-11-17T04:15:48.276+0000] {logging_mixin.py:150} INFO - [2025-11-17T04:15:48.276+0000] {dag.py:2742} INFO - Sync 3 DAGs
[2025-11-17T04:15:48.291+0000] {logging_mixin.py:150} INFO - [2025-11-17T04:15:48.291+0000] {dag.py:3504} INFO - Setting next_dagrun for example_branch_datetime_operator to 2025-11-16T00:00:00+00:00, run_after=2025-11-17T00:00:00+00:00
[2025-11-17T04:15:48.295+0000] {logging_mixin.py:150} INFO - [2025-11-17T04:15:48.295+0000] {dag.py:3504} INFO - Setting next_dagrun for example_branch_datetime_operator_2 to 2025-11-16T00:00:00+00:00, run_after=2025-11-17T00:00:00+00:00
[2025-11-17T04:15:48.296+0000] {logging_mixin.py:150} INFO - [2025-11-17T04:15:48.296+0000] {dag.py:3504} INFO - Setting next_dagrun for example_branch_datetime_operator_3 to 2025-11-16T00:00:00+00:00, run_after=2025-11-17T00:00:00+00:00
[2025-11-17T04:15:48.309+0000] {processor.py:179} INFO - Processing /home/vscode/.local/lib/python3.10/site-packages/airflow/example_dags/example_branch_datetime_operator.py took 0.060 seconds
[2025-11-17T04:16:34.730+0000] {processor.py:157} INFO - Started process (PID=29694) to work on /home/vscode/.local/lib/python3.10/site-packages/airflow/example_dags/example_branch_datetime_operator.py
[2025-11-17T04:16:34.731+0000] {processor.py:826} INFO - Processing file /home/vscode/.local/lib/python3.10/site-packages/airflow/example_dags/example_branch_datetime_operator.py for tasks to queue
[2025-11-17T04:16:34.731+0000] {logging_mixin.py:150} INFO - [2025-11-17T04:16:34.731+0000] {dagbag.py:541} INFO - Filling up the DagBag from /home/vscode/.local/lib/python3.10/site-packages/airflow/example_dags/example_branch_datetime_operator.py
[2025-11-17T04:16:34.738+0000] {processor.py:836} INFO - DAG(s) dict_keys(['example_branch_datetime_operator_2', 'example_branch_datetime_operator_3', 'example_branch_datetime_operator']) retrieved from /home/vscode/.local/lib/python3.10/site-packages/airflow/example_dags/example_branch_datetime_operator.py
[2025-11-17T04:16:34.753+0000] {logging_mixin.py:150} INFO - [2025-11-17T04:16:34.752+0000] {dag.py:2742} INFO - Sync 3 DAGs
[2025-11-17T04:16:34.767+0000] {logging_mixin.py:150} INFO - [2025-11-17T04:16:34.767+0000] {dag.py:3504} INFO - Setting next_dagrun for example_branch_datetime_operator to 2025-11-16T00:00:00+00:00, run_after=2025-11-17T00:00:00+00:00
[2025-11-17T04:16:34.770+0000] {logging_mixin.py:150} INFO - [2025-11-17T04:16:34.770+0000] {dag.py:3504} INFO - Setting next_dagrun for example_branch_datetime_operator_2 to 2025-11-16T00:00:00+00:00, run_after=2025-11-17T00:00:00+00:00
[2025-11-17T04:16:34.771+0000] {logging_mixin.py:150} INFO - [2025-11-17T04:16:34.771+0000] {dag.py:3504} INFO - Setting next_dagrun for example_branch_datetime_operator_3 to 2025-11-16T00:00:00+00:00, run_after=2025-11-17T00:00:00+00:00
[2025-11-17T04:16:34.784+0000] {processor.py:179} INFO - Processing /home/vscode/.local/lib/python3.10/site-packages/airflow/example_dags/example_branch_datetime_operator.py took 0.056 seconds
[2025-11-17T04:17:30.796+0000] {processor.py:157} INFO - Started process (PID=30136) to work on /home/vscode/.local/lib/python3.10/site-packages/airflow/example_dags/example_branch_datetime_operator.py
[2025-11-17T04:17:30.797+0000] {processor.py:826} INFO - Processing file /home/vscode/.local/lib/python3.10/site-packages/airflow/example_dags/example_branch_datetime_operator.py for tasks to queue
[2025-11-17T04:17:30.797+0000] {logging_mixin.py:150} INFO - [2025-11-17T04:17:30.797+0000] {dagbag.py:541} INFO - Filling up the DagBag from /home/vscode/.local/lib/python3.10/site-packages/airflow/example_dags/example_branch_datetime_operator.py
[2025-11-17T04:17:30.804+0000] {processor.py:836} INFO - DAG(s) dict_keys(['example_branch_datetime_operator', 'example_branch_datetime_operator_3', 'example_branch_datetime_operator_2']) retrieved from /home/vscode/.local/lib/python3.10/site-packages/airflow/example_dags/example_branch_datetime_operator.py
[2025-11-17T04:17:30.819+0000] {logging_mixin.py:150} INFO - [2025-11-17T04:17:30.818+0000] {dag.py:2742} INFO - Sync 3 DAGs
[2025-11-17T04:17:30.833+0000] {logging_mixin.py:150} INFO - [2025-11-17T04:17:30.832+0000] {dag.py:3504} INFO - Setting next_dagrun for example_branch_datetime_operator to 2025-11-16T00:00:00+00:00, run_after=2025-11-17T00:00:00+00:00
[2025-11-17T04:17:30.835+0000] {logging_mixin.py:150} INFO - [2025-11-17T04:17:30.835+0000] {dag.py:3504} INFO - Setting next_dagrun for example_branch_datetime_operator_2 to 2025-11-16T00:00:00+00:00, run_after=2025-11-17T00:00:00+00:00
[2025-11-17T04:17:30.837+0000] {logging_mixin.py:150} INFO - [2025-11-17T04:17:30.837+0000] {dag.py:3504} INFO - Setting next_dagrun for example_branch_datetime_operator_3 to 2025-11-16T00:00:00+00:00, run_after=2025-11-17T00:00:00+00:00
[2025-11-17T04:17:30.850+0000] {processor.py:179} INFO - Processing /home/vscode/.local/lib/python3.10/site-packages/airflow/example_dags/example_branch_datetime_operator.py took 0.056 seconds
[2025-11-17T04:18:21.283+0000] {processor.py:157} INFO - Started process (PID=30533) to work on /home/vscode/.local/lib/python3.10/site-packages/airflow/example_dags/example_branch_datetime_operator.py
[2025-11-17T04:18:21.284+0000] {processor.py:826} INFO - Processing file /home/vscode/.local/lib/python3.10/site-packages/airflow/example_dags/example_branch_datetime_operator.py for tasks to queue
[2025-11-17T04:18:21.284+0000] {logging_mixin.py:150} INFO - [2025-11-17T04:18:21.284+0000] {dagbag.py:541} INFO - Filling up the DagBag from /home/vscode/.local/lib/python3.10/site-packages/airflow/example_dags/example_branch_datetime_operator.py
[2025-11-17T04:18:21.291+0000] {processor.py:836} INFO - DAG(s) dict_keys(['example_branch_datetime_operator_2', 'example_branch_datetime_operator_3', 'example_branch_datetime_operator']) retrieved from /home/vscode/.local/lib/python3.10/site-packages/airflow/example_dags/example_branch_datetime_operator.py
[2025-11-17T04:18:21.306+0000] {logging_mixin.py:150} INFO - [2025-11-17T04:18:21.306+0000] {dag.py:2742} INFO - Sync 3 DAGs
[2025-11-17T04:18:21.321+0000] {logging_mixin.py:150} INFO - [2025-11-17T04:18:21.320+0000] {dag.py:3504} INFO - Setting next_dagrun for example_branch_datetime_operator to 2025-11-16T00:00:00+00:00, run_after=2025-11-17T00:00:00+00:00
[2025-11-17T04:18:21.323+0000] {logging_mixin.py:150} INFO - [2025-11-17T04:18:21.323+0000] {dag.py:3504} INFO - Setting next_dagrun for example_branch_datetime_operator_2 to 2025-11-16T00:00:00+00:00, run_after=2025-11-17T00:00:00+00:00
[2025-11-17T04:18:21.325+0000] {logging_mixin.py:150} INFO - [2025-11-17T04:18:21.325+0000] {dag.py:3504} INFO - Setting next_dagrun for example_branch_datetime_operator_3 to 2025-11-16T00:00:00+00:00, run_after=2025-11-17T00:00:00+00:00
[2025-11-17T04:18:21.338+0000] {processor.py:179} INFO - Processing /home/vscode/.local/lib/python3.10/site-packages/airflow/example_dags/example_branch_datetime_operator.py took 0.057 seconds
[2025-11-17T04:19:10.281+0000] {processor.py:157} INFO - Started process (PID=30924) to work on /home/vscode/.local/lib/python3.10/site-packages/airflow/example_dags/example_branch_datetime_operator.py
[2025-11-17T04:19:10.281+0000] {processor.py:826} INFO - Processing file /home/vscode/.local/lib/python3.10/site-packages/airflow/example_dags/example_branch_datetime_operator.py for tasks to queue
[2025-11-17T04:19:10.282+0000] {logging_mixin.py:150} INFO - [2025-11-17T04:19:10.282+0000] {dagbag.py:541} INFO - Filling up the DagBag from /home/vscode/.local/lib/python3.10/site-packages/airflow/example_dags/example_branch_datetime_operator.py
[2025-11-17T04:19:10.288+0000] {processor.py:836} INFO - DAG(s) dict_keys(['example_branch_datetime_operator', 'example_branch_datetime_operator_2', 'example_branch_datetime_operator_3']) retrieved from /home/vscode/.local/lib/python3.10/site-packages/airflow/example_dags/example_branch_datetime_operator.py
[2025-11-17T04:19:10.303+0000] {logging_mixin.py:150} INFO - [2025-11-17T04:19:10.303+0000] {dag.py:2742} INFO - Sync 3 DAGs
[2025-11-17T04:19:10.318+0000] {logging_mixin.py:150} INFO - [2025-11-17T04:19:10.318+0000] {dag.py:3504} INFO - Setting next_dagrun for example_branch_datetime_operator to 2025-11-16T00:00:00+00:00, run_after=2025-11-17T00:00:00+00:00
[2025-11-17T04:19:10.320+0000] {logging_mixin.py:150} INFO - [2025-11-17T04:19:10.320+0000] {dag.py:3504} INFO - Setting next_dagrun for example_branch_datetime_operator_2 to 2025-11-16T00:00:00+00:00, run_after=2025-11-17T00:00:00+00:00
[2025-11-17T04:19:10.322+0000] {logging_mixin.py:150} INFO - [2025-11-17T04:19:10.322+0000] {dag.py:3504} INFO - Setting next_dagrun for example_branch_datetime_operator_3 to 2025-11-16T00:00:00+00:00, run_after=2025-11-17T00:00:00+00:00
[2025-11-17T04:19:10.335+0000] {processor.py:179} INFO - Processing /home/vscode/.local/lib/python3.10/site-packages/airflow/example_dags/example_branch_datetime_operator.py took 0.056 seconds
[2025-11-17T04:20:06.977+0000] {processor.py:157} INFO - Started process (PID=31389) to work on /home/vscode/.local/lib/python3.10/site-packages/airflow/example_dags/example_branch_datetime_operator.py
[2025-11-17T04:20:06.977+0000] {processor.py:826} INFO - Processing file /home/vscode/.local/lib/python3.10/site-packages/airflow/example_dags/example_branch_datetime_operator.py for tasks to queue
[2025-11-17T04:20:06.978+0000] {logging_mixin.py:150} INFO - [2025-11-17T04:20:06.978+0000] {dagbag.py:541} INFO - Filling up the DagBag from /home/vscode/.local/lib/python3.10/site-packages/airflow/example_dags/example_branch_datetime_operator.py
[2025-11-17T04:20:06.985+0000] {processor.py:836} INFO - DAG(s) dict_keys(['example_branch_datetime_operator_3', 'example_branch_datetime_operator_2', 'example_branch_datetime_operator']) retrieved from /home/vscode/.local/lib/python3.10/site-packages/airflow/example_dags/example_branch_datetime_operator.py
[2025-11-17T04:20:07.000+0000] {logging_mixin.py:150} INFO - [2025-11-17T04:20:07.000+0000] {dag.py:2742} INFO - Sync 3 DAGs
[2025-11-17T04:20:07.015+0000] {logging_mixin.py:150} INFO - [2025-11-17T04:20:07.015+0000] {dag.py:3504} INFO - Setting next_dagrun for example_branch_datetime_operator to 2025-11-16T00:00:00+00:00, run_after=2025-11-17T00:00:00+00:00
[2025-11-17T04:20:07.020+0000] {logging_mixin.py:150} INFO - [2025-11-17T04:20:07.020+0000] {dag.py:3504} INFO - Setting next_dagrun for example_branch_datetime_operator_2 to 2025-11-16T00:00:00+00:00, run_after=2025-11-17T00:00:00+00:00
[2025-11-17T04:20:07.022+0000] {logging_mixin.py:150} INFO - [2025-11-17T04:20:07.022+0000] {dag.py:3504} INFO - Setting next_dagrun for example_branch_datetime_operator_3 to 2025-11-16T00:00:00+00:00, run_after=2025-11-17T00:00:00+00:00
[2025-11-17T04:20:07.036+0000] {processor.py:179} INFO - Processing /home/vscode/.local/lib/python3.10/site-packages/airflow/example_dags/example_branch_datetime_operator.py took 0.062 seconds
[2025-11-17T04:20:56.169+0000] {processor.py:157} INFO - Started process (PID=31818) to work on /home/vscode/.local/lib/python3.10/site-packages/airflow/example_dags/example_branch_datetime_operator.py
[2025-11-17T04:20:56.170+0000] {processor.py:826} INFO - Processing file /home/vscode/.local/lib/python3.10/site-packages/airflow/example_dags/example_branch_datetime_operator.py for tasks to queue
[2025-11-17T04:20:56.170+0000] {logging_mixin.py:150} INFO - [2025-11-17T04:20:56.170+0000] {dagbag.py:541} INFO - Filling up the DagBag from /home/vscode/.local/lib/python3.10/site-packages/airflow/example_dags/example_branch_datetime_operator.py
[2025-11-17T04:20:56.177+0000] {processor.py:836} INFO - DAG(s) dict_keys(['example_branch_datetime_operator_2', 'example_branch_datetime_operator_3', 'example_branch_datetime_operator']) retrieved from /home/vscode/.local/lib/python3.10/site-packages/airflow/example_dags/example_branch_datetime_operator.py
[2025-11-17T04:20:56.192+0000] {logging_mixin.py:150} INFO - [2025-11-17T04:20:56.192+0000] {dag.py:2742} INFO - Sync 3 DAGs
[2025-11-17T04:20:56.207+0000] {logging_mixin.py:150} INFO - [2025-11-17T04:20:56.207+0000] {dag.py:3504} INFO - Setting next_dagrun for example_branch_datetime_operator to 2025-11-16T00:00:00+00:00, run_after=2025-11-17T00:00:00+00:00
[2025-11-17T04:20:56.210+0000] {logging_mixin.py:150} INFO - [2025-11-17T04:20:56.210+0000] {dag.py:3504} INFO - Setting next_dagrun for example_branch_datetime_operator_2 to 2025-11-16T00:00:00+00:00, run_after=2025-11-17T00:00:00+00:00
[2025-11-17T04:20:56.212+0000] {logging_mixin.py:150} INFO - [2025-11-17T04:20:56.211+0000] {dag.py:3504} INFO - Setting next_dagrun for example_branch_datetime_operator_3 to 2025-11-16T00:00:00+00:00, run_after=2025-11-17T00:00:00+00:00
[2025-11-17T04:20:56.226+0000] {processor.py:179} INFO - Processing /home/vscode/.local/lib/python3.10/site-packages/airflow/example_dags/example_branch_datetime_operator.py took 0.059 seconds
[2025-11-17T04:21:46.520+0000] {processor.py:157} INFO - Started process (PID=32154) to work on /home/vscode/.local/lib/python3.10/site-packages/airflow/example_dags/example_branch_datetime_operator.py
[2025-11-17T04:21:46.521+0000] {processor.py:826} INFO - Processing file /home/vscode/.local/lib/python3.10/site-packages/airflow/example_dags/example_branch_datetime_operator.py for tasks to queue
[2025-11-17T04:21:46.521+0000] {logging_mixin.py:150} INFO - [2025-11-17T04:21:46.521+0000] {dagbag.py:541} INFO - Filling up the DagBag from /home/vscode/.local/lib/python3.10/site-packages/airflow/example_dags/example_branch_datetime_operator.py
[2025-11-17T04:21:46.528+0000] {processor.py:836} INFO - DAG(s) dict_keys(['example_branch_datetime_operator_3', 'example_branch_datetime_operator_2', 'example_branch_datetime_operator']) retrieved from /home/vscode/.local/lib/python3.10/site-packages/airflow/example_dags/example_branch_datetime_operator.py
[2025-11-17T04:21:46.546+0000] {logging_mixin.py:150} INFO - [2025-11-17T04:21:46.546+0000] {dag.py:2742} INFO - Sync 3 DAGs
[2025-11-17T04:21:46.561+0000] {logging_mixin.py:150} INFO - [2025-11-17T04:21:46.561+0000] {dag.py:3504} INFO - Setting next_dagrun for example_branch_datetime_operator to 2025-11-16T00:00:00+00:00, run_after=2025-11-17T00:00:00+00:00
[2025-11-17T04:21:46.564+0000] {logging_mixin.py:150} INFO - [2025-11-17T04:21:46.564+0000] {dag.py:3504} INFO - Setting next_dagrun for example_branch_datetime_operator_2 to 2025-11-16T00:00:00+00:00, run_after=2025-11-17T00:00:00+00:00
[2025-11-17T04:21:46.566+0000] {logging_mixin.py:150} INFO - [2025-11-17T04:21:46.566+0000] {dag.py:3504} INFO - Setting next_dagrun for example_branch_datetime_operator_3 to 2025-11-16T00:00:00+00:00, run_after=2025-11-17T00:00:00+00:00
[2025-11-17T04:21:46.578+0000] {processor.py:179} INFO - Processing /home/vscode/.local/lib/python3.10/site-packages/airflow/example_dags/example_branch_datetime_operator.py took 0.060 seconds
[2025-11-17T04:22:36.280+0000] {processor.py:157} INFO - Started process (PID=32539) to work on /home/vscode/.local/lib/python3.10/site-packages/airflow/example_dags/example_branch_datetime_operator.py
[2025-11-17T04:22:36.280+0000] {processor.py:826} INFO - Processing file /home/vscode/.local/lib/python3.10/site-packages/airflow/example_dags/example_branch_datetime_operator.py for tasks to queue
[2025-11-17T04:22:36.281+0000] {logging_mixin.py:150} INFO - [2025-11-17T04:22:36.281+0000] {dagbag.py:541} INFO - Filling up the DagBag from /home/vscode/.local/lib/python3.10/site-packages/airflow/example_dags/example_branch_datetime_operator.py
[2025-11-17T04:22:36.288+0000] {processor.py:836} INFO - DAG(s) dict_keys(['example_branch_datetime_operator_2', 'example_branch_datetime_operator_3', 'example_branch_datetime_operator']) retrieved from /home/vscode/.local/lib/python3.10/site-packages/airflow/example_dags/example_branch_datetime_operator.py
[2025-11-17T04:22:36.305+0000] {logging_mixin.py:150} INFO - [2025-11-17T04:22:36.304+0000] {dag.py:2742} INFO - Sync 3 DAGs
[2025-11-17T04:22:36.320+0000] {logging_mixin.py:150} INFO - [2025-11-17T04:22:36.320+0000] {dag.py:3504} INFO - Setting next_dagrun for example_branch_datetime_operator to 2025-11-16T00:00:00+00:00, run_after=2025-11-17T00:00:00+00:00
[2025-11-17T04:22:36.323+0000] {logging_mixin.py:150} INFO - [2025-11-17T04:22:36.323+0000] {dag.py:3504} INFO - Setting next_dagrun for example_branch_datetime_operator_2 to 2025-11-16T00:00:00+00:00, run_after=2025-11-17T00:00:00+00:00
[2025-11-17T04:22:36.325+0000] {logging_mixin.py:150} INFO - [2025-11-17T04:22:36.325+0000] {dag.py:3504} INFO - Setting next_dagrun for example_branch_datetime_operator_3 to 2025-11-16T00:00:00+00:00, run_after=2025-11-17T00:00:00+00:00
[2025-11-17T04:22:36.339+0000] {processor.py:179} INFO - Processing /home/vscode/.local/lib/python3.10/site-packages/airflow/example_dags/example_branch_datetime_operator.py took 0.061 seconds
[2025-11-17T04:23:22.336+0000] {processor.py:157} INFO - Started process (PID=32846) to work on /home/vscode/.local/lib/python3.10/site-packages/airflow/example_dags/example_branch_datetime_operator.py
[2025-11-17T04:23:22.336+0000] {processor.py:826} INFO - Processing file /home/vscode/.local/lib/python3.10/site-packages/airflow/example_dags/example_branch_datetime_operator.py for tasks to queue
[2025-11-17T04:23:22.337+0000] {logging_mixin.py:150} INFO - [2025-11-17T04:23:22.336+0000] {dagbag.py:541} INFO - Filling up the DagBag from /home/vscode/.local/lib/python3.10/site-packages/airflow/example_dags/example_branch_datetime_operator.py
[2025-11-17T04:23:22.344+0000] {processor.py:836} INFO - DAG(s) dict_keys(['example_branch_datetime_operator_2', 'example_branch_datetime_operator_3', 'example_branch_datetime_operator']) retrieved from /home/vscode/.local/lib/python3.10/site-packages/airflow/example_dags/example_branch_datetime_operator.py
[2025-11-17T04:23:22.360+0000] {logging_mixin.py:150} INFO - [2025-11-17T04:23:22.360+0000] {dag.py:2742} INFO - Sync 3 DAGs
[2025-11-17T04:23:22.375+0000] {logging_mixin.py:150} INFO - [2025-11-17T04:23:22.374+0000] {dag.py:3504} INFO - Setting next_dagrun for example_branch_datetime_operator to 2025-11-16T00:00:00+00:00, run_after=2025-11-17T00:00:00+00:00
[2025-11-17T04:23:22.378+0000] {logging_mixin.py:150} INFO - [2025-11-17T04:23:22.378+0000] {dag.py:3504} INFO - Setting next_dagrun for example_branch_datetime_operator_2 to 2025-11-16T00:00:00+00:00, run_after=2025-11-17T00:00:00+00:00
[2025-11-17T04:23:22.379+0000] {logging_mixin.py:150} INFO - [2025-11-17T04:23:22.379+0000] {dag.py:3504} INFO - Setting next_dagrun for example_branch_datetime_operator_3 to 2025-11-16T00:00:00+00:00, run_after=2025-11-17T00:00:00+00:00
[2025-11-17T04:23:22.393+0000] {processor.py:179} INFO - Processing /home/vscode/.local/lib/python3.10/site-packages/airflow/example_dags/example_branch_datetime_operator.py took 0.059 seconds
[2025-11-17T04:24:09.273+0000] {processor.py:157} INFO - Started process (PID=33257) to work on /home/vscode/.local/lib/python3.10/site-packages/airflow/example_dags/example_branch_datetime_operator.py
[2025-11-17T04:24:09.274+0000] {processor.py:826} INFO - Processing file /home/vscode/.local/lib/python3.10/site-packages/airflow/example_dags/example_branch_datetime_operator.py for tasks to queue
[2025-11-17T04:24:09.274+0000] {logging_mixin.py:150} INFO - [2025-11-17T04:24:09.274+0000] {dagbag.py:541} INFO - Filling up the DagBag from /home/vscode/.local/lib/python3.10/site-packages/airflow/example_dags/example_branch_datetime_operator.py
[2025-11-17T04:24:09.281+0000] {processor.py:836} INFO - DAG(s) dict_keys(['example_branch_datetime_operator', 'example_branch_datetime_operator_2', 'example_branch_datetime_operator_3']) retrieved from /home/vscode/.local/lib/python3.10/site-packages/airflow/example_dags/example_branch_datetime_operator.py
[2025-11-17T04:24:09.296+0000] {logging_mixin.py:150} INFO - [2025-11-17T04:24:09.296+0000] {dag.py:2742} INFO - Sync 3 DAGs
[2025-11-17T04:24:09.310+0000] {logging_mixin.py:150} INFO - [2025-11-17T04:24:09.310+0000] {dag.py:3504} INFO - Setting next_dagrun for example_branch_datetime_operator to 2025-11-16T00:00:00+00:00, run_after=2025-11-17T00:00:00+00:00
[2025-11-17T04:24:09.313+0000] {logging_mixin.py:150} INFO - [2025-11-17T04:24:09.313+0000] {dag.py:3504} INFO - Setting next_dagrun for example_branch_datetime_operator_2 to 2025-11-16T00:00:00+00:00, run_after=2025-11-17T00:00:00+00:00
[2025-11-17T04:24:09.315+0000] {logging_mixin.py:150} INFO - [2025-11-17T04:24:09.315+0000] {dag.py:3504} INFO - Setting next_dagrun for example_branch_datetime_operator_3 to 2025-11-16T00:00:00+00:00, run_after=2025-11-17T00:00:00+00:00
[2025-11-17T04:24:09.328+0000] {processor.py:179} INFO - Processing /home/vscode/.local/lib/python3.10/site-packages/airflow/example_dags/example_branch_datetime_operator.py took 0.057 seconds
[2025-11-17T04:24:59.264+0000] {processor.py:157} INFO - Started process (PID=33740) to work on /home/vscode/.local/lib/python3.10/site-packages/airflow/example_dags/example_branch_datetime_operator.py
[2025-11-17T04:24:59.265+0000] {processor.py:826} INFO - Processing file /home/vscode/.local/lib/python3.10/site-packages/airflow/example_dags/example_branch_datetime_operator.py for tasks to queue
[2025-11-17T04:24:59.265+0000] {logging_mixin.py:150} INFO - [2025-11-17T04:24:59.265+0000] {dagbag.py:541} INFO - Filling up the DagBag from /home/vscode/.local/lib/python3.10/site-packages/airflow/example_dags/example_branch_datetime_operator.py
[2025-11-17T04:24:59.272+0000] {processor.py:836} INFO - DAG(s) dict_keys(['example_branch_datetime_operator', 'example_branch_datetime_operator_2', 'example_branch_datetime_operator_3']) retrieved from /home/vscode/.local/lib/python3.10/site-packages/airflow/example_dags/example_branch_datetime_operator.py
[2025-11-17T04:24:59.287+0000] {logging_mixin.py:150} INFO - [2025-11-17T04:24:59.287+0000] {dag.py:2742} INFO - Sync 3 DAGs
[2025-11-17T04:24:59.301+0000] {logging_mixin.py:150} INFO - [2025-11-17T04:24:59.301+0000] {dag.py:3504} INFO - Setting next_dagrun for example_branch_datetime_operator to 2025-11-16T00:00:00+00:00, run_after=2025-11-17T00:00:00+00:00
[2025-11-17T04:24:59.304+0000] {logging_mixin.py:150} INFO - [2025-11-17T04:24:59.304+0000] {dag.py:3504} INFO - Setting next_dagrun for example_branch_datetime_operator_2 to 2025-11-16T00:00:00+00:00, run_after=2025-11-17T00:00:00+00:00
[2025-11-17T04:24:59.306+0000] {logging_mixin.py:150} INFO - [2025-11-17T04:24:59.306+0000] {dag.py:3504} INFO - Setting next_dagrun for example_branch_datetime_operator_3 to 2025-11-16T00:00:00+00:00, run_after=2025-11-17T00:00:00+00:00
[2025-11-17T04:24:59.320+0000] {processor.py:179} INFO - Processing /home/vscode/.local/lib/python3.10/site-packages/airflow/example_dags/example_branch_datetime_operator.py took 0.060 seconds
[2025-11-17T04:25:49.003+0000] {processor.py:157} INFO - Started process (PID=34145) to work on /home/vscode/.local/lib/python3.10/site-packages/airflow/example_dags/example_branch_datetime_operator.py
[2025-11-17T04:25:49.004+0000] {processor.py:826} INFO - Processing file /home/vscode/.local/lib/python3.10/site-packages/airflow/example_dags/example_branch_datetime_operator.py for tasks to queue
[2025-11-17T04:25:49.004+0000] {logging_mixin.py:150} INFO - [2025-11-17T04:25:49.004+0000] {dagbag.py:541} INFO - Filling up the DagBag from /home/vscode/.local/lib/python3.10/site-packages/airflow/example_dags/example_branch_datetime_operator.py
[2025-11-17T04:25:49.011+0000] {processor.py:836} INFO - DAG(s) dict_keys(['example_branch_datetime_operator', 'example_branch_datetime_operator_3', 'example_branch_datetime_operator_2']) retrieved from /home/vscode/.local/lib/python3.10/site-packages/airflow/example_dags/example_branch_datetime_operator.py
[2025-11-17T04:25:49.026+0000] {logging_mixin.py:150} INFO - [2025-11-17T04:25:49.026+0000] {dag.py:2742} INFO - Sync 3 DAGs
[2025-11-17T04:25:49.040+0000] {logging_mixin.py:150} INFO - [2025-11-17T04:25:49.040+0000] {dag.py:3504} INFO - Setting next_dagrun for example_branch_datetime_operator to 2025-11-16T00:00:00+00:00, run_after=2025-11-17T00:00:00+00:00
[2025-11-17T04:25:49.043+0000] {logging_mixin.py:150} INFO - [2025-11-17T04:25:49.043+0000] {dag.py:3504} INFO - Setting next_dagrun for example_branch_datetime_operator_2 to 2025-11-16T00:00:00+00:00, run_after=2025-11-17T00:00:00+00:00
[2025-11-17T04:25:49.044+0000] {logging_mixin.py:150} INFO - [2025-11-17T04:25:49.044+0000] {dag.py:3504} INFO - Setting next_dagrun for example_branch_datetime_operator_3 to 2025-11-16T00:00:00+00:00, run_after=2025-11-17T00:00:00+00:00
[2025-11-17T04:25:49.057+0000] {processor.py:179} INFO - Processing /home/vscode/.local/lib/python3.10/site-packages/airflow/example_dags/example_branch_datetime_operator.py took 0.055 seconds
