[2025-11-17T03:53:18.978+0000] {processor.py:157} INFO - Started process (PID=19466) to work on /home/vscode/.local/lib/python3.10/site-packages/airflow/example_dags/example_bash_operator.py
[2025-11-17T03:53:18.979+0000] {processor.py:826} INFO - Processing file /home/vscode/.local/lib/python3.10/site-packages/airflow/example_dags/example_bash_operator.py for tasks to queue
[2025-11-17T03:53:18.979+0000] {logging_mixin.py:150} INFO - [2025-11-17T03:53:18.979+0000] {dagbag.py:541} INFO - Filling up the DagBag from /home/vscode/.local/lib/python3.10/site-packages/airflow/example_dags/example_bash_operator.py
[2025-11-17T03:53:18.987+0000] {processor.py:836} INFO - DAG(s) dict_keys(['example_bash_operator']) retrieved from /home/vscode/.local/lib/python3.10/site-packages/airflow/example_dags/example_bash_operator.py
[2025-11-17T03:53:19.068+0000] {logging_mixin.py:150} INFO - [2025-11-17T03:53:19.068+0000] {manager.py:504} INFO - Created Permission View: can delete on DAG:example_bash_operator
[2025-11-17T03:53:19.075+0000] {logging_mixin.py:150} INFO - [2025-11-17T03:53:19.075+0000] {manager.py:504} INFO - Created Permission View: can edit on DAG:example_bash_operator
[2025-11-17T03:53:19.081+0000] {logging_mixin.py:150} INFO - [2025-11-17T03:53:19.081+0000] {manager.py:504} INFO - Created Permission View: can read on DAG:example_bash_operator
[2025-11-17T03:53:19.088+0000] {logging_mixin.py:150} INFO - [2025-11-17T03:53:19.088+0000] {dag.py:2742} INFO - Sync 1 DAGs
[2025-11-17T03:53:19.094+0000] {logging_mixin.py:150} INFO - [2025-11-17T03:53:19.094+0000] {dag.py:2763} INFO - Creating ORM DAG for example_bash_operator
[2025-11-17T03:53:19.102+0000] {logging_mixin.py:150} INFO - [2025-11-17T03:53:19.102+0000] {dag.py:3504} INFO - Setting next_dagrun for example_bash_operator to 2025-11-16T00:00:00+00:00, run_after=2025-11-17T00:00:00+00:00
[2025-11-17T03:53:19.116+0000] {processor.py:179} INFO - Processing /home/vscode/.local/lib/python3.10/site-packages/airflow/example_dags/example_bash_operator.py took 0.139 seconds
[2025-11-17T03:54:06.278+0000] {processor.py:157} INFO - Started process (PID=19777) to work on /home/vscode/.local/lib/python3.10/site-packages/airflow/example_dags/example_bash_operator.py
[2025-11-17T03:54:06.279+0000] {processor.py:826} INFO - Processing file /home/vscode/.local/lib/python3.10/site-packages/airflow/example_dags/example_bash_operator.py for tasks to queue
[2025-11-17T03:54:06.279+0000] {logging_mixin.py:150} INFO - [2025-11-17T03:54:06.279+0000] {dagbag.py:541} INFO - Filling up the DagBag from /home/vscode/.local/lib/python3.10/site-packages/airflow/example_dags/example_bash_operator.py
[2025-11-17T03:54:06.286+0000] {processor.py:836} INFO - DAG(s) dict_keys(['example_bash_operator']) retrieved from /home/vscode/.local/lib/python3.10/site-packages/airflow/example_dags/example_bash_operator.py
[2025-11-17T03:54:06.302+0000] {logging_mixin.py:150} INFO - [2025-11-17T03:54:06.302+0000] {dag.py:2742} INFO - Sync 1 DAGs
[2025-11-17T03:54:06.315+0000] {logging_mixin.py:150} INFO - [2025-11-17T03:54:06.315+0000] {dag.py:3504} INFO - Setting next_dagrun for example_bash_operator to 2025-11-16T00:00:00+00:00, run_after=2025-11-17T00:00:00+00:00
[2025-11-17T03:54:06.330+0000] {processor.py:179} INFO - Processing /home/vscode/.local/lib/python3.10/site-packages/airflow/example_dags/example_bash_operator.py took 0.054 seconds
[2025-11-17T03:54:51.250+0000] {processor.py:157} INFO - Started process (PID=20082) to work on /home/vscode/.local/lib/python3.10/site-packages/airflow/example_dags/example_bash_operator.py
[2025-11-17T03:54:51.251+0000] {processor.py:826} INFO - Processing file /home/vscode/.local/lib/python3.10/site-packages/airflow/example_dags/example_bash_operator.py for tasks to queue
[2025-11-17T03:54:51.251+0000] {logging_mixin.py:150} INFO - [2025-11-17T03:54:51.251+0000] {dagbag.py:541} INFO - Filling up the DagBag from /home/vscode/.local/lib/python3.10/site-packages/airflow/example_dags/example_bash_operator.py
[2025-11-17T03:54:51.259+0000] {processor.py:836} INFO - DAG(s) dict_keys(['example_bash_operator']) retrieved from /home/vscode/.local/lib/python3.10/site-packages/airflow/example_dags/example_bash_operator.py
[2025-11-17T03:54:51.275+0000] {logging_mixin.py:150} INFO - [2025-11-17T03:54:51.275+0000] {dag.py:2742} INFO - Sync 1 DAGs
[2025-11-17T03:54:51.289+0000] {logging_mixin.py:150} INFO - [2025-11-17T03:54:51.289+0000] {dag.py:3504} INFO - Setting next_dagrun for example_bash_operator to 2025-11-16T00:00:00+00:00, run_after=2025-11-17T00:00:00+00:00
[2025-11-17T03:54:51.303+0000] {processor.py:179} INFO - Processing /home/vscode/.local/lib/python3.10/site-packages/airflow/example_dags/example_bash_operator.py took 0.056 seconds
[2025-11-17T03:55:38.556+0000] {processor.py:157} INFO - Started process (PID=20564) to work on /home/vscode/.local/lib/python3.10/site-packages/airflow/example_dags/example_bash_operator.py
[2025-11-17T03:55:38.557+0000] {processor.py:826} INFO - Processing file /home/vscode/.local/lib/python3.10/site-packages/airflow/example_dags/example_bash_operator.py for tasks to queue
[2025-11-17T03:55:38.558+0000] {logging_mixin.py:150} INFO - [2025-11-17T03:55:38.558+0000] {dagbag.py:541} INFO - Filling up the DagBag from /home/vscode/.local/lib/python3.10/site-packages/airflow/example_dags/example_bash_operator.py
[2025-11-17T03:55:38.569+0000] {processor.py:836} INFO - DAG(s) dict_keys(['example_bash_operator']) retrieved from /home/vscode/.local/lib/python3.10/site-packages/airflow/example_dags/example_bash_operator.py
[2025-11-17T03:55:38.613+0000] {logging_mixin.py:150} INFO - [2025-11-17T03:55:38.613+0000] {dag.py:2742} INFO - Sync 1 DAGs
[2025-11-17T03:55:38.640+0000] {logging_mixin.py:150} INFO - [2025-11-17T03:55:38.640+0000] {dag.py:3504} INFO - Setting next_dagrun for example_bash_operator to 2025-11-16T00:00:00+00:00, run_after=2025-11-17T00:00:00+00:00
[2025-11-17T03:55:38.655+0000] {processor.py:179} INFO - Processing /home/vscode/.local/lib/python3.10/site-packages/airflow/example_dags/example_bash_operator.py took 0.101 seconds
