[2025-11-17T03:53:10.851+0000] {processor.py:157} INFO - Started process (PID=19408) to work on /home/vscode/.local/lib/python3.10/site-packages/airflow/example_dags/example_dag_decorator.py
[2025-11-17T03:53:10.852+0000] {processor.py:826} INFO - Processing file /home/vscode/.local/lib/python3.10/site-packages/airflow/example_dags/example_dag_decorator.py for tasks to queue
[2025-11-17T03:53:10.852+0000] {logging_mixin.py:150} INFO - [2025-11-17T03:53:10.852+0000] {dagbag.py:541} INFO - Filling up the DagBag from /home/vscode/.local/lib/python3.10/site-packages/airflow/example_dags/example_dag_decorator.py
[2025-11-17T03:53:10.860+0000] {processor.py:836} INFO - DAG(s) dict_keys(['example_dag_decorator']) retrieved from /home/vscode/.local/lib/python3.10/site-packages/airflow/example_dags/example_dag_decorator.py
[2025-11-17T03:53:10.928+0000] {logging_mixin.py:150} INFO - [2025-11-17T03:53:10.928+0000] {manager.py:504} INFO - Created Permission View: can delete on DAG:example_dag_decorator
[2025-11-17T03:53:10.936+0000] {logging_mixin.py:150} INFO - [2025-11-17T03:53:10.936+0000] {manager.py:504} INFO - Created Permission View: can edit on DAG:example_dag_decorator
[2025-11-17T03:53:10.941+0000] {logging_mixin.py:150} INFO - [2025-11-17T03:53:10.941+0000] {manager.py:504} INFO - Created Permission View: can read on DAG:example_dag_decorator
[2025-11-17T03:53:10.948+0000] {logging_mixin.py:150} INFO - [2025-11-17T03:53:10.948+0000] {dag.py:2742} INFO - Sync 1 DAGs
[2025-11-17T03:53:10.954+0000] {logging_mixin.py:150} INFO - [2025-11-17T03:53:10.954+0000] {dag.py:2763} INFO - Creating ORM DAG for example_dag_decorator
[2025-11-17T03:53:10.960+0000] {logging_mixin.py:150} INFO - [2025-11-17T03:53:10.960+0000] {dag.py:3504} INFO - Setting next_dagrun for example_dag_decorator to None, run_after=None
[2025-11-17T03:53:10.974+0000] {processor.py:179} INFO - Processing /home/vscode/.local/lib/python3.10/site-packages/airflow/example_dags/example_dag_decorator.py took 0.125 seconds
[2025-11-17T03:53:58.774+0000] {processor.py:157} INFO - Started process (PID=19729) to work on /home/vscode/.local/lib/python3.10/site-packages/airflow/example_dags/example_dag_decorator.py
[2025-11-17T03:53:58.775+0000] {processor.py:826} INFO - Processing file /home/vscode/.local/lib/python3.10/site-packages/airflow/example_dags/example_dag_decorator.py for tasks to queue
[2025-11-17T03:53:58.776+0000] {logging_mixin.py:150} INFO - [2025-11-17T03:53:58.776+0000] {dagbag.py:541} INFO - Filling up the DagBag from /home/vscode/.local/lib/python3.10/site-packages/airflow/example_dags/example_dag_decorator.py
[2025-11-17T03:53:58.788+0000] {processor.py:836} INFO - DAG(s) dict_keys(['example_dag_decorator']) retrieved from /home/vscode/.local/lib/python3.10/site-packages/airflow/example_dags/example_dag_decorator.py
[2025-11-17T03:53:58.859+0000] {logging_mixin.py:150} INFO - [2025-11-17T03:53:58.858+0000] {dag.py:2742} INFO - Sync 1 DAGs
[2025-11-17T03:53:58.870+0000] {logging_mixin.py:150} INFO - [2025-11-17T03:53:58.870+0000] {dag.py:3504} INFO - Setting next_dagrun for example_dag_decorator to None, run_after=None
[2025-11-17T03:53:58.884+0000] {processor.py:179} INFO - Processing /home/vscode/.local/lib/python3.10/site-packages/airflow/example_dags/example_dag_decorator.py took 0.113 seconds
[2025-11-17T03:54:42.953+0000] {processor.py:157} INFO - Started process (PID=20024) to work on /home/vscode/.local/lib/python3.10/site-packages/airflow/example_dags/example_dag_decorator.py
[2025-11-17T03:54:42.954+0000] {processor.py:826} INFO - Processing file /home/vscode/.local/lib/python3.10/site-packages/airflow/example_dags/example_dag_decorator.py for tasks to queue
[2025-11-17T03:54:42.954+0000] {logging_mixin.py:150} INFO - [2025-11-17T03:54:42.954+0000] {dagbag.py:541} INFO - Filling up the DagBag from /home/vscode/.local/lib/python3.10/site-packages/airflow/example_dags/example_dag_decorator.py
[2025-11-17T03:54:42.965+0000] {processor.py:836} INFO - DAG(s) dict_keys(['example_dag_decorator']) retrieved from /home/vscode/.local/lib/python3.10/site-packages/airflow/example_dags/example_dag_decorator.py
[2025-11-17T03:54:43.056+0000] {logging_mixin.py:150} INFO - [2025-11-17T03:54:43.056+0000] {dag.py:2742} INFO - Sync 1 DAGs
[2025-11-17T03:54:43.068+0000] {logging_mixin.py:150} INFO - [2025-11-17T03:54:43.068+0000] {dag.py:3504} INFO - Setting next_dagrun for example_dag_decorator to None, run_after=None
[2025-11-17T03:54:43.081+0000] {processor.py:179} INFO - Processing /home/vscode/.local/lib/python3.10/site-packages/airflow/example_dags/example_dag_decorator.py took 0.131 seconds
[2025-11-17T03:55:31.359+0000] {processor.py:157} INFO - Started process (PID=20494) to work on /home/vscode/.local/lib/python3.10/site-packages/airflow/example_dags/example_dag_decorator.py
[2025-11-17T03:55:31.359+0000] {processor.py:826} INFO - Processing file /home/vscode/.local/lib/python3.10/site-packages/airflow/example_dags/example_dag_decorator.py for tasks to queue
[2025-11-17T03:55:31.360+0000] {logging_mixin.py:150} INFO - [2025-11-17T03:55:31.360+0000] {dagbag.py:541} INFO - Filling up the DagBag from /home/vscode/.local/lib/python3.10/site-packages/airflow/example_dags/example_dag_decorator.py
[2025-11-17T03:55:31.368+0000] {processor.py:836} INFO - DAG(s) dict_keys(['example_dag_decorator']) retrieved from /home/vscode/.local/lib/python3.10/site-packages/airflow/example_dags/example_dag_decorator.py
[2025-11-17T03:55:31.441+0000] {logging_mixin.py:150} INFO - [2025-11-17T03:55:31.441+0000] {dag.py:2742} INFO - Sync 1 DAGs
[2025-11-17T03:55:31.454+0000] {logging_mixin.py:150} INFO - [2025-11-17T03:55:31.454+0000] {dag.py:3504} INFO - Setting next_dagrun for example_dag_decorator to None, run_after=None
[2025-11-17T03:55:31.468+0000] {processor.py:179} INFO - Processing /home/vscode/.local/lib/python3.10/site-packages/airflow/example_dags/example_dag_decorator.py took 0.111 seconds
