[2025-11-17T03:53:01.815+0000] {processor.py:157} INFO - Started process (PID=19355) to work on /home/vscode/.local/lib/python3.10/site-packages/airflow/example_dags/example_latest_only_with_trigger.py
[2025-11-17T03:53:01.815+0000] {processor.py:826} INFO - Processing file /home/vscode/.local/lib/python3.10/site-packages/airflow/example_dags/example_latest_only_with_trigger.py for tasks to queue
[2025-11-17T03:53:01.816+0000] {logging_mixin.py:150} INFO - [2025-11-17T03:53:01.815+0000] {dagbag.py:541} INFO - Filling up the DagBag from /home/vscode/.local/lib/python3.10/site-packages/airflow/example_dags/example_latest_only_with_trigger.py
[2025-11-17T03:53:01.820+0000] {processor.py:836} INFO - DAG(s) dict_keys(['latest_only_with_trigger']) retrieved from /home/vscode/.local/lib/python3.10/site-packages/airflow/example_dags/example_latest_only_with_trigger.py
[2025-11-17T03:53:01.929+0000] {logging_mixin.py:150} INFO - [2025-11-17T03:53:01.929+0000] {manager.py:504} INFO - Created Permission View: can delete on DAG:latest_only_with_trigger
[2025-11-17T03:53:01.936+0000] {logging_mixin.py:150} INFO - [2025-11-17T03:53:01.936+0000] {manager.py:504} INFO - Created Permission View: can edit on DAG:latest_only_with_trigger
[2025-11-17T03:53:01.942+0000] {logging_mixin.py:150} INFO - [2025-11-17T03:53:01.942+0000] {manager.py:504} INFO - Created Permission View: can read on DAG:latest_only_with_trigger
[2025-11-17T03:53:01.949+0000] {logging_mixin.py:150} INFO - [2025-11-17T03:53:01.949+0000] {dag.py:2742} INFO - Sync 1 DAGs
[2025-11-17T03:53:01.955+0000] {logging_mixin.py:150} INFO - [2025-11-17T03:53:01.955+0000] {dag.py:2763} INFO - Creating ORM DAG for latest_only_with_trigger
[2025-11-17T03:53:01.960+0000] {logging_mixin.py:150} INFO - [2025-11-17T03:53:01.960+0000] {dag.py:3504} INFO - Setting next_dagrun for latest_only_with_trigger to 2025-11-16T23:53:01.960385+00:00, run_after=2025-11-17T03:53:01.960385+00:00
[2025-11-17T03:53:01.973+0000] {processor.py:179} INFO - Processing /home/vscode/.local/lib/python3.10/site-packages/airflow/example_dags/example_latest_only_with_trigger.py took 0.160 seconds
[2025-11-17T03:53:48.497+0000] {processor.py:157} INFO - Started process (PID=19663) to work on /home/vscode/.local/lib/python3.10/site-packages/airflow/example_dags/example_latest_only_with_trigger.py
[2025-11-17T03:53:48.498+0000] {processor.py:826} INFO - Processing file /home/vscode/.local/lib/python3.10/site-packages/airflow/example_dags/example_latest_only_with_trigger.py for tasks to queue
[2025-11-17T03:53:48.498+0000] {logging_mixin.py:150} INFO - [2025-11-17T03:53:48.498+0000] {dagbag.py:541} INFO - Filling up the DagBag from /home/vscode/.local/lib/python3.10/site-packages/airflow/example_dags/example_latest_only_with_trigger.py
[2025-11-17T03:53:48.503+0000] {processor.py:836} INFO - DAG(s) dict_keys(['latest_only_with_trigger']) retrieved from /home/vscode/.local/lib/python3.10/site-packages/airflow/example_dags/example_latest_only_with_trigger.py
[2025-11-17T03:53:48.513+0000] {logging_mixin.py:150} INFO - [2025-11-17T03:53:48.513+0000] {dag.py:2742} INFO - Sync 1 DAGs
[2025-11-17T03:53:48.526+0000] {logging_mixin.py:150} INFO - [2025-11-17T03:53:48.526+0000] {dag.py:3504} INFO - Setting next_dagrun for latest_only_with_trigger to 2025-11-16T23:53:48.526547+00:00, run_after=2025-11-17T03:53:48.526547+00:00
[2025-11-17T03:53:48.540+0000] {processor.py:179} INFO - Processing /home/vscode/.local/lib/python3.10/site-packages/airflow/example_dags/example_latest_only_with_trigger.py took 0.044 seconds
[2025-11-17T03:54:32.817+0000] {processor.py:157} INFO - Started process (PID=19952) to work on /home/vscode/.local/lib/python3.10/site-packages/airflow/example_dags/example_latest_only_with_trigger.py
[2025-11-17T03:54:32.817+0000] {processor.py:826} INFO - Processing file /home/vscode/.local/lib/python3.10/site-packages/airflow/example_dags/example_latest_only_with_trigger.py for tasks to queue
[2025-11-17T03:54:32.818+0000] {logging_mixin.py:150} INFO - [2025-11-17T03:54:32.818+0000] {dagbag.py:541} INFO - Filling up the DagBag from /home/vscode/.local/lib/python3.10/site-packages/airflow/example_dags/example_latest_only_with_trigger.py
[2025-11-17T03:54:32.822+0000] {processor.py:836} INFO - DAG(s) dict_keys(['latest_only_with_trigger']) retrieved from /home/vscode/.local/lib/python3.10/site-packages/airflow/example_dags/example_latest_only_with_trigger.py
[2025-11-17T03:54:32.834+0000] {logging_mixin.py:150} INFO - [2025-11-17T03:54:32.834+0000] {dag.py:2742} INFO - Sync 1 DAGs
[2025-11-17T03:54:32.853+0000] {logging_mixin.py:150} INFO - [2025-11-17T03:54:32.852+0000] {dag.py:3504} INFO - Setting next_dagrun for latest_only_with_trigger to 2025-11-16T23:54:32.852715+00:00, run_after=2025-11-17T03:54:32.852715+00:00
[2025-11-17T03:54:32.871+0000] {processor.py:179} INFO - Processing /home/vscode/.local/lib/python3.10/site-packages/airflow/example_dags/example_latest_only_with_trigger.py took 0.056 seconds
[2025-11-17T03:55:20.871+0000] {processor.py:157} INFO - Started process (PID=20376) to work on /home/vscode/.local/lib/python3.10/site-packages/airflow/example_dags/example_latest_only_with_trigger.py
[2025-11-17T03:55:20.872+0000] {processor.py:826} INFO - Processing file /home/vscode/.local/lib/python3.10/site-packages/airflow/example_dags/example_latest_only_with_trigger.py for tasks to queue
[2025-11-17T03:55:20.872+0000] {logging_mixin.py:150} INFO - [2025-11-17T03:55:20.872+0000] {dagbag.py:541} INFO - Filling up the DagBag from /home/vscode/.local/lib/python3.10/site-packages/airflow/example_dags/example_latest_only_with_trigger.py
[2025-11-17T03:55:20.877+0000] {processor.py:836} INFO - DAG(s) dict_keys(['latest_only_with_trigger']) retrieved from /home/vscode/.local/lib/python3.10/site-packages/airflow/example_dags/example_latest_only_with_trigger.py
[2025-11-17T03:55:20.887+0000] {logging_mixin.py:150} INFO - [2025-11-17T03:55:20.887+0000] {dag.py:2742} INFO - Sync 1 DAGs
[2025-11-17T03:55:20.900+0000] {logging_mixin.py:150} INFO - [2025-11-17T03:55:20.900+0000] {dag.py:3504} INFO - Setting next_dagrun for latest_only_with_trigger to 2025-11-16T23:55:20.900679+00:00, run_after=2025-11-17T03:55:20.900679+00:00
[2025-11-17T03:55:20.915+0000] {processor.py:179} INFO - Processing /home/vscode/.local/lib/python3.10/site-packages/airflow/example_dags/example_latest_only_with_trigger.py took 0.045 seconds
