[2025-11-17T03:52:42.335+0000] {processor.py:157} INFO - Started process (PID=19220) to work on /home/vscode/.local/lib/python3.10/site-packages/airflow/example_dags/example_xcom.py
[2025-11-17T03:52:42.336+0000] {processor.py:826} INFO - Processing file /home/vscode/.local/lib/python3.10/site-packages/airflow/example_dags/example_xcom.py for tasks to queue
[2025-11-17T03:52:42.336+0000] {logging_mixin.py:150} INFO - [2025-11-17T03:52:42.336+0000] {dagbag.py:541} INFO - Filling up the DagBag from /home/vscode/.local/lib/python3.10/site-packages/airflow/example_dags/example_xcom.py
[2025-11-17T03:52:42.342+0000] {processor.py:836} INFO - DAG(s) dict_keys(['example_xcom']) retrieved from /home/vscode/.local/lib/python3.10/site-packages/airflow/example_dags/example_xcom.py
[2025-11-17T03:52:42.410+0000] {logging_mixin.py:150} INFO - [2025-11-17T03:52:42.410+0000] {manager.py:504} INFO - Created Permission View: can delete on DAG:example_xcom
[2025-11-17T03:52:42.417+0000] {logging_mixin.py:150} INFO - [2025-11-17T03:52:42.417+0000] {manager.py:504} INFO - Created Permission View: can edit on DAG:example_xcom
[2025-11-17T03:52:42.423+0000] {logging_mixin.py:150} INFO - [2025-11-17T03:52:42.423+0000] {manager.py:504} INFO - Created Permission View: can read on DAG:example_xcom
[2025-11-17T03:52:42.430+0000] {logging_mixin.py:150} INFO - [2025-11-17T03:52:42.430+0000] {dag.py:2742} INFO - Sync 1 DAGs
[2025-11-17T03:52:42.436+0000] {logging_mixin.py:150} INFO - [2025-11-17T03:52:42.436+0000] {dag.py:2763} INFO - Creating ORM DAG for example_xcom
[2025-11-17T03:52:42.442+0000] {logging_mixin.py:150} INFO - [2025-11-17T03:52:42.442+0000] {dag.py:3504} INFO - Setting next_dagrun for example_xcom to 2021-01-01T00:00:00+00:00, run_after=2021-01-01T00:00:00+00:00
[2025-11-17T03:52:42.456+0000] {processor.py:179} INFO - Processing /home/vscode/.local/lib/python3.10/site-packages/airflow/example_dags/example_xcom.py took 0.123 seconds
[2025-11-17T03:53:30.383+0000] {processor.py:157} INFO - Started process (PID=19542) to work on /home/vscode/.local/lib/python3.10/site-packages/airflow/example_dags/example_xcom.py
[2025-11-17T03:53:30.384+0000] {processor.py:826} INFO - Processing file /home/vscode/.local/lib/python3.10/site-packages/airflow/example_dags/example_xcom.py for tasks to queue
[2025-11-17T03:53:30.385+0000] {logging_mixin.py:150} INFO - [2025-11-17T03:53:30.384+0000] {dagbag.py:541} INFO - Filling up the DagBag from /home/vscode/.local/lib/python3.10/site-packages/airflow/example_dags/example_xcom.py
[2025-11-17T03:53:30.389+0000] {processor.py:836} INFO - DAG(s) dict_keys(['example_xcom']) retrieved from /home/vscode/.local/lib/python3.10/site-packages/airflow/example_dags/example_xcom.py
[2025-11-17T03:53:30.400+0000] {logging_mixin.py:150} INFO - [2025-11-17T03:53:30.400+0000] {dag.py:2742} INFO - Sync 1 DAGs
[2025-11-17T03:53:30.413+0000] {logging_mixin.py:150} INFO - [2025-11-17T03:53:30.413+0000] {dag.py:3504} INFO - Setting next_dagrun for example_xcom to 2021-01-01T00:00:00+00:00, run_after=2021-01-01T00:00:00+00:00
[2025-11-17T03:53:30.427+0000] {processor.py:179} INFO - Processing /home/vscode/.local/lib/python3.10/site-packages/airflow/example_dags/example_xcom.py took 0.046 seconds
[2025-11-17T03:54:14.284+0000] {processor.py:157} INFO - Started process (PID=19835) to work on /home/vscode/.local/lib/python3.10/site-packages/airflow/example_dags/example_xcom.py
[2025-11-17T03:54:14.284+0000] {processor.py:826} INFO - Processing file /home/vscode/.local/lib/python3.10/site-packages/airflow/example_dags/example_xcom.py for tasks to queue
[2025-11-17T03:54:14.285+0000] {logging_mixin.py:150} INFO - [2025-11-17T03:54:14.284+0000] {dagbag.py:541} INFO - Filling up the DagBag from /home/vscode/.local/lib/python3.10/site-packages/airflow/example_dags/example_xcom.py
[2025-11-17T03:54:14.290+0000] {processor.py:836} INFO - DAG(s) dict_keys(['example_xcom']) retrieved from /home/vscode/.local/lib/python3.10/site-packages/airflow/example_dags/example_xcom.py
[2025-11-17T03:54:14.301+0000] {logging_mixin.py:150} INFO - [2025-11-17T03:54:14.300+0000] {dag.py:2742} INFO - Sync 1 DAGs
[2025-11-17T03:54:14.313+0000] {logging_mixin.py:150} INFO - [2025-11-17T03:54:14.313+0000] {dag.py:3504} INFO - Setting next_dagrun for example_xcom to 2021-01-01T00:00:00+00:00, run_after=2021-01-01T00:00:00+00:00
[2025-11-17T03:54:14.327+0000] {processor.py:179} INFO - Processing /home/vscode/.local/lib/python3.10/site-packages/airflow/example_dags/example_xcom.py took 0.045 seconds
[2025-11-17T03:54:59.779+0000] {processor.py:157} INFO - Started process (PID=20142) to work on /home/vscode/.local/lib/python3.10/site-packages/airflow/example_dags/example_xcom.py
[2025-11-17T03:54:59.780+0000] {processor.py:826} INFO - Processing file /home/vscode/.local/lib/python3.10/site-packages/airflow/example_dags/example_xcom.py for tasks to queue
[2025-11-17T03:54:59.781+0000] {logging_mixin.py:150} INFO - [2025-11-17T03:54:59.780+0000] {dagbag.py:541} INFO - Filling up the DagBag from /home/vscode/.local/lib/python3.10/site-packages/airflow/example_dags/example_xcom.py
[2025-11-17T03:54:59.785+0000] {processor.py:836} INFO - DAG(s) dict_keys(['example_xcom']) retrieved from /home/vscode/.local/lib/python3.10/site-packages/airflow/example_dags/example_xcom.py
[2025-11-17T03:54:59.796+0000] {logging_mixin.py:150} INFO - [2025-11-17T03:54:59.796+0000] {dag.py:2742} INFO - Sync 1 DAGs
[2025-11-17T03:54:59.809+0000] {logging_mixin.py:150} INFO - [2025-11-17T03:54:59.808+0000] {dag.py:3504} INFO - Setting next_dagrun for example_xcom to 2021-01-01T00:00:00+00:00, run_after=2021-01-01T00:00:00+00:00
[2025-11-17T03:54:59.823+0000] {processor.py:179} INFO - Processing /home/vscode/.local/lib/python3.10/site-packages/airflow/example_dags/example_xcom.py took 0.045 seconds
[2025-11-17T03:55:45.003+0000] {processor.py:157} INFO - Started process (PID=20655) to work on /home/vscode/.local/lib/python3.10/site-packages/airflow/example_dags/example_xcom.py
[2025-11-17T03:55:45.004+0000] {processor.py:826} INFO - Processing file /home/vscode/.local/lib/python3.10/site-packages/airflow/example_dags/example_xcom.py for tasks to queue
[2025-11-17T03:55:45.005+0000] {logging_mixin.py:150} INFO - [2025-11-17T03:55:45.004+0000] {dagbag.py:541} INFO - Filling up the DagBag from /home/vscode/.local/lib/python3.10/site-packages/airflow/example_dags/example_xcom.py
[2025-11-17T03:55:45.010+0000] {processor.py:836} INFO - DAG(s) dict_keys(['example_xcom']) retrieved from /home/vscode/.local/lib/python3.10/site-packages/airflow/example_dags/example_xcom.py
[2025-11-17T03:55:45.020+0000] {logging_mixin.py:150} INFO - [2025-11-17T03:55:45.020+0000] {dag.py:2742} INFO - Sync 1 DAGs
[2025-11-17T03:55:45.033+0000] {logging_mixin.py:150} INFO - [2025-11-17T03:55:45.033+0000] {dag.py:3504} INFO - Setting next_dagrun for example_xcom to 2021-01-01T00:00:00+00:00, run_after=2021-01-01T00:00:00+00:00
[2025-11-17T03:55:45.046+0000] {processor.py:179} INFO - Processing /home/vscode/.local/lib/python3.10/site-packages/airflow/example_dags/example_xcom.py took 0.044 seconds
[2025-11-17T03:56:25.499+0000] {processor.py:157} INFO - Started process (PID=21045) to work on /home/vscode/.local/lib/python3.10/site-packages/airflow/example_dags/example_xcom.py
[2025-11-17T03:56:25.500+0000] {processor.py:826} INFO - Processing file /home/vscode/.local/lib/python3.10/site-packages/airflow/example_dags/example_xcom.py for tasks to queue
[2025-11-17T03:56:25.500+0000] {logging_mixin.py:150} INFO - [2025-11-17T03:56:25.500+0000] {dagbag.py:541} INFO - Filling up the DagBag from /home/vscode/.local/lib/python3.10/site-packages/airflow/example_dags/example_xcom.py
[2025-11-17T03:56:25.505+0000] {processor.py:836} INFO - DAG(s) dict_keys(['example_xcom']) retrieved from /home/vscode/.local/lib/python3.10/site-packages/airflow/example_dags/example_xcom.py
[2025-11-17T03:56:25.516+0000] {logging_mixin.py:150} INFO - [2025-11-17T03:56:25.516+0000] {dag.py:2742} INFO - Sync 1 DAGs
[2025-11-17T03:56:25.529+0000] {logging_mixin.py:150} INFO - [2025-11-17T03:56:25.529+0000] {dag.py:3504} INFO - Setting next_dagrun for example_xcom to 2021-01-01T00:00:00+00:00, run_after=2021-01-01T00:00:00+00:00
[2025-11-17T03:56:25.543+0000] {processor.py:179} INFO - Processing /home/vscode/.local/lib/python3.10/site-packages/airflow/example_dags/example_xcom.py took 0.045 seconds
[2025-11-17T03:57:08.267+0000] {processor.py:157} INFO - Started process (PID=21344) to work on /home/vscode/.local/lib/python3.10/site-packages/airflow/example_dags/example_xcom.py
[2025-11-17T03:57:08.268+0000] {processor.py:826} INFO - Processing file /home/vscode/.local/lib/python3.10/site-packages/airflow/example_dags/example_xcom.py for tasks to queue
[2025-11-17T03:57:08.269+0000] {logging_mixin.py:150} INFO - [2025-11-17T03:57:08.268+0000] {dagbag.py:541} INFO - Filling up the DagBag from /home/vscode/.local/lib/python3.10/site-packages/airflow/example_dags/example_xcom.py
[2025-11-17T03:57:08.274+0000] {processor.py:836} INFO - DAG(s) dict_keys(['example_xcom']) retrieved from /home/vscode/.local/lib/python3.10/site-packages/airflow/example_dags/example_xcom.py
[2025-11-17T03:57:08.285+0000] {logging_mixin.py:150} INFO - [2025-11-17T03:57:08.285+0000] {dag.py:2742} INFO - Sync 1 DAGs
[2025-11-17T03:57:08.297+0000] {logging_mixin.py:150} INFO - [2025-11-17T03:57:08.297+0000] {dag.py:3504} INFO - Setting next_dagrun for example_xcom to 2021-01-01T00:00:00+00:00, run_after=2021-01-01T00:00:00+00:00
[2025-11-17T03:57:08.310+0000] {processor.py:179} INFO - Processing /home/vscode/.local/lib/python3.10/site-packages/airflow/example_dags/example_xcom.py took 0.045 seconds
[2025-11-17T03:57:47.544+0000] {processor.py:157} INFO - Started process (PID=21604) to work on /home/vscode/.local/lib/python3.10/site-packages/airflow/example_dags/example_xcom.py
[2025-11-17T03:57:47.544+0000] {processor.py:826} INFO - Processing file /home/vscode/.local/lib/python3.10/site-packages/airflow/example_dags/example_xcom.py for tasks to queue
[2025-11-17T03:57:47.545+0000] {logging_mixin.py:150} INFO - [2025-11-17T03:57:47.545+0000] {dagbag.py:541} INFO - Filling up the DagBag from /home/vscode/.local/lib/python3.10/site-packages/airflow/example_dags/example_xcom.py
[2025-11-17T03:57:47.550+0000] {processor.py:836} INFO - DAG(s) dict_keys(['example_xcom']) retrieved from /home/vscode/.local/lib/python3.10/site-packages/airflow/example_dags/example_xcom.py
[2025-11-17T03:57:47.561+0000] {logging_mixin.py:150} INFO - [2025-11-17T03:57:47.561+0000] {dag.py:2742} INFO - Sync 1 DAGs
[2025-11-17T03:57:47.577+0000] {logging_mixin.py:150} INFO - [2025-11-17T03:57:47.577+0000] {dag.py:3504} INFO - Setting next_dagrun for example_xcom to 2021-01-01T00:00:00+00:00, run_after=2021-01-01T00:00:00+00:00
[2025-11-17T03:57:47.598+0000] {processor.py:179} INFO - Processing /home/vscode/.local/lib/python3.10/site-packages/airflow/example_dags/example_xcom.py took 0.057 seconds
[2025-11-17T03:58:32.988+0000] {processor.py:157} INFO - Started process (PID=21907) to work on /home/vscode/.local/lib/python3.10/site-packages/airflow/example_dags/example_xcom.py
[2025-11-17T03:58:32.989+0000] {processor.py:826} INFO - Processing file /home/vscode/.local/lib/python3.10/site-packages/airflow/example_dags/example_xcom.py for tasks to queue
[2025-11-17T03:58:32.989+0000] {logging_mixin.py:150} INFO - [2025-11-17T03:58:32.989+0000] {dagbag.py:541} INFO - Filling up the DagBag from /home/vscode/.local/lib/python3.10/site-packages/airflow/example_dags/example_xcom.py
[2025-11-17T03:58:32.994+0000] {processor.py:836} INFO - DAG(s) dict_keys(['example_xcom']) retrieved from /home/vscode/.local/lib/python3.10/site-packages/airflow/example_dags/example_xcom.py
[2025-11-17T03:58:33.006+0000] {logging_mixin.py:150} INFO - [2025-11-17T03:58:33.005+0000] {dag.py:2742} INFO - Sync 1 DAGs
[2025-11-17T03:58:33.019+0000] {logging_mixin.py:150} INFO - [2025-11-17T03:58:33.019+0000] {dag.py:3504} INFO - Setting next_dagrun for example_xcom to 2021-01-01T00:00:00+00:00, run_after=2021-01-01T00:00:00+00:00
[2025-11-17T03:58:33.033+0000] {processor.py:179} INFO - Processing /home/vscode/.local/lib/python3.10/site-packages/airflow/example_dags/example_xcom.py took 0.046 seconds
[2025-11-17T03:59:12.734+0000] {processor.py:157} INFO - Started process (PID=22174) to work on /home/vscode/.local/lib/python3.10/site-packages/airflow/example_dags/example_xcom.py
[2025-11-17T03:59:12.734+0000] {processor.py:826} INFO - Processing file /home/vscode/.local/lib/python3.10/site-packages/airflow/example_dags/example_xcom.py for tasks to queue
[2025-11-17T03:59:12.735+0000] {logging_mixin.py:150} INFO - [2025-11-17T03:59:12.735+0000] {dagbag.py:541} INFO - Filling up the DagBag from /home/vscode/.local/lib/python3.10/site-packages/airflow/example_dags/example_xcom.py
[2025-11-17T03:59:12.740+0000] {processor.py:836} INFO - DAG(s) dict_keys(['example_xcom']) retrieved from /home/vscode/.local/lib/python3.10/site-packages/airflow/example_dags/example_xcom.py
[2025-11-17T03:59:12.750+0000] {logging_mixin.py:150} INFO - [2025-11-17T03:59:12.750+0000] {dag.py:2742} INFO - Sync 1 DAGs
[2025-11-17T03:59:12.763+0000] {logging_mixin.py:150} INFO - [2025-11-17T03:59:12.763+0000] {dag.py:3504} INFO - Setting next_dagrun for example_xcom to 2021-01-01T00:00:00+00:00, run_after=2021-01-01T00:00:00+00:00
[2025-11-17T03:59:12.777+0000] {processor.py:179} INFO - Processing /home/vscode/.local/lib/python3.10/site-packages/airflow/example_dags/example_xcom.py took 0.046 seconds
[2025-11-17T03:59:54.951+0000] {processor.py:157} INFO - Started process (PID=22453) to work on /home/vscode/.local/lib/python3.10/site-packages/airflow/example_dags/example_xcom.py
[2025-11-17T03:59:54.952+0000] {processor.py:826} INFO - Processing file /home/vscode/.local/lib/python3.10/site-packages/airflow/example_dags/example_xcom.py for tasks to queue
[2025-11-17T03:59:54.952+0000] {logging_mixin.py:150} INFO - [2025-11-17T03:59:54.952+0000] {dagbag.py:541} INFO - Filling up the DagBag from /home/vscode/.local/lib/python3.10/site-packages/airflow/example_dags/example_xcom.py
[2025-11-17T03:59:54.957+0000] {processor.py:836} INFO - DAG(s) dict_keys(['example_xcom']) retrieved from /home/vscode/.local/lib/python3.10/site-packages/airflow/example_dags/example_xcom.py
[2025-11-17T03:59:54.968+0000] {logging_mixin.py:150} INFO - [2025-11-17T03:59:54.968+0000] {dag.py:2742} INFO - Sync 1 DAGs
[2025-11-17T03:59:54.981+0000] {logging_mixin.py:150} INFO - [2025-11-17T03:59:54.981+0000] {dag.py:3504} INFO - Setting next_dagrun for example_xcom to 2021-01-01T00:00:00+00:00, run_after=2021-01-01T00:00:00+00:00
[2025-11-17T03:59:54.994+0000] {processor.py:179} INFO - Processing /home/vscode/.local/lib/python3.10/site-packages/airflow/example_dags/example_xcom.py took 0.044 seconds
[2025-11-17T04:00:38.838+0000] {processor.py:157} INFO - Started process (PID=22746) to work on /home/vscode/.local/lib/python3.10/site-packages/airflow/example_dags/example_xcom.py
[2025-11-17T04:00:38.838+0000] {processor.py:826} INFO - Processing file /home/vscode/.local/lib/python3.10/site-packages/airflow/example_dags/example_xcom.py for tasks to queue
[2025-11-17T04:00:38.839+0000] {logging_mixin.py:150} INFO - [2025-11-17T04:00:38.839+0000] {dagbag.py:541} INFO - Filling up the DagBag from /home/vscode/.local/lib/python3.10/site-packages/airflow/example_dags/example_xcom.py
[2025-11-17T04:00:38.844+0000] {processor.py:836} INFO - DAG(s) dict_keys(['example_xcom']) retrieved from /home/vscode/.local/lib/python3.10/site-packages/airflow/example_dags/example_xcom.py
[2025-11-17T04:00:38.855+0000] {logging_mixin.py:150} INFO - [2025-11-17T04:00:38.855+0000] {dag.py:2742} INFO - Sync 1 DAGs
[2025-11-17T04:00:38.867+0000] {logging_mixin.py:150} INFO - [2025-11-17T04:00:38.867+0000] {dag.py:3504} INFO - Setting next_dagrun for example_xcom to 2021-01-01T00:00:00+00:00, run_after=2021-01-01T00:00:00+00:00
[2025-11-17T04:00:38.881+0000] {processor.py:179} INFO - Processing /home/vscode/.local/lib/python3.10/site-packages/airflow/example_dags/example_xcom.py took 0.045 seconds
[2025-11-17T04:01:20.774+0000] {processor.py:157} INFO - Started process (PID=23037) to work on /home/vscode/.local/lib/python3.10/site-packages/airflow/example_dags/example_xcom.py
[2025-11-17T04:01:20.775+0000] {processor.py:826} INFO - Processing file /home/vscode/.local/lib/python3.10/site-packages/airflow/example_dags/example_xcom.py for tasks to queue
[2025-11-17T04:01:20.775+0000] {logging_mixin.py:150} INFO - [2025-11-17T04:01:20.775+0000] {dagbag.py:541} INFO - Filling up the DagBag from /home/vscode/.local/lib/python3.10/site-packages/airflow/example_dags/example_xcom.py
[2025-11-17T04:01:20.780+0000] {processor.py:836} INFO - DAG(s) dict_keys(['example_xcom']) retrieved from /home/vscode/.local/lib/python3.10/site-packages/airflow/example_dags/example_xcom.py
[2025-11-17T04:01:20.791+0000] {logging_mixin.py:150} INFO - [2025-11-17T04:01:20.790+0000] {dag.py:2742} INFO - Sync 1 DAGs
[2025-11-17T04:01:20.803+0000] {logging_mixin.py:150} INFO - [2025-11-17T04:01:20.803+0000] {dag.py:3504} INFO - Setting next_dagrun for example_xcom to 2021-01-01T00:00:00+00:00, run_after=2021-01-01T00:00:00+00:00
[2025-11-17T04:01:20.817+0000] {processor.py:179} INFO - Processing /home/vscode/.local/lib/python3.10/site-packages/airflow/example_dags/example_xcom.py took 0.045 seconds
[2025-11-17T04:01:58.437+0000] {processor.py:157} INFO - Started process (PID=23287) to work on /home/vscode/.local/lib/python3.10/site-packages/airflow/example_dags/example_xcom.py
[2025-11-17T04:01:58.437+0000] {processor.py:826} INFO - Processing file /home/vscode/.local/lib/python3.10/site-packages/airflow/example_dags/example_xcom.py for tasks to queue
[2025-11-17T04:01:58.438+0000] {logging_mixin.py:150} INFO - [2025-11-17T04:01:58.437+0000] {dagbag.py:541} INFO - Filling up the DagBag from /home/vscode/.local/lib/python3.10/site-packages/airflow/example_dags/example_xcom.py
[2025-11-17T04:01:58.443+0000] {processor.py:836} INFO - DAG(s) dict_keys(['example_xcom']) retrieved from /home/vscode/.local/lib/python3.10/site-packages/airflow/example_dags/example_xcom.py
[2025-11-17T04:01:58.455+0000] {logging_mixin.py:150} INFO - [2025-11-17T04:01:58.455+0000] {dag.py:2742} INFO - Sync 1 DAGs
[2025-11-17T04:01:58.468+0000] {logging_mixin.py:150} INFO - [2025-11-17T04:01:58.468+0000] {dag.py:3504} INFO - Setting next_dagrun for example_xcom to 2021-01-01T00:00:00+00:00, run_after=2021-01-01T00:00:00+00:00
[2025-11-17T04:01:58.483+0000] {processor.py:179} INFO - Processing /home/vscode/.local/lib/python3.10/site-packages/airflow/example_dags/example_xcom.py took 0.048 seconds
[2025-11-17T04:02:41.321+0000] {processor.py:157} INFO - Started process (PID=23574) to work on /home/vscode/.local/lib/python3.10/site-packages/airflow/example_dags/example_xcom.py
[2025-11-17T04:02:41.321+0000] {processor.py:826} INFO - Processing file /home/vscode/.local/lib/python3.10/site-packages/airflow/example_dags/example_xcom.py for tasks to queue
[2025-11-17T04:02:41.322+0000] {logging_mixin.py:150} INFO - [2025-11-17T04:02:41.322+0000] {dagbag.py:541} INFO - Filling up the DagBag from /home/vscode/.local/lib/python3.10/site-packages/airflow/example_dags/example_xcom.py
[2025-11-17T04:02:41.327+0000] {processor.py:836} INFO - DAG(s) dict_keys(['example_xcom']) retrieved from /home/vscode/.local/lib/python3.10/site-packages/airflow/example_dags/example_xcom.py
[2025-11-17T04:02:41.339+0000] {logging_mixin.py:150} INFO - [2025-11-17T04:02:41.339+0000] {dag.py:2742} INFO - Sync 1 DAGs
[2025-11-17T04:02:41.352+0000] {logging_mixin.py:150} INFO - [2025-11-17T04:02:41.352+0000] {dag.py:3504} INFO - Setting next_dagrun for example_xcom to 2021-01-01T00:00:00+00:00, run_after=2021-01-01T00:00:00+00:00
[2025-11-17T04:02:41.366+0000] {processor.py:179} INFO - Processing /home/vscode/.local/lib/python3.10/site-packages/airflow/example_dags/example_xcom.py took 0.048 seconds
[2025-11-17T04:03:25.425+0000] {processor.py:157} INFO - Started process (PID=23858) to work on /home/vscode/.local/lib/python3.10/site-packages/airflow/example_dags/example_xcom.py
[2025-11-17T04:03:25.425+0000] {processor.py:826} INFO - Processing file /home/vscode/.local/lib/python3.10/site-packages/airflow/example_dags/example_xcom.py for tasks to queue
[2025-11-17T04:03:25.426+0000] {logging_mixin.py:150} INFO - [2025-11-17T04:03:25.426+0000] {dagbag.py:541} INFO - Filling up the DagBag from /home/vscode/.local/lib/python3.10/site-packages/airflow/example_dags/example_xcom.py
[2025-11-17T04:03:25.432+0000] {processor.py:836} INFO - DAG(s) dict_keys(['example_xcom']) retrieved from /home/vscode/.local/lib/python3.10/site-packages/airflow/example_dags/example_xcom.py
[2025-11-17T04:03:25.447+0000] {logging_mixin.py:150} INFO - [2025-11-17T04:03:25.447+0000] {dag.py:2742} INFO - Sync 1 DAGs
[2025-11-17T04:03:25.467+0000] {logging_mixin.py:150} INFO - [2025-11-17T04:03:25.467+0000] {dag.py:3504} INFO - Setting next_dagrun for example_xcom to 2021-01-01T00:00:00+00:00, run_after=2021-01-01T00:00:00+00:00
[2025-11-17T04:03:25.487+0000] {processor.py:179} INFO - Processing /home/vscode/.local/lib/python3.10/site-packages/airflow/example_dags/example_xcom.py took 0.065 seconds
[2025-11-17T04:04:10.255+0000] {processor.py:157} INFO - Started process (PID=24159) to work on /home/vscode/.local/lib/python3.10/site-packages/airflow/example_dags/example_xcom.py
[2025-11-17T04:04:10.255+0000] {processor.py:826} INFO - Processing file /home/vscode/.local/lib/python3.10/site-packages/airflow/example_dags/example_xcom.py for tasks to queue
[2025-11-17T04:04:10.256+0000] {logging_mixin.py:150} INFO - [2025-11-17T04:04:10.256+0000] {dagbag.py:541} INFO - Filling up the DagBag from /home/vscode/.local/lib/python3.10/site-packages/airflow/example_dags/example_xcom.py
[2025-11-17T04:04:10.261+0000] {processor.py:836} INFO - DAG(s) dict_keys(['example_xcom']) retrieved from /home/vscode/.local/lib/python3.10/site-packages/airflow/example_dags/example_xcom.py
[2025-11-17T04:04:10.273+0000] {logging_mixin.py:150} INFO - [2025-11-17T04:04:10.273+0000] {dag.py:2742} INFO - Sync 1 DAGs
[2025-11-17T04:04:10.287+0000] {logging_mixin.py:150} INFO - [2025-11-17T04:04:10.287+0000] {dag.py:3504} INFO - Setting next_dagrun for example_xcom to 2021-01-01T00:00:00+00:00, run_after=2021-01-01T00:00:00+00:00
[2025-11-17T04:04:10.302+0000] {processor.py:179} INFO - Processing /home/vscode/.local/lib/python3.10/site-packages/airflow/example_dags/example_xcom.py took 0.049 seconds
[2025-11-17T04:04:55.567+0000] {processor.py:157} INFO - Started process (PID=24469) to work on /home/vscode/.local/lib/python3.10/site-packages/airflow/example_dags/example_xcom.py
[2025-11-17T04:04:55.568+0000] {processor.py:826} INFO - Processing file /home/vscode/.local/lib/python3.10/site-packages/airflow/example_dags/example_xcom.py for tasks to queue
[2025-11-17T04:04:55.568+0000] {logging_mixin.py:150} INFO - [2025-11-17T04:04:55.568+0000] {dagbag.py:541} INFO - Filling up the DagBag from /home/vscode/.local/lib/python3.10/site-packages/airflow/example_dags/example_xcom.py
[2025-11-17T04:04:55.574+0000] {processor.py:836} INFO - DAG(s) dict_keys(['example_xcom']) retrieved from /home/vscode/.local/lib/python3.10/site-packages/airflow/example_dags/example_xcom.py
[2025-11-17T04:04:55.586+0000] {logging_mixin.py:150} INFO - [2025-11-17T04:04:55.586+0000] {dag.py:2742} INFO - Sync 1 DAGs
[2025-11-17T04:04:55.601+0000] {logging_mixin.py:150} INFO - [2025-11-17T04:04:55.601+0000] {dag.py:3504} INFO - Setting next_dagrun for example_xcom to 2021-01-01T00:00:00+00:00, run_after=2021-01-01T00:00:00+00:00
[2025-11-17T04:04:55.617+0000] {processor.py:179} INFO - Processing /home/vscode/.local/lib/python3.10/site-packages/airflow/example_dags/example_xcom.py took 0.052 seconds
[2025-11-17T04:05:39.045+0000] {processor.py:157} INFO - Started process (PID=24790) to work on /home/vscode/.local/lib/python3.10/site-packages/airflow/example_dags/example_xcom.py
[2025-11-17T04:05:39.045+0000] {processor.py:826} INFO - Processing file /home/vscode/.local/lib/python3.10/site-packages/airflow/example_dags/example_xcom.py for tasks to queue
[2025-11-17T04:05:39.046+0000] {logging_mixin.py:150} INFO - [2025-11-17T04:05:39.046+0000] {dagbag.py:541} INFO - Filling up the DagBag from /home/vscode/.local/lib/python3.10/site-packages/airflow/example_dags/example_xcom.py
[2025-11-17T04:05:39.051+0000] {processor.py:836} INFO - DAG(s) dict_keys(['example_xcom']) retrieved from /home/vscode/.local/lib/python3.10/site-packages/airflow/example_dags/example_xcom.py
[2025-11-17T04:05:39.063+0000] {logging_mixin.py:150} INFO - [2025-11-17T04:05:39.063+0000] {dag.py:2742} INFO - Sync 1 DAGs
[2025-11-17T04:05:39.077+0000] {logging_mixin.py:150} INFO - [2025-11-17T04:05:39.077+0000] {dag.py:3504} INFO - Setting next_dagrun for example_xcom to 2021-01-01T00:00:00+00:00, run_after=2021-01-01T00:00:00+00:00
[2025-11-17T04:05:39.091+0000] {processor.py:179} INFO - Processing /home/vscode/.local/lib/python3.10/site-packages/airflow/example_dags/example_xcom.py took 0.049 seconds
[2025-11-17T04:06:24.381+0000] {processor.py:157} INFO - Started process (PID=25128) to work on /home/vscode/.local/lib/python3.10/site-packages/airflow/example_dags/example_xcom.py
[2025-11-17T04:06:24.381+0000] {processor.py:826} INFO - Processing file /home/vscode/.local/lib/python3.10/site-packages/airflow/example_dags/example_xcom.py for tasks to queue
[2025-11-17T04:06:24.382+0000] {logging_mixin.py:150} INFO - [2025-11-17T04:06:24.382+0000] {dagbag.py:541} INFO - Filling up the DagBag from /home/vscode/.local/lib/python3.10/site-packages/airflow/example_dags/example_xcom.py
[2025-11-17T04:06:24.387+0000] {processor.py:836} INFO - DAG(s) dict_keys(['example_xcom']) retrieved from /home/vscode/.local/lib/python3.10/site-packages/airflow/example_dags/example_xcom.py
[2025-11-17T04:06:24.399+0000] {logging_mixin.py:150} INFO - [2025-11-17T04:06:24.399+0000] {dag.py:2742} INFO - Sync 1 DAGs
[2025-11-17T04:06:24.412+0000] {logging_mixin.py:150} INFO - [2025-11-17T04:06:24.412+0000] {dag.py:3504} INFO - Setting next_dagrun for example_xcom to 2021-01-01T00:00:00+00:00, run_after=2021-01-01T00:00:00+00:00
[2025-11-17T04:06:24.427+0000] {processor.py:179} INFO - Processing /home/vscode/.local/lib/python3.10/site-packages/airflow/example_dags/example_xcom.py took 0.049 seconds
[2025-11-17T04:07:08.620+0000] {processor.py:157} INFO - Started process (PID=25479) to work on /home/vscode/.local/lib/python3.10/site-packages/airflow/example_dags/example_xcom.py
[2025-11-17T04:07:08.620+0000] {processor.py:826} INFO - Processing file /home/vscode/.local/lib/python3.10/site-packages/airflow/example_dags/example_xcom.py for tasks to queue
[2025-11-17T04:07:08.621+0000] {logging_mixin.py:150} INFO - [2025-11-17T04:07:08.621+0000] {dagbag.py:541} INFO - Filling up the DagBag from /home/vscode/.local/lib/python3.10/site-packages/airflow/example_dags/example_xcom.py
[2025-11-17T04:07:08.626+0000] {processor.py:836} INFO - DAG(s) dict_keys(['example_xcom']) retrieved from /home/vscode/.local/lib/python3.10/site-packages/airflow/example_dags/example_xcom.py
[2025-11-17T04:07:08.637+0000] {logging_mixin.py:150} INFO - [2025-11-17T04:07:08.637+0000] {dag.py:2742} INFO - Sync 1 DAGs
[2025-11-17T04:07:08.655+0000] {logging_mixin.py:150} INFO - [2025-11-17T04:07:08.654+0000] {dag.py:3504} INFO - Setting next_dagrun for example_xcom to 2021-01-01T00:00:00+00:00, run_after=2021-01-01T00:00:00+00:00
[2025-11-17T04:07:08.673+0000] {processor.py:179} INFO - Processing /home/vscode/.local/lib/python3.10/site-packages/airflow/example_dags/example_xcom.py took 0.055 seconds
[2025-11-17T04:07:51.140+0000] {processor.py:157} INFO - Started process (PID=25761) to work on /home/vscode/.local/lib/python3.10/site-packages/airflow/example_dags/example_xcom.py
[2025-11-17T04:07:51.141+0000] {processor.py:826} INFO - Processing file /home/vscode/.local/lib/python3.10/site-packages/airflow/example_dags/example_xcom.py for tasks to queue
[2025-11-17T04:07:51.142+0000] {logging_mixin.py:150} INFO - [2025-11-17T04:07:51.141+0000] {dagbag.py:541} INFO - Filling up the DagBag from /home/vscode/.local/lib/python3.10/site-packages/airflow/example_dags/example_xcom.py
[2025-11-17T04:07:51.147+0000] {processor.py:836} INFO - DAG(s) dict_keys(['example_xcom']) retrieved from /home/vscode/.local/lib/python3.10/site-packages/airflow/example_dags/example_xcom.py
[2025-11-17T04:07:51.159+0000] {logging_mixin.py:150} INFO - [2025-11-17T04:07:51.159+0000] {dag.py:2742} INFO - Sync 1 DAGs
[2025-11-17T04:07:51.172+0000] {logging_mixin.py:150} INFO - [2025-11-17T04:07:51.172+0000] {dag.py:3504} INFO - Setting next_dagrun for example_xcom to 2021-01-01T00:00:00+00:00, run_after=2021-01-01T00:00:00+00:00
[2025-11-17T04:07:51.188+0000] {processor.py:179} INFO - Processing /home/vscode/.local/lib/python3.10/site-packages/airflow/example_dags/example_xcom.py took 0.049 seconds
[2025-11-17T04:08:35.455+0000] {processor.py:157} INFO - Started process (PID=26153) to work on /home/vscode/.local/lib/python3.10/site-packages/airflow/example_dags/example_xcom.py
[2025-11-17T04:08:35.455+0000] {processor.py:826} INFO - Processing file /home/vscode/.local/lib/python3.10/site-packages/airflow/example_dags/example_xcom.py for tasks to queue
[2025-11-17T04:08:35.456+0000] {logging_mixin.py:150} INFO - [2025-11-17T04:08:35.456+0000] {dagbag.py:541} INFO - Filling up the DagBag from /home/vscode/.local/lib/python3.10/site-packages/airflow/example_dags/example_xcom.py
[2025-11-17T04:08:35.462+0000] {processor.py:836} INFO - DAG(s) dict_keys(['example_xcom']) retrieved from /home/vscode/.local/lib/python3.10/site-packages/airflow/example_dags/example_xcom.py
[2025-11-17T04:08:35.473+0000] {logging_mixin.py:150} INFO - [2025-11-17T04:08:35.473+0000] {dag.py:2742} INFO - Sync 1 DAGs
[2025-11-17T04:08:35.487+0000] {logging_mixin.py:150} INFO - [2025-11-17T04:08:35.487+0000] {dag.py:3504} INFO - Setting next_dagrun for example_xcom to 2021-01-01T00:00:00+00:00, run_after=2021-01-01T00:00:00+00:00
[2025-11-17T04:08:35.502+0000] {processor.py:179} INFO - Processing /home/vscode/.local/lib/python3.10/site-packages/airflow/example_dags/example_xcom.py took 0.049 seconds
[2025-11-17T04:09:17.374+0000] {processor.py:157} INFO - Started process (PID=26452) to work on /home/vscode/.local/lib/python3.10/site-packages/airflow/example_dags/example_xcom.py
[2025-11-17T04:09:17.375+0000] {processor.py:826} INFO - Processing file /home/vscode/.local/lib/python3.10/site-packages/airflow/example_dags/example_xcom.py for tasks to queue
[2025-11-17T04:09:17.375+0000] {logging_mixin.py:150} INFO - [2025-11-17T04:09:17.375+0000] {dagbag.py:541} INFO - Filling up the DagBag from /home/vscode/.local/lib/python3.10/site-packages/airflow/example_dags/example_xcom.py
[2025-11-17T04:09:17.383+0000] {processor.py:836} INFO - DAG(s) dict_keys(['example_xcom']) retrieved from /home/vscode/.local/lib/python3.10/site-packages/airflow/example_dags/example_xcom.py
[2025-11-17T04:09:17.399+0000] {logging_mixin.py:150} INFO - [2025-11-17T04:09:17.399+0000] {dag.py:2742} INFO - Sync 1 DAGs
[2025-11-17T04:09:17.413+0000] {logging_mixin.py:150} INFO - [2025-11-17T04:09:17.413+0000] {dag.py:3504} INFO - Setting next_dagrun for example_xcom to 2021-01-01T00:00:00+00:00, run_after=2021-01-01T00:00:00+00:00
[2025-11-17T04:09:17.427+0000] {processor.py:179} INFO - Processing /home/vscode/.local/lib/python3.10/site-packages/airflow/example_dags/example_xcom.py took 0.056 seconds
[2025-11-17T04:09:59.676+0000] {processor.py:157} INFO - Started process (PID=26764) to work on /home/vscode/.local/lib/python3.10/site-packages/airflow/example_dags/example_xcom.py
[2025-11-17T04:09:59.677+0000] {processor.py:826} INFO - Processing file /home/vscode/.local/lib/python3.10/site-packages/airflow/example_dags/example_xcom.py for tasks to queue
[2025-11-17T04:09:59.678+0000] {logging_mixin.py:150} INFO - [2025-11-17T04:09:59.677+0000] {dagbag.py:541} INFO - Filling up the DagBag from /home/vscode/.local/lib/python3.10/site-packages/airflow/example_dags/example_xcom.py
[2025-11-17T04:09:59.683+0000] {processor.py:836} INFO - DAG(s) dict_keys(['example_xcom']) retrieved from /home/vscode/.local/lib/python3.10/site-packages/airflow/example_dags/example_xcom.py
[2025-11-17T04:09:59.695+0000] {logging_mixin.py:150} INFO - [2025-11-17T04:09:59.695+0000] {dag.py:2742} INFO - Sync 1 DAGs
[2025-11-17T04:09:59.708+0000] {logging_mixin.py:150} INFO - [2025-11-17T04:09:59.708+0000] {dag.py:3504} INFO - Setting next_dagrun for example_xcom to 2021-01-01T00:00:00+00:00, run_after=2021-01-01T00:00:00+00:00
[2025-11-17T04:09:59.722+0000] {processor.py:179} INFO - Processing /home/vscode/.local/lib/python3.10/site-packages/airflow/example_dags/example_xcom.py took 0.047 seconds
[2025-11-17T04:10:43.354+0000] {processor.py:157} INFO - Started process (PID=27052) to work on /home/vscode/.local/lib/python3.10/site-packages/airflow/example_dags/example_xcom.py
[2025-11-17T04:10:43.354+0000] {processor.py:826} INFO - Processing file /home/vscode/.local/lib/python3.10/site-packages/airflow/example_dags/example_xcom.py for tasks to queue
[2025-11-17T04:10:43.355+0000] {logging_mixin.py:150} INFO - [2025-11-17T04:10:43.355+0000] {dagbag.py:541} INFO - Filling up the DagBag from /home/vscode/.local/lib/python3.10/site-packages/airflow/example_dags/example_xcom.py
[2025-11-17T04:10:43.361+0000] {processor.py:836} INFO - DAG(s) dict_keys(['example_xcom']) retrieved from /home/vscode/.local/lib/python3.10/site-packages/airflow/example_dags/example_xcom.py
[2025-11-17T04:10:43.373+0000] {logging_mixin.py:150} INFO - [2025-11-17T04:10:43.373+0000] {dag.py:2742} INFO - Sync 1 DAGs
[2025-11-17T04:10:43.387+0000] {logging_mixin.py:150} INFO - [2025-11-17T04:10:43.387+0000] {dag.py:3504} INFO - Setting next_dagrun for example_xcom to 2021-01-01T00:00:00+00:00, run_after=2021-01-01T00:00:00+00:00
[2025-11-17T04:10:43.406+0000] {processor.py:179} INFO - Processing /home/vscode/.local/lib/python3.10/site-packages/airflow/example_dags/example_xcom.py took 0.054 seconds
[2025-11-17T04:11:21.861+0000] {processor.py:157} INFO - Started process (PID=27316) to work on /home/vscode/.local/lib/python3.10/site-packages/airflow/example_dags/example_xcom.py
[2025-11-17T04:11:21.862+0000] {processor.py:826} INFO - Processing file /home/vscode/.local/lib/python3.10/site-packages/airflow/example_dags/example_xcom.py for tasks to queue
[2025-11-17T04:11:21.862+0000] {logging_mixin.py:150} INFO - [2025-11-17T04:11:21.862+0000] {dagbag.py:541} INFO - Filling up the DagBag from /home/vscode/.local/lib/python3.10/site-packages/airflow/example_dags/example_xcom.py
[2025-11-17T04:11:21.868+0000] {processor.py:836} INFO - DAG(s) dict_keys(['example_xcom']) retrieved from /home/vscode/.local/lib/python3.10/site-packages/airflow/example_dags/example_xcom.py
[2025-11-17T04:11:21.879+0000] {logging_mixin.py:150} INFO - [2025-11-17T04:11:21.878+0000] {dag.py:2742} INFO - Sync 1 DAGs
[2025-11-17T04:11:21.891+0000] {logging_mixin.py:150} INFO - [2025-11-17T04:11:21.891+0000] {dag.py:3504} INFO - Setting next_dagrun for example_xcom to 2021-01-01T00:00:00+00:00, run_after=2021-01-01T00:00:00+00:00
[2025-11-17T04:11:21.905+0000] {processor.py:179} INFO - Processing /home/vscode/.local/lib/python3.10/site-packages/airflow/example_dags/example_xcom.py took 0.045 seconds
[2025-11-17T04:12:05.200+0000] {processor.py:157} INFO - Started process (PID=27617) to work on /home/vscode/.local/lib/python3.10/site-packages/airflow/example_dags/example_xcom.py
[2025-11-17T04:12:05.201+0000] {processor.py:826} INFO - Processing file /home/vscode/.local/lib/python3.10/site-packages/airflow/example_dags/example_xcom.py for tasks to queue
[2025-11-17T04:12:05.201+0000] {logging_mixin.py:150} INFO - [2025-11-17T04:12:05.201+0000] {dagbag.py:541} INFO - Filling up the DagBag from /home/vscode/.local/lib/python3.10/site-packages/airflow/example_dags/example_xcom.py
[2025-11-17T04:12:05.206+0000] {processor.py:836} INFO - DAG(s) dict_keys(['example_xcom']) retrieved from /home/vscode/.local/lib/python3.10/site-packages/airflow/example_dags/example_xcom.py
[2025-11-17T04:12:05.218+0000] {logging_mixin.py:150} INFO - [2025-11-17T04:12:05.217+0000] {dag.py:2742} INFO - Sync 1 DAGs
[2025-11-17T04:12:05.231+0000] {logging_mixin.py:150} INFO - [2025-11-17T04:12:05.231+0000] {dag.py:3504} INFO - Setting next_dagrun for example_xcom to 2021-01-01T00:00:00+00:00, run_after=2021-01-01T00:00:00+00:00
[2025-11-17T04:12:05.244+0000] {processor.py:179} INFO - Processing /home/vscode/.local/lib/python3.10/site-packages/airflow/example_dags/example_xcom.py took 0.046 seconds
[2025-11-17T04:12:49.195+0000] {processor.py:157} INFO - Started process (PID=27926) to work on /home/vscode/.local/lib/python3.10/site-packages/airflow/example_dags/example_xcom.py
[2025-11-17T04:12:49.196+0000] {processor.py:826} INFO - Processing file /home/vscode/.local/lib/python3.10/site-packages/airflow/example_dags/example_xcom.py for tasks to queue
[2025-11-17T04:12:49.196+0000] {logging_mixin.py:150} INFO - [2025-11-17T04:12:49.196+0000] {dagbag.py:541} INFO - Filling up the DagBag from /home/vscode/.local/lib/python3.10/site-packages/airflow/example_dags/example_xcom.py
[2025-11-17T04:12:49.201+0000] {processor.py:836} INFO - DAG(s) dict_keys(['example_xcom']) retrieved from /home/vscode/.local/lib/python3.10/site-packages/airflow/example_dags/example_xcom.py
[2025-11-17T04:12:49.213+0000] {logging_mixin.py:150} INFO - [2025-11-17T04:12:49.213+0000] {dag.py:2742} INFO - Sync 1 DAGs
[2025-11-17T04:12:49.225+0000] {logging_mixin.py:150} INFO - [2025-11-17T04:12:49.225+0000] {dag.py:3504} INFO - Setting next_dagrun for example_xcom to 2021-01-01T00:00:00+00:00, run_after=2021-01-01T00:00:00+00:00
[2025-11-17T04:12:49.246+0000] {processor.py:179} INFO - Processing /home/vscode/.local/lib/python3.10/site-packages/airflow/example_dags/example_xcom.py took 0.053 seconds
[2025-11-17T04:13:44.949+0000] {processor.py:157} INFO - Started process (PID=28366) to work on /home/vscode/.local/lib/python3.10/site-packages/airflow/example_dags/example_xcom.py
[2025-11-17T04:13:44.950+0000] {processor.py:826} INFO - Processing file /home/vscode/.local/lib/python3.10/site-packages/airflow/example_dags/example_xcom.py for tasks to queue
[2025-11-17T04:13:44.950+0000] {logging_mixin.py:150} INFO - [2025-11-17T04:13:44.950+0000] {dagbag.py:541} INFO - Filling up the DagBag from /home/vscode/.local/lib/python3.10/site-packages/airflow/example_dags/example_xcom.py
[2025-11-17T04:13:44.955+0000] {processor.py:836} INFO - DAG(s) dict_keys(['example_xcom']) retrieved from /home/vscode/.local/lib/python3.10/site-packages/airflow/example_dags/example_xcom.py
[2025-11-17T04:13:44.966+0000] {logging_mixin.py:150} INFO - [2025-11-17T04:13:44.966+0000] {dag.py:2742} INFO - Sync 1 DAGs
[2025-11-17T04:13:44.979+0000] {logging_mixin.py:150} INFO - [2025-11-17T04:13:44.979+0000] {dag.py:3504} INFO - Setting next_dagrun for example_xcom to 2021-01-01T00:00:00+00:00, run_after=2021-01-01T00:00:00+00:00
[2025-11-17T04:13:44.993+0000] {processor.py:179} INFO - Processing /home/vscode/.local/lib/python3.10/site-packages/airflow/example_dags/example_xcom.py took 0.046 seconds
[2025-11-17T04:14:21.488+0000] {processor.py:157} INFO - Started process (PID=28620) to work on /home/vscode/.local/lib/python3.10/site-packages/airflow/example_dags/example_xcom.py
[2025-11-17T04:14:21.489+0000] {processor.py:826} INFO - Processing file /home/vscode/.local/lib/python3.10/site-packages/airflow/example_dags/example_xcom.py for tasks to queue
[2025-11-17T04:14:21.489+0000] {logging_mixin.py:150} INFO - [2025-11-17T04:14:21.489+0000] {dagbag.py:541} INFO - Filling up the DagBag from /home/vscode/.local/lib/python3.10/site-packages/airflow/example_dags/example_xcom.py
[2025-11-17T04:14:21.494+0000] {processor.py:836} INFO - DAG(s) dict_keys(['example_xcom']) retrieved from /home/vscode/.local/lib/python3.10/site-packages/airflow/example_dags/example_xcom.py
[2025-11-17T04:14:21.505+0000] {logging_mixin.py:150} INFO - [2025-11-17T04:14:21.505+0000] {dag.py:2742} INFO - Sync 1 DAGs
[2025-11-17T04:14:21.517+0000] {logging_mixin.py:150} INFO - [2025-11-17T04:14:21.517+0000] {dag.py:3504} INFO - Setting next_dagrun for example_xcom to 2021-01-01T00:00:00+00:00, run_after=2021-01-01T00:00:00+00:00
[2025-11-17T04:14:21.531+0000] {processor.py:179} INFO - Processing /home/vscode/.local/lib/python3.10/site-packages/airflow/example_dags/example_xcom.py took 0.045 seconds
[2025-11-17T04:15:07.834+0000] {processor.py:157} INFO - Started process (PID=28994) to work on /home/vscode/.local/lib/python3.10/site-packages/airflow/example_dags/example_xcom.py
[2025-11-17T04:15:07.834+0000] {processor.py:826} INFO - Processing file /home/vscode/.local/lib/python3.10/site-packages/airflow/example_dags/example_xcom.py for tasks to queue
[2025-11-17T04:15:07.835+0000] {logging_mixin.py:150} INFO - [2025-11-17T04:15:07.835+0000] {dagbag.py:541} INFO - Filling up the DagBag from /home/vscode/.local/lib/python3.10/site-packages/airflow/example_dags/example_xcom.py
[2025-11-17T04:15:07.840+0000] {processor.py:836} INFO - DAG(s) dict_keys(['example_xcom']) retrieved from /home/vscode/.local/lib/python3.10/site-packages/airflow/example_dags/example_xcom.py
[2025-11-17T04:15:07.852+0000] {logging_mixin.py:150} INFO - [2025-11-17T04:15:07.852+0000] {dag.py:2742} INFO - Sync 1 DAGs
[2025-11-17T04:15:07.866+0000] {logging_mixin.py:150} INFO - [2025-11-17T04:15:07.866+0000] {dag.py:3504} INFO - Setting next_dagrun for example_xcom to 2021-01-01T00:00:00+00:00, run_after=2021-01-01T00:00:00+00:00
[2025-11-17T04:15:07.882+0000] {processor.py:179} INFO - Processing /home/vscode/.local/lib/python3.10/site-packages/airflow/example_dags/example_xcom.py took 0.051 seconds
[2025-11-17T04:15:57.282+0000] {processor.py:157} INFO - Started process (PID=29439) to work on /home/vscode/.local/lib/python3.10/site-packages/airflow/example_dags/example_xcom.py
[2025-11-17T04:15:57.283+0000] {processor.py:826} INFO - Processing file /home/vscode/.local/lib/python3.10/site-packages/airflow/example_dags/example_xcom.py for tasks to queue
[2025-11-17T04:15:57.283+0000] {logging_mixin.py:150} INFO - [2025-11-17T04:15:57.283+0000] {dagbag.py:541} INFO - Filling up the DagBag from /home/vscode/.local/lib/python3.10/site-packages/airflow/example_dags/example_xcom.py
[2025-11-17T04:15:57.289+0000] {processor.py:836} INFO - DAG(s) dict_keys(['example_xcom']) retrieved from /home/vscode/.local/lib/python3.10/site-packages/airflow/example_dags/example_xcom.py
[2025-11-17T04:15:57.301+0000] {logging_mixin.py:150} INFO - [2025-11-17T04:15:57.301+0000] {dag.py:2742} INFO - Sync 1 DAGs
[2025-11-17T04:15:57.317+0000] {logging_mixin.py:150} INFO - [2025-11-17T04:15:57.317+0000] {dag.py:3504} INFO - Setting next_dagrun for example_xcom to 2021-01-01T00:00:00+00:00, run_after=2021-01-01T00:00:00+00:00
[2025-11-17T04:15:57.331+0000] {processor.py:179} INFO - Processing /home/vscode/.local/lib/python3.10/site-packages/airflow/example_dags/example_xcom.py took 0.051 seconds
[2025-11-17T04:16:40.124+0000] {processor.py:157} INFO - Started process (PID=29724) to work on /home/vscode/.local/lib/python3.10/site-packages/airflow/example_dags/example_xcom.py
[2025-11-17T04:16:40.125+0000] {processor.py:826} INFO - Processing file /home/vscode/.local/lib/python3.10/site-packages/airflow/example_dags/example_xcom.py for tasks to queue
[2025-11-17T04:16:40.125+0000] {logging_mixin.py:150} INFO - [2025-11-17T04:16:40.125+0000] {dagbag.py:541} INFO - Filling up the DagBag from /home/vscode/.local/lib/python3.10/site-packages/airflow/example_dags/example_xcom.py
[2025-11-17T04:16:40.130+0000] {processor.py:836} INFO - DAG(s) dict_keys(['example_xcom']) retrieved from /home/vscode/.local/lib/python3.10/site-packages/airflow/example_dags/example_xcom.py
[2025-11-17T04:16:40.141+0000] {logging_mixin.py:150} INFO - [2025-11-17T04:16:40.141+0000] {dag.py:2742} INFO - Sync 1 DAGs
[2025-11-17T04:16:40.154+0000] {logging_mixin.py:150} INFO - [2025-11-17T04:16:40.154+0000] {dag.py:3504} INFO - Setting next_dagrun for example_xcom to 2021-01-01T00:00:00+00:00, run_after=2021-01-01T00:00:00+00:00
[2025-11-17T04:16:40.168+0000] {processor.py:179} INFO - Processing /home/vscode/.local/lib/python3.10/site-packages/airflow/example_dags/example_xcom.py took 0.045 seconds
[2025-11-17T04:17:17.523+0000] {processor.py:157} INFO - Started process (PID=30056) to work on /home/vscode/.local/lib/python3.10/site-packages/airflow/example_dags/example_xcom.py
[2025-11-17T04:17:17.523+0000] {processor.py:826} INFO - Processing file /home/vscode/.local/lib/python3.10/site-packages/airflow/example_dags/example_xcom.py for tasks to queue
[2025-11-17T04:17:17.524+0000] {logging_mixin.py:150} INFO - [2025-11-17T04:17:17.524+0000] {dagbag.py:541} INFO - Filling up the DagBag from /home/vscode/.local/lib/python3.10/site-packages/airflow/example_dags/example_xcom.py
[2025-11-17T04:17:17.529+0000] {processor.py:836} INFO - DAG(s) dict_keys(['example_xcom']) retrieved from /home/vscode/.local/lib/python3.10/site-packages/airflow/example_dags/example_xcom.py
[2025-11-17T04:17:17.540+0000] {logging_mixin.py:150} INFO - [2025-11-17T04:17:17.540+0000] {dag.py:2742} INFO - Sync 1 DAGs
[2025-11-17T04:17:17.553+0000] {logging_mixin.py:150} INFO - [2025-11-17T04:17:17.553+0000] {dag.py:3504} INFO - Setting next_dagrun for example_xcom to 2021-01-01T00:00:00+00:00, run_after=2021-01-01T00:00:00+00:00
[2025-11-17T04:17:17.567+0000] {processor.py:179} INFO - Processing /home/vscode/.local/lib/python3.10/site-packages/airflow/example_dags/example_xcom.py took 0.046 seconds
[2025-11-17T04:17:59.745+0000] {processor.py:157} INFO - Started process (PID=30331) to work on /home/vscode/.local/lib/python3.10/site-packages/airflow/example_dags/example_xcom.py
[2025-11-17T04:17:59.745+0000] {processor.py:826} INFO - Processing file /home/vscode/.local/lib/python3.10/site-packages/airflow/example_dags/example_xcom.py for tasks to queue
[2025-11-17T04:17:59.746+0000] {logging_mixin.py:150} INFO - [2025-11-17T04:17:59.745+0000] {dagbag.py:541} INFO - Filling up the DagBag from /home/vscode/.local/lib/python3.10/site-packages/airflow/example_dags/example_xcom.py
[2025-11-17T04:17:59.750+0000] {processor.py:836} INFO - DAG(s) dict_keys(['example_xcom']) retrieved from /home/vscode/.local/lib/python3.10/site-packages/airflow/example_dags/example_xcom.py
[2025-11-17T04:17:59.761+0000] {logging_mixin.py:150} INFO - [2025-11-17T04:17:59.761+0000] {dag.py:2742} INFO - Sync 1 DAGs
[2025-11-17T04:17:59.773+0000] {logging_mixin.py:150} INFO - [2025-11-17T04:17:59.773+0000] {dag.py:3504} INFO - Setting next_dagrun for example_xcom to 2021-01-01T00:00:00+00:00, run_after=2021-01-01T00:00:00+00:00
[2025-11-17T04:17:59.787+0000] {processor.py:179} INFO - Processing /home/vscode/.local/lib/python3.10/site-packages/airflow/example_dags/example_xcom.py took 0.044 seconds
[2025-11-17T04:18:48.727+0000] {processor.py:157} INFO - Started process (PID=30763) to work on /home/vscode/.local/lib/python3.10/site-packages/airflow/example_dags/example_xcom.py
[2025-11-17T04:18:48.728+0000] {processor.py:826} INFO - Processing file /home/vscode/.local/lib/python3.10/site-packages/airflow/example_dags/example_xcom.py for tasks to queue
[2025-11-17T04:18:48.728+0000] {logging_mixin.py:150} INFO - [2025-11-17T04:18:48.728+0000] {dagbag.py:541} INFO - Filling up the DagBag from /home/vscode/.local/lib/python3.10/site-packages/airflow/example_dags/example_xcom.py
[2025-11-17T04:18:48.733+0000] {processor.py:836} INFO - DAG(s) dict_keys(['example_xcom']) retrieved from /home/vscode/.local/lib/python3.10/site-packages/airflow/example_dags/example_xcom.py
[2025-11-17T04:18:48.744+0000] {logging_mixin.py:150} INFO - [2025-11-17T04:18:48.744+0000] {dag.py:2742} INFO - Sync 1 DAGs
[2025-11-17T04:18:48.756+0000] {logging_mixin.py:150} INFO - [2025-11-17T04:18:48.756+0000] {dag.py:3504} INFO - Setting next_dagrun for example_xcom to 2021-01-01T00:00:00+00:00, run_after=2021-01-01T00:00:00+00:00
[2025-11-17T04:18:48.771+0000] {processor.py:179} INFO - Processing /home/vscode/.local/lib/python3.10/site-packages/airflow/example_dags/example_xcom.py took 0.046 seconds
[2025-11-17T04:19:31.424+0000] {processor.py:157} INFO - Started process (PID=31065) to work on /home/vscode/.local/lib/python3.10/site-packages/airflow/example_dags/example_xcom.py
[2025-11-17T04:19:31.425+0000] {processor.py:826} INFO - Processing file /home/vscode/.local/lib/python3.10/site-packages/airflow/example_dags/example_xcom.py for tasks to queue
[2025-11-17T04:19:31.425+0000] {logging_mixin.py:150} INFO - [2025-11-17T04:19:31.425+0000] {dagbag.py:541} INFO - Filling up the DagBag from /home/vscode/.local/lib/python3.10/site-packages/airflow/example_dags/example_xcom.py
[2025-11-17T04:19:31.431+0000] {processor.py:836} INFO - DAG(s) dict_keys(['example_xcom']) retrieved from /home/vscode/.local/lib/python3.10/site-packages/airflow/example_dags/example_xcom.py
[2025-11-17T04:19:31.443+0000] {logging_mixin.py:150} INFO - [2025-11-17T04:19:31.443+0000] {dag.py:2742} INFO - Sync 1 DAGs
[2025-11-17T04:19:31.457+0000] {logging_mixin.py:150} INFO - [2025-11-17T04:19:31.457+0000] {dag.py:3504} INFO - Setting next_dagrun for example_xcom to 2021-01-01T00:00:00+00:00, run_after=2021-01-01T00:00:00+00:00
[2025-11-17T04:19:31.472+0000] {processor.py:179} INFO - Processing /home/vscode/.local/lib/python3.10/site-packages/airflow/example_dags/example_xcom.py took 0.050 seconds
[2025-11-17T04:20:17.348+0000] {processor.py:157} INFO - Started process (PID=31505) to work on /home/vscode/.local/lib/python3.10/site-packages/airflow/example_dags/example_xcom.py
[2025-11-17T04:20:17.348+0000] {processor.py:826} INFO - Processing file /home/vscode/.local/lib/python3.10/site-packages/airflow/example_dags/example_xcom.py for tasks to queue
[2025-11-17T04:20:17.349+0000] {logging_mixin.py:150} INFO - [2025-11-17T04:20:17.349+0000] {dagbag.py:541} INFO - Filling up the DagBag from /home/vscode/.local/lib/python3.10/site-packages/airflow/example_dags/example_xcom.py
[2025-11-17T04:20:17.355+0000] {processor.py:836} INFO - DAG(s) dict_keys(['example_xcom']) retrieved from /home/vscode/.local/lib/python3.10/site-packages/airflow/example_dags/example_xcom.py
[2025-11-17T04:20:17.366+0000] {logging_mixin.py:150} INFO - [2025-11-17T04:20:17.366+0000] {dag.py:2742} INFO - Sync 1 DAGs
[2025-11-17T04:20:17.379+0000] {logging_mixin.py:150} INFO - [2025-11-17T04:20:17.379+0000] {dag.py:3504} INFO - Setting next_dagrun for example_xcom to 2021-01-01T00:00:00+00:00, run_after=2021-01-01T00:00:00+00:00
[2025-11-17T04:20:17.393+0000] {processor.py:179} INFO - Processing /home/vscode/.local/lib/python3.10/site-packages/airflow/example_dags/example_xcom.py took 0.047 seconds
[2025-11-17T04:21:06.440+0000] {processor.py:157} INFO - Started process (PID=31886) to work on /home/vscode/.local/lib/python3.10/site-packages/airflow/example_dags/example_xcom.py
[2025-11-17T04:21:06.440+0000] {processor.py:826} INFO - Processing file /home/vscode/.local/lib/python3.10/site-packages/airflow/example_dags/example_xcom.py for tasks to queue
[2025-11-17T04:21:06.441+0000] {logging_mixin.py:150} INFO - [2025-11-17T04:21:06.441+0000] {dagbag.py:541} INFO - Filling up the DagBag from /home/vscode/.local/lib/python3.10/site-packages/airflow/example_dags/example_xcom.py
[2025-11-17T04:21:06.447+0000] {processor.py:836} INFO - DAG(s) dict_keys(['example_xcom']) retrieved from /home/vscode/.local/lib/python3.10/site-packages/airflow/example_dags/example_xcom.py
[2025-11-17T04:21:06.459+0000] {logging_mixin.py:150} INFO - [2025-11-17T04:21:06.459+0000] {dag.py:2742} INFO - Sync 1 DAGs
[2025-11-17T04:21:06.480+0000] {logging_mixin.py:150} INFO - [2025-11-17T04:21:06.479+0000] {dag.py:3504} INFO - Setting next_dagrun for example_xcom to 2021-01-01T00:00:00+00:00, run_after=2021-01-01T00:00:00+00:00
[2025-11-17T04:21:06.502+0000] {processor.py:179} INFO - Processing /home/vscode/.local/lib/python3.10/site-packages/airflow/example_dags/example_xcom.py took 0.065 seconds
[2025-11-17T04:21:54.620+0000] {processor.py:157} INFO - Started process (PID=32206) to work on /home/vscode/.local/lib/python3.10/site-packages/airflow/example_dags/example_xcom.py
[2025-11-17T04:21:54.621+0000] {processor.py:826} INFO - Processing file /home/vscode/.local/lib/python3.10/site-packages/airflow/example_dags/example_xcom.py for tasks to queue
[2025-11-17T04:21:54.621+0000] {logging_mixin.py:150} INFO - [2025-11-17T04:21:54.621+0000] {dagbag.py:541} INFO - Filling up the DagBag from /home/vscode/.local/lib/python3.10/site-packages/airflow/example_dags/example_xcom.py
[2025-11-17T04:21:54.627+0000] {processor.py:836} INFO - DAG(s) dict_keys(['example_xcom']) retrieved from /home/vscode/.local/lib/python3.10/site-packages/airflow/example_dags/example_xcom.py
[2025-11-17T04:21:54.639+0000] {logging_mixin.py:150} INFO - [2025-11-17T04:21:54.639+0000] {dag.py:2742} INFO - Sync 1 DAGs
[2025-11-17T04:21:54.652+0000] {logging_mixin.py:150} INFO - [2025-11-17T04:21:54.652+0000] {dag.py:3504} INFO - Setting next_dagrun for example_xcom to 2021-01-01T00:00:00+00:00, run_after=2021-01-01T00:00:00+00:00
[2025-11-17T04:21:54.667+0000] {processor.py:179} INFO - Processing /home/vscode/.local/lib/python3.10/site-packages/airflow/example_dags/example_xcom.py took 0.049 seconds
[2025-11-17T04:22:42.871+0000] {processor.py:157} INFO - Started process (PID=32577) to work on /home/vscode/.local/lib/python3.10/site-packages/airflow/example_dags/example_xcom.py
[2025-11-17T04:22:42.872+0000] {processor.py:826} INFO - Processing file /home/vscode/.local/lib/python3.10/site-packages/airflow/example_dags/example_xcom.py for tasks to queue
[2025-11-17T04:22:42.872+0000] {logging_mixin.py:150} INFO - [2025-11-17T04:22:42.872+0000] {dagbag.py:541} INFO - Filling up the DagBag from /home/vscode/.local/lib/python3.10/site-packages/airflow/example_dags/example_xcom.py
[2025-11-17T04:22:42.878+0000] {processor.py:836} INFO - DAG(s) dict_keys(['example_xcom']) retrieved from /home/vscode/.local/lib/python3.10/site-packages/airflow/example_dags/example_xcom.py
[2025-11-17T04:22:42.889+0000] {logging_mixin.py:150} INFO - [2025-11-17T04:22:42.889+0000] {dag.py:2742} INFO - Sync 1 DAGs
[2025-11-17T04:22:42.903+0000] {logging_mixin.py:150} INFO - [2025-11-17T04:22:42.903+0000] {dag.py:3504} INFO - Setting next_dagrun for example_xcom to 2021-01-01T00:00:00+00:00, run_after=2021-01-01T00:00:00+00:00
[2025-11-17T04:22:42.917+0000] {processor.py:179} INFO - Processing /home/vscode/.local/lib/python3.10/site-packages/airflow/example_dags/example_xcom.py took 0.048 seconds
[2025-11-17T04:23:30.344+0000] {processor.py:157} INFO - Started process (PID=32942) to work on /home/vscode/.local/lib/python3.10/site-packages/airflow/example_dags/example_xcom.py
[2025-11-17T04:23:30.344+0000] {processor.py:826} INFO - Processing file /home/vscode/.local/lib/python3.10/site-packages/airflow/example_dags/example_xcom.py for tasks to queue
[2025-11-17T04:23:30.345+0000] {logging_mixin.py:150} INFO - [2025-11-17T04:23:30.345+0000] {dagbag.py:541} INFO - Filling up the DagBag from /home/vscode/.local/lib/python3.10/site-packages/airflow/example_dags/example_xcom.py
[2025-11-17T04:23:30.351+0000] {processor.py:836} INFO - DAG(s) dict_keys(['example_xcom']) retrieved from /home/vscode/.local/lib/python3.10/site-packages/airflow/example_dags/example_xcom.py
[2025-11-17T04:23:30.363+0000] {logging_mixin.py:150} INFO - [2025-11-17T04:23:30.363+0000] {dag.py:2742} INFO - Sync 1 DAGs
[2025-11-17T04:23:30.377+0000] {logging_mixin.py:150} INFO - [2025-11-17T04:23:30.376+0000] {dag.py:3504} INFO - Setting next_dagrun for example_xcom to 2021-01-01T00:00:00+00:00, run_after=2021-01-01T00:00:00+00:00
[2025-11-17T04:23:30.392+0000] {processor.py:179} INFO - Processing /home/vscode/.local/lib/python3.10/site-packages/airflow/example_dags/example_xcom.py took 0.050 seconds
[2025-11-17T04:24:17.541+0000] {processor.py:157} INFO - Started process (PID=33329) to work on /home/vscode/.local/lib/python3.10/site-packages/airflow/example_dags/example_xcom.py
[2025-11-17T04:24:17.541+0000] {processor.py:826} INFO - Processing file /home/vscode/.local/lib/python3.10/site-packages/airflow/example_dags/example_xcom.py for tasks to queue
[2025-11-17T04:24:17.542+0000] {logging_mixin.py:150} INFO - [2025-11-17T04:24:17.541+0000] {dagbag.py:541} INFO - Filling up the DagBag from /home/vscode/.local/lib/python3.10/site-packages/airflow/example_dags/example_xcom.py
[2025-11-17T04:24:17.548+0000] {processor.py:836} INFO - DAG(s) dict_keys(['example_xcom']) retrieved from /home/vscode/.local/lib/python3.10/site-packages/airflow/example_dags/example_xcom.py
[2025-11-17T04:24:17.560+0000] {logging_mixin.py:150} INFO - [2025-11-17T04:24:17.560+0000] {dag.py:2742} INFO - Sync 1 DAGs
[2025-11-17T04:24:17.574+0000] {logging_mixin.py:150} INFO - [2025-11-17T04:24:17.574+0000] {dag.py:3504} INFO - Setting next_dagrun for example_xcom to 2021-01-01T00:00:00+00:00, run_after=2021-01-01T00:00:00+00:00
[2025-11-17T04:24:17.598+0000] {processor.py:179} INFO - Processing /home/vscode/.local/lib/python3.10/site-packages/airflow/example_dags/example_xcom.py took 0.059 seconds
[2025-11-17T04:25:03.846+0000] {processor.py:157} INFO - Started process (PID=33768) to work on /home/vscode/.local/lib/python3.10/site-packages/airflow/example_dags/example_xcom.py
[2025-11-17T04:25:03.847+0000] {processor.py:826} INFO - Processing file /home/vscode/.local/lib/python3.10/site-packages/airflow/example_dags/example_xcom.py for tasks to queue
[2025-11-17T04:25:03.848+0000] {logging_mixin.py:150} INFO - [2025-11-17T04:25:03.847+0000] {dagbag.py:541} INFO - Filling up the DagBag from /home/vscode/.local/lib/python3.10/site-packages/airflow/example_dags/example_xcom.py
[2025-11-17T04:25:03.853+0000] {processor.py:836} INFO - DAG(s) dict_keys(['example_xcom']) retrieved from /home/vscode/.local/lib/python3.10/site-packages/airflow/example_dags/example_xcom.py
[2025-11-17T04:25:03.863+0000] {logging_mixin.py:150} INFO - [2025-11-17T04:25:03.863+0000] {dag.py:2742} INFO - Sync 1 DAGs
[2025-11-17T04:25:03.877+0000] {logging_mixin.py:150} INFO - [2025-11-17T04:25:03.876+0000] {dag.py:3504} INFO - Setting next_dagrun for example_xcom to 2021-01-01T00:00:00+00:00, run_after=2021-01-01T00:00:00+00:00
[2025-11-17T04:25:03.892+0000] {processor.py:179} INFO - Processing /home/vscode/.local/lib/python3.10/site-packages/airflow/example_dags/example_xcom.py took 0.048 seconds
[2025-11-17T04:25:54.145+0000] {processor.py:157} INFO - Started process (PID=34184) to work on /home/vscode/.local/lib/python3.10/site-packages/airflow/example_dags/example_xcom.py
[2025-11-17T04:25:54.146+0000] {processor.py:826} INFO - Processing file /home/vscode/.local/lib/python3.10/site-packages/airflow/example_dags/example_xcom.py for tasks to queue
[2025-11-17T04:25:54.147+0000] {logging_mixin.py:150} INFO - [2025-11-17T04:25:54.147+0000] {dagbag.py:541} INFO - Filling up the DagBag from /home/vscode/.local/lib/python3.10/site-packages/airflow/example_dags/example_xcom.py
[2025-11-17T04:25:54.155+0000] {processor.py:836} INFO - DAG(s) dict_keys(['example_xcom']) retrieved from /home/vscode/.local/lib/python3.10/site-packages/airflow/example_dags/example_xcom.py
[2025-11-17T04:25:54.171+0000] {logging_mixin.py:150} INFO - [2025-11-17T04:25:54.171+0000] {dag.py:2742} INFO - Sync 1 DAGs
[2025-11-17T04:25:54.186+0000] {logging_mixin.py:150} INFO - [2025-11-17T04:25:54.186+0000] {dag.py:3504} INFO - Setting next_dagrun for example_xcom to 2021-01-01T00:00:00+00:00, run_after=2021-01-01T00:00:00+00:00
[2025-11-17T04:25:54.199+0000] {processor.py:179} INFO - Processing /home/vscode/.local/lib/python3.10/site-packages/airflow/example_dags/example_xcom.py took 0.056 seconds
