[2025-11-17T03:52:48.924+0000] {processor.py:157} INFO - Started process (PID=19263) to work on /home/vscode/.local/lib/python3.10/site-packages/airflow/example_dags/example_sla_dag.py
[2025-11-17T03:52:48.927+0000] {processor.py:826} INFO - Processing file /home/vscode/.local/lib/python3.10/site-packages/airflow/example_dags/example_sla_dag.py for tasks to queue
[2025-11-17T03:52:48.930+0000] {logging_mixin.py:150} INFO - [2025-11-17T03:52:48.929+0000] {dagbag.py:541} INFO - Filling up the DagBag from /home/vscode/.local/lib/python3.10/site-packages/airflow/example_dags/example_sla_dag.py
[2025-11-17T03:52:48.942+0000] {processor.py:836} INFO - DAG(s) dict_keys(['example_sla_dag']) retrieved from /home/vscode/.local/lib/python3.10/site-packages/airflow/example_dags/example_sla_dag.py
[2025-11-17T03:52:49.060+0000] {logging_mixin.py:150} INFO - [2025-11-17T03:52:49.059+0000] {manager.py:504} INFO - Created Permission View: can delete on DAG:example_sla_dag
[2025-11-17T03:52:49.071+0000] {logging_mixin.py:150} INFO - [2025-11-17T03:52:49.071+0000] {manager.py:504} INFO - Created Permission View: can edit on DAG:example_sla_dag
[2025-11-17T03:52:49.090+0000] {logging_mixin.py:150} INFO - [2025-11-17T03:52:49.089+0000] {manager.py:504} INFO - Created Permission View: can read on DAG:example_sla_dag
[2025-11-17T03:52:49.126+0000] {logging_mixin.py:150} INFO - [2025-11-17T03:52:49.126+0000] {dag.py:2742} INFO - Sync 1 DAGs
[2025-11-17T03:52:49.162+0000] {logging_mixin.py:150} INFO - [2025-11-17T03:52:49.162+0000] {dag.py:2763} INFO - Creating ORM DAG for example_sla_dag
[2025-11-17T03:52:49.179+0000] {logging_mixin.py:150} INFO - [2025-11-17T03:52:49.179+0000] {dag.py:3504} INFO - Setting next_dagrun for example_sla_dag to 2025-11-17T03:50:00+00:00, run_after=2025-11-17T03:52:00+00:00
[2025-11-17T03:52:49.234+0000] {processor.py:179} INFO - Processing /home/vscode/.local/lib/python3.10/site-packages/airflow/example_dags/example_sla_dag.py took 0.314 seconds
[2025-11-17T03:53:35.478+0000] {processor.py:157} INFO - Started process (PID=19577) to work on /home/vscode/.local/lib/python3.10/site-packages/airflow/example_dags/example_sla_dag.py
[2025-11-17T03:53:35.478+0000] {processor.py:826} INFO - Processing file /home/vscode/.local/lib/python3.10/site-packages/airflow/example_dags/example_sla_dag.py for tasks to queue
[2025-11-17T03:53:35.479+0000] {logging_mixin.py:150} INFO - [2025-11-17T03:53:35.479+0000] {dagbag.py:541} INFO - Filling up the DagBag from /home/vscode/.local/lib/python3.10/site-packages/airflow/example_dags/example_sla_dag.py
[2025-11-17T03:53:35.485+0000] {processor.py:836} INFO - DAG(s) dict_keys(['example_sla_dag']) retrieved from /home/vscode/.local/lib/python3.10/site-packages/airflow/example_dags/example_sla_dag.py
[2025-11-17T03:53:35.495+0000] {logging_mixin.py:150} INFO - [2025-11-17T03:53:35.495+0000] {dag.py:2742} INFO - Sync 1 DAGs
[2025-11-17T03:53:35.510+0000] {logging_mixin.py:150} INFO - [2025-11-17T03:53:35.510+0000] {dag.py:3504} INFO - Setting next_dagrun for example_sla_dag to 2025-11-17T03:50:00+00:00, run_after=2025-11-17T03:52:00+00:00
[2025-11-17T03:53:35.525+0000] {processor.py:179} INFO - Processing /home/vscode/.local/lib/python3.10/site-packages/airflow/example_dags/example_sla_dag.py took 0.050 seconds
[2025-11-17T03:54:20.425+0000] {processor.py:157} INFO - Started process (PID=19871) to work on /home/vscode/.local/lib/python3.10/site-packages/airflow/example_dags/example_sla_dag.py
[2025-11-17T03:54:20.426+0000] {processor.py:826} INFO - Processing file /home/vscode/.local/lib/python3.10/site-packages/airflow/example_dags/example_sla_dag.py for tasks to queue
[2025-11-17T03:54:20.426+0000] {logging_mixin.py:150} INFO - [2025-11-17T03:54:20.426+0000] {dagbag.py:541} INFO - Filling up the DagBag from /home/vscode/.local/lib/python3.10/site-packages/airflow/example_dags/example_sla_dag.py
[2025-11-17T03:54:20.432+0000] {processor.py:836} INFO - DAG(s) dict_keys(['example_sla_dag']) retrieved from /home/vscode/.local/lib/python3.10/site-packages/airflow/example_dags/example_sla_dag.py
[2025-11-17T03:54:20.443+0000] {logging_mixin.py:150} INFO - [2025-11-17T03:54:20.443+0000] {dag.py:2742} INFO - Sync 1 DAGs
[2025-11-17T03:54:20.458+0000] {logging_mixin.py:150} INFO - [2025-11-17T03:54:20.458+0000] {dag.py:3504} INFO - Setting next_dagrun for example_sla_dag to 2025-11-17T03:52:00+00:00, run_after=2025-11-17T03:54:00+00:00
[2025-11-17T03:54:20.472+0000] {processor.py:179} INFO - Processing /home/vscode/.local/lib/python3.10/site-packages/airflow/example_dags/example_sla_dag.py took 0.048 seconds
[2025-11-17T03:55:05.521+0000] {processor.py:157} INFO - Started process (PID=20217) to work on /home/vscode/.local/lib/python3.10/site-packages/airflow/example_dags/example_sla_dag.py
[2025-11-17T03:55:05.522+0000] {processor.py:826} INFO - Processing file /home/vscode/.local/lib/python3.10/site-packages/airflow/example_dags/example_sla_dag.py for tasks to queue
[2025-11-17T03:55:05.522+0000] {logging_mixin.py:150} INFO - [2025-11-17T03:55:05.522+0000] {dagbag.py:541} INFO - Filling up the DagBag from /home/vscode/.local/lib/python3.10/site-packages/airflow/example_dags/example_sla_dag.py
[2025-11-17T03:55:05.528+0000] {processor.py:836} INFO - DAG(s) dict_keys(['example_sla_dag']) retrieved from /home/vscode/.local/lib/python3.10/site-packages/airflow/example_dags/example_sla_dag.py
[2025-11-17T03:55:05.538+0000] {logging_mixin.py:150} INFO - [2025-11-17T03:55:05.537+0000] {dag.py:2742} INFO - Sync 1 DAGs
[2025-11-17T03:55:05.553+0000] {logging_mixin.py:150} INFO - [2025-11-17T03:55:05.553+0000] {dag.py:3504} INFO - Setting next_dagrun for example_sla_dag to 2025-11-17T03:52:00+00:00, run_after=2025-11-17T03:54:00+00:00
[2025-11-17T03:55:05.566+0000] {processor.py:179} INFO - Processing /home/vscode/.local/lib/python3.10/site-packages/airflow/example_dags/example_sla_dag.py took 0.046 seconds
[2025-11-17T03:55:50.201+0000] {processor.py:157} INFO - Started process (PID=20732) to work on /home/vscode/.local/lib/python3.10/site-packages/airflow/example_dags/example_sla_dag.py
[2025-11-17T03:55:50.202+0000] {processor.py:826} INFO - Processing file /home/vscode/.local/lib/python3.10/site-packages/airflow/example_dags/example_sla_dag.py for tasks to queue
[2025-11-17T03:55:50.202+0000] {logging_mixin.py:150} INFO - [2025-11-17T03:55:50.202+0000] {dagbag.py:541} INFO - Filling up the DagBag from /home/vscode/.local/lib/python3.10/site-packages/airflow/example_dags/example_sla_dag.py
[2025-11-17T03:55:50.208+0000] {processor.py:836} INFO - DAG(s) dict_keys(['example_sla_dag']) retrieved from /home/vscode/.local/lib/python3.10/site-packages/airflow/example_dags/example_sla_dag.py
[2025-11-17T03:55:50.218+0000] {logging_mixin.py:150} INFO - [2025-11-17T03:55:50.218+0000] {dag.py:2742} INFO - Sync 1 DAGs
[2025-11-17T03:55:50.233+0000] {logging_mixin.py:150} INFO - [2025-11-17T03:55:50.233+0000] {dag.py:3504} INFO - Setting next_dagrun for example_sla_dag to 2025-11-17T03:52:00+00:00, run_after=2025-11-17T03:54:00+00:00
[2025-11-17T03:55:50.246+0000] {processor.py:179} INFO - Processing /home/vscode/.local/lib/python3.10/site-packages/airflow/example_dags/example_sla_dag.py took 0.047 seconds
[2025-11-17T03:56:37.862+0000] {processor.py:157} INFO - Started process (PID=21124) to work on /home/vscode/.local/lib/python3.10/site-packages/airflow/example_dags/example_sla_dag.py
[2025-11-17T03:56:37.863+0000] {processor.py:826} INFO - Processing file /home/vscode/.local/lib/python3.10/site-packages/airflow/example_dags/example_sla_dag.py for tasks to queue
[2025-11-17T03:56:37.863+0000] {logging_mixin.py:150} INFO - [2025-11-17T03:56:37.863+0000] {dagbag.py:541} INFO - Filling up the DagBag from /home/vscode/.local/lib/python3.10/site-packages/airflow/example_dags/example_sla_dag.py
[2025-11-17T03:56:37.869+0000] {processor.py:836} INFO - DAG(s) dict_keys(['example_sla_dag']) retrieved from /home/vscode/.local/lib/python3.10/site-packages/airflow/example_dags/example_sla_dag.py
[2025-11-17T03:56:37.879+0000] {logging_mixin.py:150} INFO - [2025-11-17T03:56:37.879+0000] {dag.py:2742} INFO - Sync 1 DAGs
[2025-11-17T03:56:37.894+0000] {logging_mixin.py:150} INFO - [2025-11-17T03:56:37.894+0000] {dag.py:3504} INFO - Setting next_dagrun for example_sla_dag to 2025-11-17T03:54:00+00:00, run_after=2025-11-17T03:56:00+00:00
[2025-11-17T03:56:37.908+0000] {processor.py:179} INFO - Processing /home/vscode/.local/lib/python3.10/site-packages/airflow/example_dags/example_sla_dag.py took 0.047 seconds
[2025-11-17T03:57:19.877+0000] {processor.py:157} INFO - Started process (PID=21422) to work on /home/vscode/.local/lib/python3.10/site-packages/airflow/example_dags/example_sla_dag.py
[2025-11-17T03:57:19.878+0000] {processor.py:826} INFO - Processing file /home/vscode/.local/lib/python3.10/site-packages/airflow/example_dags/example_sla_dag.py for tasks to queue
[2025-11-17T03:57:19.878+0000] {logging_mixin.py:150} INFO - [2025-11-17T03:57:19.878+0000] {dagbag.py:541} INFO - Filling up the DagBag from /home/vscode/.local/lib/python3.10/site-packages/airflow/example_dags/example_sla_dag.py
[2025-11-17T03:57:19.884+0000] {processor.py:836} INFO - DAG(s) dict_keys(['example_sla_dag']) retrieved from /home/vscode/.local/lib/python3.10/site-packages/airflow/example_dags/example_sla_dag.py
[2025-11-17T03:57:19.894+0000] {logging_mixin.py:150} INFO - [2025-11-17T03:57:19.894+0000] {dag.py:2742} INFO - Sync 1 DAGs
[2025-11-17T03:57:19.909+0000] {logging_mixin.py:150} INFO - [2025-11-17T03:57:19.909+0000] {dag.py:3504} INFO - Setting next_dagrun for example_sla_dag to 2025-11-17T03:54:00+00:00, run_after=2025-11-17T03:56:00+00:00
[2025-11-17T03:57:19.922+0000] {processor.py:179} INFO - Processing /home/vscode/.local/lib/python3.10/site-packages/airflow/example_dags/example_sla_dag.py took 0.047 seconds
[2025-11-17T03:58:00.970+0000] {processor.py:157} INFO - Started process (PID=21692) to work on /home/vscode/.local/lib/python3.10/site-packages/airflow/example_dags/example_sla_dag.py
[2025-11-17T03:58:00.970+0000] {processor.py:826} INFO - Processing file /home/vscode/.local/lib/python3.10/site-packages/airflow/example_dags/example_sla_dag.py for tasks to queue
[2025-11-17T03:58:00.971+0000] {logging_mixin.py:150} INFO - [2025-11-17T03:58:00.971+0000] {dagbag.py:541} INFO - Filling up the DagBag from /home/vscode/.local/lib/python3.10/site-packages/airflow/example_dags/example_sla_dag.py
[2025-11-17T03:58:00.977+0000] {processor.py:836} INFO - DAG(s) dict_keys(['example_sla_dag']) retrieved from /home/vscode/.local/lib/python3.10/site-packages/airflow/example_dags/example_sla_dag.py
[2025-11-17T03:58:00.987+0000] {logging_mixin.py:150} INFO - [2025-11-17T03:58:00.987+0000] {dag.py:2742} INFO - Sync 1 DAGs
[2025-11-17T03:58:01.002+0000] {logging_mixin.py:150} INFO - [2025-11-17T03:58:01.002+0000] {dag.py:3504} INFO - Setting next_dagrun for example_sla_dag to 2025-11-17T03:56:00+00:00, run_after=2025-11-17T03:58:00+00:00
[2025-11-17T03:58:01.017+0000] {processor.py:179} INFO - Processing /home/vscode/.local/lib/python3.10/site-packages/airflow/example_dags/example_sla_dag.py took 0.049 seconds
[2025-11-17T03:58:43.172+0000] {processor.py:157} INFO - Started process (PID=21976) to work on /home/vscode/.local/lib/python3.10/site-packages/airflow/example_dags/example_sla_dag.py
[2025-11-17T03:58:43.173+0000] {processor.py:826} INFO - Processing file /home/vscode/.local/lib/python3.10/site-packages/airflow/example_dags/example_sla_dag.py for tasks to queue
[2025-11-17T03:58:43.173+0000] {logging_mixin.py:150} INFO - [2025-11-17T03:58:43.173+0000] {dagbag.py:541} INFO - Filling up the DagBag from /home/vscode/.local/lib/python3.10/site-packages/airflow/example_dags/example_sla_dag.py
[2025-11-17T03:58:43.179+0000] {processor.py:836} INFO - DAG(s) dict_keys(['example_sla_dag']) retrieved from /home/vscode/.local/lib/python3.10/site-packages/airflow/example_dags/example_sla_dag.py
[2025-11-17T03:58:43.189+0000] {logging_mixin.py:150} INFO - [2025-11-17T03:58:43.189+0000] {dag.py:2742} INFO - Sync 1 DAGs
[2025-11-17T03:58:43.204+0000] {logging_mixin.py:150} INFO - [2025-11-17T03:58:43.204+0000] {dag.py:3504} INFO - Setting next_dagrun for example_sla_dag to 2025-11-17T03:56:00+00:00, run_after=2025-11-17T03:58:00+00:00
[2025-11-17T03:58:43.218+0000] {processor.py:179} INFO - Processing /home/vscode/.local/lib/python3.10/site-packages/airflow/example_dags/example_sla_dag.py took 0.048 seconds
[2025-11-17T03:59:24.234+0000] {processor.py:157} INFO - Started process (PID=22251) to work on /home/vscode/.local/lib/python3.10/site-packages/airflow/example_dags/example_sla_dag.py
[2025-11-17T03:59:24.234+0000] {processor.py:826} INFO - Processing file /home/vscode/.local/lib/python3.10/site-packages/airflow/example_dags/example_sla_dag.py for tasks to queue
[2025-11-17T03:59:24.235+0000] {logging_mixin.py:150} INFO - [2025-11-17T03:59:24.235+0000] {dagbag.py:541} INFO - Filling up the DagBag from /home/vscode/.local/lib/python3.10/site-packages/airflow/example_dags/example_sla_dag.py
[2025-11-17T03:59:24.241+0000] {processor.py:836} INFO - DAG(s) dict_keys(['example_sla_dag']) retrieved from /home/vscode/.local/lib/python3.10/site-packages/airflow/example_dags/example_sla_dag.py
[2025-11-17T03:59:24.251+0000] {logging_mixin.py:150} INFO - [2025-11-17T03:59:24.250+0000] {dag.py:2742} INFO - Sync 1 DAGs
[2025-11-17T03:59:24.266+0000] {logging_mixin.py:150} INFO - [2025-11-17T03:59:24.266+0000] {dag.py:3504} INFO - Setting next_dagrun for example_sla_dag to 2025-11-17T03:56:00+00:00, run_after=2025-11-17T03:58:00+00:00
[2025-11-17T03:59:24.279+0000] {processor.py:179} INFO - Processing /home/vscode/.local/lib/python3.10/site-packages/airflow/example_dags/example_sla_dag.py took 0.047 seconds
[2025-11-17T04:00:06.244+0000] {processor.py:157} INFO - Started process (PID=22529) to work on /home/vscode/.local/lib/python3.10/site-packages/airflow/example_dags/example_sla_dag.py
[2025-11-17T04:00:06.245+0000] {processor.py:826} INFO - Processing file /home/vscode/.local/lib/python3.10/site-packages/airflow/example_dags/example_sla_dag.py for tasks to queue
[2025-11-17T04:00:06.246+0000] {logging_mixin.py:150} INFO - [2025-11-17T04:00:06.245+0000] {dagbag.py:541} INFO - Filling up the DagBag from /home/vscode/.local/lib/python3.10/site-packages/airflow/example_dags/example_sla_dag.py
[2025-11-17T04:00:06.251+0000] {processor.py:836} INFO - DAG(s) dict_keys(['example_sla_dag']) retrieved from /home/vscode/.local/lib/python3.10/site-packages/airflow/example_dags/example_sla_dag.py
[2025-11-17T04:00:06.261+0000] {logging_mixin.py:150} INFO - [2025-11-17T04:00:06.261+0000] {dag.py:2742} INFO - Sync 1 DAGs
[2025-11-17T04:00:06.275+0000] {logging_mixin.py:150} INFO - [2025-11-17T04:00:06.275+0000] {dag.py:3504} INFO - Setting next_dagrun for example_sla_dag to 2025-11-17T03:58:00+00:00, run_after=2025-11-17T04:00:00+00:00
[2025-11-17T04:00:06.289+0000] {processor.py:179} INFO - Processing /home/vscode/.local/lib/python3.10/site-packages/airflow/example_dags/example_sla_dag.py took 0.047 seconds
[2025-11-17T04:00:45.111+0000] {processor.py:157} INFO - Started process (PID=22782) to work on /home/vscode/.local/lib/python3.10/site-packages/airflow/example_dags/example_sla_dag.py
[2025-11-17T04:00:45.111+0000] {processor.py:826} INFO - Processing file /home/vscode/.local/lib/python3.10/site-packages/airflow/example_dags/example_sla_dag.py for tasks to queue
[2025-11-17T04:00:45.112+0000] {logging_mixin.py:150} INFO - [2025-11-17T04:00:45.112+0000] {dagbag.py:541} INFO - Filling up the DagBag from /home/vscode/.local/lib/python3.10/site-packages/airflow/example_dags/example_sla_dag.py
[2025-11-17T04:00:45.118+0000] {processor.py:836} INFO - DAG(s) dict_keys(['example_sla_dag']) retrieved from /home/vscode/.local/lib/python3.10/site-packages/airflow/example_dags/example_sla_dag.py
[2025-11-17T04:00:45.128+0000] {logging_mixin.py:150} INFO - [2025-11-17T04:00:45.128+0000] {dag.py:2742} INFO - Sync 1 DAGs
[2025-11-17T04:00:45.142+0000] {logging_mixin.py:150} INFO - [2025-11-17T04:00:45.142+0000] {dag.py:3504} INFO - Setting next_dagrun for example_sla_dag to 2025-11-17T03:58:00+00:00, run_after=2025-11-17T04:00:00+00:00
[2025-11-17T04:00:45.156+0000] {processor.py:179} INFO - Processing /home/vscode/.local/lib/python3.10/site-packages/airflow/example_dags/example_sla_dag.py took 0.047 seconds
[2025-11-17T04:01:27.335+0000] {processor.py:157} INFO - Started process (PID=23079) to work on /home/vscode/.local/lib/python3.10/site-packages/airflow/example_dags/example_sla_dag.py
[2025-11-17T04:01:27.335+0000] {processor.py:826} INFO - Processing file /home/vscode/.local/lib/python3.10/site-packages/airflow/example_dags/example_sla_dag.py for tasks to queue
[2025-11-17T04:01:27.336+0000] {logging_mixin.py:150} INFO - [2025-11-17T04:01:27.335+0000] {dagbag.py:541} INFO - Filling up the DagBag from /home/vscode/.local/lib/python3.10/site-packages/airflow/example_dags/example_sla_dag.py
[2025-11-17T04:01:27.342+0000] {processor.py:836} INFO - DAG(s) dict_keys(['example_sla_dag']) retrieved from /home/vscode/.local/lib/python3.10/site-packages/airflow/example_dags/example_sla_dag.py
[2025-11-17T04:01:27.352+0000] {logging_mixin.py:150} INFO - [2025-11-17T04:01:27.352+0000] {dag.py:2742} INFO - Sync 1 DAGs
[2025-11-17T04:01:27.367+0000] {logging_mixin.py:150} INFO - [2025-11-17T04:01:27.367+0000] {dag.py:3504} INFO - Setting next_dagrun for example_sla_dag to 2025-11-17T03:58:00+00:00, run_after=2025-11-17T04:00:00+00:00
[2025-11-17T04:01:27.380+0000] {processor.py:179} INFO - Processing /home/vscode/.local/lib/python3.10/site-packages/airflow/example_dags/example_sla_dag.py took 0.047 seconds
[2025-11-17T04:02:12.408+0000] {processor.py:157} INFO - Started process (PID=23376) to work on /home/vscode/.local/lib/python3.10/site-packages/airflow/example_dags/example_sla_dag.py
[2025-11-17T04:02:12.408+0000] {processor.py:826} INFO - Processing file /home/vscode/.local/lib/python3.10/site-packages/airflow/example_dags/example_sla_dag.py for tasks to queue
[2025-11-17T04:02:12.409+0000] {logging_mixin.py:150} INFO - [2025-11-17T04:02:12.408+0000] {dagbag.py:541} INFO - Filling up the DagBag from /home/vscode/.local/lib/python3.10/site-packages/airflow/example_dags/example_sla_dag.py
[2025-11-17T04:02:12.415+0000] {processor.py:836} INFO - DAG(s) dict_keys(['example_sla_dag']) retrieved from /home/vscode/.local/lib/python3.10/site-packages/airflow/example_dags/example_sla_dag.py
[2025-11-17T04:02:12.426+0000] {logging_mixin.py:150} INFO - [2025-11-17T04:02:12.426+0000] {dag.py:2742} INFO - Sync 1 DAGs
[2025-11-17T04:02:12.442+0000] {logging_mixin.py:150} INFO - [2025-11-17T04:02:12.442+0000] {dag.py:3504} INFO - Setting next_dagrun for example_sla_dag to 2025-11-17T04:00:00+00:00, run_after=2025-11-17T04:02:00+00:00
[2025-11-17T04:02:12.457+0000] {processor.py:179} INFO - Processing /home/vscode/.local/lib/python3.10/site-packages/airflow/example_dags/example_sla_dag.py took 0.051 seconds
[2025-11-17T04:02:54.643+0000] {processor.py:157} INFO - Started process (PID=23654) to work on /home/vscode/.local/lib/python3.10/site-packages/airflow/example_dags/example_sla_dag.py
[2025-11-17T04:02:54.643+0000] {processor.py:826} INFO - Processing file /home/vscode/.local/lib/python3.10/site-packages/airflow/example_dags/example_sla_dag.py for tasks to queue
[2025-11-17T04:02:54.644+0000] {logging_mixin.py:150} INFO - [2025-11-17T04:02:54.644+0000] {dagbag.py:541} INFO - Filling up the DagBag from /home/vscode/.local/lib/python3.10/site-packages/airflow/example_dags/example_sla_dag.py
[2025-11-17T04:02:54.650+0000] {processor.py:836} INFO - DAG(s) dict_keys(['example_sla_dag']) retrieved from /home/vscode/.local/lib/python3.10/site-packages/airflow/example_dags/example_sla_dag.py
[2025-11-17T04:02:54.661+0000] {logging_mixin.py:150} INFO - [2025-11-17T04:02:54.660+0000] {dag.py:2742} INFO - Sync 1 DAGs
[2025-11-17T04:02:54.678+0000] {logging_mixin.py:150} INFO - [2025-11-17T04:02:54.678+0000] {dag.py:3504} INFO - Setting next_dagrun for example_sla_dag to 2025-11-17T04:00:00+00:00, run_after=2025-11-17T04:02:00+00:00
[2025-11-17T04:02:54.695+0000] {processor.py:179} INFO - Processing /home/vscode/.local/lib/python3.10/site-packages/airflow/example_dags/example_sla_dag.py took 0.055 seconds
[2025-11-17T04:03:39.706+0000] {processor.py:157} INFO - Started process (PID=23954) to work on /home/vscode/.local/lib/python3.10/site-packages/airflow/example_dags/example_sla_dag.py
[2025-11-17T04:03:39.707+0000] {processor.py:826} INFO - Processing file /home/vscode/.local/lib/python3.10/site-packages/airflow/example_dags/example_sla_dag.py for tasks to queue
[2025-11-17T04:03:39.707+0000] {logging_mixin.py:150} INFO - [2025-11-17T04:03:39.707+0000] {dagbag.py:541} INFO - Filling up the DagBag from /home/vscode/.local/lib/python3.10/site-packages/airflow/example_dags/example_sla_dag.py
[2025-11-17T04:03:39.713+0000] {processor.py:836} INFO - DAG(s) dict_keys(['example_sla_dag']) retrieved from /home/vscode/.local/lib/python3.10/site-packages/airflow/example_dags/example_sla_dag.py
[2025-11-17T04:03:39.724+0000] {logging_mixin.py:150} INFO - [2025-11-17T04:03:39.724+0000] {dag.py:2742} INFO - Sync 1 DAGs
[2025-11-17T04:03:39.739+0000] {logging_mixin.py:150} INFO - [2025-11-17T04:03:39.739+0000] {dag.py:3504} INFO - Setting next_dagrun for example_sla_dag to 2025-11-17T04:00:00+00:00, run_after=2025-11-17T04:02:00+00:00
[2025-11-17T04:03:39.755+0000] {processor.py:179} INFO - Processing /home/vscode/.local/lib/python3.10/site-packages/airflow/example_dags/example_sla_dag.py took 0.051 seconds
[2025-11-17T04:04:27.086+0000] {processor.py:157} INFO - Started process (PID=24271) to work on /home/vscode/.local/lib/python3.10/site-packages/airflow/example_dags/example_sla_dag.py
[2025-11-17T04:04:27.087+0000] {processor.py:826} INFO - Processing file /home/vscode/.local/lib/python3.10/site-packages/airflow/example_dags/example_sla_dag.py for tasks to queue
[2025-11-17T04:04:27.088+0000] {logging_mixin.py:150} INFO - [2025-11-17T04:04:27.087+0000] {dagbag.py:541} INFO - Filling up the DagBag from /home/vscode/.local/lib/python3.10/site-packages/airflow/example_dags/example_sla_dag.py
[2025-11-17T04:04:27.094+0000] {processor.py:836} INFO - DAG(s) dict_keys(['example_sla_dag']) retrieved from /home/vscode/.local/lib/python3.10/site-packages/airflow/example_dags/example_sla_dag.py
[2025-11-17T04:04:27.104+0000] {logging_mixin.py:150} INFO - [2025-11-17T04:04:27.104+0000] {dag.py:2742} INFO - Sync 1 DAGs
[2025-11-17T04:04:27.120+0000] {logging_mixin.py:150} INFO - [2025-11-17T04:04:27.120+0000] {dag.py:3504} INFO - Setting next_dagrun for example_sla_dag to 2025-11-17T04:02:00+00:00, run_after=2025-11-17T04:04:00+00:00
[2025-11-17T04:04:27.134+0000] {processor.py:179} INFO - Processing /home/vscode/.local/lib/python3.10/site-packages/airflow/example_dags/example_sla_dag.py took 0.049 seconds
[2025-11-17T04:05:10.980+0000] {processor.py:157} INFO - Started process (PID=24586) to work on /home/vscode/.local/lib/python3.10/site-packages/airflow/example_dags/example_sla_dag.py
[2025-11-17T04:05:10.981+0000] {processor.py:826} INFO - Processing file /home/vscode/.local/lib/python3.10/site-packages/airflow/example_dags/example_sla_dag.py for tasks to queue
[2025-11-17T04:05:10.981+0000] {logging_mixin.py:150} INFO - [2025-11-17T04:05:10.981+0000] {dagbag.py:541} INFO - Filling up the DagBag from /home/vscode/.local/lib/python3.10/site-packages/airflow/example_dags/example_sla_dag.py
[2025-11-17T04:05:10.988+0000] {processor.py:836} INFO - DAG(s) dict_keys(['example_sla_dag']) retrieved from /home/vscode/.local/lib/python3.10/site-packages/airflow/example_dags/example_sla_dag.py
[2025-11-17T04:05:10.999+0000] {logging_mixin.py:150} INFO - [2025-11-17T04:05:10.999+0000] {dag.py:2742} INFO - Sync 1 DAGs
[2025-11-17T04:05:11.015+0000] {logging_mixin.py:150} INFO - [2025-11-17T04:05:11.015+0000] {dag.py:3504} INFO - Setting next_dagrun for example_sla_dag to 2025-11-17T04:02:00+00:00, run_after=2025-11-17T04:04:00+00:00
[2025-11-17T04:05:11.031+0000] {processor.py:179} INFO - Processing /home/vscode/.local/lib/python3.10/site-packages/airflow/example_dags/example_sla_dag.py took 0.053 seconds
[2025-11-17T04:05:55.235+0000] {processor.py:157} INFO - Started process (PID=24905) to work on /home/vscode/.local/lib/python3.10/site-packages/airflow/example_dags/example_sla_dag.py
[2025-11-17T04:05:55.235+0000] {processor.py:826} INFO - Processing file /home/vscode/.local/lib/python3.10/site-packages/airflow/example_dags/example_sla_dag.py for tasks to queue
[2025-11-17T04:05:55.236+0000] {logging_mixin.py:150} INFO - [2025-11-17T04:05:55.236+0000] {dagbag.py:541} INFO - Filling up the DagBag from /home/vscode/.local/lib/python3.10/site-packages/airflow/example_dags/example_sla_dag.py
[2025-11-17T04:05:55.243+0000] {processor.py:836} INFO - DAG(s) dict_keys(['example_sla_dag']) retrieved from /home/vscode/.local/lib/python3.10/site-packages/airflow/example_dags/example_sla_dag.py
[2025-11-17T04:05:55.254+0000] {logging_mixin.py:150} INFO - [2025-11-17T04:05:55.254+0000] {dag.py:2742} INFO - Sync 1 DAGs
[2025-11-17T04:05:55.269+0000] {logging_mixin.py:150} INFO - [2025-11-17T04:05:55.269+0000] {dag.py:3504} INFO - Setting next_dagrun for example_sla_dag to 2025-11-17T04:02:00+00:00, run_after=2025-11-17T04:04:00+00:00
[2025-11-17T04:05:55.283+0000] {processor.py:179} INFO - Processing /home/vscode/.local/lib/python3.10/site-packages/airflow/example_dags/example_sla_dag.py took 0.051 seconds
[2025-11-17T04:06:43.047+0000] {processor.py:157} INFO - Started process (PID=25295) to work on /home/vscode/.local/lib/python3.10/site-packages/airflow/example_dags/example_sla_dag.py
[2025-11-17T04:06:43.048+0000] {processor.py:826} INFO - Processing file /home/vscode/.local/lib/python3.10/site-packages/airflow/example_dags/example_sla_dag.py for tasks to queue
[2025-11-17T04:06:43.049+0000] {logging_mixin.py:150} INFO - [2025-11-17T04:06:43.048+0000] {dagbag.py:541} INFO - Filling up the DagBag from /home/vscode/.local/lib/python3.10/site-packages/airflow/example_dags/example_sla_dag.py
[2025-11-17T04:06:43.055+0000] {processor.py:836} INFO - DAG(s) dict_keys(['example_sla_dag']) retrieved from /home/vscode/.local/lib/python3.10/site-packages/airflow/example_dags/example_sla_dag.py
[2025-11-17T04:06:43.065+0000] {logging_mixin.py:150} INFO - [2025-11-17T04:06:43.065+0000] {dag.py:2742} INFO - Sync 1 DAGs
[2025-11-17T04:06:43.086+0000] {logging_mixin.py:150} INFO - [2025-11-17T04:06:43.086+0000] {dag.py:3504} INFO - Setting next_dagrun for example_sla_dag to 2025-11-17T04:04:00+00:00, run_after=2025-11-17T04:06:00+00:00
[2025-11-17T04:06:43.100+0000] {processor.py:179} INFO - Processing /home/vscode/.local/lib/python3.10/site-packages/airflow/example_dags/example_sla_dag.py took 0.055 seconds
[2025-11-17T04:07:26.580+0000] {processor.py:157} INFO - Started process (PID=25598) to work on /home/vscode/.local/lib/python3.10/site-packages/airflow/example_dags/example_sla_dag.py
[2025-11-17T04:07:26.580+0000] {processor.py:826} INFO - Processing file /home/vscode/.local/lib/python3.10/site-packages/airflow/example_dags/example_sla_dag.py for tasks to queue
[2025-11-17T04:07:26.581+0000] {logging_mixin.py:150} INFO - [2025-11-17T04:07:26.581+0000] {dagbag.py:541} INFO - Filling up the DagBag from /home/vscode/.local/lib/python3.10/site-packages/airflow/example_dags/example_sla_dag.py
[2025-11-17T04:07:26.587+0000] {processor.py:836} INFO - DAG(s) dict_keys(['example_sla_dag']) retrieved from /home/vscode/.local/lib/python3.10/site-packages/airflow/example_dags/example_sla_dag.py
[2025-11-17T04:07:26.597+0000] {logging_mixin.py:150} INFO - [2025-11-17T04:07:26.597+0000] {dag.py:2742} INFO - Sync 1 DAGs
[2025-11-17T04:07:26.612+0000] {logging_mixin.py:150} INFO - [2025-11-17T04:07:26.612+0000] {dag.py:3504} INFO - Setting next_dagrun for example_sla_dag to 2025-11-17T04:04:00+00:00, run_after=2025-11-17T04:06:00+00:00
[2025-11-17T04:07:26.625+0000] {processor.py:179} INFO - Processing /home/vscode/.local/lib/python3.10/site-packages/airflow/example_dags/example_sla_dag.py took 0.048 seconds
[2025-11-17T04:08:10.557+0000] {processor.py:157} INFO - Started process (PID=25990) to work on /home/vscode/.local/lib/python3.10/site-packages/airflow/example_dags/example_sla_dag.py
[2025-11-17T04:08:10.557+0000] {processor.py:826} INFO - Processing file /home/vscode/.local/lib/python3.10/site-packages/airflow/example_dags/example_sla_dag.py for tasks to queue
[2025-11-17T04:08:10.558+0000] {logging_mixin.py:150} INFO - [2025-11-17T04:08:10.558+0000] {dagbag.py:541} INFO - Filling up the DagBag from /home/vscode/.local/lib/python3.10/site-packages/airflow/example_dags/example_sla_dag.py
[2025-11-17T04:08:10.564+0000] {processor.py:836} INFO - DAG(s) dict_keys(['example_sla_dag']) retrieved from /home/vscode/.local/lib/python3.10/site-packages/airflow/example_dags/example_sla_dag.py
[2025-11-17T04:08:10.575+0000] {logging_mixin.py:150} INFO - [2025-11-17T04:08:10.575+0000] {dag.py:2742} INFO - Sync 1 DAGs
[2025-11-17T04:08:10.593+0000] {logging_mixin.py:150} INFO - [2025-11-17T04:08:10.593+0000] {dag.py:3504} INFO - Setting next_dagrun for example_sla_dag to 2025-11-17T04:06:00+00:00, run_after=2025-11-17T04:08:00+00:00
[2025-11-17T04:08:10.609+0000] {processor.py:179} INFO - Processing /home/vscode/.local/lib/python3.10/site-packages/airflow/example_dags/example_sla_dag.py took 0.054 seconds
[2025-11-17T04:08:54.589+0000] {processor.py:157} INFO - Started process (PID=26286) to work on /home/vscode/.local/lib/python3.10/site-packages/airflow/example_dags/example_sla_dag.py
[2025-11-17T04:08:54.589+0000] {processor.py:826} INFO - Processing file /home/vscode/.local/lib/python3.10/site-packages/airflow/example_dags/example_sla_dag.py for tasks to queue
[2025-11-17T04:08:54.590+0000] {logging_mixin.py:150} INFO - [2025-11-17T04:08:54.590+0000] {dagbag.py:541} INFO - Filling up the DagBag from /home/vscode/.local/lib/python3.10/site-packages/airflow/example_dags/example_sla_dag.py
[2025-11-17T04:08:54.596+0000] {processor.py:836} INFO - DAG(s) dict_keys(['example_sla_dag']) retrieved from /home/vscode/.local/lib/python3.10/site-packages/airflow/example_dags/example_sla_dag.py
[2025-11-17T04:08:54.607+0000] {logging_mixin.py:150} INFO - [2025-11-17T04:08:54.607+0000] {dag.py:2742} INFO - Sync 1 DAGs
[2025-11-17T04:08:54.623+0000] {logging_mixin.py:150} INFO - [2025-11-17T04:08:54.623+0000] {dag.py:3504} INFO - Setting next_dagrun for example_sla_dag to 2025-11-17T04:06:00+00:00, run_after=2025-11-17T04:08:00+00:00
[2025-11-17T04:08:54.637+0000] {processor.py:179} INFO - Processing /home/vscode/.local/lib/python3.10/site-packages/airflow/example_dags/example_sla_dag.py took 0.050 seconds
[2025-11-17T04:09:37.394+0000] {processor.py:157} INFO - Started process (PID=26610) to work on /home/vscode/.local/lib/python3.10/site-packages/airflow/example_dags/example_sla_dag.py
[2025-11-17T04:09:37.394+0000] {processor.py:826} INFO - Processing file /home/vscode/.local/lib/python3.10/site-packages/airflow/example_dags/example_sla_dag.py for tasks to queue
[2025-11-17T04:09:37.395+0000] {logging_mixin.py:150} INFO - [2025-11-17T04:09:37.395+0000] {dagbag.py:541} INFO - Filling up the DagBag from /home/vscode/.local/lib/python3.10/site-packages/airflow/example_dags/example_sla_dag.py
[2025-11-17T04:09:37.401+0000] {processor.py:836} INFO - DAG(s) dict_keys(['example_sla_dag']) retrieved from /home/vscode/.local/lib/python3.10/site-packages/airflow/example_dags/example_sla_dag.py
[2025-11-17T04:09:37.411+0000] {logging_mixin.py:150} INFO - [2025-11-17T04:09:37.411+0000] {dag.py:2742} INFO - Sync 1 DAGs
[2025-11-17T04:09:37.427+0000] {logging_mixin.py:150} INFO - [2025-11-17T04:09:37.427+0000] {dag.py:3504} INFO - Setting next_dagrun for example_sla_dag to 2025-11-17T04:06:00+00:00, run_after=2025-11-17T04:08:00+00:00
[2025-11-17T04:09:37.441+0000] {processor.py:179} INFO - Processing /home/vscode/.local/lib/python3.10/site-packages/airflow/example_dags/example_sla_dag.py took 0.049 seconds
[2025-11-17T04:10:20.199+0000] {processor.py:157} INFO - Started process (PID=26900) to work on /home/vscode/.local/lib/python3.10/site-packages/airflow/example_dags/example_sla_dag.py
[2025-11-17T04:10:20.200+0000] {processor.py:826} INFO - Processing file /home/vscode/.local/lib/python3.10/site-packages/airflow/example_dags/example_sla_dag.py for tasks to queue
[2025-11-17T04:10:20.200+0000] {logging_mixin.py:150} INFO - [2025-11-17T04:10:20.200+0000] {dagbag.py:541} INFO - Filling up the DagBag from /home/vscode/.local/lib/python3.10/site-packages/airflow/example_dags/example_sla_dag.py
[2025-11-17T04:10:20.206+0000] {processor.py:836} INFO - DAG(s) dict_keys(['example_sla_dag']) retrieved from /home/vscode/.local/lib/python3.10/site-packages/airflow/example_dags/example_sla_dag.py
[2025-11-17T04:10:20.218+0000] {logging_mixin.py:150} INFO - [2025-11-17T04:10:20.218+0000] {dag.py:2742} INFO - Sync 1 DAGs
[2025-11-17T04:10:20.234+0000] {logging_mixin.py:150} INFO - [2025-11-17T04:10:20.234+0000] {dag.py:3504} INFO - Setting next_dagrun for example_sla_dag to 2025-11-17T04:08:00+00:00, run_after=2025-11-17T04:10:00+00:00
[2025-11-17T04:10:20.249+0000] {processor.py:179} INFO - Processing /home/vscode/.local/lib/python3.10/site-packages/airflow/example_dags/example_sla_dag.py took 0.052 seconds
[2025-11-17T04:11:02.445+0000] {processor.py:157} INFO - Started process (PID=27181) to work on /home/vscode/.local/lib/python3.10/site-packages/airflow/example_dags/example_sla_dag.py
[2025-11-17T04:11:02.446+0000] {processor.py:826} INFO - Processing file /home/vscode/.local/lib/python3.10/site-packages/airflow/example_dags/example_sla_dag.py for tasks to queue
[2025-11-17T04:11:02.446+0000] {logging_mixin.py:150} INFO - [2025-11-17T04:11:02.446+0000] {dagbag.py:541} INFO - Filling up the DagBag from /home/vscode/.local/lib/python3.10/site-packages/airflow/example_dags/example_sla_dag.py
[2025-11-17T04:11:02.452+0000] {processor.py:836} INFO - DAG(s) dict_keys(['example_sla_dag']) retrieved from /home/vscode/.local/lib/python3.10/site-packages/airflow/example_dags/example_sla_dag.py
[2025-11-17T04:11:02.463+0000] {logging_mixin.py:150} INFO - [2025-11-17T04:11:02.462+0000] {dag.py:2742} INFO - Sync 1 DAGs
[2025-11-17T04:11:02.478+0000] {logging_mixin.py:150} INFO - [2025-11-17T04:11:02.478+0000] {dag.py:3504} INFO - Setting next_dagrun for example_sla_dag to 2025-11-17T04:08:00+00:00, run_after=2025-11-17T04:10:00+00:00
[2025-11-17T04:11:02.491+0000] {processor.py:179} INFO - Processing /home/vscode/.local/lib/python3.10/site-packages/airflow/example_dags/example_sla_dag.py took 0.048 seconds
[2025-11-17T04:11:41.292+0000] {processor.py:157} INFO - Started process (PID=27447) to work on /home/vscode/.local/lib/python3.10/site-packages/airflow/example_dags/example_sla_dag.py
[2025-11-17T04:11:41.292+0000] {processor.py:826} INFO - Processing file /home/vscode/.local/lib/python3.10/site-packages/airflow/example_dags/example_sla_dag.py for tasks to queue
[2025-11-17T04:11:41.293+0000] {logging_mixin.py:150} INFO - [2025-11-17T04:11:41.293+0000] {dagbag.py:541} INFO - Filling up the DagBag from /home/vscode/.local/lib/python3.10/site-packages/airflow/example_dags/example_sla_dag.py
[2025-11-17T04:11:41.302+0000] {processor.py:836} INFO - DAG(s) dict_keys(['example_sla_dag']) retrieved from /home/vscode/.local/lib/python3.10/site-packages/airflow/example_dags/example_sla_dag.py
[2025-11-17T04:11:41.319+0000] {logging_mixin.py:150} INFO - [2025-11-17T04:11:41.318+0000] {dag.py:2742} INFO - Sync 1 DAGs
[2025-11-17T04:11:41.340+0000] {logging_mixin.py:150} INFO - [2025-11-17T04:11:41.339+0000] {dag.py:3504} INFO - Setting next_dagrun for example_sla_dag to 2025-11-17T04:08:00+00:00, run_after=2025-11-17T04:10:00+00:00
[2025-11-17T04:11:41.354+0000] {processor.py:179} INFO - Processing /home/vscode/.local/lib/python3.10/site-packages/airflow/example_dags/example_sla_dag.py took 0.065 seconds
[2025-11-17T04:12:27.509+0000] {processor.py:157} INFO - Started process (PID=27769) to work on /home/vscode/.local/lib/python3.10/site-packages/airflow/example_dags/example_sla_dag.py
[2025-11-17T04:12:27.510+0000] {processor.py:826} INFO - Processing file /home/vscode/.local/lib/python3.10/site-packages/airflow/example_dags/example_sla_dag.py for tasks to queue
[2025-11-17T04:12:27.510+0000] {logging_mixin.py:150} INFO - [2025-11-17T04:12:27.510+0000] {dagbag.py:541} INFO - Filling up the DagBag from /home/vscode/.local/lib/python3.10/site-packages/airflow/example_dags/example_sla_dag.py
[2025-11-17T04:12:27.519+0000] {processor.py:836} INFO - DAG(s) dict_keys(['example_sla_dag']) retrieved from /home/vscode/.local/lib/python3.10/site-packages/airflow/example_dags/example_sla_dag.py
[2025-11-17T04:12:27.537+0000] {logging_mixin.py:150} INFO - [2025-11-17T04:12:27.537+0000] {dag.py:2742} INFO - Sync 1 DAGs
[2025-11-17T04:12:27.558+0000] {logging_mixin.py:150} INFO - [2025-11-17T04:12:27.558+0000] {dag.py:3504} INFO - Setting next_dagrun for example_sla_dag to 2025-11-17T04:10:00+00:00, run_after=2025-11-17T04:12:00+00:00
[2025-11-17T04:12:27.572+0000] {processor.py:179} INFO - Processing /home/vscode/.local/lib/python3.10/site-packages/airflow/example_dags/example_sla_dag.py took 0.066 seconds
[2025-11-17T04:13:13.547+0000] {processor.py:157} INFO - Started process (PID=28142) to work on /home/vscode/.local/lib/python3.10/site-packages/airflow/example_dags/example_sla_dag.py
[2025-11-17T04:13:13.548+0000] {processor.py:826} INFO - Processing file /home/vscode/.local/lib/python3.10/site-packages/airflow/example_dags/example_sla_dag.py for tasks to queue
[2025-11-17T04:13:13.549+0000] {logging_mixin.py:150} INFO - [2025-11-17T04:13:13.548+0000] {dagbag.py:541} INFO - Filling up the DagBag from /home/vscode/.local/lib/python3.10/site-packages/airflow/example_dags/example_sla_dag.py
[2025-11-17T04:13:13.554+0000] {processor.py:836} INFO - DAG(s) dict_keys(['example_sla_dag']) retrieved from /home/vscode/.local/lib/python3.10/site-packages/airflow/example_dags/example_sla_dag.py
[2025-11-17T04:13:13.564+0000] {logging_mixin.py:150} INFO - [2025-11-17T04:13:13.564+0000] {dag.py:2742} INFO - Sync 1 DAGs
[2025-11-17T04:13:13.580+0000] {logging_mixin.py:150} INFO - [2025-11-17T04:13:13.580+0000] {dag.py:3504} INFO - Setting next_dagrun for example_sla_dag to 2025-11-17T04:10:00+00:00, run_after=2025-11-17T04:12:00+00:00
[2025-11-17T04:13:13.593+0000] {processor.py:179} INFO - Processing /home/vscode/.local/lib/python3.10/site-packages/airflow/example_dags/example_sla_dag.py took 0.048 seconds
[2025-11-17T04:14:07.261+0000] {processor.py:157} INFO - Started process (PID=28513) to work on /home/vscode/.local/lib/python3.10/site-packages/airflow/example_dags/example_sla_dag.py
[2025-11-17T04:14:07.262+0000] {processor.py:826} INFO - Processing file /home/vscode/.local/lib/python3.10/site-packages/airflow/example_dags/example_sla_dag.py for tasks to queue
[2025-11-17T04:14:07.262+0000] {logging_mixin.py:150} INFO - [2025-11-17T04:14:07.262+0000] {dagbag.py:541} INFO - Filling up the DagBag from /home/vscode/.local/lib/python3.10/site-packages/airflow/example_dags/example_sla_dag.py
[2025-11-17T04:14:07.268+0000] {processor.py:836} INFO - DAG(s) dict_keys(['example_sla_dag']) retrieved from /home/vscode/.local/lib/python3.10/site-packages/airflow/example_dags/example_sla_dag.py
[2025-11-17T04:14:07.278+0000] {logging_mixin.py:150} INFO - [2025-11-17T04:14:07.278+0000] {dag.py:2742} INFO - Sync 1 DAGs
[2025-11-17T04:14:07.293+0000] {logging_mixin.py:150} INFO - [2025-11-17T04:14:07.293+0000] {dag.py:3504} INFO - Setting next_dagrun for example_sla_dag to 2025-11-17T04:12:00+00:00, run_after=2025-11-17T04:14:00+00:00
[2025-11-17T04:14:07.307+0000] {processor.py:179} INFO - Processing /home/vscode/.local/lib/python3.10/site-packages/airflow/example_dags/example_sla_dag.py took 0.048 seconds
[2025-11-17T04:14:52.421+0000] {processor.py:157} INFO - Started process (PID=28880) to work on /home/vscode/.local/lib/python3.10/site-packages/airflow/example_dags/example_sla_dag.py
[2025-11-17T04:14:52.421+0000] {processor.py:826} INFO - Processing file /home/vscode/.local/lib/python3.10/site-packages/airflow/example_dags/example_sla_dag.py for tasks to queue
[2025-11-17T04:14:52.422+0000] {logging_mixin.py:150} INFO - [2025-11-17T04:14:52.422+0000] {dagbag.py:541} INFO - Filling up the DagBag from /home/vscode/.local/lib/python3.10/site-packages/airflow/example_dags/example_sla_dag.py
[2025-11-17T04:14:52.428+0000] {processor.py:836} INFO - DAG(s) dict_keys(['example_sla_dag']) retrieved from /home/vscode/.local/lib/python3.10/site-packages/airflow/example_dags/example_sla_dag.py
[2025-11-17T04:14:52.439+0000] {logging_mixin.py:150} INFO - [2025-11-17T04:14:52.438+0000] {dag.py:2742} INFO - Sync 1 DAGs
[2025-11-17T04:14:52.455+0000] {logging_mixin.py:150} INFO - [2025-11-17T04:14:52.455+0000] {dag.py:3504} INFO - Setting next_dagrun for example_sla_dag to 2025-11-17T04:12:00+00:00, run_after=2025-11-17T04:14:00+00:00
[2025-11-17T04:14:52.469+0000] {processor.py:179} INFO - Processing /home/vscode/.local/lib/python3.10/site-packages/airflow/example_dags/example_sla_dag.py took 0.051 seconds
[2025-11-17T04:15:39.741+0000] {processor.py:157} INFO - Started process (PID=29326) to work on /home/vscode/.local/lib/python3.10/site-packages/airflow/example_dags/example_sla_dag.py
[2025-11-17T04:15:39.741+0000] {processor.py:826} INFO - Processing file /home/vscode/.local/lib/python3.10/site-packages/airflow/example_dags/example_sla_dag.py for tasks to queue
[2025-11-17T04:15:39.742+0000] {logging_mixin.py:150} INFO - [2025-11-17T04:15:39.742+0000] {dagbag.py:541} INFO - Filling up the DagBag from /home/vscode/.local/lib/python3.10/site-packages/airflow/example_dags/example_sla_dag.py
[2025-11-17T04:15:39.748+0000] {processor.py:836} INFO - DAG(s) dict_keys(['example_sla_dag']) retrieved from /home/vscode/.local/lib/python3.10/site-packages/airflow/example_dags/example_sla_dag.py
[2025-11-17T04:15:39.758+0000] {logging_mixin.py:150} INFO - [2025-11-17T04:15:39.758+0000] {dag.py:2742} INFO - Sync 1 DAGs
[2025-11-17T04:15:39.774+0000] {logging_mixin.py:150} INFO - [2025-11-17T04:15:39.774+0000] {dag.py:3504} INFO - Setting next_dagrun for example_sla_dag to 2025-11-17T04:12:00+00:00, run_after=2025-11-17T04:14:00+00:00
[2025-11-17T04:15:39.789+0000] {processor.py:179} INFO - Processing /home/vscode/.local/lib/python3.10/site-packages/airflow/example_dags/example_sla_dag.py took 0.050 seconds
[2025-11-17T04:16:26.985+0000] {processor.py:157} INFO - Started process (PID=29638) to work on /home/vscode/.local/lib/python3.10/site-packages/airflow/example_dags/example_sla_dag.py
[2025-11-17T04:16:26.986+0000] {processor.py:826} INFO - Processing file /home/vscode/.local/lib/python3.10/site-packages/airflow/example_dags/example_sla_dag.py for tasks to queue
[2025-11-17T04:16:26.986+0000] {logging_mixin.py:150} INFO - [2025-11-17T04:16:26.986+0000] {dagbag.py:541} INFO - Filling up the DagBag from /home/vscode/.local/lib/python3.10/site-packages/airflow/example_dags/example_sla_dag.py
[2025-11-17T04:16:26.995+0000] {processor.py:836} INFO - DAG(s) dict_keys(['example_sla_dag']) retrieved from /home/vscode/.local/lib/python3.10/site-packages/airflow/example_dags/example_sla_dag.py
[2025-11-17T04:16:27.009+0000] {logging_mixin.py:150} INFO - [2025-11-17T04:16:27.009+0000] {dag.py:2742} INFO - Sync 1 DAGs
[2025-11-17T04:16:27.032+0000] {logging_mixin.py:150} INFO - [2025-11-17T04:16:27.032+0000] {dag.py:3504} INFO - Setting next_dagrun for example_sla_dag to 2025-11-17T04:14:00+00:00, run_after=2025-11-17T04:16:00+00:00
[2025-11-17T04:16:27.046+0000] {processor.py:179} INFO - Processing /home/vscode/.local/lib/python3.10/site-packages/airflow/example_dags/example_sla_dag.py took 0.064 seconds
[2025-11-17T04:17:21.528+0000] {processor.py:157} INFO - Started process (PID=30070) to work on /home/vscode/.local/lib/python3.10/site-packages/airflow/example_dags/example_sla_dag.py
[2025-11-17T04:17:21.529+0000] {processor.py:826} INFO - Processing file /home/vscode/.local/lib/python3.10/site-packages/airflow/example_dags/example_sla_dag.py for tasks to queue
[2025-11-17T04:17:21.529+0000] {logging_mixin.py:150} INFO - [2025-11-17T04:17:21.529+0000] {dagbag.py:541} INFO - Filling up the DagBag from /home/vscode/.local/lib/python3.10/site-packages/airflow/example_dags/example_sla_dag.py
[2025-11-17T04:17:21.538+0000] {processor.py:836} INFO - DAG(s) dict_keys(['example_sla_dag']) retrieved from /home/vscode/.local/lib/python3.10/site-packages/airflow/example_dags/example_sla_dag.py
[2025-11-17T04:17:21.553+0000] {logging_mixin.py:150} INFO - [2025-11-17T04:17:21.553+0000] {dag.py:2742} INFO - Sync 1 DAGs
[2025-11-17T04:17:21.578+0000] {logging_mixin.py:150} INFO - [2025-11-17T04:17:21.577+0000] {dag.py:3504} INFO - Setting next_dagrun for example_sla_dag to 2025-11-17T04:14:00+00:00, run_after=2025-11-17T04:16:00+00:00
[2025-11-17T04:17:21.591+0000] {processor.py:179} INFO - Processing /home/vscode/.local/lib/python3.10/site-packages/airflow/example_dags/example_sla_dag.py took 0.066 seconds
[2025-11-17T04:18:02.612+0000] {processor.py:157} INFO - Started process (PID=30377) to work on /home/vscode/.local/lib/python3.10/site-packages/airflow/example_dags/example_sla_dag.py
[2025-11-17T04:18:02.613+0000] {processor.py:826} INFO - Processing file /home/vscode/.local/lib/python3.10/site-packages/airflow/example_dags/example_sla_dag.py for tasks to queue
[2025-11-17T04:18:02.613+0000] {logging_mixin.py:150} INFO - [2025-11-17T04:18:02.613+0000] {dagbag.py:541} INFO - Filling up the DagBag from /home/vscode/.local/lib/python3.10/site-packages/airflow/example_dags/example_sla_dag.py
[2025-11-17T04:18:02.619+0000] {processor.py:836} INFO - DAG(s) dict_keys(['example_sla_dag']) retrieved from /home/vscode/.local/lib/python3.10/site-packages/airflow/example_dags/example_sla_dag.py
[2025-11-17T04:18:02.630+0000] {logging_mixin.py:150} INFO - [2025-11-17T04:18:02.629+0000] {dag.py:2742} INFO - Sync 1 DAGs
[2025-11-17T04:18:02.644+0000] {logging_mixin.py:150} INFO - [2025-11-17T04:18:02.644+0000] {dag.py:3504} INFO - Setting next_dagrun for example_sla_dag to 2025-11-17T04:16:00+00:00, run_after=2025-11-17T04:18:00+00:00
[2025-11-17T04:18:02.658+0000] {processor.py:179} INFO - Processing /home/vscode/.local/lib/python3.10/site-packages/airflow/example_dags/example_sla_dag.py took 0.047 seconds
[2025-11-17T04:18:51.603+0000] {processor.py:157} INFO - Started process (PID=30794) to work on /home/vscode/.local/lib/python3.10/site-packages/airflow/example_dags/example_sla_dag.py
[2025-11-17T04:18:51.604+0000] {processor.py:826} INFO - Processing file /home/vscode/.local/lib/python3.10/site-packages/airflow/example_dags/example_sla_dag.py for tasks to queue
[2025-11-17T04:18:51.604+0000] {logging_mixin.py:150} INFO - [2025-11-17T04:18:51.604+0000] {dagbag.py:541} INFO - Filling up the DagBag from /home/vscode/.local/lib/python3.10/site-packages/airflow/example_dags/example_sla_dag.py
[2025-11-17T04:18:51.613+0000] {processor.py:836} INFO - DAG(s) dict_keys(['example_sla_dag']) retrieved from /home/vscode/.local/lib/python3.10/site-packages/airflow/example_dags/example_sla_dag.py
[2025-11-17T04:18:51.627+0000] {logging_mixin.py:150} INFO - [2025-11-17T04:18:51.627+0000] {dag.py:2742} INFO - Sync 1 DAGs
[2025-11-17T04:18:51.647+0000] {logging_mixin.py:150} INFO - [2025-11-17T04:18:51.647+0000] {dag.py:3504} INFO - Setting next_dagrun for example_sla_dag to 2025-11-17T04:16:00+00:00, run_after=2025-11-17T04:18:00+00:00
[2025-11-17T04:18:51.660+0000] {processor.py:179} INFO - Processing /home/vscode/.local/lib/python3.10/site-packages/airflow/example_dags/example_sla_dag.py took 0.059 seconds
[2025-11-17T04:19:35.957+0000] {processor.py:157} INFO - Started process (PID=31101) to work on /home/vscode/.local/lib/python3.10/site-packages/airflow/example_dags/example_sla_dag.py
[2025-11-17T04:19:35.958+0000] {processor.py:826} INFO - Processing file /home/vscode/.local/lib/python3.10/site-packages/airflow/example_dags/example_sla_dag.py for tasks to queue
[2025-11-17T04:19:35.958+0000] {logging_mixin.py:150} INFO - [2025-11-17T04:19:35.958+0000] {dagbag.py:541} INFO - Filling up the DagBag from /home/vscode/.local/lib/python3.10/site-packages/airflow/example_dags/example_sla_dag.py
[2025-11-17T04:19:35.964+0000] {processor.py:836} INFO - DAG(s) dict_keys(['example_sla_dag']) retrieved from /home/vscode/.local/lib/python3.10/site-packages/airflow/example_dags/example_sla_dag.py
[2025-11-17T04:19:35.975+0000] {logging_mixin.py:150} INFO - [2025-11-17T04:19:35.975+0000] {dag.py:2742} INFO - Sync 1 DAGs
[2025-11-17T04:19:35.991+0000] {logging_mixin.py:150} INFO - [2025-11-17T04:19:35.991+0000] {dag.py:3504} INFO - Setting next_dagrun for example_sla_dag to 2025-11-17T04:16:00+00:00, run_after=2025-11-17T04:18:00+00:00
[2025-11-17T04:19:36.005+0000] {processor.py:179} INFO - Processing /home/vscode/.local/lib/python3.10/site-packages/airflow/example_dags/example_sla_dag.py took 0.050 seconds
[2025-11-17T04:20:21.313+0000] {processor.py:157} INFO - Started process (PID=31525) to work on /home/vscode/.local/lib/python3.10/site-packages/airflow/example_dags/example_sla_dag.py
[2025-11-17T04:20:21.313+0000] {processor.py:826} INFO - Processing file /home/vscode/.local/lib/python3.10/site-packages/airflow/example_dags/example_sla_dag.py for tasks to queue
[2025-11-17T04:20:21.314+0000] {logging_mixin.py:150} INFO - [2025-11-17T04:20:21.314+0000] {dagbag.py:541} INFO - Filling up the DagBag from /home/vscode/.local/lib/python3.10/site-packages/airflow/example_dags/example_sla_dag.py
[2025-11-17T04:20:21.320+0000] {processor.py:836} INFO - DAG(s) dict_keys(['example_sla_dag']) retrieved from /home/vscode/.local/lib/python3.10/site-packages/airflow/example_dags/example_sla_dag.py
[2025-11-17T04:20:21.330+0000] {logging_mixin.py:150} INFO - [2025-11-17T04:20:21.330+0000] {dag.py:2742} INFO - Sync 1 DAGs
[2025-11-17T04:20:21.345+0000] {logging_mixin.py:150} INFO - [2025-11-17T04:20:21.344+0000] {dag.py:3504} INFO - Setting next_dagrun for example_sla_dag to 2025-11-17T04:18:00+00:00, run_after=2025-11-17T04:20:00+00:00
[2025-11-17T04:20:21.358+0000] {processor.py:179} INFO - Processing /home/vscode/.local/lib/python3.10/site-packages/airflow/example_dags/example_sla_dag.py took 0.048 seconds
[2025-11-17T04:21:11.577+0000] {processor.py:157} INFO - Started process (PID=31915) to work on /home/vscode/.local/lib/python3.10/site-packages/airflow/example_dags/example_sla_dag.py
[2025-11-17T04:21:11.577+0000] {processor.py:826} INFO - Processing file /home/vscode/.local/lib/python3.10/site-packages/airflow/example_dags/example_sla_dag.py for tasks to queue
[2025-11-17T04:21:11.578+0000] {logging_mixin.py:150} INFO - [2025-11-17T04:21:11.578+0000] {dagbag.py:541} INFO - Filling up the DagBag from /home/vscode/.local/lib/python3.10/site-packages/airflow/example_dags/example_sla_dag.py
[2025-11-17T04:21:11.584+0000] {processor.py:836} INFO - DAG(s) dict_keys(['example_sla_dag']) retrieved from /home/vscode/.local/lib/python3.10/site-packages/airflow/example_dags/example_sla_dag.py
[2025-11-17T04:21:11.596+0000] {logging_mixin.py:150} INFO - [2025-11-17T04:21:11.595+0000] {dag.py:2742} INFO - Sync 1 DAGs
[2025-11-17T04:21:11.619+0000] {logging_mixin.py:150} INFO - [2025-11-17T04:21:11.619+0000] {dag.py:3504} INFO - Setting next_dagrun for example_sla_dag to 2025-11-17T04:18:00+00:00, run_after=2025-11-17T04:20:00+00:00
[2025-11-17T04:21:11.640+0000] {processor.py:179} INFO - Processing /home/vscode/.local/lib/python3.10/site-packages/airflow/example_dags/example_sla_dag.py took 0.065 seconds
[2025-11-17T04:22:00.690+0000] {processor.py:157} INFO - Started process (PID=32242) to work on /home/vscode/.local/lib/python3.10/site-packages/airflow/example_dags/example_sla_dag.py
[2025-11-17T04:22:00.691+0000] {processor.py:826} INFO - Processing file /home/vscode/.local/lib/python3.10/site-packages/airflow/example_dags/example_sla_dag.py for tasks to queue
[2025-11-17T04:22:00.691+0000] {logging_mixin.py:150} INFO - [2025-11-17T04:22:00.691+0000] {dagbag.py:541} INFO - Filling up the DagBag from /home/vscode/.local/lib/python3.10/site-packages/airflow/example_dags/example_sla_dag.py
[2025-11-17T04:22:00.697+0000] {processor.py:836} INFO - DAG(s) dict_keys(['example_sla_dag']) retrieved from /home/vscode/.local/lib/python3.10/site-packages/airflow/example_dags/example_sla_dag.py
[2025-11-17T04:22:00.709+0000] {logging_mixin.py:150} INFO - [2025-11-17T04:22:00.708+0000] {dag.py:2742} INFO - Sync 1 DAGs
[2025-11-17T04:22:00.725+0000] {logging_mixin.py:150} INFO - [2025-11-17T04:22:00.724+0000] {dag.py:3504} INFO - Setting next_dagrun for example_sla_dag to 2025-11-17T04:20:00+00:00, run_after=2025-11-17T04:22:00+00:00
[2025-11-17T04:22:00.740+0000] {processor.py:179} INFO - Processing /home/vscode/.local/lib/python3.10/site-packages/airflow/example_dags/example_sla_dag.py took 0.052 seconds
[2025-11-17T04:22:47.617+0000] {processor.py:157} INFO - Started process (PID=32622) to work on /home/vscode/.local/lib/python3.10/site-packages/airflow/example_dags/example_sla_dag.py
[2025-11-17T04:22:47.617+0000] {processor.py:826} INFO - Processing file /home/vscode/.local/lib/python3.10/site-packages/airflow/example_dags/example_sla_dag.py for tasks to queue
[2025-11-17T04:22:47.618+0000] {logging_mixin.py:150} INFO - [2025-11-17T04:22:47.618+0000] {dagbag.py:541} INFO - Filling up the DagBag from /home/vscode/.local/lib/python3.10/site-packages/airflow/example_dags/example_sla_dag.py
[2025-11-17T04:22:47.624+0000] {processor.py:836} INFO - DAG(s) dict_keys(['example_sla_dag']) retrieved from /home/vscode/.local/lib/python3.10/site-packages/airflow/example_dags/example_sla_dag.py
[2025-11-17T04:22:47.635+0000] {logging_mixin.py:150} INFO - [2025-11-17T04:22:47.635+0000] {dag.py:2742} INFO - Sync 1 DAGs
[2025-11-17T04:22:47.650+0000] {logging_mixin.py:150} INFO - [2025-11-17T04:22:47.650+0000] {dag.py:3504} INFO - Setting next_dagrun for example_sla_dag to 2025-11-17T04:20:00+00:00, run_after=2025-11-17T04:22:00+00:00
[2025-11-17T04:22:47.664+0000] {processor.py:179} INFO - Processing /home/vscode/.local/lib/python3.10/site-packages/airflow/example_dags/example_sla_dag.py took 0.049 seconds
[2025-11-17T04:23:34.808+0000] {processor.py:157} INFO - Started process (PID=32993) to work on /home/vscode/.local/lib/python3.10/site-packages/airflow/example_dags/example_sla_dag.py
[2025-11-17T04:23:34.809+0000] {processor.py:826} INFO - Processing file /home/vscode/.local/lib/python3.10/site-packages/airflow/example_dags/example_sla_dag.py for tasks to queue
[2025-11-17T04:23:34.809+0000] {logging_mixin.py:150} INFO - [2025-11-17T04:23:34.809+0000] {dagbag.py:541} INFO - Filling up the DagBag from /home/vscode/.local/lib/python3.10/site-packages/airflow/example_dags/example_sla_dag.py
[2025-11-17T04:23:34.816+0000] {processor.py:836} INFO - DAG(s) dict_keys(['example_sla_dag']) retrieved from /home/vscode/.local/lib/python3.10/site-packages/airflow/example_dags/example_sla_dag.py
[2025-11-17T04:23:34.827+0000] {logging_mixin.py:150} INFO - [2025-11-17T04:23:34.827+0000] {dag.py:2742} INFO - Sync 1 DAGs
[2025-11-17T04:23:34.844+0000] {logging_mixin.py:150} INFO - [2025-11-17T04:23:34.843+0000] {dag.py:3504} INFO - Setting next_dagrun for example_sla_dag to 2025-11-17T04:20:00+00:00, run_after=2025-11-17T04:22:00+00:00
[2025-11-17T04:23:34.858+0000] {processor.py:179} INFO - Processing /home/vscode/.local/lib/python3.10/site-packages/airflow/example_dags/example_sla_dag.py took 0.052 seconds
[2025-11-17T04:24:24.081+0000] {processor.py:157} INFO - Started process (PID=33394) to work on /home/vscode/.local/lib/python3.10/site-packages/airflow/example_dags/example_sla_dag.py
[2025-11-17T04:24:24.082+0000] {processor.py:826} INFO - Processing file /home/vscode/.local/lib/python3.10/site-packages/airflow/example_dags/example_sla_dag.py for tasks to queue
[2025-11-17T04:24:24.082+0000] {logging_mixin.py:150} INFO - [2025-11-17T04:24:24.082+0000] {dagbag.py:541} INFO - Filling up the DagBag from /home/vscode/.local/lib/python3.10/site-packages/airflow/example_dags/example_sla_dag.py
[2025-11-17T04:24:24.089+0000] {processor.py:836} INFO - DAG(s) dict_keys(['example_sla_dag']) retrieved from /home/vscode/.local/lib/python3.10/site-packages/airflow/example_dags/example_sla_dag.py
[2025-11-17T04:24:24.099+0000] {logging_mixin.py:150} INFO - [2025-11-17T04:24:24.099+0000] {dag.py:2742} INFO - Sync 1 DAGs
[2025-11-17T04:24:24.118+0000] {logging_mixin.py:150} INFO - [2025-11-17T04:24:24.117+0000] {dag.py:3504} INFO - Setting next_dagrun for example_sla_dag to 2025-11-17T04:22:00+00:00, run_after=2025-11-17T04:24:00+00:00
[2025-11-17T04:24:24.132+0000] {processor.py:179} INFO - Processing /home/vscode/.local/lib/python3.10/site-packages/airflow/example_dags/example_sla_dag.py took 0.053 seconds
[2025-11-17T04:25:10.617+0000] {processor.py:157} INFO - Started process (PID=33810) to work on /home/vscode/.local/lib/python3.10/site-packages/airflow/example_dags/example_sla_dag.py
[2025-11-17T04:25:10.617+0000] {processor.py:826} INFO - Processing file /home/vscode/.local/lib/python3.10/site-packages/airflow/example_dags/example_sla_dag.py for tasks to queue
[2025-11-17T04:25:10.618+0000] {logging_mixin.py:150} INFO - [2025-11-17T04:25:10.618+0000] {dagbag.py:541} INFO - Filling up the DagBag from /home/vscode/.local/lib/python3.10/site-packages/airflow/example_dags/example_sla_dag.py
[2025-11-17T04:25:10.624+0000] {processor.py:836} INFO - DAG(s) dict_keys(['example_sla_dag']) retrieved from /home/vscode/.local/lib/python3.10/site-packages/airflow/example_dags/example_sla_dag.py
[2025-11-17T04:25:10.634+0000] {logging_mixin.py:150} INFO - [2025-11-17T04:25:10.634+0000] {dag.py:2742} INFO - Sync 1 DAGs
[2025-11-17T04:25:10.652+0000] {logging_mixin.py:150} INFO - [2025-11-17T04:25:10.652+0000] {dag.py:3504} INFO - Setting next_dagrun for example_sla_dag to 2025-11-17T04:22:00+00:00, run_after=2025-11-17T04:24:00+00:00
[2025-11-17T04:25:10.666+0000] {processor.py:179} INFO - Processing /home/vscode/.local/lib/python3.10/site-packages/airflow/example_dags/example_sla_dag.py took 0.051 seconds
