[2025-11-17T03:52:59.048+0000] {processor.py:157} INFO - Started process (PID=19330) to work on /home/vscode/.local/lib/python3.10/site-packages/airflow/example_dags/example_params_ui_tutorial.py
[2025-11-17T03:52:59.048+0000] {processor.py:826} INFO - Processing file /home/vscode/.local/lib/python3.10/site-packages/airflow/example_dags/example_params_ui_tutorial.py for tasks to queue
[2025-11-17T03:52:59.049+0000] {logging_mixin.py:150} INFO - [2025-11-17T03:52:59.049+0000] {dagbag.py:541} INFO - Filling up the DagBag from /home/vscode/.local/lib/python3.10/site-packages/airflow/example_dags/example_params_ui_tutorial.py
[2025-11-17T03:52:59.070+0000] {processor.py:836} INFO - DAG(s) dict_keys(['example_params_ui_tutorial']) retrieved from /home/vscode/.local/lib/python3.10/site-packages/airflow/example_dags/example_params_ui_tutorial.py
[2025-11-17T03:52:59.150+0000] {logging_mixin.py:150} INFO - [2025-11-17T03:52:59.150+0000] {manager.py:504} INFO - Created Permission View: can delete on DAG:example_params_ui_tutorial
[2025-11-17T03:52:59.158+0000] {logging_mixin.py:150} INFO - [2025-11-17T03:52:59.158+0000] {manager.py:504} INFO - Created Permission View: can edit on DAG:example_params_ui_tutorial
[2025-11-17T03:52:59.164+0000] {logging_mixin.py:150} INFO - [2025-11-17T03:52:59.164+0000] {manager.py:504} INFO - Created Permission View: can read on DAG:example_params_ui_tutorial
[2025-11-17T03:52:59.171+0000] {logging_mixin.py:150} INFO - [2025-11-17T03:52:59.171+0000] {dag.py:2742} INFO - Sync 1 DAGs
[2025-11-17T03:52:59.177+0000] {logging_mixin.py:150} INFO - [2025-11-17T03:52:59.177+0000] {dag.py:2763} INFO - Creating ORM DAG for example_params_ui_tutorial
[2025-11-17T03:52:59.183+0000] {logging_mixin.py:150} INFO - [2025-11-17T03:52:59.183+0000] {dag.py:3504} INFO - Setting next_dagrun for example_params_ui_tutorial to None, run_after=None
[2025-11-17T03:52:59.197+0000] {processor.py:179} INFO - Processing /home/vscode/.local/lib/python3.10/site-packages/airflow/example_dags/example_params_ui_tutorial.py took 0.151 seconds
[2025-11-17T03:53:44.494+0000] {processor.py:157} INFO - Started process (PID=19637) to work on /home/vscode/.local/lib/python3.10/site-packages/airflow/example_dags/example_params_ui_tutorial.py
[2025-11-17T03:53:44.494+0000] {processor.py:826} INFO - Processing file /home/vscode/.local/lib/python3.10/site-packages/airflow/example_dags/example_params_ui_tutorial.py for tasks to queue
[2025-11-17T03:53:44.495+0000] {logging_mixin.py:150} INFO - [2025-11-17T03:53:44.494+0000] {dagbag.py:541} INFO - Filling up the DagBag from /home/vscode/.local/lib/python3.10/site-packages/airflow/example_dags/example_params_ui_tutorial.py
[2025-11-17T03:53:44.514+0000] {processor.py:836} INFO - DAG(s) dict_keys(['example_params_ui_tutorial']) retrieved from /home/vscode/.local/lib/python3.10/site-packages/airflow/example_dags/example_params_ui_tutorial.py
[2025-11-17T03:53:44.537+0000] {logging_mixin.py:150} INFO - [2025-11-17T03:53:44.537+0000] {dag.py:2742} INFO - Sync 1 DAGs
[2025-11-17T03:53:44.549+0000] {logging_mixin.py:150} INFO - [2025-11-17T03:53:44.549+0000] {dag.py:3504} INFO - Setting next_dagrun for example_params_ui_tutorial to None, run_after=None
[2025-11-17T03:53:44.563+0000] {processor.py:179} INFO - Processing /home/vscode/.local/lib/python3.10/site-packages/airflow/example_dags/example_params_ui_tutorial.py took 0.071 seconds
[2025-11-17T03:54:30.698+0000] {processor.py:157} INFO - Started process (PID=19939) to work on /home/vscode/.local/lib/python3.10/site-packages/airflow/example_dags/example_params_ui_tutorial.py
[2025-11-17T03:54:30.699+0000] {processor.py:826} INFO - Processing file /home/vscode/.local/lib/python3.10/site-packages/airflow/example_dags/example_params_ui_tutorial.py for tasks to queue
[2025-11-17T03:54:30.700+0000] {logging_mixin.py:150} INFO - [2025-11-17T03:54:30.699+0000] {dagbag.py:541} INFO - Filling up the DagBag from /home/vscode/.local/lib/python3.10/site-packages/airflow/example_dags/example_params_ui_tutorial.py
[2025-11-17T03:54:30.718+0000] {processor.py:836} INFO - DAG(s) dict_keys(['example_params_ui_tutorial']) retrieved from /home/vscode/.local/lib/python3.10/site-packages/airflow/example_dags/example_params_ui_tutorial.py
[2025-11-17T03:54:30.740+0000] {logging_mixin.py:150} INFO - [2025-11-17T03:54:30.740+0000] {dag.py:2742} INFO - Sync 1 DAGs
[2025-11-17T03:54:30.752+0000] {logging_mixin.py:150} INFO - [2025-11-17T03:54:30.752+0000] {dag.py:3504} INFO - Setting next_dagrun for example_params_ui_tutorial to None, run_after=None
[2025-11-17T03:54:30.765+0000] {processor.py:179} INFO - Processing /home/vscode/.local/lib/python3.10/site-packages/airflow/example_dags/example_params_ui_tutorial.py took 0.069 seconds
[2025-11-17T03:55:16.872+0000] {processor.py:157} INFO - Started process (PID=20337) to work on /home/vscode/.local/lib/python3.10/site-packages/airflow/example_dags/example_params_ui_tutorial.py
[2025-11-17T03:55:16.873+0000] {processor.py:826} INFO - Processing file /home/vscode/.local/lib/python3.10/site-packages/airflow/example_dags/example_params_ui_tutorial.py for tasks to queue
[2025-11-17T03:55:16.873+0000] {logging_mixin.py:150} INFO - [2025-11-17T03:55:16.873+0000] {dagbag.py:541} INFO - Filling up the DagBag from /home/vscode/.local/lib/python3.10/site-packages/airflow/example_dags/example_params_ui_tutorial.py
[2025-11-17T03:55:16.893+0000] {processor.py:836} INFO - DAG(s) dict_keys(['example_params_ui_tutorial']) retrieved from /home/vscode/.local/lib/python3.10/site-packages/airflow/example_dags/example_params_ui_tutorial.py
[2025-11-17T03:55:16.916+0000] {logging_mixin.py:150} INFO - [2025-11-17T03:55:16.916+0000] {dag.py:2742} INFO - Sync 1 DAGs
[2025-11-17T03:55:16.928+0000] {logging_mixin.py:150} INFO - [2025-11-17T03:55:16.928+0000] {dag.py:3504} INFO - Setting next_dagrun for example_params_ui_tutorial to None, run_after=None
[2025-11-17T03:55:16.941+0000] {processor.py:179} INFO - Processing /home/vscode/.local/lib/python3.10/site-packages/airflow/example_dags/example_params_ui_tutorial.py took 0.071 seconds
[2025-11-17T03:55:59.108+0000] {processor.py:157} INFO - Started process (PID=20863) to work on /home/vscode/.local/lib/python3.10/site-packages/airflow/example_dags/example_params_ui_tutorial.py
[2025-11-17T03:55:59.109+0000] {processor.py:826} INFO - Processing file /home/vscode/.local/lib/python3.10/site-packages/airflow/example_dags/example_params_ui_tutorial.py for tasks to queue
[2025-11-17T03:55:59.109+0000] {logging_mixin.py:150} INFO - [2025-11-17T03:55:59.109+0000] {dagbag.py:541} INFO - Filling up the DagBag from /home/vscode/.local/lib/python3.10/site-packages/airflow/example_dags/example_params_ui_tutorial.py
[2025-11-17T03:55:59.128+0000] {processor.py:836} INFO - DAG(s) dict_keys(['example_params_ui_tutorial']) retrieved from /home/vscode/.local/lib/python3.10/site-packages/airflow/example_dags/example_params_ui_tutorial.py
[2025-11-17T03:55:59.151+0000] {logging_mixin.py:150} INFO - [2025-11-17T03:55:59.151+0000] {dag.py:2742} INFO - Sync 1 DAGs
[2025-11-17T03:55:59.163+0000] {logging_mixin.py:150} INFO - [2025-11-17T03:55:59.163+0000] {dag.py:3504} INFO - Setting next_dagrun for example_params_ui_tutorial to None, run_after=None
[2025-11-17T03:55:59.177+0000] {processor.py:179} INFO - Processing /home/vscode/.local/lib/python3.10/site-packages/airflow/example_dags/example_params_ui_tutorial.py took 0.071 seconds
[2025-11-17T03:56:46.872+0000] {processor.py:157} INFO - Started process (PID=21190) to work on /home/vscode/.local/lib/python3.10/site-packages/airflow/example_dags/example_params_ui_tutorial.py
[2025-11-17T03:56:46.872+0000] {processor.py:826} INFO - Processing file /home/vscode/.local/lib/python3.10/site-packages/airflow/example_dags/example_params_ui_tutorial.py for tasks to queue
[2025-11-17T03:56:46.873+0000] {logging_mixin.py:150} INFO - [2025-11-17T03:56:46.873+0000] {dagbag.py:541} INFO - Filling up the DagBag from /home/vscode/.local/lib/python3.10/site-packages/airflow/example_dags/example_params_ui_tutorial.py
[2025-11-17T03:56:46.892+0000] {processor.py:836} INFO - DAG(s) dict_keys(['example_params_ui_tutorial']) retrieved from /home/vscode/.local/lib/python3.10/site-packages/airflow/example_dags/example_params_ui_tutorial.py
[2025-11-17T03:56:46.915+0000] {logging_mixin.py:150} INFO - [2025-11-17T03:56:46.914+0000] {dag.py:2742} INFO - Sync 1 DAGs
[2025-11-17T03:56:46.927+0000] {logging_mixin.py:150} INFO - [2025-11-17T03:56:46.927+0000] {dag.py:3504} INFO - Setting next_dagrun for example_params_ui_tutorial to None, run_after=None
[2025-11-17T03:56:46.940+0000] {processor.py:179} INFO - Processing /home/vscode/.local/lib/python3.10/site-packages/airflow/example_dags/example_params_ui_tutorial.py took 0.070 seconds
[2025-11-17T03:57:29.014+0000] {processor.py:157} INFO - Started process (PID=21482) to work on /home/vscode/.local/lib/python3.10/site-packages/airflow/example_dags/example_params_ui_tutorial.py
[2025-11-17T03:57:29.014+0000] {processor.py:826} INFO - Processing file /home/vscode/.local/lib/python3.10/site-packages/airflow/example_dags/example_params_ui_tutorial.py for tasks to queue
[2025-11-17T03:57:29.015+0000] {logging_mixin.py:150} INFO - [2025-11-17T03:57:29.015+0000] {dagbag.py:541} INFO - Filling up the DagBag from /home/vscode/.local/lib/python3.10/site-packages/airflow/example_dags/example_params_ui_tutorial.py
[2025-11-17T03:57:29.035+0000] {processor.py:836} INFO - DAG(s) dict_keys(['example_params_ui_tutorial']) retrieved from /home/vscode/.local/lib/python3.10/site-packages/airflow/example_dags/example_params_ui_tutorial.py
[2025-11-17T03:57:29.058+0000] {logging_mixin.py:150} INFO - [2025-11-17T03:57:29.058+0000] {dag.py:2742} INFO - Sync 1 DAGs
[2025-11-17T03:57:29.070+0000] {logging_mixin.py:150} INFO - [2025-11-17T03:57:29.070+0000] {dag.py:3504} INFO - Setting next_dagrun for example_params_ui_tutorial to None, run_after=None
[2025-11-17T03:57:29.084+0000] {processor.py:179} INFO - Processing /home/vscode/.local/lib/python3.10/site-packages/airflow/example_dags/example_params_ui_tutorial.py took 0.072 seconds
[2025-11-17T03:58:19.275+0000] {processor.py:157} INFO - Started process (PID=21819) to work on /home/vscode/.local/lib/python3.10/site-packages/airflow/example_dags/example_params_ui_tutorial.py
[2025-11-17T03:58:19.275+0000] {processor.py:826} INFO - Processing file /home/vscode/.local/lib/python3.10/site-packages/airflow/example_dags/example_params_ui_tutorial.py for tasks to queue
[2025-11-17T03:58:19.276+0000] {logging_mixin.py:150} INFO - [2025-11-17T03:58:19.276+0000] {dagbag.py:541} INFO - Filling up the DagBag from /home/vscode/.local/lib/python3.10/site-packages/airflow/example_dags/example_params_ui_tutorial.py
[2025-11-17T03:58:19.295+0000] {processor.py:836} INFO - DAG(s) dict_keys(['example_params_ui_tutorial']) retrieved from /home/vscode/.local/lib/python3.10/site-packages/airflow/example_dags/example_params_ui_tutorial.py
[2025-11-17T03:58:19.318+0000] {logging_mixin.py:150} INFO - [2025-11-17T03:58:19.318+0000] {dag.py:2742} INFO - Sync 1 DAGs
[2025-11-17T03:58:19.333+0000] {logging_mixin.py:150} INFO - [2025-11-17T03:58:19.333+0000] {dag.py:3504} INFO - Setting next_dagrun for example_params_ui_tutorial to None, run_after=None
[2025-11-17T03:58:19.348+0000] {processor.py:179} INFO - Processing /home/vscode/.local/lib/python3.10/site-packages/airflow/example_dags/example_params_ui_tutorial.py took 0.075 seconds
[2025-11-17T03:59:01.323+0000] {processor.py:157} INFO - Started process (PID=22091) to work on /home/vscode/.local/lib/python3.10/site-packages/airflow/example_dags/example_params_ui_tutorial.py
[2025-11-17T03:59:01.323+0000] {processor.py:826} INFO - Processing file /home/vscode/.local/lib/python3.10/site-packages/airflow/example_dags/example_params_ui_tutorial.py for tasks to queue
[2025-11-17T03:59:01.324+0000] {logging_mixin.py:150} INFO - [2025-11-17T03:59:01.324+0000] {dagbag.py:541} INFO - Filling up the DagBag from /home/vscode/.local/lib/python3.10/site-packages/airflow/example_dags/example_params_ui_tutorial.py
[2025-11-17T03:59:01.343+0000] {processor.py:836} INFO - DAG(s) dict_keys(['example_params_ui_tutorial']) retrieved from /home/vscode/.local/lib/python3.10/site-packages/airflow/example_dags/example_params_ui_tutorial.py
[2025-11-17T03:59:01.366+0000] {logging_mixin.py:150} INFO - [2025-11-17T03:59:01.366+0000] {dag.py:2742} INFO - Sync 1 DAGs
[2025-11-17T03:59:01.379+0000] {logging_mixin.py:150} INFO - [2025-11-17T03:59:01.379+0000] {dag.py:3504} INFO - Setting next_dagrun for example_params_ui_tutorial to None, run_after=None
[2025-11-17T03:59:01.393+0000] {processor.py:179} INFO - Processing /home/vscode/.local/lib/python3.10/site-packages/airflow/example_dags/example_params_ui_tutorial.py took 0.072 seconds
[2025-11-17T03:59:43.549+0000] {processor.py:157} INFO - Started process (PID=22376) to work on /home/vscode/.local/lib/python3.10/site-packages/airflow/example_dags/example_params_ui_tutorial.py
[2025-11-17T03:59:43.549+0000] {processor.py:826} INFO - Processing file /home/vscode/.local/lib/python3.10/site-packages/airflow/example_dags/example_params_ui_tutorial.py for tasks to queue
[2025-11-17T03:59:43.550+0000] {logging_mixin.py:150} INFO - [2025-11-17T03:59:43.550+0000] {dagbag.py:541} INFO - Filling up the DagBag from /home/vscode/.local/lib/python3.10/site-packages/airflow/example_dags/example_params_ui_tutorial.py
[2025-11-17T03:59:43.569+0000] {processor.py:836} INFO - DAG(s) dict_keys(['example_params_ui_tutorial']) retrieved from /home/vscode/.local/lib/python3.10/site-packages/airflow/example_dags/example_params_ui_tutorial.py
[2025-11-17T03:59:43.592+0000] {logging_mixin.py:150} INFO - [2025-11-17T03:59:43.592+0000] {dag.py:2742} INFO - Sync 1 DAGs
[2025-11-17T03:59:43.604+0000] {logging_mixin.py:150} INFO - [2025-11-17T03:59:43.604+0000] {dag.py:3504} INFO - Setting next_dagrun for example_params_ui_tutorial to None, run_after=None
[2025-11-17T03:59:43.617+0000] {processor.py:179} INFO - Processing /home/vscode/.local/lib/python3.10/site-packages/airflow/example_dags/example_params_ui_tutorial.py took 0.070 seconds
[2025-11-17T04:00:29.702+0000] {processor.py:157} INFO - Started process (PID=22690) to work on /home/vscode/.local/lib/python3.10/site-packages/airflow/example_dags/example_params_ui_tutorial.py
[2025-11-17T04:00:29.702+0000] {processor.py:826} INFO - Processing file /home/vscode/.local/lib/python3.10/site-packages/airflow/example_dags/example_params_ui_tutorial.py for tasks to queue
[2025-11-17T04:00:29.703+0000] {logging_mixin.py:150} INFO - [2025-11-17T04:00:29.703+0000] {dagbag.py:541} INFO - Filling up the DagBag from /home/vscode/.local/lib/python3.10/site-packages/airflow/example_dags/example_params_ui_tutorial.py
[2025-11-17T04:00:29.722+0000] {processor.py:836} INFO - DAG(s) dict_keys(['example_params_ui_tutorial']) retrieved from /home/vscode/.local/lib/python3.10/site-packages/airflow/example_dags/example_params_ui_tutorial.py
[2025-11-17T04:00:29.746+0000] {logging_mixin.py:150} INFO - [2025-11-17T04:00:29.746+0000] {dag.py:2742} INFO - Sync 1 DAGs
[2025-11-17T04:00:29.758+0000] {logging_mixin.py:150} INFO - [2025-11-17T04:00:29.758+0000] {dag.py:3504} INFO - Setting next_dagrun for example_params_ui_tutorial to None, run_after=None
[2025-11-17T04:00:29.772+0000] {processor.py:179} INFO - Processing /home/vscode/.local/lib/python3.10/site-packages/airflow/example_dags/example_params_ui_tutorial.py took 0.072 seconds
[2025-11-17T04:01:11.924+0000] {processor.py:157} INFO - Started process (PID=22971) to work on /home/vscode/.local/lib/python3.10/site-packages/airflow/example_dags/example_params_ui_tutorial.py
[2025-11-17T04:01:11.925+0000] {processor.py:826} INFO - Processing file /home/vscode/.local/lib/python3.10/site-packages/airflow/example_dags/example_params_ui_tutorial.py for tasks to queue
[2025-11-17T04:01:11.926+0000] {logging_mixin.py:150} INFO - [2025-11-17T04:01:11.925+0000] {dagbag.py:541} INFO - Filling up the DagBag from /home/vscode/.local/lib/python3.10/site-packages/airflow/example_dags/example_params_ui_tutorial.py
[2025-11-17T04:01:11.944+0000] {processor.py:836} INFO - DAG(s) dict_keys(['example_params_ui_tutorial']) retrieved from /home/vscode/.local/lib/python3.10/site-packages/airflow/example_dags/example_params_ui_tutorial.py
[2025-11-17T04:01:11.967+0000] {logging_mixin.py:150} INFO - [2025-11-17T04:01:11.966+0000] {dag.py:2742} INFO - Sync 1 DAGs
[2025-11-17T04:01:11.979+0000] {logging_mixin.py:150} INFO - [2025-11-17T04:01:11.979+0000] {dag.py:3504} INFO - Setting next_dagrun for example_params_ui_tutorial to None, run_after=None
[2025-11-17T04:01:11.993+0000] {processor.py:179} INFO - Processing /home/vscode/.local/lib/python3.10/site-packages/airflow/example_dags/example_params_ui_tutorial.py took 0.070 seconds
[2025-11-17T04:01:59.571+0000] {processor.py:157} INFO - Started process (PID=23296) to work on /home/vscode/.local/lib/python3.10/site-packages/airflow/example_dags/example_params_ui_tutorial.py
[2025-11-17T04:01:59.572+0000] {processor.py:826} INFO - Processing file /home/vscode/.local/lib/python3.10/site-packages/airflow/example_dags/example_params_ui_tutorial.py for tasks to queue
[2025-11-17T04:01:59.572+0000] {logging_mixin.py:150} INFO - [2025-11-17T04:01:59.572+0000] {dagbag.py:541} INFO - Filling up the DagBag from /home/vscode/.local/lib/python3.10/site-packages/airflow/example_dags/example_params_ui_tutorial.py
[2025-11-17T04:01:59.593+0000] {processor.py:836} INFO - DAG(s) dict_keys(['example_params_ui_tutorial']) retrieved from /home/vscode/.local/lib/python3.10/site-packages/airflow/example_dags/example_params_ui_tutorial.py
[2025-11-17T04:01:59.618+0000] {logging_mixin.py:150} INFO - [2025-11-17T04:01:59.618+0000] {dag.py:2742} INFO - Sync 1 DAGs
[2025-11-17T04:01:59.631+0000] {logging_mixin.py:150} INFO - [2025-11-17T04:01:59.631+0000] {dag.py:3504} INFO - Setting next_dagrun for example_params_ui_tutorial to None, run_after=None
[2025-11-17T04:01:59.646+0000] {processor.py:179} INFO - Processing /home/vscode/.local/lib/python3.10/site-packages/airflow/example_dags/example_params_ui_tutorial.py took 0.077 seconds
[2025-11-17T04:02:42.097+0000] {processor.py:157} INFO - Started process (PID=23576) to work on /home/vscode/.local/lib/python3.10/site-packages/airflow/example_dags/example_params_ui_tutorial.py
[2025-11-17T04:02:42.097+0000] {processor.py:826} INFO - Processing file /home/vscode/.local/lib/python3.10/site-packages/airflow/example_dags/example_params_ui_tutorial.py for tasks to queue
[2025-11-17T04:02:42.098+0000] {logging_mixin.py:150} INFO - [2025-11-17T04:02:42.098+0000] {dagbag.py:541} INFO - Filling up the DagBag from /home/vscode/.local/lib/python3.10/site-packages/airflow/example_dags/example_params_ui_tutorial.py
[2025-11-17T04:02:42.118+0000] {processor.py:836} INFO - DAG(s) dict_keys(['example_params_ui_tutorial']) retrieved from /home/vscode/.local/lib/python3.10/site-packages/airflow/example_dags/example_params_ui_tutorial.py
[2025-11-17T04:02:42.142+0000] {logging_mixin.py:150} INFO - [2025-11-17T04:02:42.142+0000] {dag.py:2742} INFO - Sync 1 DAGs
[2025-11-17T04:02:42.156+0000] {logging_mixin.py:150} INFO - [2025-11-17T04:02:42.156+0000] {dag.py:3504} INFO - Setting next_dagrun for example_params_ui_tutorial to None, run_after=None
[2025-11-17T04:02:42.170+0000] {processor.py:179} INFO - Processing /home/vscode/.local/lib/python3.10/site-packages/airflow/example_dags/example_params_ui_tutorial.py took 0.075 seconds
[2025-11-17T04:03:26.556+0000] {processor.py:157} INFO - Started process (PID=23866) to work on /home/vscode/.local/lib/python3.10/site-packages/airflow/example_dags/example_params_ui_tutorial.py
[2025-11-17T04:03:26.557+0000] {processor.py:826} INFO - Processing file /home/vscode/.local/lib/python3.10/site-packages/airflow/example_dags/example_params_ui_tutorial.py for tasks to queue
[2025-11-17T04:03:26.557+0000] {logging_mixin.py:150} INFO - [2025-11-17T04:03:26.557+0000] {dagbag.py:541} INFO - Filling up the DagBag from /home/vscode/.local/lib/python3.10/site-packages/airflow/example_dags/example_params_ui_tutorial.py
[2025-11-17T04:03:26.577+0000] {processor.py:836} INFO - DAG(s) dict_keys(['example_params_ui_tutorial']) retrieved from /home/vscode/.local/lib/python3.10/site-packages/airflow/example_dags/example_params_ui_tutorial.py
[2025-11-17T04:03:26.601+0000] {logging_mixin.py:150} INFO - [2025-11-17T04:03:26.601+0000] {dag.py:2742} INFO - Sync 1 DAGs
[2025-11-17T04:03:26.614+0000] {logging_mixin.py:150} INFO - [2025-11-17T04:03:26.613+0000] {dag.py:3504} INFO - Setting next_dagrun for example_params_ui_tutorial to None, run_after=None
[2025-11-17T04:03:26.628+0000] {processor.py:179} INFO - Processing /home/vscode/.local/lib/python3.10/site-packages/airflow/example_dags/example_params_ui_tutorial.py took 0.073 seconds
[2025-11-17T04:04:11.389+0000] {processor.py:157} INFO - Started process (PID=24167) to work on /home/vscode/.local/lib/python3.10/site-packages/airflow/example_dags/example_params_ui_tutorial.py
[2025-11-17T04:04:11.389+0000] {processor.py:826} INFO - Processing file /home/vscode/.local/lib/python3.10/site-packages/airflow/example_dags/example_params_ui_tutorial.py for tasks to queue
[2025-11-17T04:04:11.390+0000] {logging_mixin.py:150} INFO - [2025-11-17T04:04:11.390+0000] {dagbag.py:541} INFO - Filling up the DagBag from /home/vscode/.local/lib/python3.10/site-packages/airflow/example_dags/example_params_ui_tutorial.py
[2025-11-17T04:04:11.410+0000] {processor.py:836} INFO - DAG(s) dict_keys(['example_params_ui_tutorial']) retrieved from /home/vscode/.local/lib/python3.10/site-packages/airflow/example_dags/example_params_ui_tutorial.py
[2025-11-17T04:04:11.437+0000] {logging_mixin.py:150} INFO - [2025-11-17T04:04:11.437+0000] {dag.py:2742} INFO - Sync 1 DAGs
[2025-11-17T04:04:11.451+0000] {logging_mixin.py:150} INFO - [2025-11-17T04:04:11.450+0000] {dag.py:3504} INFO - Setting next_dagrun for example_params_ui_tutorial to None, run_after=None
[2025-11-17T04:04:11.464+0000] {processor.py:179} INFO - Processing /home/vscode/.local/lib/python3.10/site-packages/airflow/example_dags/example_params_ui_tutorial.py took 0.078 seconds
[2025-11-17T04:04:56.707+0000] {processor.py:157} INFO - Started process (PID=24476) to work on /home/vscode/.local/lib/python3.10/site-packages/airflow/example_dags/example_params_ui_tutorial.py
[2025-11-17T04:04:56.707+0000] {processor.py:826} INFO - Processing file /home/vscode/.local/lib/python3.10/site-packages/airflow/example_dags/example_params_ui_tutorial.py for tasks to queue
[2025-11-17T04:04:56.708+0000] {logging_mixin.py:150} INFO - [2025-11-17T04:04:56.708+0000] {dagbag.py:541} INFO - Filling up the DagBag from /home/vscode/.local/lib/python3.10/site-packages/airflow/example_dags/example_params_ui_tutorial.py
[2025-11-17T04:04:56.728+0000] {processor.py:836} INFO - DAG(s) dict_keys(['example_params_ui_tutorial']) retrieved from /home/vscode/.local/lib/python3.10/site-packages/airflow/example_dags/example_params_ui_tutorial.py
[2025-11-17T04:04:56.753+0000] {logging_mixin.py:150} INFO - [2025-11-17T04:04:56.753+0000] {dag.py:2742} INFO - Sync 1 DAGs
[2025-11-17T04:04:56.767+0000] {logging_mixin.py:150} INFO - [2025-11-17T04:04:56.767+0000] {dag.py:3504} INFO - Setting next_dagrun for example_params_ui_tutorial to None, run_after=None
[2025-11-17T04:04:56.782+0000] {processor.py:179} INFO - Processing /home/vscode/.local/lib/python3.10/site-packages/airflow/example_dags/example_params_ui_tutorial.py took 0.077 seconds
[2025-11-17T04:05:40.176+0000] {processor.py:157} INFO - Started process (PID=24793) to work on /home/vscode/.local/lib/python3.10/site-packages/airflow/example_dags/example_params_ui_tutorial.py
[2025-11-17T04:05:40.177+0000] {processor.py:826} INFO - Processing file /home/vscode/.local/lib/python3.10/site-packages/airflow/example_dags/example_params_ui_tutorial.py for tasks to queue
[2025-11-17T04:05:40.177+0000] {logging_mixin.py:150} INFO - [2025-11-17T04:05:40.177+0000] {dagbag.py:541} INFO - Filling up the DagBag from /home/vscode/.local/lib/python3.10/site-packages/airflow/example_dags/example_params_ui_tutorial.py
[2025-11-17T04:05:40.197+0000] {processor.py:836} INFO - DAG(s) dict_keys(['example_params_ui_tutorial']) retrieved from /home/vscode/.local/lib/python3.10/site-packages/airflow/example_dags/example_params_ui_tutorial.py
[2025-11-17T04:05:40.222+0000] {logging_mixin.py:150} INFO - [2025-11-17T04:05:40.222+0000] {dag.py:2742} INFO - Sync 1 DAGs
[2025-11-17T04:05:40.235+0000] {logging_mixin.py:150} INFO - [2025-11-17T04:05:40.235+0000] {dag.py:3504} INFO - Setting next_dagrun for example_params_ui_tutorial to None, run_after=None
[2025-11-17T04:05:40.250+0000] {processor.py:179} INFO - Processing /home/vscode/.local/lib/python3.10/site-packages/airflow/example_dags/example_params_ui_tutorial.py took 0.075 seconds
[2025-11-17T04:06:25.519+0000] {processor.py:157} INFO - Started process (PID=25149) to work on /home/vscode/.local/lib/python3.10/site-packages/airflow/example_dags/example_params_ui_tutorial.py
[2025-11-17T04:06:25.519+0000] {processor.py:826} INFO - Processing file /home/vscode/.local/lib/python3.10/site-packages/airflow/example_dags/example_params_ui_tutorial.py for tasks to queue
[2025-11-17T04:06:25.520+0000] {logging_mixin.py:150} INFO - [2025-11-17T04:06:25.520+0000] {dagbag.py:541} INFO - Filling up the DagBag from /home/vscode/.local/lib/python3.10/site-packages/airflow/example_dags/example_params_ui_tutorial.py
[2025-11-17T04:06:25.544+0000] {processor.py:836} INFO - DAG(s) dict_keys(['example_params_ui_tutorial']) retrieved from /home/vscode/.local/lib/python3.10/site-packages/airflow/example_dags/example_params_ui_tutorial.py
[2025-11-17T04:06:25.570+0000] {logging_mixin.py:150} INFO - [2025-11-17T04:06:25.570+0000] {dag.py:2742} INFO - Sync 1 DAGs
[2025-11-17T04:06:25.583+0000] {logging_mixin.py:150} INFO - [2025-11-17T04:06:25.583+0000] {dag.py:3504} INFO - Setting next_dagrun for example_params_ui_tutorial to None, run_after=None
[2025-11-17T04:06:25.598+0000] {processor.py:179} INFO - Processing /home/vscode/.local/lib/python3.10/site-packages/airflow/example_dags/example_params_ui_tutorial.py took 0.081 seconds
[2025-11-17T04:07:08.896+0000] {processor.py:157} INFO - Started process (PID=25486) to work on /home/vscode/.local/lib/python3.10/site-packages/airflow/example_dags/example_params_ui_tutorial.py
[2025-11-17T04:07:08.896+0000] {processor.py:826} INFO - Processing file /home/vscode/.local/lib/python3.10/site-packages/airflow/example_dags/example_params_ui_tutorial.py for tasks to queue
[2025-11-17T04:07:08.897+0000] {logging_mixin.py:150} INFO - [2025-11-17T04:07:08.896+0000] {dagbag.py:541} INFO - Filling up the DagBag from /home/vscode/.local/lib/python3.10/site-packages/airflow/example_dags/example_params_ui_tutorial.py
[2025-11-17T04:07:08.916+0000] {processor.py:836} INFO - DAG(s) dict_keys(['example_params_ui_tutorial']) retrieved from /home/vscode/.local/lib/python3.10/site-packages/airflow/example_dags/example_params_ui_tutorial.py
[2025-11-17T04:07:08.940+0000] {logging_mixin.py:150} INFO - [2025-11-17T04:07:08.940+0000] {dag.py:2742} INFO - Sync 1 DAGs
[2025-11-17T04:07:08.952+0000] {logging_mixin.py:150} INFO - [2025-11-17T04:07:08.952+0000] {dag.py:3504} INFO - Setting next_dagrun for example_params_ui_tutorial to None, run_after=None
[2025-11-17T04:07:08.968+0000] {processor.py:179} INFO - Processing /home/vscode/.local/lib/python3.10/site-packages/airflow/example_dags/example_params_ui_tutorial.py took 0.074 seconds
[2025-11-17T04:07:52.277+0000] {processor.py:157} INFO - Started process (PID=25779) to work on /home/vscode/.local/lib/python3.10/site-packages/airflow/example_dags/example_params_ui_tutorial.py
[2025-11-17T04:07:52.278+0000] {processor.py:826} INFO - Processing file /home/vscode/.local/lib/python3.10/site-packages/airflow/example_dags/example_params_ui_tutorial.py for tasks to queue
[2025-11-17T04:07:52.278+0000] {logging_mixin.py:150} INFO - [2025-11-17T04:07:52.278+0000] {dagbag.py:541} INFO - Filling up the DagBag from /home/vscode/.local/lib/python3.10/site-packages/airflow/example_dags/example_params_ui_tutorial.py
[2025-11-17T04:07:52.301+0000] {processor.py:836} INFO - DAG(s) dict_keys(['example_params_ui_tutorial']) retrieved from /home/vscode/.local/lib/python3.10/site-packages/airflow/example_dags/example_params_ui_tutorial.py
[2025-11-17T04:07:52.327+0000] {logging_mixin.py:150} INFO - [2025-11-17T04:07:52.327+0000] {dag.py:2742} INFO - Sync 1 DAGs
[2025-11-17T04:07:52.340+0000] {logging_mixin.py:150} INFO - [2025-11-17T04:07:52.340+0000] {dag.py:3504} INFO - Setting next_dagrun for example_params_ui_tutorial to None, run_after=None
[2025-11-17T04:07:52.356+0000] {processor.py:179} INFO - Processing /home/vscode/.local/lib/python3.10/site-packages/airflow/example_dags/example_params_ui_tutorial.py took 0.081 seconds
[2025-11-17T04:08:36.268+0000] {processor.py:157} INFO - Started process (PID=26161) to work on /home/vscode/.local/lib/python3.10/site-packages/airflow/example_dags/example_params_ui_tutorial.py
[2025-11-17T04:08:36.268+0000] {processor.py:826} INFO - Processing file /home/vscode/.local/lib/python3.10/site-packages/airflow/example_dags/example_params_ui_tutorial.py for tasks to queue
[2025-11-17T04:08:36.269+0000] {logging_mixin.py:150} INFO - [2025-11-17T04:08:36.269+0000] {dagbag.py:541} INFO - Filling up the DagBag from /home/vscode/.local/lib/python3.10/site-packages/airflow/example_dags/example_params_ui_tutorial.py
[2025-11-17T04:08:36.289+0000] {processor.py:836} INFO - DAG(s) dict_keys(['example_params_ui_tutorial']) retrieved from /home/vscode/.local/lib/python3.10/site-packages/airflow/example_dags/example_params_ui_tutorial.py
[2025-11-17T04:08:36.313+0000] {logging_mixin.py:150} INFO - [2025-11-17T04:08:36.313+0000] {dag.py:2742} INFO - Sync 1 DAGs
[2025-11-17T04:08:36.326+0000] {logging_mixin.py:150} INFO - [2025-11-17T04:08:36.326+0000] {dag.py:3504} INFO - Setting next_dagrun for example_params_ui_tutorial to None, run_after=None
[2025-11-17T04:08:36.342+0000] {processor.py:179} INFO - Processing /home/vscode/.local/lib/python3.10/site-packages/airflow/example_dags/example_params_ui_tutorial.py took 0.076 seconds
[2025-11-17T04:09:18.510+0000] {processor.py:157} INFO - Started process (PID=26460) to work on /home/vscode/.local/lib/python3.10/site-packages/airflow/example_dags/example_params_ui_tutorial.py
[2025-11-17T04:09:18.511+0000] {processor.py:826} INFO - Processing file /home/vscode/.local/lib/python3.10/site-packages/airflow/example_dags/example_params_ui_tutorial.py for tasks to queue
[2025-11-17T04:09:18.512+0000] {logging_mixin.py:150} INFO - [2025-11-17T04:09:18.511+0000] {dagbag.py:541} INFO - Filling up the DagBag from /home/vscode/.local/lib/python3.10/site-packages/airflow/example_dags/example_params_ui_tutorial.py
[2025-11-17T04:09:18.534+0000] {processor.py:836} INFO - DAG(s) dict_keys(['example_params_ui_tutorial']) retrieved from /home/vscode/.local/lib/python3.10/site-packages/airflow/example_dags/example_params_ui_tutorial.py
[2025-11-17T04:09:18.566+0000] {logging_mixin.py:150} INFO - [2025-11-17T04:09:18.566+0000] {dag.py:2742} INFO - Sync 1 DAGs
[2025-11-17T04:09:18.582+0000] {logging_mixin.py:150} INFO - [2025-11-17T04:09:18.582+0000] {dag.py:3504} INFO - Setting next_dagrun for example_params_ui_tutorial to None, run_after=None
[2025-11-17T04:09:18.598+0000] {processor.py:179} INFO - Processing /home/vscode/.local/lib/python3.10/site-packages/airflow/example_dags/example_params_ui_tutorial.py took 0.090 seconds
[2025-11-17T04:10:00.810+0000] {processor.py:157} INFO - Started process (PID=26766) to work on /home/vscode/.local/lib/python3.10/site-packages/airflow/example_dags/example_params_ui_tutorial.py
[2025-11-17T04:10:00.810+0000] {processor.py:826} INFO - Processing file /home/vscode/.local/lib/python3.10/site-packages/airflow/example_dags/example_params_ui_tutorial.py for tasks to queue
[2025-11-17T04:10:00.811+0000] {logging_mixin.py:150} INFO - [2025-11-17T04:10:00.811+0000] {dagbag.py:541} INFO - Filling up the DagBag from /home/vscode/.local/lib/python3.10/site-packages/airflow/example_dags/example_params_ui_tutorial.py
[2025-11-17T04:10:00.830+0000] {processor.py:836} INFO - DAG(s) dict_keys(['example_params_ui_tutorial']) retrieved from /home/vscode/.local/lib/python3.10/site-packages/airflow/example_dags/example_params_ui_tutorial.py
[2025-11-17T04:10:00.854+0000] {logging_mixin.py:150} INFO - [2025-11-17T04:10:00.854+0000] {dag.py:2742} INFO - Sync 1 DAGs
[2025-11-17T04:10:00.867+0000] {logging_mixin.py:150} INFO - [2025-11-17T04:10:00.867+0000] {dag.py:3504} INFO - Setting next_dagrun for example_params_ui_tutorial to None, run_after=None
[2025-11-17T04:10:00.881+0000] {processor.py:179} INFO - Processing /home/vscode/.local/lib/python3.10/site-packages/airflow/example_dags/example_params_ui_tutorial.py took 0.074 seconds
[2025-11-17T04:10:44.485+0000] {processor.py:157} INFO - Started process (PID=27060) to work on /home/vscode/.local/lib/python3.10/site-packages/airflow/example_dags/example_params_ui_tutorial.py
[2025-11-17T04:10:44.486+0000] {processor.py:826} INFO - Processing file /home/vscode/.local/lib/python3.10/site-packages/airflow/example_dags/example_params_ui_tutorial.py for tasks to queue
[2025-11-17T04:10:44.487+0000] {logging_mixin.py:150} INFO - [2025-11-17T04:10:44.486+0000] {dagbag.py:541} INFO - Filling up the DagBag from /home/vscode/.local/lib/python3.10/site-packages/airflow/example_dags/example_params_ui_tutorial.py
[2025-11-17T04:10:44.507+0000] {processor.py:836} INFO - DAG(s) dict_keys(['example_params_ui_tutorial']) retrieved from /home/vscode/.local/lib/python3.10/site-packages/airflow/example_dags/example_params_ui_tutorial.py
[2025-11-17T04:10:44.532+0000] {logging_mixin.py:150} INFO - [2025-11-17T04:10:44.532+0000] {dag.py:2742} INFO - Sync 1 DAGs
[2025-11-17T04:10:44.546+0000] {logging_mixin.py:150} INFO - [2025-11-17T04:10:44.546+0000] {dag.py:3504} INFO - Setting next_dagrun for example_params_ui_tutorial to None, run_after=None
[2025-11-17T04:10:44.561+0000] {processor.py:179} INFO - Processing /home/vscode/.local/lib/python3.10/site-packages/airflow/example_dags/example_params_ui_tutorial.py took 0.078 seconds
[2025-11-17T04:11:22.997+0000] {processor.py:157} INFO - Started process (PID=27324) to work on /home/vscode/.local/lib/python3.10/site-packages/airflow/example_dags/example_params_ui_tutorial.py
[2025-11-17T04:11:22.997+0000] {processor.py:826} INFO - Processing file /home/vscode/.local/lib/python3.10/site-packages/airflow/example_dags/example_params_ui_tutorial.py for tasks to queue
[2025-11-17T04:11:22.998+0000] {logging_mixin.py:150} INFO - [2025-11-17T04:11:22.998+0000] {dagbag.py:541} INFO - Filling up the DagBag from /home/vscode/.local/lib/python3.10/site-packages/airflow/example_dags/example_params_ui_tutorial.py
[2025-11-17T04:11:23.017+0000] {processor.py:836} INFO - DAG(s) dict_keys(['example_params_ui_tutorial']) retrieved from /home/vscode/.local/lib/python3.10/site-packages/airflow/example_dags/example_params_ui_tutorial.py
[2025-11-17T04:11:23.041+0000] {logging_mixin.py:150} INFO - [2025-11-17T04:11:23.041+0000] {dag.py:2742} INFO - Sync 1 DAGs
[2025-11-17T04:11:23.055+0000] {logging_mixin.py:150} INFO - [2025-11-17T04:11:23.055+0000] {dag.py:3504} INFO - Setting next_dagrun for example_params_ui_tutorial to None, run_after=None
[2025-11-17T04:11:23.070+0000] {processor.py:179} INFO - Processing /home/vscode/.local/lib/python3.10/site-packages/airflow/example_dags/example_params_ui_tutorial.py took 0.075 seconds
[2025-11-17T04:12:05.978+0000] {processor.py:157} INFO - Started process (PID=27619) to work on /home/vscode/.local/lib/python3.10/site-packages/airflow/example_dags/example_params_ui_tutorial.py
[2025-11-17T04:12:05.979+0000] {processor.py:826} INFO - Processing file /home/vscode/.local/lib/python3.10/site-packages/airflow/example_dags/example_params_ui_tutorial.py for tasks to queue
[2025-11-17T04:12:05.980+0000] {logging_mixin.py:150} INFO - [2025-11-17T04:12:05.979+0000] {dagbag.py:541} INFO - Filling up the DagBag from /home/vscode/.local/lib/python3.10/site-packages/airflow/example_dags/example_params_ui_tutorial.py
[2025-11-17T04:12:05.999+0000] {processor.py:836} INFO - DAG(s) dict_keys(['example_params_ui_tutorial']) retrieved from /home/vscode/.local/lib/python3.10/site-packages/airflow/example_dags/example_params_ui_tutorial.py
[2025-11-17T04:12:06.031+0000] {logging_mixin.py:150} INFO - [2025-11-17T04:12:06.031+0000] {dag.py:2742} INFO - Sync 1 DAGs
[2025-11-17T04:12:06.052+0000] {logging_mixin.py:150} INFO - [2025-11-17T04:12:06.052+0000] {dag.py:3504} INFO - Setting next_dagrun for example_params_ui_tutorial to None, run_after=None
[2025-11-17T04:12:06.071+0000] {processor.py:179} INFO - Processing /home/vscode/.local/lib/python3.10/site-packages/airflow/example_dags/example_params_ui_tutorial.py took 0.095 seconds
[2025-11-17T04:12:50.329+0000] {processor.py:157} INFO - Started process (PID=27929) to work on /home/vscode/.local/lib/python3.10/site-packages/airflow/example_dags/example_params_ui_tutorial.py
[2025-11-17T04:12:50.330+0000] {processor.py:826} INFO - Processing file /home/vscode/.local/lib/python3.10/site-packages/airflow/example_dags/example_params_ui_tutorial.py for tasks to queue
[2025-11-17T04:12:50.330+0000] {logging_mixin.py:150} INFO - [2025-11-17T04:12:50.330+0000] {dagbag.py:541} INFO - Filling up the DagBag from /home/vscode/.local/lib/python3.10/site-packages/airflow/example_dags/example_params_ui_tutorial.py
[2025-11-17T04:12:50.350+0000] {processor.py:836} INFO - DAG(s) dict_keys(['example_params_ui_tutorial']) retrieved from /home/vscode/.local/lib/python3.10/site-packages/airflow/example_dags/example_params_ui_tutorial.py
[2025-11-17T04:12:50.373+0000] {logging_mixin.py:150} INFO - [2025-11-17T04:12:50.373+0000] {dag.py:2742} INFO - Sync 1 DAGs
[2025-11-17T04:12:50.386+0000] {logging_mixin.py:150} INFO - [2025-11-17T04:12:50.386+0000] {dag.py:3504} INFO - Setting next_dagrun for example_params_ui_tutorial to None, run_after=None
[2025-11-17T04:12:50.401+0000] {processor.py:179} INFO - Processing /home/vscode/.local/lib/python3.10/site-packages/airflow/example_dags/example_params_ui_tutorial.py took 0.075 seconds
[2025-11-17T04:13:45.578+0000] {processor.py:157} INFO - Started process (PID=28367) to work on /home/vscode/.local/lib/python3.10/site-packages/airflow/example_dags/example_params_ui_tutorial.py
[2025-11-17T04:13:45.579+0000] {processor.py:826} INFO - Processing file /home/vscode/.local/lib/python3.10/site-packages/airflow/example_dags/example_params_ui_tutorial.py for tasks to queue
[2025-11-17T04:13:45.580+0000] {logging_mixin.py:150} INFO - [2025-11-17T04:13:45.579+0000] {dagbag.py:541} INFO - Filling up the DagBag from /home/vscode/.local/lib/python3.10/site-packages/airflow/example_dags/example_params_ui_tutorial.py
[2025-11-17T04:13:45.600+0000] {processor.py:836} INFO - DAG(s) dict_keys(['example_params_ui_tutorial']) retrieved from /home/vscode/.local/lib/python3.10/site-packages/airflow/example_dags/example_params_ui_tutorial.py
[2025-11-17T04:13:45.623+0000] {logging_mixin.py:150} INFO - [2025-11-17T04:13:45.623+0000] {dag.py:2742} INFO - Sync 1 DAGs
[2025-11-17T04:13:45.636+0000] {logging_mixin.py:150} INFO - [2025-11-17T04:13:45.636+0000] {dag.py:3504} INFO - Setting next_dagrun for example_params_ui_tutorial to None, run_after=None
[2025-11-17T04:13:45.649+0000] {processor.py:179} INFO - Processing /home/vscode/.local/lib/python3.10/site-packages/airflow/example_dags/example_params_ui_tutorial.py took 0.073 seconds
[2025-11-17T04:14:26.624+0000] {processor.py:157} INFO - Started process (PID=28648) to work on /home/vscode/.local/lib/python3.10/site-packages/airflow/example_dags/example_params_ui_tutorial.py
[2025-11-17T04:14:26.624+0000] {processor.py:826} INFO - Processing file /home/vscode/.local/lib/python3.10/site-packages/airflow/example_dags/example_params_ui_tutorial.py for tasks to queue
[2025-11-17T04:14:26.625+0000] {logging_mixin.py:150} INFO - [2025-11-17T04:14:26.625+0000] {dagbag.py:541} INFO - Filling up the DagBag from /home/vscode/.local/lib/python3.10/site-packages/airflow/example_dags/example_params_ui_tutorial.py
[2025-11-17T04:14:26.651+0000] {processor.py:836} INFO - DAG(s) dict_keys(['example_params_ui_tutorial']) retrieved from /home/vscode/.local/lib/python3.10/site-packages/airflow/example_dags/example_params_ui_tutorial.py
[2025-11-17T04:14:26.683+0000] {logging_mixin.py:150} INFO - [2025-11-17T04:14:26.683+0000] {dag.py:2742} INFO - Sync 1 DAGs
[2025-11-17T04:14:26.695+0000] {logging_mixin.py:150} INFO - [2025-11-17T04:14:26.695+0000] {dag.py:3504} INFO - Setting next_dagrun for example_params_ui_tutorial to None, run_after=None
[2025-11-17T04:14:26.709+0000] {processor.py:179} INFO - Processing /home/vscode/.local/lib/python3.10/site-packages/airflow/example_dags/example_params_ui_tutorial.py took 0.087 seconds
[2025-11-17T04:15:12.972+0000] {processor.py:157} INFO - Started process (PID=29063) to work on /home/vscode/.local/lib/python3.10/site-packages/airflow/example_dags/example_params_ui_tutorial.py
[2025-11-17T04:15:12.972+0000] {processor.py:826} INFO - Processing file /home/vscode/.local/lib/python3.10/site-packages/airflow/example_dags/example_params_ui_tutorial.py for tasks to queue
[2025-11-17T04:15:12.973+0000] {logging_mixin.py:150} INFO - [2025-11-17T04:15:12.973+0000] {dagbag.py:541} INFO - Filling up the DagBag from /home/vscode/.local/lib/python3.10/site-packages/airflow/example_dags/example_params_ui_tutorial.py
[2025-11-17T04:15:12.994+0000] {processor.py:836} INFO - DAG(s) dict_keys(['example_params_ui_tutorial']) retrieved from /home/vscode/.local/lib/python3.10/site-packages/airflow/example_dags/example_params_ui_tutorial.py
[2025-11-17T04:15:13.019+0000] {logging_mixin.py:150} INFO - [2025-11-17T04:15:13.019+0000] {dag.py:2742} INFO - Sync 1 DAGs
[2025-11-17T04:15:13.034+0000] {logging_mixin.py:150} INFO - [2025-11-17T04:15:13.034+0000] {dag.py:3504} INFO - Setting next_dagrun for example_params_ui_tutorial to None, run_after=None
[2025-11-17T04:15:13.055+0000] {processor.py:179} INFO - Processing /home/vscode/.local/lib/python3.10/site-packages/airflow/example_dags/example_params_ui_tutorial.py took 0.085 seconds
[2025-11-17T04:16:01.288+0000] {processor.py:157} INFO - Started process (PID=29465) to work on /home/vscode/.local/lib/python3.10/site-packages/airflow/example_dags/example_params_ui_tutorial.py
[2025-11-17T04:16:01.289+0000] {processor.py:826} INFO - Processing file /home/vscode/.local/lib/python3.10/site-packages/airflow/example_dags/example_params_ui_tutorial.py for tasks to queue
[2025-11-17T04:16:01.289+0000] {logging_mixin.py:150} INFO - [2025-11-17T04:16:01.289+0000] {dagbag.py:541} INFO - Filling up the DagBag from /home/vscode/.local/lib/python3.10/site-packages/airflow/example_dags/example_params_ui_tutorial.py
[2025-11-17T04:16:01.309+0000] {processor.py:836} INFO - DAG(s) dict_keys(['example_params_ui_tutorial']) retrieved from /home/vscode/.local/lib/python3.10/site-packages/airflow/example_dags/example_params_ui_tutorial.py
[2025-11-17T04:16:01.334+0000] {logging_mixin.py:150} INFO - [2025-11-17T04:16:01.334+0000] {dag.py:2742} INFO - Sync 1 DAGs
[2025-11-17T04:16:01.348+0000] {logging_mixin.py:150} INFO - [2025-11-17T04:16:01.348+0000] {dag.py:3504} INFO - Setting next_dagrun for example_params_ui_tutorial to None, run_after=None
[2025-11-17T04:16:01.363+0000] {processor.py:179} INFO - Processing /home/vscode/.local/lib/python3.10/site-packages/airflow/example_dags/example_params_ui_tutorial.py took 0.077 seconds
[2025-11-17T04:16:45.262+0000] {processor.py:157} INFO - Started process (PID=29768) to work on /home/vscode/.local/lib/python3.10/site-packages/airflow/example_dags/example_params_ui_tutorial.py
[2025-11-17T04:16:45.263+0000] {processor.py:826} INFO - Processing file /home/vscode/.local/lib/python3.10/site-packages/airflow/example_dags/example_params_ui_tutorial.py for tasks to queue
[2025-11-17T04:16:45.263+0000] {logging_mixin.py:150} INFO - [2025-11-17T04:16:45.263+0000] {dagbag.py:541} INFO - Filling up the DagBag from /home/vscode/.local/lib/python3.10/site-packages/airflow/example_dags/example_params_ui_tutorial.py
[2025-11-17T04:16:45.284+0000] {processor.py:836} INFO - DAG(s) dict_keys(['example_params_ui_tutorial']) retrieved from /home/vscode/.local/lib/python3.10/site-packages/airflow/example_dags/example_params_ui_tutorial.py
[2025-11-17T04:16:45.308+0000] {logging_mixin.py:150} INFO - [2025-11-17T04:16:45.308+0000] {dag.py:2742} INFO - Sync 1 DAGs
[2025-11-17T04:16:45.321+0000] {logging_mixin.py:150} INFO - [2025-11-17T04:16:45.321+0000] {dag.py:3504} INFO - Setting next_dagrun for example_params_ui_tutorial to None, run_after=None
[2025-11-17T04:16:45.336+0000] {processor.py:179} INFO - Processing /home/vscode/.local/lib/python3.10/site-packages/airflow/example_dags/example_params_ui_tutorial.py took 0.076 seconds
[2025-11-17T04:17:43.202+0000] {processor.py:157} INFO - Started process (PID=30221) to work on /home/vscode/.local/lib/python3.10/site-packages/airflow/example_dags/example_params_ui_tutorial.py
[2025-11-17T04:17:43.203+0000] {processor.py:826} INFO - Processing file /home/vscode/.local/lib/python3.10/site-packages/airflow/example_dags/example_params_ui_tutorial.py for tasks to queue
[2025-11-17T04:17:43.203+0000] {logging_mixin.py:150} INFO - [2025-11-17T04:17:43.203+0000] {dagbag.py:541} INFO - Filling up the DagBag from /home/vscode/.local/lib/python3.10/site-packages/airflow/example_dags/example_params_ui_tutorial.py
[2025-11-17T04:17:43.224+0000] {processor.py:836} INFO - DAG(s) dict_keys(['example_params_ui_tutorial']) retrieved from /home/vscode/.local/lib/python3.10/site-packages/airflow/example_dags/example_params_ui_tutorial.py
[2025-11-17T04:17:43.249+0000] {logging_mixin.py:150} INFO - [2025-11-17T04:17:43.249+0000] {dag.py:2742} INFO - Sync 1 DAGs
[2025-11-17T04:17:43.263+0000] {logging_mixin.py:150} INFO - [2025-11-17T04:17:43.262+0000] {dag.py:3504} INFO - Setting next_dagrun for example_params_ui_tutorial to None, run_after=None
[2025-11-17T04:17:43.277+0000] {processor.py:179} INFO - Processing /home/vscode/.local/lib/python3.10/site-packages/airflow/example_dags/example_params_ui_tutorial.py took 0.077 seconds
[2025-11-17T04:18:30.199+0000] {processor.py:157} INFO - Started process (PID=30596) to work on /home/vscode/.local/lib/python3.10/site-packages/airflow/example_dags/example_params_ui_tutorial.py
[2025-11-17T04:18:30.200+0000] {processor.py:826} INFO - Processing file /home/vscode/.local/lib/python3.10/site-packages/airflow/example_dags/example_params_ui_tutorial.py for tasks to queue
[2025-11-17T04:18:30.200+0000] {logging_mixin.py:150} INFO - [2025-11-17T04:18:30.200+0000] {dagbag.py:541} INFO - Filling up the DagBag from /home/vscode/.local/lib/python3.10/site-packages/airflow/example_dags/example_params_ui_tutorial.py
[2025-11-17T04:18:30.220+0000] {processor.py:836} INFO - DAG(s) dict_keys(['example_params_ui_tutorial']) retrieved from /home/vscode/.local/lib/python3.10/site-packages/airflow/example_dags/example_params_ui_tutorial.py
[2025-11-17T04:18:30.244+0000] {logging_mixin.py:150} INFO - [2025-11-17T04:18:30.244+0000] {dag.py:2742} INFO - Sync 1 DAGs
[2025-11-17T04:18:30.256+0000] {logging_mixin.py:150} INFO - [2025-11-17T04:18:30.256+0000] {dag.py:3504} INFO - Setting next_dagrun for example_params_ui_tutorial to None, run_after=None
[2025-11-17T04:18:30.271+0000] {processor.py:179} INFO - Processing /home/vscode/.local/lib/python3.10/site-packages/airflow/example_dags/example_params_ui_tutorial.py took 0.074 seconds
[2025-11-17T04:19:15.413+0000] {processor.py:157} INFO - Started process (PID=30959) to work on /home/vscode/.local/lib/python3.10/site-packages/airflow/example_dags/example_params_ui_tutorial.py
[2025-11-17T04:19:15.413+0000] {processor.py:826} INFO - Processing file /home/vscode/.local/lib/python3.10/site-packages/airflow/example_dags/example_params_ui_tutorial.py for tasks to queue
[2025-11-17T04:19:15.414+0000] {logging_mixin.py:150} INFO - [2025-11-17T04:19:15.414+0000] {dagbag.py:541} INFO - Filling up the DagBag from /home/vscode/.local/lib/python3.10/site-packages/airflow/example_dags/example_params_ui_tutorial.py
[2025-11-17T04:19:15.433+0000] {processor.py:836} INFO - DAG(s) dict_keys(['example_params_ui_tutorial']) retrieved from /home/vscode/.local/lib/python3.10/site-packages/airflow/example_dags/example_params_ui_tutorial.py
[2025-11-17T04:19:15.455+0000] {logging_mixin.py:150} INFO - [2025-11-17T04:19:15.455+0000] {dag.py:2742} INFO - Sync 1 DAGs
[2025-11-17T04:19:15.467+0000] {logging_mixin.py:150} INFO - [2025-11-17T04:19:15.467+0000] {dag.py:3504} INFO - Setting next_dagrun for example_params_ui_tutorial to None, run_after=None
[2025-11-17T04:19:15.481+0000] {processor.py:179} INFO - Processing /home/vscode/.local/lib/python3.10/site-packages/airflow/example_dags/example_params_ui_tutorial.py took 0.070 seconds
[2025-11-17T04:19:56.666+0000] {processor.py:157} INFO - Started process (PID=31288) to work on /home/vscode/.local/lib/python3.10/site-packages/airflow/example_dags/example_params_ui_tutorial.py
[2025-11-17T04:19:56.666+0000] {processor.py:826} INFO - Processing file /home/vscode/.local/lib/python3.10/site-packages/airflow/example_dags/example_params_ui_tutorial.py for tasks to queue
[2025-11-17T04:19:56.667+0000] {logging_mixin.py:150} INFO - [2025-11-17T04:19:56.667+0000] {dagbag.py:541} INFO - Filling up the DagBag from /home/vscode/.local/lib/python3.10/site-packages/airflow/example_dags/example_params_ui_tutorial.py
[2025-11-17T04:19:56.688+0000] {processor.py:836} INFO - DAG(s) dict_keys(['example_params_ui_tutorial']) retrieved from /home/vscode/.local/lib/python3.10/site-packages/airflow/example_dags/example_params_ui_tutorial.py
[2025-11-17T04:19:56.712+0000] {logging_mixin.py:150} INFO - [2025-11-17T04:19:56.712+0000] {dag.py:2742} INFO - Sync 1 DAGs
[2025-11-17T04:19:56.725+0000] {logging_mixin.py:150} INFO - [2025-11-17T04:19:56.725+0000] {dag.py:3504} INFO - Setting next_dagrun for example_params_ui_tutorial to None, run_after=None
[2025-11-17T04:19:56.739+0000] {processor.py:179} INFO - Processing /home/vscode/.local/lib/python3.10/site-packages/airflow/example_dags/example_params_ui_tutorial.py took 0.076 seconds
[2025-11-17T04:20:44.761+0000] {processor.py:157} INFO - Started process (PID=31749) to work on /home/vscode/.local/lib/python3.10/site-packages/airflow/example_dags/example_params_ui_tutorial.py
[2025-11-17T04:20:44.761+0000] {processor.py:826} INFO - Processing file /home/vscode/.local/lib/python3.10/site-packages/airflow/example_dags/example_params_ui_tutorial.py for tasks to queue
[2025-11-17T04:20:44.762+0000] {logging_mixin.py:150} INFO - [2025-11-17T04:20:44.762+0000] {dagbag.py:541} INFO - Filling up the DagBag from /home/vscode/.local/lib/python3.10/site-packages/airflow/example_dags/example_params_ui_tutorial.py
[2025-11-17T04:20:44.782+0000] {processor.py:836} INFO - DAG(s) dict_keys(['example_params_ui_tutorial']) retrieved from /home/vscode/.local/lib/python3.10/site-packages/airflow/example_dags/example_params_ui_tutorial.py
[2025-11-17T04:20:44.805+0000] {logging_mixin.py:150} INFO - [2025-11-17T04:20:44.805+0000] {dag.py:2742} INFO - Sync 1 DAGs
[2025-11-17T04:20:44.817+0000] {logging_mixin.py:150} INFO - [2025-11-17T04:20:44.817+0000] {dag.py:3504} INFO - Setting next_dagrun for example_params_ui_tutorial to None, run_after=None
[2025-11-17T04:20:44.831+0000] {processor.py:179} INFO - Processing /home/vscode/.local/lib/python3.10/site-packages/airflow/example_dags/example_params_ui_tutorial.py took 0.073 seconds
[2025-11-17T04:21:27.093+0000] {processor.py:157} INFO - Started process (PID=32018) to work on /home/vscode/.local/lib/python3.10/site-packages/airflow/example_dags/example_params_ui_tutorial.py
[2025-11-17T04:21:27.094+0000] {processor.py:826} INFO - Processing file /home/vscode/.local/lib/python3.10/site-packages/airflow/example_dags/example_params_ui_tutorial.py for tasks to queue
[2025-11-17T04:21:27.094+0000] {logging_mixin.py:150} INFO - [2025-11-17T04:21:27.094+0000] {dagbag.py:541} INFO - Filling up the DagBag from /home/vscode/.local/lib/python3.10/site-packages/airflow/example_dags/example_params_ui_tutorial.py
[2025-11-17T04:21:27.115+0000] {processor.py:836} INFO - DAG(s) dict_keys(['example_params_ui_tutorial']) retrieved from /home/vscode/.local/lib/python3.10/site-packages/airflow/example_dags/example_params_ui_tutorial.py
[2025-11-17T04:21:27.139+0000] {logging_mixin.py:150} INFO - [2025-11-17T04:21:27.139+0000] {dag.py:2742} INFO - Sync 1 DAGs
[2025-11-17T04:21:27.153+0000] {logging_mixin.py:150} INFO - [2025-11-17T04:21:27.153+0000] {dag.py:3504} INFO - Setting next_dagrun for example_params_ui_tutorial to None, run_after=None
[2025-11-17T04:21:27.169+0000] {processor.py:179} INFO - Processing /home/vscode/.local/lib/python3.10/site-packages/airflow/example_dags/example_params_ui_tutorial.py took 0.078 seconds
[2025-11-17T04:22:17.244+0000] {processor.py:157} INFO - Started process (PID=32352) to work on /home/vscode/.local/lib/python3.10/site-packages/airflow/example_dags/example_params_ui_tutorial.py
[2025-11-17T04:22:17.244+0000] {processor.py:826} INFO - Processing file /home/vscode/.local/lib/python3.10/site-packages/airflow/example_dags/example_params_ui_tutorial.py for tasks to queue
[2025-11-17T04:22:17.245+0000] {logging_mixin.py:150} INFO - [2025-11-17T04:22:17.245+0000] {dagbag.py:541} INFO - Filling up the DagBag from /home/vscode/.local/lib/python3.10/site-packages/airflow/example_dags/example_params_ui_tutorial.py
[2025-11-17T04:22:17.270+0000] {processor.py:836} INFO - DAG(s) dict_keys(['example_params_ui_tutorial']) retrieved from /home/vscode/.local/lib/python3.10/site-packages/airflow/example_dags/example_params_ui_tutorial.py
[2025-11-17T04:22:17.312+0000] {logging_mixin.py:150} INFO - [2025-11-17T04:22:17.312+0000] {dag.py:2742} INFO - Sync 1 DAGs
[2025-11-17T04:22:17.332+0000] {logging_mixin.py:150} INFO - [2025-11-17T04:22:17.332+0000] {dag.py:3504} INFO - Setting next_dagrun for example_params_ui_tutorial to None, run_after=None
[2025-11-17T04:22:17.351+0000] {processor.py:179} INFO - Processing /home/vscode/.local/lib/python3.10/site-packages/airflow/example_dags/example_params_ui_tutorial.py took 0.110 seconds
[2025-11-17T04:23:02.752+0000] {processor.py:157} INFO - Started process (PID=32718) to work on /home/vscode/.local/lib/python3.10/site-packages/airflow/example_dags/example_params_ui_tutorial.py
[2025-11-17T04:23:02.753+0000] {processor.py:826} INFO - Processing file /home/vscode/.local/lib/python3.10/site-packages/airflow/example_dags/example_params_ui_tutorial.py for tasks to queue
[2025-11-17T04:23:02.753+0000] {logging_mixin.py:150} INFO - [2025-11-17T04:23:02.753+0000] {dagbag.py:541} INFO - Filling up the DagBag from /home/vscode/.local/lib/python3.10/site-packages/airflow/example_dags/example_params_ui_tutorial.py
[2025-11-17T04:23:02.774+0000] {processor.py:836} INFO - DAG(s) dict_keys(['example_params_ui_tutorial']) retrieved from /home/vscode/.local/lib/python3.10/site-packages/airflow/example_dags/example_params_ui_tutorial.py
[2025-11-17T04:23:02.798+0000] {logging_mixin.py:150} INFO - [2025-11-17T04:23:02.798+0000] {dag.py:2742} INFO - Sync 1 DAGs
[2025-11-17T04:23:02.811+0000] {logging_mixin.py:150} INFO - [2025-11-17T04:23:02.811+0000] {dag.py:3504} INFO - Setting next_dagrun for example_params_ui_tutorial to None, run_after=None
[2025-11-17T04:23:02.825+0000] {processor.py:179} INFO - Processing /home/vscode/.local/lib/python3.10/site-packages/airflow/example_dags/example_params_ui_tutorial.py took 0.075 seconds
[2025-11-17T04:23:49.860+0000] {processor.py:157} INFO - Started process (PID=33117) to work on /home/vscode/.local/lib/python3.10/site-packages/airflow/example_dags/example_params_ui_tutorial.py
[2025-11-17T04:23:49.861+0000] {processor.py:826} INFO - Processing file /home/vscode/.local/lib/python3.10/site-packages/airflow/example_dags/example_params_ui_tutorial.py for tasks to queue
[2025-11-17T04:23:49.861+0000] {logging_mixin.py:150} INFO - [2025-11-17T04:23:49.861+0000] {dagbag.py:541} INFO - Filling up the DagBag from /home/vscode/.local/lib/python3.10/site-packages/airflow/example_dags/example_params_ui_tutorial.py
[2025-11-17T04:23:49.881+0000] {processor.py:836} INFO - DAG(s) dict_keys(['example_params_ui_tutorial']) retrieved from /home/vscode/.local/lib/python3.10/site-packages/airflow/example_dags/example_params_ui_tutorial.py
[2025-11-17T04:23:49.905+0000] {logging_mixin.py:150} INFO - [2025-11-17T04:23:49.905+0000] {dag.py:2742} INFO - Sync 1 DAGs
[2025-11-17T04:23:49.919+0000] {logging_mixin.py:150} INFO - [2025-11-17T04:23:49.918+0000] {dag.py:3504} INFO - Setting next_dagrun for example_params_ui_tutorial to None, run_after=None
[2025-11-17T04:23:49.934+0000] {processor.py:179} INFO - Processing /home/vscode/.local/lib/python3.10/site-packages/airflow/example_dags/example_params_ui_tutorial.py took 0.076 seconds
[2025-11-17T04:24:40.110+0000] {processor.py:157} INFO - Started process (PID=33512) to work on /home/vscode/.local/lib/python3.10/site-packages/airflow/example_dags/example_params_ui_tutorial.py
[2025-11-17T04:24:40.110+0000] {processor.py:826} INFO - Processing file /home/vscode/.local/lib/python3.10/site-packages/airflow/example_dags/example_params_ui_tutorial.py for tasks to queue
[2025-11-17T04:24:40.111+0000] {logging_mixin.py:150} INFO - [2025-11-17T04:24:40.111+0000] {dagbag.py:541} INFO - Filling up the DagBag from /home/vscode/.local/lib/python3.10/site-packages/airflow/example_dags/example_params_ui_tutorial.py
[2025-11-17T04:24:40.131+0000] {processor.py:836} INFO - DAG(s) dict_keys(['example_params_ui_tutorial']) retrieved from /home/vscode/.local/lib/python3.10/site-packages/airflow/example_dags/example_params_ui_tutorial.py
[2025-11-17T04:24:40.154+0000] {logging_mixin.py:150} INFO - [2025-11-17T04:24:40.154+0000] {dag.py:2742} INFO - Sync 1 DAGs
[2025-11-17T04:24:40.167+0000] {logging_mixin.py:150} INFO - [2025-11-17T04:24:40.166+0000] {dag.py:3504} INFO - Setting next_dagrun for example_params_ui_tutorial to None, run_after=None
[2025-11-17T04:24:40.180+0000] {processor.py:179} INFO - Processing /home/vscode/.local/lib/python3.10/site-packages/airflow/example_dags/example_params_ui_tutorial.py took 0.073 seconds
[2025-11-17T04:25:28.459+0000] {processor.py:157} INFO - Started process (PID=33932) to work on /home/vscode/.local/lib/python3.10/site-packages/airflow/example_dags/example_params_ui_tutorial.py
[2025-11-17T04:25:28.459+0000] {processor.py:826} INFO - Processing file /home/vscode/.local/lib/python3.10/site-packages/airflow/example_dags/example_params_ui_tutorial.py for tasks to queue
[2025-11-17T04:25:28.460+0000] {logging_mixin.py:150} INFO - [2025-11-17T04:25:28.460+0000] {dagbag.py:541} INFO - Filling up the DagBag from /home/vscode/.local/lib/python3.10/site-packages/airflow/example_dags/example_params_ui_tutorial.py
[2025-11-17T04:25:28.492+0000] {processor.py:836} INFO - DAG(s) dict_keys(['example_params_ui_tutorial']) retrieved from /home/vscode/.local/lib/python3.10/site-packages/airflow/example_dags/example_params_ui_tutorial.py
[2025-11-17T04:25:28.559+0000] {logging_mixin.py:150} INFO - [2025-11-17T04:25:28.558+0000] {dag.py:2742} INFO - Sync 1 DAGs
[2025-11-17T04:25:28.597+0000] {logging_mixin.py:150} INFO - [2025-11-17T04:25:28.596+0000] {dag.py:3504} INFO - Setting next_dagrun for example_params_ui_tutorial to None, run_after=None
[2025-11-17T04:25:28.617+0000] {processor.py:179} INFO - Processing /home/vscode/.local/lib/python3.10/site-packages/airflow/example_dags/example_params_ui_tutorial.py took 0.161 seconds
