[2025-11-17T03:53:03.052+0000] {processor.py:157} INFO - Started process (PID=19357) to work on /home/vscode/.local/lib/python3.10/site-packages/airflow/example_dags/example_params_trigger_ui.py
[2025-11-17T03:53:03.053+0000] {processor.py:826} INFO - Processing file /home/vscode/.local/lib/python3.10/site-packages/airflow/example_dags/example_params_trigger_ui.py for tasks to queue
[2025-11-17T03:53:03.053+0000] {logging_mixin.py:150} INFO - [2025-11-17T03:53:03.053+0000] {dagbag.py:541} INFO - Filling up the DagBag from /home/vscode/.local/lib/python3.10/site-packages/airflow/example_dags/example_params_trigger_ui.py
[2025-11-17T03:53:03.065+0000] {processor.py:836} INFO - DAG(s) dict_keys(['example_params_trigger_ui']) retrieved from /home/vscode/.local/lib/python3.10/site-packages/airflow/example_dags/example_params_trigger_ui.py
[2025-11-17T03:53:03.175+0000] {logging_mixin.py:150} INFO - [2025-11-17T03:53:03.174+0000] {manager.py:504} INFO - Created Permission View: can delete on DAG:example_params_trigger_ui
[2025-11-17T03:53:03.186+0000] {logging_mixin.py:150} INFO - [2025-11-17T03:53:03.186+0000] {manager.py:504} INFO - Created Permission View: can edit on DAG:example_params_trigger_ui
[2025-11-17T03:53:03.194+0000] {logging_mixin.py:150} INFO - [2025-11-17T03:53:03.194+0000] {manager.py:504} INFO - Created Permission View: can read on DAG:example_params_trigger_ui
[2025-11-17T03:53:03.201+0000] {logging_mixin.py:150} INFO - [2025-11-17T03:53:03.201+0000] {dag.py:2742} INFO - Sync 1 DAGs
[2025-11-17T03:53:03.207+0000] {logging_mixin.py:150} INFO - [2025-11-17T03:53:03.207+0000] {dag.py:2763} INFO - Creating ORM DAG for example_params_trigger_ui
[2025-11-17T03:53:03.213+0000] {logging_mixin.py:150} INFO - [2025-11-17T03:53:03.213+0000] {dag.py:3504} INFO - Setting next_dagrun for example_params_trigger_ui to None, run_after=None
[2025-11-17T03:53:03.228+0000] {processor.py:179} INFO - Processing /home/vscode/.local/lib/python3.10/site-packages/airflow/example_dags/example_params_trigger_ui.py took 0.177 seconds
[2025-11-17T03:53:49.635+0000] {processor.py:157} INFO - Started process (PID=19665) to work on /home/vscode/.local/lib/python3.10/site-packages/airflow/example_dags/example_params_trigger_ui.py
[2025-11-17T03:53:49.636+0000] {processor.py:826} INFO - Processing file /home/vscode/.local/lib/python3.10/site-packages/airflow/example_dags/example_params_trigger_ui.py for tasks to queue
[2025-11-17T03:53:49.636+0000] {logging_mixin.py:150} INFO - [2025-11-17T03:53:49.636+0000] {dagbag.py:541} INFO - Filling up the DagBag from /home/vscode/.local/lib/python3.10/site-packages/airflow/example_dags/example_params_trigger_ui.py
[2025-11-17T03:53:49.647+0000] {processor.py:836} INFO - DAG(s) dict_keys(['example_params_trigger_ui']) retrieved from /home/vscode/.local/lib/python3.10/site-packages/airflow/example_dags/example_params_trigger_ui.py
[2025-11-17T03:53:49.675+0000] {logging_mixin.py:150} INFO - [2025-11-17T03:53:49.675+0000] {dag.py:2742} INFO - Sync 1 DAGs
[2025-11-17T03:53:49.688+0000] {logging_mixin.py:150} INFO - [2025-11-17T03:53:49.688+0000] {dag.py:3504} INFO - Setting next_dagrun for example_params_trigger_ui to None, run_after=None
[2025-11-17T03:53:49.701+0000] {processor.py:179} INFO - Processing /home/vscode/.local/lib/python3.10/site-packages/airflow/example_dags/example_params_trigger_ui.py took 0.068 seconds
[2025-11-17T03:54:33.951+0000] {processor.py:157} INFO - Started process (PID=19966) to work on /home/vscode/.local/lib/python3.10/site-packages/airflow/example_dags/example_params_trigger_ui.py
[2025-11-17T03:54:33.951+0000] {processor.py:826} INFO - Processing file /home/vscode/.local/lib/python3.10/site-packages/airflow/example_dags/example_params_trigger_ui.py for tasks to queue
[2025-11-17T03:54:33.952+0000] {logging_mixin.py:150} INFO - [2025-11-17T03:54:33.951+0000] {dagbag.py:541} INFO - Filling up the DagBag from /home/vscode/.local/lib/python3.10/site-packages/airflow/example_dags/example_params_trigger_ui.py
[2025-11-17T03:54:33.962+0000] {processor.py:836} INFO - DAG(s) dict_keys(['example_params_trigger_ui']) retrieved from /home/vscode/.local/lib/python3.10/site-packages/airflow/example_dags/example_params_trigger_ui.py
[2025-11-17T03:54:33.991+0000] {logging_mixin.py:150} INFO - [2025-11-17T03:54:33.991+0000] {dag.py:2742} INFO - Sync 1 DAGs
[2025-11-17T03:54:34.003+0000] {logging_mixin.py:150} INFO - [2025-11-17T03:54:34.003+0000] {dag.py:3504} INFO - Setting next_dagrun for example_params_trigger_ui to None, run_after=None
[2025-11-17T03:54:34.017+0000] {processor.py:179} INFO - Processing /home/vscode/.local/lib/python3.10/site-packages/airflow/example_dags/example_params_trigger_ui.py took 0.069 seconds
[2025-11-17T03:55:22.009+0000] {processor.py:157} INFO - Started process (PID=20382) to work on /home/vscode/.local/lib/python3.10/site-packages/airflow/example_dags/example_params_trigger_ui.py
[2025-11-17T03:55:22.009+0000] {processor.py:826} INFO - Processing file /home/vscode/.local/lib/python3.10/site-packages/airflow/example_dags/example_params_trigger_ui.py for tasks to queue
[2025-11-17T03:55:22.010+0000] {logging_mixin.py:150} INFO - [2025-11-17T03:55:22.010+0000] {dagbag.py:541} INFO - Filling up the DagBag from /home/vscode/.local/lib/python3.10/site-packages/airflow/example_dags/example_params_trigger_ui.py
[2025-11-17T03:55:22.021+0000] {processor.py:836} INFO - DAG(s) dict_keys(['example_params_trigger_ui']) retrieved from /home/vscode/.local/lib/python3.10/site-packages/airflow/example_dags/example_params_trigger_ui.py
[2025-11-17T03:55:22.049+0000] {logging_mixin.py:150} INFO - [2025-11-17T03:55:22.049+0000] {dag.py:2742} INFO - Sync 1 DAGs
[2025-11-17T03:55:22.061+0000] {logging_mixin.py:150} INFO - [2025-11-17T03:55:22.061+0000] {dag.py:3504} INFO - Setting next_dagrun for example_params_trigger_ui to None, run_after=None
[2025-11-17T03:55:22.074+0000] {processor.py:179} INFO - Processing /home/vscode/.local/lib/python3.10/site-packages/airflow/example_dags/example_params_trigger_ui.py took 0.068 seconds
