[2025-11-17T03:53:09.620+0000] {processor.py:157} INFO - Started process (PID=19405) to work on /home/vscode/.local/lib/python3.10/site-packages/airflow/example_dags/example_dynamic_task_mapping_with_no_taskflow_operators.py
[2025-11-17T03:53:09.620+0000] {processor.py:826} INFO - Processing file /home/vscode/.local/lib/python3.10/site-packages/airflow/example_dags/example_dynamic_task_mapping_with_no_taskflow_operators.py for tasks to queue
[2025-11-17T03:53:09.621+0000] {logging_mixin.py:150} INFO - [2025-11-17T03:53:09.621+0000] {dagbag.py:541} INFO - Filling up the DagBag from /home/vscode/.local/lib/python3.10/site-packages/airflow/example_dags/example_dynamic_task_mapping_with_no_taskflow_operators.py
[2025-11-17T03:53:09.625+0000] {processor.py:836} INFO - DAG(s) dict_keys(['example_dynamic_task_mapping_with_no_taskflow_operators']) retrieved from /home/vscode/.local/lib/python3.10/site-packages/airflow/example_dags/example_dynamic_task_mapping_with_no_taskflow_operators.py
[2025-11-17T03:53:09.691+0000] {logging_mixin.py:150} INFO - [2025-11-17T03:53:09.691+0000] {manager.py:504} INFO - Created Permission View: can delete on DAG:example_dynamic_task_mapping_with_no_taskflow_operators
[2025-11-17T03:53:09.699+0000] {logging_mixin.py:150} INFO - [2025-11-17T03:53:09.699+0000] {manager.py:504} INFO - Created Permission View: can edit on DAG:example_dynamic_task_mapping_with_no_taskflow_operators
[2025-11-17T03:53:09.704+0000] {logging_mixin.py:150} INFO - [2025-11-17T03:53:09.704+0000] {manager.py:504} INFO - Created Permission View: can read on DAG:example_dynamic_task_mapping_with_no_taskflow_operators
[2025-11-17T03:53:09.711+0000] {logging_mixin.py:150} INFO - [2025-11-17T03:53:09.711+0000] {dag.py:2742} INFO - Sync 1 DAGs
[2025-11-17T03:53:09.717+0000] {logging_mixin.py:150} INFO - [2025-11-17T03:53:09.717+0000] {dag.py:2763} INFO - Creating ORM DAG for example_dynamic_task_mapping_with_no_taskflow_operators
[2025-11-17T03:53:09.723+0000] {logging_mixin.py:150} INFO - [2025-11-17T03:53:09.723+0000] {dag.py:3504} INFO - Setting next_dagrun for example_dynamic_task_mapping_with_no_taskflow_operators to 2025-11-16T03:53:09.723631+00:00, run_after=2025-11-17T03:53:09.723631+00:00
[2025-11-17T03:53:09.736+0000] {processor.py:179} INFO - Processing /home/vscode/.local/lib/python3.10/site-packages/airflow/example_dags/example_dynamic_task_mapping_with_no_taskflow_operators.py took 0.118 seconds
[2025-11-17T03:53:58.163+0000] {processor.py:157} INFO - Started process (PID=19724) to work on /home/vscode/.local/lib/python3.10/site-packages/airflow/example_dags/example_dynamic_task_mapping_with_no_taskflow_operators.py
[2025-11-17T03:53:58.164+0000] {processor.py:826} INFO - Processing file /home/vscode/.local/lib/python3.10/site-packages/airflow/example_dags/example_dynamic_task_mapping_with_no_taskflow_operators.py for tasks to queue
[2025-11-17T03:53:58.164+0000] {logging_mixin.py:150} INFO - [2025-11-17T03:53:58.164+0000] {dagbag.py:541} INFO - Filling up the DagBag from /home/vscode/.local/lib/python3.10/site-packages/airflow/example_dags/example_dynamic_task_mapping_with_no_taskflow_operators.py
[2025-11-17T03:53:58.169+0000] {processor.py:836} INFO - DAG(s) dict_keys(['example_dynamic_task_mapping_with_no_taskflow_operators']) retrieved from /home/vscode/.local/lib/python3.10/site-packages/airflow/example_dags/example_dynamic_task_mapping_with_no_taskflow_operators.py
[2025-11-17T03:53:58.179+0000] {logging_mixin.py:150} INFO - [2025-11-17T03:53:58.179+0000] {dag.py:2742} INFO - Sync 1 DAGs
[2025-11-17T03:53:58.194+0000] {logging_mixin.py:150} INFO - [2025-11-17T03:53:58.194+0000] {dag.py:3504} INFO - Setting next_dagrun for example_dynamic_task_mapping_with_no_taskflow_operators to 2025-11-16T03:53:58.194367+00:00, run_after=2025-11-17T03:53:58.194367+00:00
[2025-11-17T03:53:58.207+0000] {processor.py:179} INFO - Processing /home/vscode/.local/lib/python3.10/site-packages/airflow/example_dags/example_dynamic_task_mapping_with_no_taskflow_operators.py took 0.046 seconds
[2025-11-17T03:54:42.109+0000] {processor.py:157} INFO - Started process (PID=20022) to work on /home/vscode/.local/lib/python3.10/site-packages/airflow/example_dags/example_dynamic_task_mapping_with_no_taskflow_operators.py
[2025-11-17T03:54:42.109+0000] {processor.py:826} INFO - Processing file /home/vscode/.local/lib/python3.10/site-packages/airflow/example_dags/example_dynamic_task_mapping_with_no_taskflow_operators.py for tasks to queue
[2025-11-17T03:54:42.110+0000] {logging_mixin.py:150} INFO - [2025-11-17T03:54:42.110+0000] {dagbag.py:541} INFO - Filling up the DagBag from /home/vscode/.local/lib/python3.10/site-packages/airflow/example_dags/example_dynamic_task_mapping_with_no_taskflow_operators.py
[2025-11-17T03:54:42.115+0000] {processor.py:836} INFO - DAG(s) dict_keys(['example_dynamic_task_mapping_with_no_taskflow_operators']) retrieved from /home/vscode/.local/lib/python3.10/site-packages/airflow/example_dags/example_dynamic_task_mapping_with_no_taskflow_operators.py
[2025-11-17T03:54:42.125+0000] {logging_mixin.py:150} INFO - [2025-11-17T03:54:42.125+0000] {dag.py:2742} INFO - Sync 1 DAGs
[2025-11-17T03:54:42.138+0000] {logging_mixin.py:150} INFO - [2025-11-17T03:54:42.138+0000] {dag.py:3504} INFO - Setting next_dagrun for example_dynamic_task_mapping_with_no_taskflow_operators to 2025-11-16T03:54:42.137860+00:00, run_after=2025-11-17T03:54:42.137860+00:00
[2025-11-17T03:54:42.151+0000] {processor.py:179} INFO - Processing /home/vscode/.local/lib/python3.10/site-packages/airflow/example_dags/example_dynamic_task_mapping_with_no_taskflow_operators.py took 0.045 seconds
[2025-11-17T03:55:31.143+0000] {processor.py:157} INFO - Started process (PID=20493) to work on /home/vscode/.local/lib/python3.10/site-packages/airflow/example_dags/example_dynamic_task_mapping_with_no_taskflow_operators.py
[2025-11-17T03:55:31.144+0000] {processor.py:826} INFO - Processing file /home/vscode/.local/lib/python3.10/site-packages/airflow/example_dags/example_dynamic_task_mapping_with_no_taskflow_operators.py for tasks to queue
[2025-11-17T03:55:31.145+0000] {logging_mixin.py:150} INFO - [2025-11-17T03:55:31.144+0000] {dagbag.py:541} INFO - Filling up the DagBag from /home/vscode/.local/lib/python3.10/site-packages/airflow/example_dags/example_dynamic_task_mapping_with_no_taskflow_operators.py
[2025-11-17T03:55:31.149+0000] {processor.py:836} INFO - DAG(s) dict_keys(['example_dynamic_task_mapping_with_no_taskflow_operators']) retrieved from /home/vscode/.local/lib/python3.10/site-packages/airflow/example_dags/example_dynamic_task_mapping_with_no_taskflow_operators.py
[2025-11-17T03:55:31.159+0000] {logging_mixin.py:150} INFO - [2025-11-17T03:55:31.159+0000] {dag.py:2742} INFO - Sync 1 DAGs
[2025-11-17T03:55:31.171+0000] {logging_mixin.py:150} INFO - [2025-11-17T03:55:31.171+0000] {dag.py:3504} INFO - Setting next_dagrun for example_dynamic_task_mapping_with_no_taskflow_operators to 2025-11-16T03:55:31.171321+00:00, run_after=2025-11-17T03:55:31.171321+00:00
[2025-11-17T03:55:31.184+0000] {processor.py:179} INFO - Processing /home/vscode/.local/lib/python3.10/site-packages/airflow/example_dags/example_dynamic_task_mapping_with_no_taskflow_operators.py took 0.043 seconds
