[2025-11-17T03:52:44.799+0000] {processor.py:157} INFO - Started process (PID=19243) to work on /home/vscode/.local/lib/python3.10/site-packages/airflow/example_dags/example_task_group.py
[2025-11-17T03:52:44.800+0000] {processor.py:826} INFO - Processing file /home/vscode/.local/lib/python3.10/site-packages/airflow/example_dags/example_task_group.py for tasks to queue
[2025-11-17T03:52:44.800+0000] {logging_mixin.py:150} INFO - [2025-11-17T03:52:44.800+0000] {dagbag.py:541} INFO - Filling up the DagBag from /home/vscode/.local/lib/python3.10/site-packages/airflow/example_dags/example_task_group.py
[2025-11-17T03:52:44.807+0000] {processor.py:836} INFO - DAG(s) dict_keys(['example_task_group']) retrieved from /home/vscode/.local/lib/python3.10/site-packages/airflow/example_dags/example_task_group.py
[2025-11-17T03:52:44.877+0000] {logging_mixin.py:150} INFO - [2025-11-17T03:52:44.877+0000] {manager.py:504} INFO - Created Permission View: can delete on DAG:example_task_group
[2025-11-17T03:52:44.884+0000] {logging_mixin.py:150} INFO - [2025-11-17T03:52:44.884+0000] {manager.py:504} INFO - Created Permission View: can edit on DAG:example_task_group
[2025-11-17T03:52:44.890+0000] {logging_mixin.py:150} INFO - [2025-11-17T03:52:44.890+0000] {manager.py:504} INFO - Created Permission View: can read on DAG:example_task_group
[2025-11-17T03:52:44.898+0000] {logging_mixin.py:150} INFO - [2025-11-17T03:52:44.898+0000] {dag.py:2742} INFO - Sync 1 DAGs
[2025-11-17T03:52:44.904+0000] {logging_mixin.py:150} INFO - [2025-11-17T03:52:44.904+0000] {dag.py:2763} INFO - Creating ORM DAG for example_task_group
[2025-11-17T03:52:44.910+0000] {logging_mixin.py:150} INFO - [2025-11-17T03:52:44.910+0000] {dag.py:3504} INFO - Setting next_dagrun for example_task_group to 2025-11-16T03:52:44.910109+00:00, run_after=2025-11-17T03:52:44.910109+00:00
[2025-11-17T03:52:44.924+0000] {processor.py:179} INFO - Processing /home/vscode/.local/lib/python3.10/site-packages/airflow/example_dags/example_task_group.py took 0.127 seconds
[2025-11-17T03:53:31.735+0000] {processor.py:157} INFO - Started process (PID=19546) to work on /home/vscode/.local/lib/python3.10/site-packages/airflow/example_dags/example_task_group.py
[2025-11-17T03:53:31.736+0000] {processor.py:826} INFO - Processing file /home/vscode/.local/lib/python3.10/site-packages/airflow/example_dags/example_task_group.py for tasks to queue
[2025-11-17T03:53:31.737+0000] {logging_mixin.py:150} INFO - [2025-11-17T03:53:31.736+0000] {dagbag.py:541} INFO - Filling up the DagBag from /home/vscode/.local/lib/python3.10/site-packages/airflow/example_dags/example_task_group.py
[2025-11-17T03:53:31.742+0000] {processor.py:836} INFO - DAG(s) dict_keys(['example_task_group']) retrieved from /home/vscode/.local/lib/python3.10/site-packages/airflow/example_dags/example_task_group.py
[2025-11-17T03:53:31.753+0000] {logging_mixin.py:150} INFO - [2025-11-17T03:53:31.753+0000] {dag.py:2742} INFO - Sync 1 DAGs
[2025-11-17T03:53:31.766+0000] {logging_mixin.py:150} INFO - [2025-11-17T03:53:31.766+0000] {dag.py:3504} INFO - Setting next_dagrun for example_task_group to 2025-11-16T03:53:31.766038+00:00, run_after=2025-11-17T03:53:31.766038+00:00
[2025-11-17T03:53:31.779+0000] {processor.py:179} INFO - Processing /home/vscode/.local/lib/python3.10/site-packages/airflow/example_dags/example_task_group.py took 0.046 seconds
[2025-11-17T03:54:16.552+0000] {processor.py:157} INFO - Started process (PID=19845) to work on /home/vscode/.local/lib/python3.10/site-packages/airflow/example_dags/example_task_group.py
[2025-11-17T03:54:16.553+0000] {processor.py:826} INFO - Processing file /home/vscode/.local/lib/python3.10/site-packages/airflow/example_dags/example_task_group.py for tasks to queue
[2025-11-17T03:54:16.553+0000] {logging_mixin.py:150} INFO - [2025-11-17T03:54:16.553+0000] {dagbag.py:541} INFO - Filling up the DagBag from /home/vscode/.local/lib/python3.10/site-packages/airflow/example_dags/example_task_group.py
[2025-11-17T03:54:16.559+0000] {processor.py:836} INFO - DAG(s) dict_keys(['example_task_group']) retrieved from /home/vscode/.local/lib/python3.10/site-packages/airflow/example_dags/example_task_group.py
[2025-11-17T03:54:16.570+0000] {logging_mixin.py:150} INFO - [2025-11-17T03:54:16.569+0000] {dag.py:2742} INFO - Sync 1 DAGs
[2025-11-17T03:54:16.582+0000] {logging_mixin.py:150} INFO - [2025-11-17T03:54:16.582+0000] {dag.py:3504} INFO - Setting next_dagrun for example_task_group to 2025-11-16T03:54:16.582508+00:00, run_after=2025-11-17T03:54:16.582508+00:00
[2025-11-17T03:54:16.596+0000] {processor.py:179} INFO - Processing /home/vscode/.local/lib/python3.10/site-packages/airflow/example_dags/example_task_group.py took 0.046 seconds
[2025-11-17T03:55:01.525+0000] {processor.py:157} INFO - Started process (PID=20158) to work on /home/vscode/.local/lib/python3.10/site-packages/airflow/example_dags/example_task_group.py
[2025-11-17T03:55:01.526+0000] {processor.py:826} INFO - Processing file /home/vscode/.local/lib/python3.10/site-packages/airflow/example_dags/example_task_group.py for tasks to queue
[2025-11-17T03:55:01.527+0000] {logging_mixin.py:150} INFO - [2025-11-17T03:55:01.526+0000] {dagbag.py:541} INFO - Filling up the DagBag from /home/vscode/.local/lib/python3.10/site-packages/airflow/example_dags/example_task_group.py
[2025-11-17T03:55:01.535+0000] {processor.py:836} INFO - DAG(s) dict_keys(['example_task_group']) retrieved from /home/vscode/.local/lib/python3.10/site-packages/airflow/example_dags/example_task_group.py
[2025-11-17T03:55:01.547+0000] {logging_mixin.py:150} INFO - [2025-11-17T03:55:01.547+0000] {dag.py:2742} INFO - Sync 1 DAGs
[2025-11-17T03:55:01.560+0000] {logging_mixin.py:150} INFO - [2025-11-17T03:55:01.560+0000] {dag.py:3504} INFO - Setting next_dagrun for example_task_group to 2025-11-16T03:55:01.560286+00:00, run_after=2025-11-17T03:55:01.560286+00:00
[2025-11-17T03:55:01.579+0000] {processor.py:179} INFO - Processing /home/vscode/.local/lib/python3.10/site-packages/airflow/example_dags/example_task_group.py took 0.059 seconds
