[2025-11-17T03:52:57.816+0000] {processor.py:157} INFO - Started process (PID=19328) to work on /home/vscode/.local/lib/python3.10/site-packages/airflow/example_dags/example_sensor_decorator.py
[2025-11-17T03:52:57.816+0000] {processor.py:826} INFO - Processing file /home/vscode/.local/lib/python3.10/site-packages/airflow/example_dags/example_sensor_decorator.py for tasks to queue
[2025-11-17T03:52:57.817+0000] {logging_mixin.py:150} INFO - [2025-11-17T03:52:57.817+0000] {dagbag.py:541} INFO - Filling up the DagBag from /home/vscode/.local/lib/python3.10/site-packages/airflow/example_dags/example_sensor_decorator.py
[2025-11-17T03:52:57.821+0000] {processor.py:836} INFO - DAG(s) dict_keys(['example_sensor_decorator']) retrieved from /home/vscode/.local/lib/python3.10/site-packages/airflow/example_dags/example_sensor_decorator.py
[2025-11-17T03:52:57.888+0000] {logging_mixin.py:150} INFO - [2025-11-17T03:52:57.888+0000] {manager.py:504} INFO - Created Permission View: can delete on DAG:example_sensor_decorator
[2025-11-17T03:52:57.896+0000] {logging_mixin.py:150} INFO - [2025-11-17T03:52:57.896+0000] {manager.py:504} INFO - Created Permission View: can edit on DAG:example_sensor_decorator
[2025-11-17T03:52:57.901+0000] {logging_mixin.py:150} INFO - [2025-11-17T03:52:57.901+0000] {manager.py:504} INFO - Created Permission View: can read on DAG:example_sensor_decorator
[2025-11-17T03:52:57.908+0000] {logging_mixin.py:150} INFO - [2025-11-17T03:52:57.908+0000] {dag.py:2742} INFO - Sync 1 DAGs
[2025-11-17T03:52:57.914+0000] {logging_mixin.py:150} INFO - [2025-11-17T03:52:57.914+0000] {dag.py:2763} INFO - Creating ORM DAG for example_sensor_decorator
[2025-11-17T03:52:57.920+0000] {logging_mixin.py:150} INFO - [2025-11-17T03:52:57.920+0000] {dag.py:3504} INFO - Setting next_dagrun for example_sensor_decorator to None, run_after=None
[2025-11-17T03:52:57.932+0000] {processor.py:179} INFO - Processing /home/vscode/.local/lib/python3.10/site-packages/airflow/example_dags/example_sensor_decorator.py took 0.118 seconds
[2025-11-17T03:53:43.357+0000] {processor.py:157} INFO - Started process (PID=19623) to work on /home/vscode/.local/lib/python3.10/site-packages/airflow/example_dags/example_sensor_decorator.py
[2025-11-17T03:53:43.357+0000] {processor.py:826} INFO - Processing file /home/vscode/.local/lib/python3.10/site-packages/airflow/example_dags/example_sensor_decorator.py for tasks to queue
[2025-11-17T03:53:43.358+0000] {logging_mixin.py:150} INFO - [2025-11-17T03:53:43.358+0000] {dagbag.py:541} INFO - Filling up the DagBag from /home/vscode/.local/lib/python3.10/site-packages/airflow/example_dags/example_sensor_decorator.py
[2025-11-17T03:53:43.363+0000] {processor.py:836} INFO - DAG(s) dict_keys(['example_sensor_decorator']) retrieved from /home/vscode/.local/lib/python3.10/site-packages/airflow/example_dags/example_sensor_decorator.py
[2025-11-17T03:53:43.373+0000] {logging_mixin.py:150} INFO - [2025-11-17T03:53:43.373+0000] {dag.py:2742} INFO - Sync 1 DAGs
[2025-11-17T03:53:43.390+0000] {logging_mixin.py:150} INFO - [2025-11-17T03:53:43.389+0000] {dag.py:3504} INFO - Setting next_dagrun for example_sensor_decorator to None, run_after=None
[2025-11-17T03:53:43.408+0000] {processor.py:179} INFO - Processing /home/vscode/.local/lib/python3.10/site-packages/airflow/example_dags/example_sensor_decorator.py took 0.054 seconds
[2025-11-17T03:54:29.561+0000] {processor.py:157} INFO - Started process (PID=19937) to work on /home/vscode/.local/lib/python3.10/site-packages/airflow/example_dags/example_sensor_decorator.py
[2025-11-17T03:54:29.561+0000] {processor.py:826} INFO - Processing file /home/vscode/.local/lib/python3.10/site-packages/airflow/example_dags/example_sensor_decorator.py for tasks to queue
[2025-11-17T03:54:29.562+0000] {logging_mixin.py:150} INFO - [2025-11-17T03:54:29.562+0000] {dagbag.py:541} INFO - Filling up the DagBag from /home/vscode/.local/lib/python3.10/site-packages/airflow/example_dags/example_sensor_decorator.py
[2025-11-17T03:54:29.566+0000] {processor.py:836} INFO - DAG(s) dict_keys(['example_sensor_decorator']) retrieved from /home/vscode/.local/lib/python3.10/site-packages/airflow/example_dags/example_sensor_decorator.py
[2025-11-17T03:54:29.576+0000] {logging_mixin.py:150} INFO - [2025-11-17T03:54:29.576+0000] {dag.py:2742} INFO - Sync 1 DAGs
[2025-11-17T03:54:29.588+0000] {logging_mixin.py:150} INFO - [2025-11-17T03:54:29.588+0000] {dag.py:3504} INFO - Setting next_dagrun for example_sensor_decorator to None, run_after=None
[2025-11-17T03:54:29.602+0000] {processor.py:179} INFO - Processing /home/vscode/.local/lib/python3.10/site-packages/airflow/example_dags/example_sensor_decorator.py took 0.043 seconds
[2025-11-17T03:55:15.734+0000] {processor.py:157} INFO - Started process (PID=20329) to work on /home/vscode/.local/lib/python3.10/site-packages/airflow/example_dags/example_sensor_decorator.py
[2025-11-17T03:55:15.735+0000] {processor.py:826} INFO - Processing file /home/vscode/.local/lib/python3.10/site-packages/airflow/example_dags/example_sensor_decorator.py for tasks to queue
[2025-11-17T03:55:15.735+0000] {logging_mixin.py:150} INFO - [2025-11-17T03:55:15.735+0000] {dagbag.py:541} INFO - Filling up the DagBag from /home/vscode/.local/lib/python3.10/site-packages/airflow/example_dags/example_sensor_decorator.py
[2025-11-17T03:55:15.739+0000] {processor.py:836} INFO - DAG(s) dict_keys(['example_sensor_decorator']) retrieved from /home/vscode/.local/lib/python3.10/site-packages/airflow/example_dags/example_sensor_decorator.py
[2025-11-17T03:55:15.749+0000] {logging_mixin.py:150} INFO - [2025-11-17T03:55:15.749+0000] {dag.py:2742} INFO - Sync 1 DAGs
[2025-11-17T03:55:15.762+0000] {logging_mixin.py:150} INFO - [2025-11-17T03:55:15.762+0000] {dag.py:3504} INFO - Setting next_dagrun for example_sensor_decorator to None, run_after=None
[2025-11-17T03:55:15.775+0000] {processor.py:179} INFO - Processing /home/vscode/.local/lib/python3.10/site-packages/airflow/example_dags/example_sensor_decorator.py took 0.043 seconds
