[2025-11-17T03:52:54.838+0000] {processor.py:157} INFO - Started process (PID=19304) to work on /home/vscode/.local/lib/python3.10/site-packages/airflow/example_dags/example_short_circuit_decorator.py
[2025-11-17T03:52:54.838+0000] {processor.py:826} INFO - Processing file /home/vscode/.local/lib/python3.10/site-packages/airflow/example_dags/example_short_circuit_decorator.py for tasks to queue
[2025-11-17T03:52:54.839+0000] {logging_mixin.py:150} INFO - [2025-11-17T03:52:54.839+0000] {dagbag.py:541} INFO - Filling up the DagBag from /home/vscode/.local/lib/python3.10/site-packages/airflow/example_dags/example_short_circuit_decorator.py
[2025-11-17T03:52:54.845+0000] {processor.py:836} INFO - DAG(s) dict_keys(['example_short_circuit_decorator']) retrieved from /home/vscode/.local/lib/python3.10/site-packages/airflow/example_dags/example_short_circuit_decorator.py
[2025-11-17T03:52:54.914+0000] {logging_mixin.py:150} INFO - [2025-11-17T03:52:54.914+0000] {manager.py:504} INFO - Created Permission View: can delete on DAG:example_short_circuit_decorator
[2025-11-17T03:52:54.922+0000] {logging_mixin.py:150} INFO - [2025-11-17T03:52:54.922+0000] {manager.py:504} INFO - Created Permission View: can edit on DAG:example_short_circuit_decorator
[2025-11-17T03:52:54.927+0000] {logging_mixin.py:150} INFO - [2025-11-17T03:52:54.927+0000] {manager.py:504} INFO - Created Permission View: can read on DAG:example_short_circuit_decorator
[2025-11-17T03:52:54.935+0000] {logging_mixin.py:150} INFO - [2025-11-17T03:52:54.935+0000] {dag.py:2742} INFO - Sync 1 DAGs
[2025-11-17T03:52:54.941+0000] {logging_mixin.py:150} INFO - [2025-11-17T03:52:54.941+0000] {dag.py:2763} INFO - Creating ORM DAG for example_short_circuit_decorator
[2025-11-17T03:52:54.947+0000] {logging_mixin.py:150} INFO - [2025-11-17T03:52:54.947+0000] {dag.py:3504} INFO - Setting next_dagrun for example_short_circuit_decorator to 2025-11-16T03:52:54.947266+00:00, run_after=2025-11-17T03:52:54.947266+00:00
[2025-11-17T03:52:54.961+0000] {processor.py:179} INFO - Processing /home/vscode/.local/lib/python3.10/site-packages/airflow/example_dags/example_short_circuit_decorator.py took 0.125 seconds
[2025-11-17T03:53:40.615+0000] {processor.py:157} INFO - Started process (PID=19611) to work on /home/vscode/.local/lib/python3.10/site-packages/airflow/example_dags/example_short_circuit_decorator.py
[2025-11-17T03:53:40.616+0000] {processor.py:826} INFO - Processing file /home/vscode/.local/lib/python3.10/site-packages/airflow/example_dags/example_short_circuit_decorator.py for tasks to queue
[2025-11-17T03:53:40.616+0000] {logging_mixin.py:150} INFO - [2025-11-17T03:53:40.616+0000] {dagbag.py:541} INFO - Filling up the DagBag from /home/vscode/.local/lib/python3.10/site-packages/airflow/example_dags/example_short_circuit_decorator.py
[2025-11-17T03:53:40.623+0000] {processor.py:836} INFO - DAG(s) dict_keys(['example_short_circuit_decorator']) retrieved from /home/vscode/.local/lib/python3.10/site-packages/airflow/example_dags/example_short_circuit_decorator.py
[2025-11-17T03:53:40.634+0000] {logging_mixin.py:150} INFO - [2025-11-17T03:53:40.634+0000] {dag.py:2742} INFO - Sync 1 DAGs
[2025-11-17T03:53:40.648+0000] {logging_mixin.py:150} INFO - [2025-11-17T03:53:40.648+0000] {dag.py:3504} INFO - Setting next_dagrun for example_short_circuit_decorator to 2025-11-16T03:53:40.647906+00:00, run_after=2025-11-17T03:53:40.647906+00:00
[2025-11-17T03:53:40.661+0000] {processor.py:179} INFO - Processing /home/vscode/.local/lib/python3.10/site-packages/airflow/example_dags/example_short_circuit_decorator.py took 0.048 seconds
[2025-11-17T03:54:26.692+0000] {processor.py:157} INFO - Started process (PID=19913) to work on /home/vscode/.local/lib/python3.10/site-packages/airflow/example_dags/example_short_circuit_decorator.py
[2025-11-17T03:54:26.693+0000] {processor.py:826} INFO - Processing file /home/vscode/.local/lib/python3.10/site-packages/airflow/example_dags/example_short_circuit_decorator.py for tasks to queue
[2025-11-17T03:54:26.693+0000] {logging_mixin.py:150} INFO - [2025-11-17T03:54:26.693+0000] {dagbag.py:541} INFO - Filling up the DagBag from /home/vscode/.local/lib/python3.10/site-packages/airflow/example_dags/example_short_circuit_decorator.py
[2025-11-17T03:54:26.700+0000] {processor.py:836} INFO - DAG(s) dict_keys(['example_short_circuit_decorator']) retrieved from /home/vscode/.local/lib/python3.10/site-packages/airflow/example_dags/example_short_circuit_decorator.py
[2025-11-17T03:54:26.711+0000] {logging_mixin.py:150} INFO - [2025-11-17T03:54:26.711+0000] {dag.py:2742} INFO - Sync 1 DAGs
[2025-11-17T03:54:26.724+0000] {logging_mixin.py:150} INFO - [2025-11-17T03:54:26.724+0000] {dag.py:3504} INFO - Setting next_dagrun for example_short_circuit_decorator to 2025-11-16T03:54:26.724153+00:00, run_after=2025-11-17T03:54:26.724153+00:00
[2025-11-17T03:54:26.738+0000] {processor.py:179} INFO - Processing /home/vscode/.local/lib/python3.10/site-packages/airflow/example_dags/example_short_circuit_decorator.py took 0.047 seconds
[2025-11-17T03:55:12.925+0000] {processor.py:157} INFO - Started process (PID=20305) to work on /home/vscode/.local/lib/python3.10/site-packages/airflow/example_dags/example_short_circuit_decorator.py
[2025-11-17T03:55:12.926+0000] {processor.py:826} INFO - Processing file /home/vscode/.local/lib/python3.10/site-packages/airflow/example_dags/example_short_circuit_decorator.py for tasks to queue
[2025-11-17T03:55:12.926+0000] {logging_mixin.py:150} INFO - [2025-11-17T03:55:12.926+0000] {dagbag.py:541} INFO - Filling up the DagBag from /home/vscode/.local/lib/python3.10/site-packages/airflow/example_dags/example_short_circuit_decorator.py
[2025-11-17T03:55:12.933+0000] {processor.py:836} INFO - DAG(s) dict_keys(['example_short_circuit_decorator']) retrieved from /home/vscode/.local/lib/python3.10/site-packages/airflow/example_dags/example_short_circuit_decorator.py
[2025-11-17T03:55:12.945+0000] {logging_mixin.py:150} INFO - [2025-11-17T03:55:12.944+0000] {dag.py:2742} INFO - Sync 1 DAGs
[2025-11-17T03:55:12.957+0000] {logging_mixin.py:150} INFO - [2025-11-17T03:55:12.957+0000] {dag.py:3504} INFO - Setting next_dagrun for example_short_circuit_decorator to 2025-11-16T03:55:12.957563+00:00, run_after=2025-11-17T03:55:12.957563+00:00
[2025-11-17T03:55:12.971+0000] {processor.py:179} INFO - Processing /home/vscode/.local/lib/python3.10/site-packages/airflow/example_dags/example_short_circuit_decorator.py took 0.048 seconds
[2025-11-17T03:55:55.099+0000] {processor.py:157} INFO - Started process (PID=20825) to work on /home/vscode/.local/lib/python3.10/site-packages/airflow/example_dags/example_short_circuit_decorator.py
[2025-11-17T03:55:55.100+0000] {processor.py:826} INFO - Processing file /home/vscode/.local/lib/python3.10/site-packages/airflow/example_dags/example_short_circuit_decorator.py for tasks to queue
[2025-11-17T03:55:55.100+0000] {logging_mixin.py:150} INFO - [2025-11-17T03:55:55.100+0000] {dagbag.py:541} INFO - Filling up the DagBag from /home/vscode/.local/lib/python3.10/site-packages/airflow/example_dags/example_short_circuit_decorator.py
[2025-11-17T03:55:55.107+0000] {processor.py:836} INFO - DAG(s) dict_keys(['example_short_circuit_decorator']) retrieved from /home/vscode/.local/lib/python3.10/site-packages/airflow/example_dags/example_short_circuit_decorator.py
[2025-11-17T03:55:55.119+0000] {logging_mixin.py:150} INFO - [2025-11-17T03:55:55.119+0000] {dag.py:2742} INFO - Sync 1 DAGs
[2025-11-17T03:55:55.137+0000] {logging_mixin.py:150} INFO - [2025-11-17T03:55:55.136+0000] {dag.py:3504} INFO - Setting next_dagrun for example_short_circuit_decorator to 2025-11-16T03:55:55.136798+00:00, run_after=2025-11-17T03:55:55.136798+00:00
[2025-11-17T03:55:55.154+0000] {processor.py:179} INFO - Processing /home/vscode/.local/lib/python3.10/site-packages/airflow/example_dags/example_short_circuit_decorator.py took 0.058 seconds
[2025-11-17T03:56:42.998+0000] {processor.py:157} INFO - Started process (PID=21158) to work on /home/vscode/.local/lib/python3.10/site-packages/airflow/example_dags/example_short_circuit_decorator.py
[2025-11-17T03:56:42.999+0000] {processor.py:826} INFO - Processing file /home/vscode/.local/lib/python3.10/site-packages/airflow/example_dags/example_short_circuit_decorator.py for tasks to queue
[2025-11-17T03:56:42.999+0000] {logging_mixin.py:150} INFO - [2025-11-17T03:56:42.999+0000] {dagbag.py:541} INFO - Filling up the DagBag from /home/vscode/.local/lib/python3.10/site-packages/airflow/example_dags/example_short_circuit_decorator.py
[2025-11-17T03:56:43.005+0000] {processor.py:836} INFO - DAG(s) dict_keys(['example_short_circuit_decorator']) retrieved from /home/vscode/.local/lib/python3.10/site-packages/airflow/example_dags/example_short_circuit_decorator.py
[2025-11-17T03:56:43.017+0000] {logging_mixin.py:150} INFO - [2025-11-17T03:56:43.017+0000] {dag.py:2742} INFO - Sync 1 DAGs
[2025-11-17T03:56:43.030+0000] {logging_mixin.py:150} INFO - [2025-11-17T03:56:43.030+0000] {dag.py:3504} INFO - Setting next_dagrun for example_short_circuit_decorator to 2025-11-16T03:56:43.030515+00:00, run_after=2025-11-17T03:56:43.030515+00:00
[2025-11-17T03:56:43.044+0000] {processor.py:179} INFO - Processing /home/vscode/.local/lib/python3.10/site-packages/airflow/example_dags/example_short_circuit_decorator.py took 0.048 seconds
[2025-11-17T03:57:25.014+0000] {processor.py:157} INFO - Started process (PID=21456) to work on /home/vscode/.local/lib/python3.10/site-packages/airflow/example_dags/example_short_circuit_decorator.py
[2025-11-17T03:57:25.014+0000] {processor.py:826} INFO - Processing file /home/vscode/.local/lib/python3.10/site-packages/airflow/example_dags/example_short_circuit_decorator.py for tasks to queue
[2025-11-17T03:57:25.015+0000] {logging_mixin.py:150} INFO - [2025-11-17T03:57:25.015+0000] {dagbag.py:541} INFO - Filling up the DagBag from /home/vscode/.local/lib/python3.10/site-packages/airflow/example_dags/example_short_circuit_decorator.py
[2025-11-17T03:57:25.021+0000] {processor.py:836} INFO - DAG(s) dict_keys(['example_short_circuit_decorator']) retrieved from /home/vscode/.local/lib/python3.10/site-packages/airflow/example_dags/example_short_circuit_decorator.py
[2025-11-17T03:57:25.033+0000] {logging_mixin.py:150} INFO - [2025-11-17T03:57:25.033+0000] {dag.py:2742} INFO - Sync 1 DAGs
[2025-11-17T03:57:25.046+0000] {logging_mixin.py:150} INFO - [2025-11-17T03:57:25.046+0000] {dag.py:3504} INFO - Setting next_dagrun for example_short_circuit_decorator to 2025-11-16T03:57:25.046242+00:00, run_after=2025-11-17T03:57:25.046242+00:00
[2025-11-17T03:57:25.060+0000] {processor.py:179} INFO - Processing /home/vscode/.local/lib/python3.10/site-packages/airflow/example_dags/example_short_circuit_decorator.py took 0.048 seconds
[2025-11-17T03:58:05.545+0000] {processor.py:157} INFO - Started process (PID=21725) to work on /home/vscode/.local/lib/python3.10/site-packages/airflow/example_dags/example_short_circuit_decorator.py
[2025-11-17T03:58:05.545+0000] {processor.py:826} INFO - Processing file /home/vscode/.local/lib/python3.10/site-packages/airflow/example_dags/example_short_circuit_decorator.py for tasks to queue
[2025-11-17T03:58:05.546+0000] {logging_mixin.py:150} INFO - [2025-11-17T03:58:05.546+0000] {dagbag.py:541} INFO - Filling up the DagBag from /home/vscode/.local/lib/python3.10/site-packages/airflow/example_dags/example_short_circuit_decorator.py
[2025-11-17T03:58:05.552+0000] {processor.py:836} INFO - DAG(s) dict_keys(['example_short_circuit_decorator']) retrieved from /home/vscode/.local/lib/python3.10/site-packages/airflow/example_dags/example_short_circuit_decorator.py
[2025-11-17T03:58:05.564+0000] {logging_mixin.py:150} INFO - [2025-11-17T03:58:05.564+0000] {dag.py:2742} INFO - Sync 1 DAGs
[2025-11-17T03:58:05.577+0000] {logging_mixin.py:150} INFO - [2025-11-17T03:58:05.577+0000] {dag.py:3504} INFO - Setting next_dagrun for example_short_circuit_decorator to 2025-11-16T03:58:05.577403+00:00, run_after=2025-11-17T03:58:05.577403+00:00
[2025-11-17T03:58:05.591+0000] {processor.py:179} INFO - Processing /home/vscode/.local/lib/python3.10/site-packages/airflow/example_dags/example_short_circuit_decorator.py took 0.048 seconds
[2025-11-17T03:58:48.309+0000] {processor.py:157} INFO - Started process (PID=22011) to work on /home/vscode/.local/lib/python3.10/site-packages/airflow/example_dags/example_short_circuit_decorator.py
[2025-11-17T03:58:48.309+0000] {processor.py:826} INFO - Processing file /home/vscode/.local/lib/python3.10/site-packages/airflow/example_dags/example_short_circuit_decorator.py for tasks to queue
[2025-11-17T03:58:48.310+0000] {logging_mixin.py:150} INFO - [2025-11-17T03:58:48.310+0000] {dagbag.py:541} INFO - Filling up the DagBag from /home/vscode/.local/lib/python3.10/site-packages/airflow/example_dags/example_short_circuit_decorator.py
[2025-11-17T03:58:48.316+0000] {processor.py:836} INFO - DAG(s) dict_keys(['example_short_circuit_decorator']) retrieved from /home/vscode/.local/lib/python3.10/site-packages/airflow/example_dags/example_short_circuit_decorator.py
[2025-11-17T03:58:48.328+0000] {logging_mixin.py:150} INFO - [2025-11-17T03:58:48.328+0000] {dag.py:2742} INFO - Sync 1 DAGs
[2025-11-17T03:58:48.340+0000] {logging_mixin.py:150} INFO - [2025-11-17T03:58:48.340+0000] {dag.py:3504} INFO - Setting next_dagrun for example_short_circuit_decorator to 2025-11-16T03:58:48.340528+00:00, run_after=2025-11-17T03:58:48.340528+00:00
[2025-11-17T03:58:48.354+0000] {processor.py:179} INFO - Processing /home/vscode/.local/lib/python3.10/site-packages/airflow/example_dags/example_short_circuit_decorator.py took 0.048 seconds
[2025-11-17T03:59:29.270+0000] {processor.py:157} INFO - Started process (PID=22286) to work on /home/vscode/.local/lib/python3.10/site-packages/airflow/example_dags/example_short_circuit_decorator.py
[2025-11-17T03:59:29.270+0000] {processor.py:826} INFO - Processing file /home/vscode/.local/lib/python3.10/site-packages/airflow/example_dags/example_short_circuit_decorator.py for tasks to queue
[2025-11-17T03:59:29.271+0000] {logging_mixin.py:150} INFO - [2025-11-17T03:59:29.271+0000] {dagbag.py:541} INFO - Filling up the DagBag from /home/vscode/.local/lib/python3.10/site-packages/airflow/example_dags/example_short_circuit_decorator.py
[2025-11-17T03:59:29.277+0000] {processor.py:836} INFO - DAG(s) dict_keys(['example_short_circuit_decorator']) retrieved from /home/vscode/.local/lib/python3.10/site-packages/airflow/example_dags/example_short_circuit_decorator.py
[2025-11-17T03:59:29.289+0000] {logging_mixin.py:150} INFO - [2025-11-17T03:59:29.289+0000] {dag.py:2742} INFO - Sync 1 DAGs
[2025-11-17T03:59:29.301+0000] {logging_mixin.py:150} INFO - [2025-11-17T03:59:29.301+0000] {dag.py:3504} INFO - Setting next_dagrun for example_short_circuit_decorator to 2025-11-16T03:59:29.301676+00:00, run_after=2025-11-17T03:59:29.301676+00:00
[2025-11-17T03:59:29.329+0000] {processor.py:179} INFO - Processing /home/vscode/.local/lib/python3.10/site-packages/airflow/example_dags/example_short_circuit_decorator.py took 0.061 seconds
[2025-11-17T04:00:11.502+0000] {processor.py:157} INFO - Started process (PID=22564) to work on /home/vscode/.local/lib/python3.10/site-packages/airflow/example_dags/example_short_circuit_decorator.py
[2025-11-17T04:00:11.502+0000] {processor.py:826} INFO - Processing file /home/vscode/.local/lib/python3.10/site-packages/airflow/example_dags/example_short_circuit_decorator.py for tasks to queue
[2025-11-17T04:00:11.503+0000] {logging_mixin.py:150} INFO - [2025-11-17T04:00:11.502+0000] {dagbag.py:541} INFO - Filling up the DagBag from /home/vscode/.local/lib/python3.10/site-packages/airflow/example_dags/example_short_circuit_decorator.py
[2025-11-17T04:00:11.509+0000] {processor.py:836} INFO - DAG(s) dict_keys(['example_short_circuit_decorator']) retrieved from /home/vscode/.local/lib/python3.10/site-packages/airflow/example_dags/example_short_circuit_decorator.py
[2025-11-17T04:00:11.521+0000] {logging_mixin.py:150} INFO - [2025-11-17T04:00:11.521+0000] {dag.py:2742} INFO - Sync 1 DAGs
[2025-11-17T04:00:11.533+0000] {logging_mixin.py:150} INFO - [2025-11-17T04:00:11.533+0000] {dag.py:3504} INFO - Setting next_dagrun for example_short_circuit_decorator to 2025-11-16T04:00:11.533569+00:00, run_after=2025-11-17T04:00:11.533569+00:00
[2025-11-17T04:00:11.548+0000] {processor.py:179} INFO - Processing /home/vscode/.local/lib/python3.10/site-packages/airflow/example_dags/example_short_circuit_decorator.py took 0.048 seconds
[2025-11-17T04:00:53.901+0000] {processor.py:157} INFO - Started process (PID=22843) to work on /home/vscode/.local/lib/python3.10/site-packages/airflow/example_dags/example_short_circuit_decorator.py
[2025-11-17T04:00:53.901+0000] {processor.py:826} INFO - Processing file /home/vscode/.local/lib/python3.10/site-packages/airflow/example_dags/example_short_circuit_decorator.py for tasks to queue
[2025-11-17T04:00:53.902+0000] {logging_mixin.py:150} INFO - [2025-11-17T04:00:53.902+0000] {dagbag.py:541} INFO - Filling up the DagBag from /home/vscode/.local/lib/python3.10/site-packages/airflow/example_dags/example_short_circuit_decorator.py
[2025-11-17T04:00:53.909+0000] {processor.py:836} INFO - DAG(s) dict_keys(['example_short_circuit_decorator']) retrieved from /home/vscode/.local/lib/python3.10/site-packages/airflow/example_dags/example_short_circuit_decorator.py
[2025-11-17T04:00:53.925+0000] {logging_mixin.py:150} INFO - [2025-11-17T04:00:53.924+0000] {dag.py:2742} INFO - Sync 1 DAGs
[2025-11-17T04:00:53.946+0000] {logging_mixin.py:150} INFO - [2025-11-17T04:00:53.946+0000] {dag.py:3504} INFO - Setting next_dagrun for example_short_circuit_decorator to 2025-11-16T04:00:53.945982+00:00, run_after=2025-11-17T04:00:53.945982+00:00
[2025-11-17T04:00:53.964+0000] {processor.py:179} INFO - Processing /home/vscode/.local/lib/python3.10/site-packages/airflow/example_dags/example_short_circuit_decorator.py took 0.065 seconds
[2025-11-17T04:01:40.442+0000] {processor.py:157} INFO - Started process (PID=23165) to work on /home/vscode/.local/lib/python3.10/site-packages/airflow/example_dags/example_short_circuit_decorator.py
[2025-11-17T04:01:40.443+0000] {processor.py:826} INFO - Processing file /home/vscode/.local/lib/python3.10/site-packages/airflow/example_dags/example_short_circuit_decorator.py for tasks to queue
[2025-11-17T04:01:40.443+0000] {logging_mixin.py:150} INFO - [2025-11-17T04:01:40.443+0000] {dagbag.py:541} INFO - Filling up the DagBag from /home/vscode/.local/lib/python3.10/site-packages/airflow/example_dags/example_short_circuit_decorator.py
[2025-11-17T04:01:40.450+0000] {processor.py:836} INFO - DAG(s) dict_keys(['example_short_circuit_decorator']) retrieved from /home/vscode/.local/lib/python3.10/site-packages/airflow/example_dags/example_short_circuit_decorator.py
[2025-11-17T04:01:40.463+0000] {logging_mixin.py:150} INFO - [2025-11-17T04:01:40.463+0000] {dag.py:2742} INFO - Sync 1 DAGs
[2025-11-17T04:01:40.476+0000] {logging_mixin.py:150} INFO - [2025-11-17T04:01:40.476+0000] {dag.py:3504} INFO - Setting next_dagrun for example_short_circuit_decorator to 2025-11-16T04:01:40.475870+00:00, run_after=2025-11-17T04:01:40.475870+00:00
[2025-11-17T04:01:40.490+0000] {processor.py:179} INFO - Processing /home/vscode/.local/lib/python3.10/site-packages/airflow/example_dags/example_short_circuit_decorator.py took 0.050 seconds
[2025-11-17T04:02:22.686+0000] {processor.py:157} INFO - Started process (PID=23446) to work on /home/vscode/.local/lib/python3.10/site-packages/airflow/example_dags/example_short_circuit_decorator.py
[2025-11-17T04:02:22.687+0000] {processor.py:826} INFO - Processing file /home/vscode/.local/lib/python3.10/site-packages/airflow/example_dags/example_short_circuit_decorator.py for tasks to queue
[2025-11-17T04:02:22.687+0000] {logging_mixin.py:150} INFO - [2025-11-17T04:02:22.687+0000] {dagbag.py:541} INFO - Filling up the DagBag from /home/vscode/.local/lib/python3.10/site-packages/airflow/example_dags/example_short_circuit_decorator.py
[2025-11-17T04:02:22.694+0000] {processor.py:836} INFO - DAG(s) dict_keys(['example_short_circuit_decorator']) retrieved from /home/vscode/.local/lib/python3.10/site-packages/airflow/example_dags/example_short_circuit_decorator.py
[2025-11-17T04:02:22.706+0000] {logging_mixin.py:150} INFO - [2025-11-17T04:02:22.706+0000] {dag.py:2742} INFO - Sync 1 DAGs
[2025-11-17T04:02:22.720+0000] {logging_mixin.py:150} INFO - [2025-11-17T04:02:22.719+0000] {dag.py:3504} INFO - Setting next_dagrun for example_short_circuit_decorator to 2025-11-16T04:02:22.719810+00:00, run_after=2025-11-17T04:02:22.719810+00:00
[2025-11-17T04:02:22.734+0000] {processor.py:179} INFO - Processing /home/vscode/.local/lib/python3.10/site-packages/airflow/example_dags/example_short_circuit_decorator.py took 0.050 seconds
[2025-11-17T04:03:04.919+0000] {processor.py:157} INFO - Started process (PID=23722) to work on /home/vscode/.local/lib/python3.10/site-packages/airflow/example_dags/example_short_circuit_decorator.py
[2025-11-17T04:03:04.920+0000] {processor.py:826} INFO - Processing file /home/vscode/.local/lib/python3.10/site-packages/airflow/example_dags/example_short_circuit_decorator.py for tasks to queue
[2025-11-17T04:03:04.921+0000] {logging_mixin.py:150} INFO - [2025-11-17T04:03:04.920+0000] {dagbag.py:541} INFO - Filling up the DagBag from /home/vscode/.local/lib/python3.10/site-packages/airflow/example_dags/example_short_circuit_decorator.py
[2025-11-17T04:03:04.927+0000] {processor.py:836} INFO - DAG(s) dict_keys(['example_short_circuit_decorator']) retrieved from /home/vscode/.local/lib/python3.10/site-packages/airflow/example_dags/example_short_circuit_decorator.py
[2025-11-17T04:03:04.943+0000] {logging_mixin.py:150} INFO - [2025-11-17T04:03:04.943+0000] {dag.py:2742} INFO - Sync 1 DAGs
[2025-11-17T04:03:04.963+0000] {logging_mixin.py:150} INFO - [2025-11-17T04:03:04.963+0000] {dag.py:3504} INFO - Setting next_dagrun for example_short_circuit_decorator to 2025-11-16T04:03:04.963276+00:00, run_after=2025-11-17T04:03:04.963276+00:00
[2025-11-17T04:03:04.985+0000] {processor.py:179} INFO - Processing /home/vscode/.local/lib/python3.10/site-packages/airflow/example_dags/example_short_circuit_decorator.py took 0.068 seconds
[2025-11-17T04:03:51.120+0000] {processor.py:157} INFO - Started process (PID=24031) to work on /home/vscode/.local/lib/python3.10/site-packages/airflow/example_dags/example_short_circuit_decorator.py
[2025-11-17T04:03:51.120+0000] {processor.py:826} INFO - Processing file /home/vscode/.local/lib/python3.10/site-packages/airflow/example_dags/example_short_circuit_decorator.py for tasks to queue
[2025-11-17T04:03:51.121+0000] {logging_mixin.py:150} INFO - [2025-11-17T04:03:51.121+0000] {dagbag.py:541} INFO - Filling up the DagBag from /home/vscode/.local/lib/python3.10/site-packages/airflow/example_dags/example_short_circuit_decorator.py
[2025-11-17T04:03:51.127+0000] {processor.py:836} INFO - DAG(s) dict_keys(['example_short_circuit_decorator']) retrieved from /home/vscode/.local/lib/python3.10/site-packages/airflow/example_dags/example_short_circuit_decorator.py
[2025-11-17T04:03:51.139+0000] {logging_mixin.py:150} INFO - [2025-11-17T04:03:51.139+0000] {dag.py:2742} INFO - Sync 1 DAGs
[2025-11-17T04:03:51.152+0000] {logging_mixin.py:150} INFO - [2025-11-17T04:03:51.152+0000] {dag.py:3504} INFO - Setting next_dagrun for example_short_circuit_decorator to 2025-11-16T04:03:51.152378+00:00, run_after=2025-11-17T04:03:51.152378+00:00
[2025-11-17T04:03:51.167+0000] {processor.py:179} INFO - Processing /home/vscode/.local/lib/python3.10/site-packages/airflow/example_dags/example_short_circuit_decorator.py took 0.049 seconds
[2025-11-17T04:04:38.509+0000] {processor.py:157} INFO - Started process (PID=24348) to work on /home/vscode/.local/lib/python3.10/site-packages/airflow/example_dags/example_short_circuit_decorator.py
[2025-11-17T04:04:38.510+0000] {processor.py:826} INFO - Processing file /home/vscode/.local/lib/python3.10/site-packages/airflow/example_dags/example_short_circuit_decorator.py for tasks to queue
[2025-11-17T04:04:38.510+0000] {logging_mixin.py:150} INFO - [2025-11-17T04:04:38.510+0000] {dagbag.py:541} INFO - Filling up the DagBag from /home/vscode/.local/lib/python3.10/site-packages/airflow/example_dags/example_short_circuit_decorator.py
[2025-11-17T04:04:38.516+0000] {processor.py:836} INFO - DAG(s) dict_keys(['example_short_circuit_decorator']) retrieved from /home/vscode/.local/lib/python3.10/site-packages/airflow/example_dags/example_short_circuit_decorator.py
[2025-11-17T04:04:38.529+0000] {logging_mixin.py:150} INFO - [2025-11-17T04:04:38.529+0000] {dag.py:2742} INFO - Sync 1 DAGs
[2025-11-17T04:04:38.543+0000] {logging_mixin.py:150} INFO - [2025-11-17T04:04:38.543+0000] {dag.py:3504} INFO - Setting next_dagrun for example_short_circuit_decorator to 2025-11-16T04:04:38.543375+00:00, run_after=2025-11-17T04:04:38.543375+00:00
[2025-11-17T04:04:38.557+0000] {processor.py:179} INFO - Processing /home/vscode/.local/lib/python3.10/site-packages/airflow/example_dags/example_short_circuit_decorator.py took 0.050 seconds
[2025-11-17T04:05:22.260+0000] {processor.py:157} INFO - Started process (PID=24662) to work on /home/vscode/.local/lib/python3.10/site-packages/airflow/example_dags/example_short_circuit_decorator.py
[2025-11-17T04:05:22.260+0000] {processor.py:826} INFO - Processing file /home/vscode/.local/lib/python3.10/site-packages/airflow/example_dags/example_short_circuit_decorator.py for tasks to queue
[2025-11-17T04:05:22.261+0000] {logging_mixin.py:150} INFO - [2025-11-17T04:05:22.261+0000] {dagbag.py:541} INFO - Filling up the DagBag from /home/vscode/.local/lib/python3.10/site-packages/airflow/example_dags/example_short_circuit_decorator.py
[2025-11-17T04:05:22.268+0000] {processor.py:836} INFO - DAG(s) dict_keys(['example_short_circuit_decorator']) retrieved from /home/vscode/.local/lib/python3.10/site-packages/airflow/example_dags/example_short_circuit_decorator.py
[2025-11-17T04:05:22.281+0000] {logging_mixin.py:150} INFO - [2025-11-17T04:05:22.281+0000] {dag.py:2742} INFO - Sync 1 DAGs
[2025-11-17T04:05:22.294+0000] {logging_mixin.py:150} INFO - [2025-11-17T04:05:22.294+0000] {dag.py:3504} INFO - Setting next_dagrun for example_short_circuit_decorator to 2025-11-16T04:05:22.293911+00:00, run_after=2025-11-17T04:05:22.293911+00:00
[2025-11-17T04:05:22.309+0000] {processor.py:179} INFO - Processing /home/vscode/.local/lib/python3.10/site-packages/airflow/example_dags/example_short_circuit_decorator.py took 0.051 seconds
[2025-11-17T04:06:06.644+0000] {processor.py:157} INFO - Started process (PID=24975) to work on /home/vscode/.local/lib/python3.10/site-packages/airflow/example_dags/example_short_circuit_decorator.py
[2025-11-17T04:06:06.644+0000] {processor.py:826} INFO - Processing file /home/vscode/.local/lib/python3.10/site-packages/airflow/example_dags/example_short_circuit_decorator.py for tasks to queue
[2025-11-17T04:06:06.645+0000] {logging_mixin.py:150} INFO - [2025-11-17T04:06:06.645+0000] {dagbag.py:541} INFO - Filling up the DagBag from /home/vscode/.local/lib/python3.10/site-packages/airflow/example_dags/example_short_circuit_decorator.py
[2025-11-17T04:06:06.652+0000] {processor.py:836} INFO - DAG(s) dict_keys(['example_short_circuit_decorator']) retrieved from /home/vscode/.local/lib/python3.10/site-packages/airflow/example_dags/example_short_circuit_decorator.py
[2025-11-17T04:06:06.664+0000] {logging_mixin.py:150} INFO - [2025-11-17T04:06:06.664+0000] {dag.py:2742} INFO - Sync 1 DAGs
[2025-11-17T04:06:06.678+0000] {logging_mixin.py:150} INFO - [2025-11-17T04:06:06.678+0000] {dag.py:3504} INFO - Setting next_dagrun for example_short_circuit_decorator to 2025-11-16T04:06:06.678504+00:00, run_after=2025-11-17T04:06:06.678504+00:00
[2025-11-17T04:06:06.694+0000] {processor.py:179} INFO - Processing /home/vscode/.local/lib/python3.10/site-packages/airflow/example_dags/example_short_circuit_decorator.py took 0.052 seconds
[2025-11-17T04:06:53.185+0000] {processor.py:157} INFO - Started process (PID=25372) to work on /home/vscode/.local/lib/python3.10/site-packages/airflow/example_dags/example_short_circuit_decorator.py
[2025-11-17T04:06:53.185+0000] {processor.py:826} INFO - Processing file /home/vscode/.local/lib/python3.10/site-packages/airflow/example_dags/example_short_circuit_decorator.py for tasks to queue
[2025-11-17T04:06:53.186+0000] {logging_mixin.py:150} INFO - [2025-11-17T04:06:53.186+0000] {dagbag.py:541} INFO - Filling up the DagBag from /home/vscode/.local/lib/python3.10/site-packages/airflow/example_dags/example_short_circuit_decorator.py
[2025-11-17T04:06:53.193+0000] {processor.py:836} INFO - DAG(s) dict_keys(['example_short_circuit_decorator']) retrieved from /home/vscode/.local/lib/python3.10/site-packages/airflow/example_dags/example_short_circuit_decorator.py
[2025-11-17T04:06:53.206+0000] {logging_mixin.py:150} INFO - [2025-11-17T04:06:53.206+0000] {dag.py:2742} INFO - Sync 1 DAGs
[2025-11-17T04:06:53.222+0000] {logging_mixin.py:150} INFO - [2025-11-17T04:06:53.221+0000] {dag.py:3504} INFO - Setting next_dagrun for example_short_circuit_decorator to 2025-11-16T04:06:53.221740+00:00, run_after=2025-11-17T04:06:53.221740+00:00
[2025-11-17T04:06:53.237+0000] {processor.py:179} INFO - Processing /home/vscode/.local/lib/python3.10/site-packages/airflow/example_dags/example_short_circuit_decorator.py took 0.054 seconds
[2025-11-17T04:07:35.726+0000] {processor.py:157} INFO - Started process (PID=25659) to work on /home/vscode/.local/lib/python3.10/site-packages/airflow/example_dags/example_short_circuit_decorator.py
[2025-11-17T04:07:35.727+0000] {processor.py:826} INFO - Processing file /home/vscode/.local/lib/python3.10/site-packages/airflow/example_dags/example_short_circuit_decorator.py for tasks to queue
[2025-11-17T04:07:35.728+0000] {logging_mixin.py:150} INFO - [2025-11-17T04:07:35.727+0000] {dagbag.py:541} INFO - Filling up the DagBag from /home/vscode/.local/lib/python3.10/site-packages/airflow/example_dags/example_short_circuit_decorator.py
[2025-11-17T04:07:35.736+0000] {processor.py:836} INFO - DAG(s) dict_keys(['example_short_circuit_decorator']) retrieved from /home/vscode/.local/lib/python3.10/site-packages/airflow/example_dags/example_short_circuit_decorator.py
[2025-11-17T04:07:35.758+0000] {logging_mixin.py:150} INFO - [2025-11-17T04:07:35.758+0000] {dag.py:2742} INFO - Sync 1 DAGs
[2025-11-17T04:07:35.789+0000] {logging_mixin.py:150} INFO - [2025-11-17T04:07:35.789+0000] {dag.py:3504} INFO - Setting next_dagrun for example_short_circuit_decorator to 2025-11-16T04:07:35.788995+00:00, run_after=2025-11-17T04:07:35.788995+00:00
[2025-11-17T04:07:35.824+0000] {processor.py:179} INFO - Processing /home/vscode/.local/lib/python3.10/site-packages/airflow/example_dags/example_short_circuit_decorator.py took 0.099 seconds
[2025-11-17T04:08:20.228+0000] {processor.py:157} INFO - Started process (PID=26056) to work on /home/vscode/.local/lib/python3.10/site-packages/airflow/example_dags/example_short_circuit_decorator.py
[2025-11-17T04:08:20.228+0000] {processor.py:826} INFO - Processing file /home/vscode/.local/lib/python3.10/site-packages/airflow/example_dags/example_short_circuit_decorator.py for tasks to queue
[2025-11-17T04:08:20.229+0000] {logging_mixin.py:150} INFO - [2025-11-17T04:08:20.229+0000] {dagbag.py:541} INFO - Filling up the DagBag from /home/vscode/.local/lib/python3.10/site-packages/airflow/example_dags/example_short_circuit_decorator.py
[2025-11-17T04:08:20.235+0000] {processor.py:836} INFO - DAG(s) dict_keys(['example_short_circuit_decorator']) retrieved from /home/vscode/.local/lib/python3.10/site-packages/airflow/example_dags/example_short_circuit_decorator.py
[2025-11-17T04:08:20.247+0000] {logging_mixin.py:150} INFO - [2025-11-17T04:08:20.247+0000] {dag.py:2742} INFO - Sync 1 DAGs
[2025-11-17T04:08:20.261+0000] {logging_mixin.py:150} INFO - [2025-11-17T04:08:20.261+0000] {dag.py:3504} INFO - Setting next_dagrun for example_short_circuit_decorator to 2025-11-16T04:08:20.260927+00:00, run_after=2025-11-17T04:08:20.260927+00:00
[2025-11-17T04:08:20.275+0000] {processor.py:179} INFO - Processing /home/vscode/.local/lib/python3.10/site-packages/airflow/example_dags/example_short_circuit_decorator.py took 0.049 seconds
[2025-11-17T04:09:03.111+0000] {processor.py:157} INFO - Started process (PID=26344) to work on /home/vscode/.local/lib/python3.10/site-packages/airflow/example_dags/example_short_circuit_decorator.py
[2025-11-17T04:09:03.112+0000] {processor.py:826} INFO - Processing file /home/vscode/.local/lib/python3.10/site-packages/airflow/example_dags/example_short_circuit_decorator.py for tasks to queue
[2025-11-17T04:09:03.112+0000] {logging_mixin.py:150} INFO - [2025-11-17T04:09:03.112+0000] {dagbag.py:541} INFO - Filling up the DagBag from /home/vscode/.local/lib/python3.10/site-packages/airflow/example_dags/example_short_circuit_decorator.py
[2025-11-17T04:09:03.119+0000] {processor.py:836} INFO - DAG(s) dict_keys(['example_short_circuit_decorator']) retrieved from /home/vscode/.local/lib/python3.10/site-packages/airflow/example_dags/example_short_circuit_decorator.py
[2025-11-17T04:09:03.131+0000] {logging_mixin.py:150} INFO - [2025-11-17T04:09:03.131+0000] {dag.py:2742} INFO - Sync 1 DAGs
[2025-11-17T04:09:03.145+0000] {logging_mixin.py:150} INFO - [2025-11-17T04:09:03.145+0000] {dag.py:3504} INFO - Setting next_dagrun for example_short_circuit_decorator to 2025-11-16T04:09:03.144936+00:00, run_after=2025-11-17T04:09:03.144936+00:00
[2025-11-17T04:09:03.159+0000] {processor.py:179} INFO - Processing /home/vscode/.local/lib/python3.10/site-packages/airflow/example_dags/example_short_circuit_decorator.py took 0.050 seconds
[2025-11-17T04:09:45.259+0000] {processor.py:157} INFO - Started process (PID=26663) to work on /home/vscode/.local/lib/python3.10/site-packages/airflow/example_dags/example_short_circuit_decorator.py
[2025-11-17T04:09:45.260+0000] {processor.py:826} INFO - Processing file /home/vscode/.local/lib/python3.10/site-packages/airflow/example_dags/example_short_circuit_decorator.py for tasks to queue
[2025-11-17T04:09:45.260+0000] {logging_mixin.py:150} INFO - [2025-11-17T04:09:45.260+0000] {dagbag.py:541} INFO - Filling up the DagBag from /home/vscode/.local/lib/python3.10/site-packages/airflow/example_dags/example_short_circuit_decorator.py
[2025-11-17T04:09:45.267+0000] {processor.py:836} INFO - DAG(s) dict_keys(['example_short_circuit_decorator']) retrieved from /home/vscode/.local/lib/python3.10/site-packages/airflow/example_dags/example_short_circuit_decorator.py
[2025-11-17T04:09:45.279+0000] {logging_mixin.py:150} INFO - [2025-11-17T04:09:45.279+0000] {dag.py:2742} INFO - Sync 1 DAGs
[2025-11-17T04:09:45.293+0000] {logging_mixin.py:150} INFO - [2025-11-17T04:09:45.293+0000] {dag.py:3504} INFO - Setting next_dagrun for example_short_circuit_decorator to 2025-11-16T04:09:45.293070+00:00, run_after=2025-11-17T04:09:45.293070+00:00
[2025-11-17T04:09:45.308+0000] {processor.py:179} INFO - Processing /home/vscode/.local/lib/python3.10/site-packages/airflow/example_dags/example_short_circuit_decorator.py took 0.050 seconds
[2025-11-17T04:10:30.476+0000] {processor.py:157} INFO - Started process (PID=26964) to work on /home/vscode/.local/lib/python3.10/site-packages/airflow/example_dags/example_short_circuit_decorator.py
[2025-11-17T04:10:30.477+0000] {processor.py:826} INFO - Processing file /home/vscode/.local/lib/python3.10/site-packages/airflow/example_dags/example_short_circuit_decorator.py for tasks to queue
[2025-11-17T04:10:30.477+0000] {logging_mixin.py:150} INFO - [2025-11-17T04:10:30.477+0000] {dagbag.py:541} INFO - Filling up the DagBag from /home/vscode/.local/lib/python3.10/site-packages/airflow/example_dags/example_short_circuit_decorator.py
[2025-11-17T04:10:30.484+0000] {processor.py:836} INFO - DAG(s) dict_keys(['example_short_circuit_decorator']) retrieved from /home/vscode/.local/lib/python3.10/site-packages/airflow/example_dags/example_short_circuit_decorator.py
[2025-11-17T04:10:30.496+0000] {logging_mixin.py:150} INFO - [2025-11-17T04:10:30.496+0000] {dag.py:2742} INFO - Sync 1 DAGs
[2025-11-17T04:10:30.509+0000] {logging_mixin.py:150} INFO - [2025-11-17T04:10:30.509+0000] {dag.py:3504} INFO - Setting next_dagrun for example_short_circuit_decorator to 2025-11-16T04:10:30.509649+00:00, run_after=2025-11-17T04:10:30.509649+00:00
[2025-11-17T04:10:30.524+0000] {processor.py:179} INFO - Processing /home/vscode/.local/lib/python3.10/site-packages/airflow/example_dags/example_short_circuit_decorator.py took 0.050 seconds
[2025-11-17T04:11:09.846+0000] {processor.py:157} INFO - Started process (PID=27227) to work on /home/vscode/.local/lib/python3.10/site-packages/airflow/example_dags/example_short_circuit_decorator.py
[2025-11-17T04:11:09.846+0000] {processor.py:826} INFO - Processing file /home/vscode/.local/lib/python3.10/site-packages/airflow/example_dags/example_short_circuit_decorator.py for tasks to queue
[2025-11-17T04:11:09.847+0000] {logging_mixin.py:150} INFO - [2025-11-17T04:11:09.847+0000] {dagbag.py:541} INFO - Filling up the DagBag from /home/vscode/.local/lib/python3.10/site-packages/airflow/example_dags/example_short_circuit_decorator.py
[2025-11-17T04:11:09.854+0000] {processor.py:836} INFO - DAG(s) dict_keys(['example_short_circuit_decorator']) retrieved from /home/vscode/.local/lib/python3.10/site-packages/airflow/example_dags/example_short_circuit_decorator.py
[2025-11-17T04:11:09.871+0000] {logging_mixin.py:150} INFO - [2025-11-17T04:11:09.871+0000] {dag.py:2742} INFO - Sync 1 DAGs
[2025-11-17T04:11:09.893+0000] {logging_mixin.py:150} INFO - [2025-11-17T04:11:09.892+0000] {dag.py:3504} INFO - Setting next_dagrun for example_short_circuit_decorator to 2025-11-16T04:11:09.892606+00:00, run_after=2025-11-17T04:11:09.892606+00:00
[2025-11-17T04:11:09.912+0000] {processor.py:179} INFO - Processing /home/vscode/.local/lib/python3.10/site-packages/airflow/example_dags/example_short_circuit_decorator.py took 0.068 seconds
[2025-11-17T04:11:52.705+0000] {processor.py:157} INFO - Started process (PID=27526) to work on /home/vscode/.local/lib/python3.10/site-packages/airflow/example_dags/example_short_circuit_decorator.py
[2025-11-17T04:11:52.706+0000] {processor.py:826} INFO - Processing file /home/vscode/.local/lib/python3.10/site-packages/airflow/example_dags/example_short_circuit_decorator.py for tasks to queue
[2025-11-17T04:11:52.706+0000] {logging_mixin.py:150} INFO - [2025-11-17T04:11:52.706+0000] {dagbag.py:541} INFO - Filling up the DagBag from /home/vscode/.local/lib/python3.10/site-packages/airflow/example_dags/example_short_circuit_decorator.py
[2025-11-17T04:11:52.713+0000] {processor.py:836} INFO - DAG(s) dict_keys(['example_short_circuit_decorator']) retrieved from /home/vscode/.local/lib/python3.10/site-packages/airflow/example_dags/example_short_circuit_decorator.py
[2025-11-17T04:11:52.727+0000] {logging_mixin.py:150} INFO - [2025-11-17T04:11:52.726+0000] {dag.py:2742} INFO - Sync 1 DAGs
[2025-11-17T04:11:52.740+0000] {logging_mixin.py:150} INFO - [2025-11-17T04:11:52.740+0000] {dag.py:3504} INFO - Setting next_dagrun for example_short_circuit_decorator to 2025-11-16T04:11:52.740366+00:00, run_after=2025-11-17T04:11:52.740366+00:00
[2025-11-17T04:11:52.755+0000] {processor.py:179} INFO - Processing /home/vscode/.local/lib/python3.10/site-packages/airflow/example_dags/example_short_circuit_decorator.py took 0.052 seconds
[2025-11-17T04:12:40.070+0000] {processor.py:157} INFO - Started process (PID=27855) to work on /home/vscode/.local/lib/python3.10/site-packages/airflow/example_dags/example_short_circuit_decorator.py
[2025-11-17T04:12:40.071+0000] {processor.py:826} INFO - Processing file /home/vscode/.local/lib/python3.10/site-packages/airflow/example_dags/example_short_circuit_decorator.py for tasks to queue
[2025-11-17T04:12:40.071+0000] {logging_mixin.py:150} INFO - [2025-11-17T04:12:40.071+0000] {dagbag.py:541} INFO - Filling up the DagBag from /home/vscode/.local/lib/python3.10/site-packages/airflow/example_dags/example_short_circuit_decorator.py
[2025-11-17T04:12:40.078+0000] {processor.py:836} INFO - DAG(s) dict_keys(['example_short_circuit_decorator']) retrieved from /home/vscode/.local/lib/python3.10/site-packages/airflow/example_dags/example_short_circuit_decorator.py
[2025-11-17T04:12:40.091+0000] {logging_mixin.py:150} INFO - [2025-11-17T04:12:40.091+0000] {dag.py:2742} INFO - Sync 1 DAGs
[2025-11-17T04:12:40.104+0000] {logging_mixin.py:150} INFO - [2025-11-17T04:12:40.104+0000] {dag.py:3504} INFO - Setting next_dagrun for example_short_circuit_decorator to 2025-11-16T04:12:40.104042+00:00, run_after=2025-11-17T04:12:40.104042+00:00
[2025-11-17T04:12:40.117+0000] {processor.py:179} INFO - Processing /home/vscode/.local/lib/python3.10/site-packages/airflow/example_dags/example_short_circuit_decorator.py took 0.049 seconds
[2025-11-17T04:13:27.547+0000] {processor.py:157} INFO - Started process (PID=28241) to work on /home/vscode/.local/lib/python3.10/site-packages/airflow/example_dags/example_short_circuit_decorator.py
[2025-11-17T04:13:27.548+0000] {processor.py:826} INFO - Processing file /home/vscode/.local/lib/python3.10/site-packages/airflow/example_dags/example_short_circuit_decorator.py for tasks to queue
[2025-11-17T04:13:27.548+0000] {logging_mixin.py:150} INFO - [2025-11-17T04:13:27.548+0000] {dagbag.py:541} INFO - Filling up the DagBag from /home/vscode/.local/lib/python3.10/site-packages/airflow/example_dags/example_short_circuit_decorator.py
[2025-11-17T04:13:27.555+0000] {processor.py:836} INFO - DAG(s) dict_keys(['example_short_circuit_decorator']) retrieved from /home/vscode/.local/lib/python3.10/site-packages/airflow/example_dags/example_short_circuit_decorator.py
[2025-11-17T04:13:27.567+0000] {logging_mixin.py:150} INFO - [2025-11-17T04:13:27.567+0000] {dag.py:2742} INFO - Sync 1 DAGs
[2025-11-17T04:13:27.580+0000] {logging_mixin.py:150} INFO - [2025-11-17T04:13:27.580+0000] {dag.py:3504} INFO - Setting next_dagrun for example_short_circuit_decorator to 2025-11-16T04:13:27.580596+00:00, run_after=2025-11-17T04:13:27.580596+00:00
[2025-11-17T04:13:27.594+0000] {processor.py:179} INFO - Processing /home/vscode/.local/lib/python3.10/site-packages/airflow/example_dags/example_short_circuit_decorator.py took 0.049 seconds
[2025-11-17T04:14:22.624+0000] {processor.py:157} INFO - Started process (PID=28622) to work on /home/vscode/.local/lib/python3.10/site-packages/airflow/example_dags/example_short_circuit_decorator.py
[2025-11-17T04:14:22.625+0000] {processor.py:826} INFO - Processing file /home/vscode/.local/lib/python3.10/site-packages/airflow/example_dags/example_short_circuit_decorator.py for tasks to queue
[2025-11-17T04:14:22.625+0000] {logging_mixin.py:150} INFO - [2025-11-17T04:14:22.625+0000] {dagbag.py:541} INFO - Filling up the DagBag from /home/vscode/.local/lib/python3.10/site-packages/airflow/example_dags/example_short_circuit_decorator.py
[2025-11-17T04:14:22.632+0000] {processor.py:836} INFO - DAG(s) dict_keys(['example_short_circuit_decorator']) retrieved from /home/vscode/.local/lib/python3.10/site-packages/airflow/example_dags/example_short_circuit_decorator.py
[2025-11-17T04:14:22.644+0000] {logging_mixin.py:150} INFO - [2025-11-17T04:14:22.644+0000] {dag.py:2742} INFO - Sync 1 DAGs
[2025-11-17T04:14:22.656+0000] {logging_mixin.py:150} INFO - [2025-11-17T04:14:22.656+0000] {dag.py:3504} INFO - Setting next_dagrun for example_short_circuit_decorator to 2025-11-16T04:14:22.656595+00:00, run_after=2025-11-17T04:14:22.656595+00:00
[2025-11-17T04:14:22.670+0000] {processor.py:179} INFO - Processing /home/vscode/.local/lib/python3.10/site-packages/airflow/example_dags/example_short_circuit_decorator.py took 0.048 seconds
[2025-11-17T04:15:08.295+0000] {processor.py:157} INFO - Started process (PID=28995) to work on /home/vscode/.local/lib/python3.10/site-packages/airflow/example_dags/example_short_circuit_decorator.py
[2025-11-17T04:15:08.295+0000] {processor.py:826} INFO - Processing file /home/vscode/.local/lib/python3.10/site-packages/airflow/example_dags/example_short_circuit_decorator.py for tasks to queue
[2025-11-17T04:15:08.296+0000] {logging_mixin.py:150} INFO - [2025-11-17T04:15:08.295+0000] {dagbag.py:541} INFO - Filling up the DagBag from /home/vscode/.local/lib/python3.10/site-packages/airflow/example_dags/example_short_circuit_decorator.py
[2025-11-17T04:15:08.303+0000] {processor.py:836} INFO - DAG(s) dict_keys(['example_short_circuit_decorator']) retrieved from /home/vscode/.local/lib/python3.10/site-packages/airflow/example_dags/example_short_circuit_decorator.py
[2025-11-17T04:15:08.315+0000] {logging_mixin.py:150} INFO - [2025-11-17T04:15:08.315+0000] {dag.py:2742} INFO - Sync 1 DAGs
[2025-11-17T04:15:08.329+0000] {logging_mixin.py:150} INFO - [2025-11-17T04:15:08.329+0000] {dag.py:3504} INFO - Setting next_dagrun for example_short_circuit_decorator to 2025-11-16T04:15:08.328904+00:00, run_after=2025-11-17T04:15:08.328904+00:00
[2025-11-17T04:15:08.343+0000] {processor.py:179} INFO - Processing /home/vscode/.local/lib/python3.10/site-packages/airflow/example_dags/example_short_circuit_decorator.py took 0.051 seconds
[2025-11-17T04:15:58.415+0000] {processor.py:157} INFO - Started process (PID=29447) to work on /home/vscode/.local/lib/python3.10/site-packages/airflow/example_dags/example_short_circuit_decorator.py
[2025-11-17T04:15:58.415+0000] {processor.py:826} INFO - Processing file /home/vscode/.local/lib/python3.10/site-packages/airflow/example_dags/example_short_circuit_decorator.py for tasks to queue
[2025-11-17T04:15:58.416+0000] {logging_mixin.py:150} INFO - [2025-11-17T04:15:58.416+0000] {dagbag.py:541} INFO - Filling up the DagBag from /home/vscode/.local/lib/python3.10/site-packages/airflow/example_dags/example_short_circuit_decorator.py
[2025-11-17T04:15:58.423+0000] {processor.py:836} INFO - DAG(s) dict_keys(['example_short_circuit_decorator']) retrieved from /home/vscode/.local/lib/python3.10/site-packages/airflow/example_dags/example_short_circuit_decorator.py
[2025-11-17T04:15:58.436+0000] {logging_mixin.py:150} INFO - [2025-11-17T04:15:58.436+0000] {dag.py:2742} INFO - Sync 1 DAGs
[2025-11-17T04:15:58.451+0000] {logging_mixin.py:150} INFO - [2025-11-17T04:15:58.451+0000] {dag.py:3504} INFO - Setting next_dagrun for example_short_circuit_decorator to 2025-11-16T04:15:58.451096+00:00, run_after=2025-11-17T04:15:58.451096+00:00
[2025-11-17T04:15:58.466+0000] {processor.py:179} INFO - Processing /home/vscode/.local/lib/python3.10/site-packages/airflow/example_dags/example_short_circuit_decorator.py took 0.053 seconds
[2025-11-17T04:16:41.262+0000] {processor.py:157} INFO - Started process (PID=29732) to work on /home/vscode/.local/lib/python3.10/site-packages/airflow/example_dags/example_short_circuit_decorator.py
[2025-11-17T04:16:41.262+0000] {processor.py:826} INFO - Processing file /home/vscode/.local/lib/python3.10/site-packages/airflow/example_dags/example_short_circuit_decorator.py for tasks to queue
[2025-11-17T04:16:41.263+0000] {logging_mixin.py:150} INFO - [2025-11-17T04:16:41.263+0000] {dagbag.py:541} INFO - Filling up the DagBag from /home/vscode/.local/lib/python3.10/site-packages/airflow/example_dags/example_short_circuit_decorator.py
[2025-11-17T04:16:41.269+0000] {processor.py:836} INFO - DAG(s) dict_keys(['example_short_circuit_decorator']) retrieved from /home/vscode/.local/lib/python3.10/site-packages/airflow/example_dags/example_short_circuit_decorator.py
[2025-11-17T04:16:41.281+0000] {logging_mixin.py:150} INFO - [2025-11-17T04:16:41.281+0000] {dag.py:2742} INFO - Sync 1 DAGs
[2025-11-17T04:16:41.294+0000] {logging_mixin.py:150} INFO - [2025-11-17T04:16:41.294+0000] {dag.py:3504} INFO - Setting next_dagrun for example_short_circuit_decorator to 2025-11-16T04:16:41.293887+00:00, run_after=2025-11-17T04:16:41.293887+00:00
[2025-11-17T04:16:41.308+0000] {processor.py:179} INFO - Processing /home/vscode/.local/lib/python3.10/site-packages/airflow/example_dags/example_short_circuit_decorator.py took 0.049 seconds
[2025-11-17T04:17:39.198+0000] {processor.py:157} INFO - Started process (PID=30195) to work on /home/vscode/.local/lib/python3.10/site-packages/airflow/example_dags/example_short_circuit_decorator.py
[2025-11-17T04:17:39.199+0000] {processor.py:826} INFO - Processing file /home/vscode/.local/lib/python3.10/site-packages/airflow/example_dags/example_short_circuit_decorator.py for tasks to queue
[2025-11-17T04:17:39.199+0000] {logging_mixin.py:150} INFO - [2025-11-17T04:17:39.199+0000] {dagbag.py:541} INFO - Filling up the DagBag from /home/vscode/.local/lib/python3.10/site-packages/airflow/example_dags/example_short_circuit_decorator.py
[2025-11-17T04:17:39.206+0000] {processor.py:836} INFO - DAG(s) dict_keys(['example_short_circuit_decorator']) retrieved from /home/vscode/.local/lib/python3.10/site-packages/airflow/example_dags/example_short_circuit_decorator.py
[2025-11-17T04:17:39.219+0000] {logging_mixin.py:150} INFO - [2025-11-17T04:17:39.219+0000] {dag.py:2742} INFO - Sync 1 DAGs
[2025-11-17T04:17:39.232+0000] {logging_mixin.py:150} INFO - [2025-11-17T04:17:39.232+0000] {dag.py:3504} INFO - Setting next_dagrun for example_short_circuit_decorator to 2025-11-16T04:17:39.232485+00:00, run_after=2025-11-17T04:17:39.232485+00:00
[2025-11-17T04:17:39.247+0000] {processor.py:179} INFO - Processing /home/vscode/.local/lib/python3.10/site-packages/airflow/example_dags/example_short_circuit_decorator.py took 0.051 seconds
[2025-11-17T04:18:25.590+0000] {processor.py:157} INFO - Started process (PID=30565) to work on /home/vscode/.local/lib/python3.10/site-packages/airflow/example_dags/example_short_circuit_decorator.py
[2025-11-17T04:18:25.590+0000] {processor.py:826} INFO - Processing file /home/vscode/.local/lib/python3.10/site-packages/airflow/example_dags/example_short_circuit_decorator.py for tasks to queue
[2025-11-17T04:18:25.591+0000] {logging_mixin.py:150} INFO - [2025-11-17T04:18:25.591+0000] {dagbag.py:541} INFO - Filling up the DagBag from /home/vscode/.local/lib/python3.10/site-packages/airflow/example_dags/example_short_circuit_decorator.py
[2025-11-17T04:18:25.598+0000] {processor.py:836} INFO - DAG(s) dict_keys(['example_short_circuit_decorator']) retrieved from /home/vscode/.local/lib/python3.10/site-packages/airflow/example_dags/example_short_circuit_decorator.py
[2025-11-17T04:18:25.610+0000] {logging_mixin.py:150} INFO - [2025-11-17T04:18:25.610+0000] {dag.py:2742} INFO - Sync 1 DAGs
[2025-11-17T04:18:25.623+0000] {logging_mixin.py:150} INFO - [2025-11-17T04:18:25.623+0000] {dag.py:3504} INFO - Setting next_dagrun for example_short_circuit_decorator to 2025-11-16T04:18:25.622997+00:00, run_after=2025-11-17T04:18:25.622997+00:00
[2025-11-17T04:18:25.637+0000] {processor.py:179} INFO - Processing /home/vscode/.local/lib/python3.10/site-packages/airflow/example_dags/example_short_circuit_decorator.py took 0.049 seconds
[2025-11-17T04:19:05.133+0000] {processor.py:157} INFO - Started process (PID=30889) to work on /home/vscode/.local/lib/python3.10/site-packages/airflow/example_dags/example_short_circuit_decorator.py
[2025-11-17T04:19:05.133+0000] {processor.py:826} INFO - Processing file /home/vscode/.local/lib/python3.10/site-packages/airflow/example_dags/example_short_circuit_decorator.py for tasks to queue
[2025-11-17T04:19:05.134+0000] {logging_mixin.py:150} INFO - [2025-11-17T04:19:05.133+0000] {dagbag.py:541} INFO - Filling up the DagBag from /home/vscode/.local/lib/python3.10/site-packages/airflow/example_dags/example_short_circuit_decorator.py
[2025-11-17T04:19:05.140+0000] {processor.py:836} INFO - DAG(s) dict_keys(['example_short_circuit_decorator']) retrieved from /home/vscode/.local/lib/python3.10/site-packages/airflow/example_dags/example_short_circuit_decorator.py
[2025-11-17T04:19:05.153+0000] {logging_mixin.py:150} INFO - [2025-11-17T04:19:05.153+0000] {dag.py:2742} INFO - Sync 1 DAGs
[2025-11-17T04:19:05.166+0000] {logging_mixin.py:150} INFO - [2025-11-17T04:19:05.166+0000] {dag.py:3504} INFO - Setting next_dagrun for example_short_circuit_decorator to 2025-11-16T04:19:05.166634+00:00, run_after=2025-11-17T04:19:05.166634+00:00
[2025-11-17T04:19:05.181+0000] {processor.py:179} INFO - Processing /home/vscode/.local/lib/python3.10/site-packages/airflow/example_dags/example_short_circuit_decorator.py took 0.050 seconds
[2025-11-17T04:19:45.865+0000] {processor.py:157} INFO - Started process (PID=31178) to work on /home/vscode/.local/lib/python3.10/site-packages/airflow/example_dags/example_short_circuit_decorator.py
[2025-11-17T04:19:45.865+0000] {processor.py:826} INFO - Processing file /home/vscode/.local/lib/python3.10/site-packages/airflow/example_dags/example_short_circuit_decorator.py for tasks to queue
[2025-11-17T04:19:45.866+0000] {logging_mixin.py:150} INFO - [2025-11-17T04:19:45.866+0000] {dagbag.py:541} INFO - Filling up the DagBag from /home/vscode/.local/lib/python3.10/site-packages/airflow/example_dags/example_short_circuit_decorator.py
[2025-11-17T04:19:45.873+0000] {processor.py:836} INFO - DAG(s) dict_keys(['example_short_circuit_decorator']) retrieved from /home/vscode/.local/lib/python3.10/site-packages/airflow/example_dags/example_short_circuit_decorator.py
[2025-11-17T04:19:45.886+0000] {logging_mixin.py:150} INFO - [2025-11-17T04:19:45.886+0000] {dag.py:2742} INFO - Sync 1 DAGs
[2025-11-17T04:19:45.900+0000] {logging_mixin.py:150} INFO - [2025-11-17T04:19:45.900+0000] {dag.py:3504} INFO - Setting next_dagrun for example_short_circuit_decorator to 2025-11-16T04:19:45.900331+00:00, run_after=2025-11-17T04:19:45.900331+00:00
[2025-11-17T04:19:45.916+0000] {processor.py:179} INFO - Processing /home/vscode/.local/lib/python3.10/site-packages/airflow/example_dags/example_short_circuit_decorator.py took 0.053 seconds
[2025-11-17T04:20:33.338+0000] {processor.py:157} INFO - Started process (PID=31652) to work on /home/vscode/.local/lib/python3.10/site-packages/airflow/example_dags/example_short_circuit_decorator.py
[2025-11-17T04:20:33.338+0000] {processor.py:826} INFO - Processing file /home/vscode/.local/lib/python3.10/site-packages/airflow/example_dags/example_short_circuit_decorator.py for tasks to queue
[2025-11-17T04:20:33.339+0000] {logging_mixin.py:150} INFO - [2025-11-17T04:20:33.339+0000] {dagbag.py:541} INFO - Filling up the DagBag from /home/vscode/.local/lib/python3.10/site-packages/airflow/example_dags/example_short_circuit_decorator.py
[2025-11-17T04:20:33.349+0000] {processor.py:836} INFO - DAG(s) dict_keys(['example_short_circuit_decorator']) retrieved from /home/vscode/.local/lib/python3.10/site-packages/airflow/example_dags/example_short_circuit_decorator.py
[2025-11-17T04:20:33.368+0000] {logging_mixin.py:150} INFO - [2025-11-17T04:20:33.368+0000] {dag.py:2742} INFO - Sync 1 DAGs
[2025-11-17T04:20:33.382+0000] {logging_mixin.py:150} INFO - [2025-11-17T04:20:33.381+0000] {dag.py:3504} INFO - Setting next_dagrun for example_short_circuit_decorator to 2025-11-16T04:20:33.381820+00:00, run_after=2025-11-17T04:20:33.381820+00:00
[2025-11-17T04:20:33.396+0000] {processor.py:179} INFO - Processing /home/vscode/.local/lib/python3.10/site-packages/airflow/example_dags/example_short_circuit_decorator.py took 0.061 seconds
[2025-11-17T04:21:23.085+0000] {processor.py:157} INFO - Started process (PID=31992) to work on /home/vscode/.local/lib/python3.10/site-packages/airflow/example_dags/example_short_circuit_decorator.py
[2025-11-17T04:21:23.086+0000] {processor.py:826} INFO - Processing file /home/vscode/.local/lib/python3.10/site-packages/airflow/example_dags/example_short_circuit_decorator.py for tasks to queue
[2025-11-17T04:21:23.087+0000] {logging_mixin.py:150} INFO - [2025-11-17T04:21:23.086+0000] {dagbag.py:541} INFO - Filling up the DagBag from /home/vscode/.local/lib/python3.10/site-packages/airflow/example_dags/example_short_circuit_decorator.py
[2025-11-17T04:21:23.094+0000] {processor.py:836} INFO - DAG(s) dict_keys(['example_short_circuit_decorator']) retrieved from /home/vscode/.local/lib/python3.10/site-packages/airflow/example_dags/example_short_circuit_decorator.py
[2025-11-17T04:21:23.107+0000] {logging_mixin.py:150} INFO - [2025-11-17T04:21:23.107+0000] {dag.py:2742} INFO - Sync 1 DAGs
[2025-11-17T04:21:23.121+0000] {logging_mixin.py:150} INFO - [2025-11-17T04:21:23.121+0000] {dag.py:3504} INFO - Setting next_dagrun for example_short_circuit_decorator to 2025-11-16T04:21:23.121586+00:00, run_after=2025-11-17T04:21:23.121586+00:00
[2025-11-17T04:21:23.137+0000] {processor.py:179} INFO - Processing /home/vscode/.local/lib/python3.10/site-packages/airflow/example_dags/example_short_circuit_decorator.py took 0.053 seconds
[2025-11-17T04:22:13.238+0000] {processor.py:157} INFO - Started process (PID=32326) to work on /home/vscode/.local/lib/python3.10/site-packages/airflow/example_dags/example_short_circuit_decorator.py
[2025-11-17T04:22:13.239+0000] {processor.py:826} INFO - Processing file /home/vscode/.local/lib/python3.10/site-packages/airflow/example_dags/example_short_circuit_decorator.py for tasks to queue
[2025-11-17T04:22:13.240+0000] {logging_mixin.py:150} INFO - [2025-11-17T04:22:13.239+0000] {dagbag.py:541} INFO - Filling up the DagBag from /home/vscode/.local/lib/python3.10/site-packages/airflow/example_dags/example_short_circuit_decorator.py
[2025-11-17T04:22:13.246+0000] {processor.py:836} INFO - DAG(s) dict_keys(['example_short_circuit_decorator']) retrieved from /home/vscode/.local/lib/python3.10/site-packages/airflow/example_dags/example_short_circuit_decorator.py
[2025-11-17T04:22:13.258+0000] {logging_mixin.py:150} INFO - [2025-11-17T04:22:13.258+0000] {dag.py:2742} INFO - Sync 1 DAGs
[2025-11-17T04:22:13.271+0000] {logging_mixin.py:150} INFO - [2025-11-17T04:22:13.271+0000] {dag.py:3504} INFO - Setting next_dagrun for example_short_circuit_decorator to 2025-11-16T04:22:13.271695+00:00, run_after=2025-11-17T04:22:13.271695+00:00
[2025-11-17T04:22:13.286+0000] {processor.py:179} INFO - Processing /home/vscode/.local/lib/python3.10/site-packages/airflow/example_dags/example_short_circuit_decorator.py took 0.050 seconds
[2025-11-17T04:22:59.515+0000] {processor.py:157} INFO - Started process (PID=32692) to work on /home/vscode/.local/lib/python3.10/site-packages/airflow/example_dags/example_short_circuit_decorator.py
[2025-11-17T04:22:59.516+0000] {processor.py:826} INFO - Processing file /home/vscode/.local/lib/python3.10/site-packages/airflow/example_dags/example_short_circuit_decorator.py for tasks to queue
[2025-11-17T04:22:59.517+0000] {logging_mixin.py:150} INFO - [2025-11-17T04:22:59.516+0000] {dagbag.py:541} INFO - Filling up the DagBag from /home/vscode/.local/lib/python3.10/site-packages/airflow/example_dags/example_short_circuit_decorator.py
[2025-11-17T04:22:59.523+0000] {processor.py:836} INFO - DAG(s) dict_keys(['example_short_circuit_decorator']) retrieved from /home/vscode/.local/lib/python3.10/site-packages/airflow/example_dags/example_short_circuit_decorator.py
[2025-11-17T04:22:59.536+0000] {logging_mixin.py:150} INFO - [2025-11-17T04:22:59.536+0000] {dag.py:2742} INFO - Sync 1 DAGs
[2025-11-17T04:22:59.549+0000] {logging_mixin.py:150} INFO - [2025-11-17T04:22:59.548+0000] {dag.py:3504} INFO - Setting next_dagrun for example_short_circuit_decorator to 2025-11-16T04:22:59.548838+00:00, run_after=2025-11-17T04:22:59.548838+00:00
[2025-11-17T04:22:59.563+0000] {processor.py:179} INFO - Processing /home/vscode/.local/lib/python3.10/site-packages/airflow/example_dags/example_short_circuit_decorator.py took 0.049 seconds
[2025-11-17T04:23:46.077+0000] {processor.py:157} INFO - Started process (PID=33085) to work on /home/vscode/.local/lib/python3.10/site-packages/airflow/example_dags/example_short_circuit_decorator.py
[2025-11-17T04:23:46.078+0000] {processor.py:826} INFO - Processing file /home/vscode/.local/lib/python3.10/site-packages/airflow/example_dags/example_short_circuit_decorator.py for tasks to queue
[2025-11-17T04:23:46.079+0000] {logging_mixin.py:150} INFO - [2025-11-17T04:23:46.078+0000] {dagbag.py:541} INFO - Filling up the DagBag from /home/vscode/.local/lib/python3.10/site-packages/airflow/example_dags/example_short_circuit_decorator.py
[2025-11-17T04:23:46.086+0000] {processor.py:836} INFO - DAG(s) dict_keys(['example_short_circuit_decorator']) retrieved from /home/vscode/.local/lib/python3.10/site-packages/airflow/example_dags/example_short_circuit_decorator.py
[2025-11-17T04:23:46.099+0000] {logging_mixin.py:150} INFO - [2025-11-17T04:23:46.099+0000] {dag.py:2742} INFO - Sync 1 DAGs
[2025-11-17T04:23:46.113+0000] {logging_mixin.py:150} INFO - [2025-11-17T04:23:46.113+0000] {dag.py:3504} INFO - Setting next_dagrun for example_short_circuit_decorator to 2025-11-16T04:23:46.113400+00:00, run_after=2025-11-17T04:23:46.113400+00:00
[2025-11-17T04:23:46.129+0000] {processor.py:179} INFO - Processing /home/vscode/.local/lib/python3.10/site-packages/airflow/example_dags/example_short_circuit_decorator.py took 0.053 seconds
[2025-11-17T04:24:36.557+0000] {processor.py:157} INFO - Started process (PID=33488) to work on /home/vscode/.local/lib/python3.10/site-packages/airflow/example_dags/example_short_circuit_decorator.py
[2025-11-17T04:24:36.558+0000] {processor.py:826} INFO - Processing file /home/vscode/.local/lib/python3.10/site-packages/airflow/example_dags/example_short_circuit_decorator.py for tasks to queue
[2025-11-17T04:24:36.559+0000] {logging_mixin.py:150} INFO - [2025-11-17T04:24:36.558+0000] {dagbag.py:541} INFO - Filling up the DagBag from /home/vscode/.local/lib/python3.10/site-packages/airflow/example_dags/example_short_circuit_decorator.py
[2025-11-17T04:24:36.568+0000] {processor.py:836} INFO - DAG(s) dict_keys(['example_short_circuit_decorator']) retrieved from /home/vscode/.local/lib/python3.10/site-packages/airflow/example_dags/example_short_circuit_decorator.py
[2025-11-17T04:24:36.586+0000] {logging_mixin.py:150} INFO - [2025-11-17T04:24:36.586+0000] {dag.py:2742} INFO - Sync 1 DAGs
[2025-11-17T04:24:36.605+0000] {logging_mixin.py:150} INFO - [2025-11-17T04:24:36.605+0000] {dag.py:3504} INFO - Setting next_dagrun for example_short_circuit_decorator to 2025-11-16T04:24:36.605303+00:00, run_after=2025-11-17T04:24:36.605303+00:00
[2025-11-17T04:24:36.624+0000] {processor.py:179} INFO - Processing /home/vscode/.local/lib/python3.10/site-packages/airflow/example_dags/example_short_circuit_decorator.py took 0.070 seconds
[2025-11-17T04:25:24.591+0000] {processor.py:157} INFO - Started process (PID=33906) to work on /home/vscode/.local/lib/python3.10/site-packages/airflow/example_dags/example_short_circuit_decorator.py
[2025-11-17T04:25:24.591+0000] {processor.py:826} INFO - Processing file /home/vscode/.local/lib/python3.10/site-packages/airflow/example_dags/example_short_circuit_decorator.py for tasks to queue
[2025-11-17T04:25:24.592+0000] {logging_mixin.py:150} INFO - [2025-11-17T04:25:24.592+0000] {dagbag.py:541} INFO - Filling up the DagBag from /home/vscode/.local/lib/python3.10/site-packages/airflow/example_dags/example_short_circuit_decorator.py
[2025-11-17T04:25:24.599+0000] {processor.py:836} INFO - DAG(s) dict_keys(['example_short_circuit_decorator']) retrieved from /home/vscode/.local/lib/python3.10/site-packages/airflow/example_dags/example_short_circuit_decorator.py
[2025-11-17T04:25:24.611+0000] {logging_mixin.py:150} INFO - [2025-11-17T04:25:24.611+0000] {dag.py:2742} INFO - Sync 1 DAGs
[2025-11-17T04:25:24.625+0000] {logging_mixin.py:150} INFO - [2025-11-17T04:25:24.625+0000] {dag.py:3504} INFO - Setting next_dagrun for example_short_circuit_decorator to 2025-11-16T04:25:24.625365+00:00, run_after=2025-11-17T04:25:24.625365+00:00
[2025-11-17T04:25:24.641+0000] {processor.py:179} INFO - Processing /home/vscode/.local/lib/python3.10/site-packages/airflow/example_dags/example_short_circuit_decorator.py took 0.052 seconds
