[2025-11-17T03:52:39.564+0000] {processor.py:157} INFO - Started process (PID=19208) to work on /home/vscode/.local/lib/python3.10/site-packages/airflow/example_dags/tutorial.py
[2025-11-17T03:52:39.564+0000] {processor.py:826} INFO - Processing file /home/vscode/.local/lib/python3.10/site-packages/airflow/example_dags/tutorial.py for tasks to queue
[2025-11-17T03:52:39.565+0000] {logging_mixin.py:150} INFO - [2025-11-17T03:52:39.565+0000] {dagbag.py:541} INFO - Filling up the DagBag from /home/vscode/.local/lib/python3.10/site-packages/airflow/example_dags/tutorial.py
[2025-11-17T03:52:39.573+0000] {processor.py:836} INFO - DAG(s) dict_keys(['tutorial']) retrieved from /home/vscode/.local/lib/python3.10/site-packages/airflow/example_dags/tutorial.py
[2025-11-17T03:52:39.659+0000] {logging_mixin.py:150} INFO - [2025-11-17T03:52:39.659+0000] {manager.py:504} INFO - Created Permission View: can delete on DAG:tutorial
[2025-11-17T03:52:39.669+0000] {logging_mixin.py:150} INFO - [2025-11-17T03:52:39.669+0000] {manager.py:504} INFO - Created Permission View: can edit on DAG:tutorial
[2025-11-17T03:52:39.676+0000] {logging_mixin.py:150} INFO - [2025-11-17T03:52:39.676+0000] {manager.py:504} INFO - Created Permission View: can read on DAG:tutorial
[2025-11-17T03:52:39.684+0000] {logging_mixin.py:150} INFO - [2025-11-17T03:52:39.684+0000] {dag.py:2742} INFO - Sync 1 DAGs
[2025-11-17T03:52:39.690+0000] {logging_mixin.py:150} INFO - [2025-11-17T03:52:39.690+0000] {dag.py:2763} INFO - Creating ORM DAG for tutorial
[2025-11-17T03:52:39.696+0000] {logging_mixin.py:150} INFO - [2025-11-17T03:52:39.696+0000] {dag.py:3504} INFO - Setting next_dagrun for tutorial to 2025-11-16T03:52:39.696022+00:00, run_after=2025-11-17T03:52:39.696022+00:00
[2025-11-17T03:52:39.710+0000] {processor.py:179} INFO - Processing /home/vscode/.local/lib/python3.10/site-packages/airflow/example_dags/tutorial.py took 0.148 seconds
[2025-11-17T03:53:27.508+0000] {processor.py:157} INFO - Started process (PID=19518) to work on /home/vscode/.local/lib/python3.10/site-packages/airflow/example_dags/tutorial.py
[2025-11-17T03:53:27.509+0000] {processor.py:826} INFO - Processing file /home/vscode/.local/lib/python3.10/site-packages/airflow/example_dags/tutorial.py for tasks to queue
[2025-11-17T03:53:27.510+0000] {logging_mixin.py:150} INFO - [2025-11-17T03:53:27.509+0000] {dagbag.py:541} INFO - Filling up the DagBag from /home/vscode/.local/lib/python3.10/site-packages/airflow/example_dags/tutorial.py
[2025-11-17T03:53:27.514+0000] {processor.py:836} INFO - DAG(s) dict_keys(['tutorial']) retrieved from /home/vscode/.local/lib/python3.10/site-packages/airflow/example_dags/tutorial.py
[2025-11-17T03:53:27.524+0000] {logging_mixin.py:150} INFO - [2025-11-17T03:53:27.524+0000] {dag.py:2742} INFO - Sync 1 DAGs
[2025-11-17T03:53:27.538+0000] {logging_mixin.py:150} INFO - [2025-11-17T03:53:27.538+0000] {dag.py:3504} INFO - Setting next_dagrun for tutorial to 2025-11-16T03:53:27.538478+00:00, run_after=2025-11-17T03:53:27.538478+00:00
[2025-11-17T03:53:27.552+0000] {processor.py:179} INFO - Processing /home/vscode/.local/lib/python3.10/site-packages/airflow/example_dags/tutorial.py took 0.045 seconds
[2025-11-17T03:54:11.415+0000] {processor.py:157} INFO - Started process (PID=19811) to work on /home/vscode/.local/lib/python3.10/site-packages/airflow/example_dags/tutorial.py
[2025-11-17T03:54:11.416+0000] {processor.py:826} INFO - Processing file /home/vscode/.local/lib/python3.10/site-packages/airflow/example_dags/tutorial.py for tasks to queue
[2025-11-17T03:54:11.416+0000] {logging_mixin.py:150} INFO - [2025-11-17T03:54:11.416+0000] {dagbag.py:541} INFO - Filling up the DagBag from /home/vscode/.local/lib/python3.10/site-packages/airflow/example_dags/tutorial.py
[2025-11-17T03:54:11.422+0000] {processor.py:836} INFO - DAG(s) dict_keys(['tutorial']) retrieved from /home/vscode/.local/lib/python3.10/site-packages/airflow/example_dags/tutorial.py
[2025-11-17T03:54:11.437+0000] {logging_mixin.py:150} INFO - [2025-11-17T03:54:11.436+0000] {dag.py:2742} INFO - Sync 1 DAGs
[2025-11-17T03:54:11.455+0000] {logging_mixin.py:150} INFO - [2025-11-17T03:54:11.455+0000] {dag.py:3504} INFO - Setting next_dagrun for tutorial to 2025-11-16T03:54:11.455489+00:00, run_after=2025-11-17T03:54:11.455489+00:00
[2025-11-17T03:54:11.469+0000] {processor.py:179} INFO - Processing /home/vscode/.local/lib/python3.10/site-packages/airflow/example_dags/tutorial.py took 0.056 seconds
[2025-11-17T03:54:56.385+0000] {processor.py:157} INFO - Started process (PID=20126) to work on /home/vscode/.local/lib/python3.10/site-packages/airflow/example_dags/tutorial.py
[2025-11-17T03:54:56.385+0000] {processor.py:826} INFO - Processing file /home/vscode/.local/lib/python3.10/site-packages/airflow/example_dags/tutorial.py for tasks to queue
[2025-11-17T03:54:56.386+0000] {logging_mixin.py:150} INFO - [2025-11-17T03:54:56.385+0000] {dagbag.py:541} INFO - Filling up the DagBag from /home/vscode/.local/lib/python3.10/site-packages/airflow/example_dags/tutorial.py
[2025-11-17T03:54:56.390+0000] {processor.py:836} INFO - DAG(s) dict_keys(['tutorial']) retrieved from /home/vscode/.local/lib/python3.10/site-packages/airflow/example_dags/tutorial.py
[2025-11-17T03:54:56.400+0000] {logging_mixin.py:150} INFO - [2025-11-17T03:54:56.400+0000] {dag.py:2742} INFO - Sync 1 DAGs
[2025-11-17T03:54:56.413+0000] {logging_mixin.py:150} INFO - [2025-11-17T03:54:56.413+0000] {dag.py:3504} INFO - Setting next_dagrun for tutorial to 2025-11-16T03:54:56.413286+00:00, run_after=2025-11-17T03:54:56.413286+00:00
[2025-11-17T03:54:56.427+0000] {processor.py:179} INFO - Processing /home/vscode/.local/lib/python3.10/site-packages/airflow/example_dags/tutorial.py took 0.044 seconds
