[2025-11-17T03:52:38.331+0000] {processor.py:157} INFO - Started process (PID=19194) to work on /home/vscode/.local/lib/python3.10/site-packages/airflow/example_dags/tutorial_dag.py
[2025-11-17T03:52:38.331+0000] {processor.py:826} INFO - Processing file /home/vscode/.local/lib/python3.10/site-packages/airflow/example_dags/tutorial_dag.py for tasks to queue
[2025-11-17T03:52:38.332+0000] {logging_mixin.py:150} INFO - [2025-11-17T03:52:38.331+0000] {dagbag.py:541} INFO - Filling up the DagBag from /home/vscode/.local/lib/python3.10/site-packages/airflow/example_dags/tutorial_dag.py
[2025-11-17T03:52:38.337+0000] {processor.py:836} INFO - DAG(s) dict_keys(['tutorial_dag']) retrieved from /home/vscode/.local/lib/python3.10/site-packages/airflow/example_dags/tutorial_dag.py
[2025-11-17T03:52:38.407+0000] {logging_mixin.py:150} INFO - [2025-11-17T03:52:38.407+0000] {manager.py:504} INFO - Created Permission View: can delete on DAG:tutorial_dag
[2025-11-17T03:52:38.414+0000] {logging_mixin.py:150} INFO - [2025-11-17T03:52:38.414+0000] {manager.py:504} INFO - Created Permission View: can edit on DAG:tutorial_dag
[2025-11-17T03:52:38.420+0000] {logging_mixin.py:150} INFO - [2025-11-17T03:52:38.420+0000] {manager.py:504} INFO - Created Permission View: can read on DAG:tutorial_dag
[2025-11-17T03:52:38.426+0000] {logging_mixin.py:150} INFO - [2025-11-17T03:52:38.426+0000] {dag.py:2742} INFO - Sync 1 DAGs
[2025-11-17T03:52:38.434+0000] {logging_mixin.py:150} INFO - [2025-11-17T03:52:38.434+0000] {dag.py:2763} INFO - Creating ORM DAG for tutorial_dag
[2025-11-17T03:52:38.439+0000] {logging_mixin.py:150} INFO - [2025-11-17T03:52:38.439+0000] {dag.py:3504} INFO - Setting next_dagrun for tutorial_dag to None, run_after=None
[2025-11-17T03:52:38.453+0000] {processor.py:179} INFO - Processing /home/vscode/.local/lib/python3.10/site-packages/airflow/example_dags/tutorial_dag.py took 0.124 seconds
[2025-11-17T03:53:26.377+0000] {processor.py:157} INFO - Started process (PID=19516) to work on /home/vscode/.local/lib/python3.10/site-packages/airflow/example_dags/tutorial_dag.py
[2025-11-17T03:53:26.378+0000] {processor.py:826} INFO - Processing file /home/vscode/.local/lib/python3.10/site-packages/airflow/example_dags/tutorial_dag.py for tasks to queue
[2025-11-17T03:53:26.378+0000] {logging_mixin.py:150} INFO - [2025-11-17T03:53:26.378+0000] {dagbag.py:541} INFO - Filling up the DagBag from /home/vscode/.local/lib/python3.10/site-packages/airflow/example_dags/tutorial_dag.py
[2025-11-17T03:53:26.382+0000] {processor.py:836} INFO - DAG(s) dict_keys(['tutorial_dag']) retrieved from /home/vscode/.local/lib/python3.10/site-packages/airflow/example_dags/tutorial_dag.py
[2025-11-17T03:53:26.392+0000] {logging_mixin.py:150} INFO - [2025-11-17T03:53:26.392+0000] {dag.py:2742} INFO - Sync 1 DAGs
[2025-11-17T03:53:26.405+0000] {logging_mixin.py:150} INFO - [2025-11-17T03:53:26.404+0000] {dag.py:3504} INFO - Setting next_dagrun for tutorial_dag to None, run_after=None
[2025-11-17T03:53:26.419+0000] {processor.py:179} INFO - Processing /home/vscode/.local/lib/python3.10/site-packages/airflow/example_dags/tutorial_dag.py took 0.043 seconds
[2025-11-17T03:54:10.284+0000] {processor.py:157} INFO - Started process (PID=19803) to work on /home/vscode/.local/lib/python3.10/site-packages/airflow/example_dags/tutorial_dag.py
[2025-11-17T03:54:10.285+0000] {processor.py:826} INFO - Processing file /home/vscode/.local/lib/python3.10/site-packages/airflow/example_dags/tutorial_dag.py for tasks to queue
[2025-11-17T03:54:10.285+0000] {logging_mixin.py:150} INFO - [2025-11-17T03:54:10.285+0000] {dagbag.py:541} INFO - Filling up the DagBag from /home/vscode/.local/lib/python3.10/site-packages/airflow/example_dags/tutorial_dag.py
[2025-11-17T03:54:10.289+0000] {processor.py:836} INFO - DAG(s) dict_keys(['tutorial_dag']) retrieved from /home/vscode/.local/lib/python3.10/site-packages/airflow/example_dags/tutorial_dag.py
[2025-11-17T03:54:10.299+0000] {logging_mixin.py:150} INFO - [2025-11-17T03:54:10.299+0000] {dag.py:2742} INFO - Sync 1 DAGs
[2025-11-17T03:54:10.312+0000] {logging_mixin.py:150} INFO - [2025-11-17T03:54:10.312+0000] {dag.py:3504} INFO - Setting next_dagrun for tutorial_dag to None, run_after=None
[2025-11-17T03:54:10.325+0000] {processor.py:179} INFO - Processing /home/vscode/.local/lib/python3.10/site-packages/airflow/example_dags/tutorial_dag.py took 0.043 seconds
[2025-11-17T03:54:55.248+0000] {processor.py:157} INFO - Started process (PID=20112) to work on /home/vscode/.local/lib/python3.10/site-packages/airflow/example_dags/tutorial_dag.py
[2025-11-17T03:54:55.249+0000] {processor.py:826} INFO - Processing file /home/vscode/.local/lib/python3.10/site-packages/airflow/example_dags/tutorial_dag.py for tasks to queue
[2025-11-17T03:54:55.250+0000] {logging_mixin.py:150} INFO - [2025-11-17T03:54:55.249+0000] {dagbag.py:541} INFO - Filling up the DagBag from /home/vscode/.local/lib/python3.10/site-packages/airflow/example_dags/tutorial_dag.py
[2025-11-17T03:54:55.253+0000] {processor.py:836} INFO - DAG(s) dict_keys(['tutorial_dag']) retrieved from /home/vscode/.local/lib/python3.10/site-packages/airflow/example_dags/tutorial_dag.py
[2025-11-17T03:54:55.263+0000] {logging_mixin.py:150} INFO - [2025-11-17T03:54:55.263+0000] {dag.py:2742} INFO - Sync 1 DAGs
[2025-11-17T03:54:55.276+0000] {logging_mixin.py:150} INFO - [2025-11-17T03:54:55.276+0000] {dag.py:3504} INFO - Setting next_dagrun for tutorial_dag to None, run_after=None
[2025-11-17T03:54:55.291+0000] {processor.py:179} INFO - Processing /home/vscode/.local/lib/python3.10/site-packages/airflow/example_dags/tutorial_dag.py took 0.044 seconds
[2025-11-17T03:55:41.417+0000] {processor.py:157} INFO - Started process (PID=20628) to work on /home/vscode/.local/lib/python3.10/site-packages/airflow/example_dags/tutorial_dag.py
[2025-11-17T03:55:41.418+0000] {processor.py:826} INFO - Processing file /home/vscode/.local/lib/python3.10/site-packages/airflow/example_dags/tutorial_dag.py for tasks to queue
[2025-11-17T03:55:41.419+0000] {logging_mixin.py:150} INFO - [2025-11-17T03:55:41.418+0000] {dagbag.py:541} INFO - Filling up the DagBag from /home/vscode/.local/lib/python3.10/site-packages/airflow/example_dags/tutorial_dag.py
[2025-11-17T03:55:41.422+0000] {processor.py:836} INFO - DAG(s) dict_keys(['tutorial_dag']) retrieved from /home/vscode/.local/lib/python3.10/site-packages/airflow/example_dags/tutorial_dag.py
[2025-11-17T03:55:41.432+0000] {logging_mixin.py:150} INFO - [2025-11-17T03:55:41.432+0000] {dag.py:2742} INFO - Sync 1 DAGs
[2025-11-17T03:55:41.445+0000] {logging_mixin.py:150} INFO - [2025-11-17T03:55:41.445+0000] {dag.py:3504} INFO - Setting next_dagrun for tutorial_dag to None, run_after=None
[2025-11-17T03:55:41.464+0000] {processor.py:179} INFO - Processing /home/vscode/.local/lib/python3.10/site-packages/airflow/example_dags/tutorial_dag.py took 0.048 seconds
[2025-11-17T03:56:21.603+0000] {processor.py:157} INFO - Started process (PID=21013) to work on /home/vscode/.local/lib/python3.10/site-packages/airflow/example_dags/tutorial_dag.py
[2025-11-17T03:56:21.604+0000] {processor.py:826} INFO - Processing file /home/vscode/.local/lib/python3.10/site-packages/airflow/example_dags/tutorial_dag.py for tasks to queue
[2025-11-17T03:56:21.604+0000] {logging_mixin.py:150} INFO - [2025-11-17T03:56:21.604+0000] {dagbag.py:541} INFO - Filling up the DagBag from /home/vscode/.local/lib/python3.10/site-packages/airflow/example_dags/tutorial_dag.py
[2025-11-17T03:56:21.607+0000] {processor.py:836} INFO - DAG(s) dict_keys(['tutorial_dag']) retrieved from /home/vscode/.local/lib/python3.10/site-packages/airflow/example_dags/tutorial_dag.py
[2025-11-17T03:56:21.618+0000] {logging_mixin.py:150} INFO - [2025-11-17T03:56:21.618+0000] {dag.py:2742} INFO - Sync 1 DAGs
[2025-11-17T03:56:21.630+0000] {logging_mixin.py:150} INFO - [2025-11-17T03:56:21.630+0000] {dag.py:3504} INFO - Setting next_dagrun for tutorial_dag to None, run_after=None
[2025-11-17T03:56:21.646+0000] {processor.py:179} INFO - Processing /home/vscode/.local/lib/python3.10/site-packages/airflow/example_dags/tutorial_dag.py took 0.045 seconds
[2025-11-17T03:56:54.740+0000] {processor.py:157} INFO - Started process (PID=21247) to work on /home/vscode/.local/lib/python3.10/site-packages/airflow/example_dags/tutorial_dag.py
[2025-11-17T03:56:54.741+0000] {processor.py:826} INFO - Processing file /home/vscode/.local/lib/python3.10/site-packages/airflow/example_dags/tutorial_dag.py for tasks to queue
[2025-11-17T03:56:54.741+0000] {logging_mixin.py:150} INFO - [2025-11-17T03:56:54.741+0000] {dagbag.py:541} INFO - Filling up the DagBag from /home/vscode/.local/lib/python3.10/site-packages/airflow/example_dags/tutorial_dag.py
[2025-11-17T03:56:54.744+0000] {processor.py:836} INFO - DAG(s) dict_keys(['tutorial_dag']) retrieved from /home/vscode/.local/lib/python3.10/site-packages/airflow/example_dags/tutorial_dag.py
[2025-11-17T03:56:54.755+0000] {logging_mixin.py:150} INFO - [2025-11-17T03:56:54.755+0000] {dag.py:2742} INFO - Sync 1 DAGs
[2025-11-17T03:56:54.769+0000] {logging_mixin.py:150} INFO - [2025-11-17T03:56:54.769+0000] {dag.py:3504} INFO - Setting next_dagrun for tutorial_dag to None, run_after=None
[2025-11-17T03:56:54.783+0000] {processor.py:179} INFO - Processing /home/vscode/.local/lib/python3.10/site-packages/airflow/example_dags/tutorial_dag.py took 0.045 seconds
[2025-11-17T03:57:34.152+0000] {processor.py:157} INFO - Started process (PID=21512) to work on /home/vscode/.local/lib/python3.10/site-packages/airflow/example_dags/tutorial_dag.py
[2025-11-17T03:57:34.153+0000] {processor.py:826} INFO - Processing file /home/vscode/.local/lib/python3.10/site-packages/airflow/example_dags/tutorial_dag.py for tasks to queue
[2025-11-17T03:57:34.153+0000] {logging_mixin.py:150} INFO - [2025-11-17T03:57:34.153+0000] {dagbag.py:541} INFO - Filling up the DagBag from /home/vscode/.local/lib/python3.10/site-packages/airflow/example_dags/tutorial_dag.py
[2025-11-17T03:57:34.157+0000] {processor.py:836} INFO - DAG(s) dict_keys(['tutorial_dag']) retrieved from /home/vscode/.local/lib/python3.10/site-packages/airflow/example_dags/tutorial_dag.py
[2025-11-17T03:57:34.167+0000] {logging_mixin.py:150} INFO - [2025-11-17T03:57:34.167+0000] {dag.py:2742} INFO - Sync 1 DAGs
[2025-11-17T03:57:34.180+0000] {logging_mixin.py:150} INFO - [2025-11-17T03:57:34.180+0000] {dag.py:3504} INFO - Setting next_dagrun for tutorial_dag to None, run_after=None
[2025-11-17T03:57:34.194+0000] {processor.py:179} INFO - Processing /home/vscode/.local/lib/python3.10/site-packages/airflow/example_dags/tutorial_dag.py took 0.043 seconds
[2025-11-17T03:58:17.939+0000] {processor.py:157} INFO - Started process (PID=21803) to work on /home/vscode/.local/lib/python3.10/site-packages/airflow/example_dags/tutorial_dag.py
[2025-11-17T03:58:17.939+0000] {processor.py:826} INFO - Processing file /home/vscode/.local/lib/python3.10/site-packages/airflow/example_dags/tutorial_dag.py for tasks to queue
[2025-11-17T03:58:17.940+0000] {logging_mixin.py:150} INFO - [2025-11-17T03:58:17.940+0000] {dagbag.py:541} INFO - Filling up the DagBag from /home/vscode/.local/lib/python3.10/site-packages/airflow/example_dags/tutorial_dag.py
[2025-11-17T03:58:17.943+0000] {processor.py:836} INFO - DAG(s) dict_keys(['tutorial_dag']) retrieved from /home/vscode/.local/lib/python3.10/site-packages/airflow/example_dags/tutorial_dag.py
[2025-11-17T03:58:17.954+0000] {logging_mixin.py:150} INFO - [2025-11-17T03:58:17.954+0000] {dag.py:2742} INFO - Sync 1 DAGs
[2025-11-17T03:58:17.967+0000] {logging_mixin.py:150} INFO - [2025-11-17T03:58:17.966+0000] {dag.py:3504} INFO - Setting next_dagrun for tutorial_dag to None, run_after=None
[2025-11-17T03:58:17.981+0000] {processor.py:179} INFO - Processing /home/vscode/.local/lib/python3.10/site-packages/airflow/example_dags/tutorial_dag.py took 0.044 seconds
[2025-11-17T03:58:59.584+0000] {processor.py:157} INFO - Started process (PID=22087) to work on /home/vscode/.local/lib/python3.10/site-packages/airflow/example_dags/tutorial_dag.py
[2025-11-17T03:58:59.585+0000] {processor.py:826} INFO - Processing file /home/vscode/.local/lib/python3.10/site-packages/airflow/example_dags/tutorial_dag.py for tasks to queue
[2025-11-17T03:58:59.585+0000] {logging_mixin.py:150} INFO - [2025-11-17T03:58:59.585+0000] {dagbag.py:541} INFO - Filling up the DagBag from /home/vscode/.local/lib/python3.10/site-packages/airflow/example_dags/tutorial_dag.py
[2025-11-17T03:58:59.588+0000] {processor.py:836} INFO - DAG(s) dict_keys(['tutorial_dag']) retrieved from /home/vscode/.local/lib/python3.10/site-packages/airflow/example_dags/tutorial_dag.py
[2025-11-17T03:58:59.599+0000] {logging_mixin.py:150} INFO - [2025-11-17T03:58:59.599+0000] {dag.py:2742} INFO - Sync 1 DAGs
[2025-11-17T03:58:59.611+0000] {logging_mixin.py:150} INFO - [2025-11-17T03:58:59.611+0000] {dag.py:3504} INFO - Setting next_dagrun for tutorial_dag to None, run_after=None
[2025-11-17T03:58:59.625+0000] {processor.py:179} INFO - Processing /home/vscode/.local/lib/python3.10/site-packages/airflow/example_dags/tutorial_dag.py took 0.043 seconds
[2025-11-17T03:59:41.803+0000] {processor.py:157} INFO - Started process (PID=22366) to work on /home/vscode/.local/lib/python3.10/site-packages/airflow/example_dags/tutorial_dag.py
[2025-11-17T03:59:41.803+0000] {processor.py:826} INFO - Processing file /home/vscode/.local/lib/python3.10/site-packages/airflow/example_dags/tutorial_dag.py for tasks to queue
[2025-11-17T03:59:41.804+0000] {logging_mixin.py:150} INFO - [2025-11-17T03:59:41.804+0000] {dagbag.py:541} INFO - Filling up the DagBag from /home/vscode/.local/lib/python3.10/site-packages/airflow/example_dags/tutorial_dag.py
[2025-11-17T03:59:41.807+0000] {processor.py:836} INFO - DAG(s) dict_keys(['tutorial_dag']) retrieved from /home/vscode/.local/lib/python3.10/site-packages/airflow/example_dags/tutorial_dag.py
[2025-11-17T03:59:41.818+0000] {logging_mixin.py:150} INFO - [2025-11-17T03:59:41.818+0000] {dag.py:2742} INFO - Sync 1 DAGs
[2025-11-17T03:59:41.830+0000] {logging_mixin.py:150} INFO - [2025-11-17T03:59:41.830+0000] {dag.py:3504} INFO - Setting next_dagrun for tutorial_dag to None, run_after=None
[2025-11-17T03:59:41.843+0000] {processor.py:179} INFO - Processing /home/vscode/.local/lib/python3.10/site-packages/airflow/example_dags/tutorial_dag.py took 0.042 seconds
[2025-11-17T04:00:28.431+0000] {processor.py:157} INFO - Started process (PID=22675) to work on /home/vscode/.local/lib/python3.10/site-packages/airflow/example_dags/tutorial_dag.py
[2025-11-17T04:00:28.432+0000] {processor.py:826} INFO - Processing file /home/vscode/.local/lib/python3.10/site-packages/airflow/example_dags/tutorial_dag.py for tasks to queue
[2025-11-17T04:00:28.432+0000] {logging_mixin.py:150} INFO - [2025-11-17T04:00:28.432+0000] {dagbag.py:541} INFO - Filling up the DagBag from /home/vscode/.local/lib/python3.10/site-packages/airflow/example_dags/tutorial_dag.py
[2025-11-17T04:00:28.437+0000] {processor.py:836} INFO - DAG(s) dict_keys(['tutorial_dag']) retrieved from /home/vscode/.local/lib/python3.10/site-packages/airflow/example_dags/tutorial_dag.py
[2025-11-17T04:00:28.453+0000] {logging_mixin.py:150} INFO - [2025-11-17T04:00:28.453+0000] {dag.py:2742} INFO - Sync 1 DAGs
[2025-11-17T04:00:28.466+0000] {logging_mixin.py:150} INFO - [2025-11-17T04:00:28.466+0000] {dag.py:3504} INFO - Setting next_dagrun for tutorial_dag to None, run_after=None
[2025-11-17T04:00:28.479+0000] {processor.py:179} INFO - Processing /home/vscode/.local/lib/python3.10/site-packages/airflow/example_dags/tutorial_dag.py took 0.051 seconds
[2025-11-17T04:01:09.652+0000] {processor.py:157} INFO - Started process (PID=22957) to work on /home/vscode/.local/lib/python3.10/site-packages/airflow/example_dags/tutorial_dag.py
[2025-11-17T04:01:09.652+0000] {processor.py:826} INFO - Processing file /home/vscode/.local/lib/python3.10/site-packages/airflow/example_dags/tutorial_dag.py for tasks to queue
[2025-11-17T04:01:09.653+0000] {logging_mixin.py:150} INFO - [2025-11-17T04:01:09.652+0000] {dagbag.py:541} INFO - Filling up the DagBag from /home/vscode/.local/lib/python3.10/site-packages/airflow/example_dags/tutorial_dag.py
[2025-11-17T04:01:09.656+0000] {processor.py:836} INFO - DAG(s) dict_keys(['tutorial_dag']) retrieved from /home/vscode/.local/lib/python3.10/site-packages/airflow/example_dags/tutorial_dag.py
[2025-11-17T04:01:09.666+0000] {logging_mixin.py:150} INFO - [2025-11-17T04:01:09.666+0000] {dag.py:2742} INFO - Sync 1 DAGs
[2025-11-17T04:01:09.679+0000] {logging_mixin.py:150} INFO - [2025-11-17T04:01:09.679+0000] {dag.py:3504} INFO - Setting next_dagrun for tutorial_dag to None, run_after=None
[2025-11-17T04:01:09.693+0000] {processor.py:179} INFO - Processing /home/vscode/.local/lib/python3.10/site-packages/airflow/example_dags/tutorial_dag.py took 0.043 seconds
[2025-11-17T04:01:55.577+0000] {processor.py:157} INFO - Started process (PID=23263) to work on /home/vscode/.local/lib/python3.10/site-packages/airflow/example_dags/tutorial_dag.py
[2025-11-17T04:01:55.578+0000] {processor.py:826} INFO - Processing file /home/vscode/.local/lib/python3.10/site-packages/airflow/example_dags/tutorial_dag.py for tasks to queue
[2025-11-17T04:01:55.578+0000] {logging_mixin.py:150} INFO - [2025-11-17T04:01:55.578+0000] {dagbag.py:541} INFO - Filling up the DagBag from /home/vscode/.local/lib/python3.10/site-packages/airflow/example_dags/tutorial_dag.py
[2025-11-17T04:01:55.582+0000] {processor.py:836} INFO - DAG(s) dict_keys(['tutorial_dag']) retrieved from /home/vscode/.local/lib/python3.10/site-packages/airflow/example_dags/tutorial_dag.py
[2025-11-17T04:01:55.593+0000] {logging_mixin.py:150} INFO - [2025-11-17T04:01:55.593+0000] {dag.py:2742} INFO - Sync 1 DAGs
[2025-11-17T04:01:55.606+0000] {logging_mixin.py:150} INFO - [2025-11-17T04:01:55.606+0000] {dag.py:3504} INFO - Setting next_dagrun for tutorial_dag to None, run_after=None
[2025-11-17T04:01:55.621+0000] {processor.py:179} INFO - Processing /home/vscode/.local/lib/python3.10/site-packages/airflow/example_dags/tutorial_dag.py took 0.046 seconds
[2025-11-17T04:02:36.959+0000] {processor.py:157} INFO - Started process (PID=23548) to work on /home/vscode/.local/lib/python3.10/site-packages/airflow/example_dags/tutorial_dag.py
[2025-11-17T04:02:36.959+0000] {processor.py:826} INFO - Processing file /home/vscode/.local/lib/python3.10/site-packages/airflow/example_dags/tutorial_dag.py for tasks to queue
[2025-11-17T04:02:36.960+0000] {logging_mixin.py:150} INFO - [2025-11-17T04:02:36.960+0000] {dagbag.py:541} INFO - Filling up the DagBag from /home/vscode/.local/lib/python3.10/site-packages/airflow/example_dags/tutorial_dag.py
[2025-11-17T04:02:36.963+0000] {processor.py:836} INFO - DAG(s) dict_keys(['tutorial_dag']) retrieved from /home/vscode/.local/lib/python3.10/site-packages/airflow/example_dags/tutorial_dag.py
[2025-11-17T04:02:36.974+0000] {logging_mixin.py:150} INFO - [2025-11-17T04:02:36.974+0000] {dag.py:2742} INFO - Sync 1 DAGs
[2025-11-17T04:02:36.987+0000] {logging_mixin.py:150} INFO - [2025-11-17T04:02:36.986+0000] {dag.py:3504} INFO - Setting next_dagrun for tutorial_dag to None, run_after=None
[2025-11-17T04:02:37.001+0000] {processor.py:179} INFO - Processing /home/vscode/.local/lib/python3.10/site-packages/airflow/example_dags/tutorial_dag.py took 0.044 seconds
[2025-11-17T04:03:21.736+0000] {processor.py:157} INFO - Started process (PID=23839) to work on /home/vscode/.local/lib/python3.10/site-packages/airflow/example_dags/tutorial_dag.py
[2025-11-17T04:03:21.737+0000] {processor.py:826} INFO - Processing file /home/vscode/.local/lib/python3.10/site-packages/airflow/example_dags/tutorial_dag.py for tasks to queue
[2025-11-17T04:03:21.737+0000] {logging_mixin.py:150} INFO - [2025-11-17T04:03:21.737+0000] {dagbag.py:541} INFO - Filling up the DagBag from /home/vscode/.local/lib/python3.10/site-packages/airflow/example_dags/tutorial_dag.py
[2025-11-17T04:03:21.741+0000] {processor.py:836} INFO - DAG(s) dict_keys(['tutorial_dag']) retrieved from /home/vscode/.local/lib/python3.10/site-packages/airflow/example_dags/tutorial_dag.py
[2025-11-17T04:03:21.752+0000] {logging_mixin.py:150} INFO - [2025-11-17T04:03:21.752+0000] {dag.py:2742} INFO - Sync 1 DAGs
[2025-11-17T04:03:21.765+0000] {logging_mixin.py:150} INFO - [2025-11-17T04:03:21.765+0000] {dag.py:3504} INFO - Setting next_dagrun for tutorial_dag to None, run_after=None
[2025-11-17T04:03:21.780+0000] {processor.py:179} INFO - Processing /home/vscode/.local/lib/python3.10/site-packages/airflow/example_dags/tutorial_dag.py took 0.047 seconds
[2025-11-17T04:04:06.535+0000] {processor.py:157} INFO - Started process (PID=24133) to work on /home/vscode/.local/lib/python3.10/site-packages/airflow/example_dags/tutorial_dag.py
[2025-11-17T04:04:06.536+0000] {processor.py:826} INFO - Processing file /home/vscode/.local/lib/python3.10/site-packages/airflow/example_dags/tutorial_dag.py for tasks to queue
[2025-11-17T04:04:06.537+0000] {logging_mixin.py:150} INFO - [2025-11-17T04:04:06.536+0000] {dagbag.py:541} INFO - Filling up the DagBag from /home/vscode/.local/lib/python3.10/site-packages/airflow/example_dags/tutorial_dag.py
[2025-11-17T04:04:06.540+0000] {processor.py:836} INFO - DAG(s) dict_keys(['tutorial_dag']) retrieved from /home/vscode/.local/lib/python3.10/site-packages/airflow/example_dags/tutorial_dag.py
[2025-11-17T04:04:06.551+0000] {logging_mixin.py:150} INFO - [2025-11-17T04:04:06.551+0000] {dag.py:2742} INFO - Sync 1 DAGs
[2025-11-17T04:04:06.564+0000] {logging_mixin.py:150} INFO - [2025-11-17T04:04:06.564+0000] {dag.py:3504} INFO - Setting next_dagrun for tutorial_dag to None, run_after=None
[2025-11-17T04:04:06.580+0000] {processor.py:179} INFO - Processing /home/vscode/.local/lib/python3.10/site-packages/airflow/example_dags/tutorial_dag.py took 0.047 seconds
[2025-11-17T04:04:51.939+0000] {processor.py:157} INFO - Started process (PID=24450) to work on /home/vscode/.local/lib/python3.10/site-packages/airflow/example_dags/tutorial_dag.py
[2025-11-17T04:04:51.940+0000] {processor.py:826} INFO - Processing file /home/vscode/.local/lib/python3.10/site-packages/airflow/example_dags/tutorial_dag.py for tasks to queue
[2025-11-17T04:04:51.940+0000] {logging_mixin.py:150} INFO - [2025-11-17T04:04:51.940+0000] {dagbag.py:541} INFO - Filling up the DagBag from /home/vscode/.local/lib/python3.10/site-packages/airflow/example_dags/tutorial_dag.py
[2025-11-17T04:04:51.944+0000] {processor.py:836} INFO - DAG(s) dict_keys(['tutorial_dag']) retrieved from /home/vscode/.local/lib/python3.10/site-packages/airflow/example_dags/tutorial_dag.py
[2025-11-17T04:04:51.955+0000] {logging_mixin.py:150} INFO - [2025-11-17T04:04:51.955+0000] {dag.py:2742} INFO - Sync 1 DAGs
[2025-11-17T04:04:51.968+0000] {logging_mixin.py:150} INFO - [2025-11-17T04:04:51.968+0000] {dag.py:3504} INFO - Setting next_dagrun for tutorial_dag to None, run_after=None
[2025-11-17T04:04:51.982+0000] {processor.py:179} INFO - Processing /home/vscode/.local/lib/python3.10/site-packages/airflow/example_dags/tutorial_dag.py took 0.046 seconds
[2025-11-17T04:05:36.187+0000] {processor.py:157} INFO - Started process (PID=24761) to work on /home/vscode/.local/lib/python3.10/site-packages/airflow/example_dags/tutorial_dag.py
[2025-11-17T04:05:36.187+0000] {processor.py:826} INFO - Processing file /home/vscode/.local/lib/python3.10/site-packages/airflow/example_dags/tutorial_dag.py for tasks to queue
[2025-11-17T04:05:36.188+0000] {logging_mixin.py:150} INFO - [2025-11-17T04:05:36.188+0000] {dagbag.py:541} INFO - Filling up the DagBag from /home/vscode/.local/lib/python3.10/site-packages/airflow/example_dags/tutorial_dag.py
[2025-11-17T04:05:36.191+0000] {processor.py:836} INFO - DAG(s) dict_keys(['tutorial_dag']) retrieved from /home/vscode/.local/lib/python3.10/site-packages/airflow/example_dags/tutorial_dag.py
[2025-11-17T04:05:36.203+0000] {logging_mixin.py:150} INFO - [2025-11-17T04:05:36.203+0000] {dag.py:2742} INFO - Sync 1 DAGs
[2025-11-17T04:05:36.217+0000] {logging_mixin.py:150} INFO - [2025-11-17T04:05:36.217+0000] {dag.py:3504} INFO - Setting next_dagrun for tutorial_dag to None, run_after=None
[2025-11-17T04:05:36.231+0000] {processor.py:179} INFO - Processing /home/vscode/.local/lib/python3.10/site-packages/airflow/example_dags/tutorial_dag.py took 0.047 seconds
[2025-11-17T04:06:20.927+0000] {processor.py:157} INFO - Started process (PID=25081) to work on /home/vscode/.local/lib/python3.10/site-packages/airflow/example_dags/tutorial_dag.py
[2025-11-17T04:06:20.927+0000] {processor.py:826} INFO - Processing file /home/vscode/.local/lib/python3.10/site-packages/airflow/example_dags/tutorial_dag.py for tasks to queue
[2025-11-17T04:06:20.928+0000] {logging_mixin.py:150} INFO - [2025-11-17T04:06:20.928+0000] {dagbag.py:541} INFO - Filling up the DagBag from /home/vscode/.local/lib/python3.10/site-packages/airflow/example_dags/tutorial_dag.py
[2025-11-17T04:06:20.931+0000] {processor.py:836} INFO - DAG(s) dict_keys(['tutorial_dag']) retrieved from /home/vscode/.local/lib/python3.10/site-packages/airflow/example_dags/tutorial_dag.py
[2025-11-17T04:06:20.943+0000] {logging_mixin.py:150} INFO - [2025-11-17T04:06:20.943+0000] {dag.py:2742} INFO - Sync 1 DAGs
[2025-11-17T04:06:20.956+0000] {logging_mixin.py:150} INFO - [2025-11-17T04:06:20.956+0000] {dag.py:3504} INFO - Setting next_dagrun for tutorial_dag to None, run_after=None
[2025-11-17T04:06:20.970+0000] {processor.py:179} INFO - Processing /home/vscode/.local/lib/python3.10/site-packages/airflow/example_dags/tutorial_dag.py took 0.046 seconds
[2025-11-17T04:07:04.897+0000] {processor.py:157} INFO - Started process (PID=25449) to work on /home/vscode/.local/lib/python3.10/site-packages/airflow/example_dags/tutorial_dag.py
[2025-11-17T04:07:04.897+0000] {processor.py:826} INFO - Processing file /home/vscode/.local/lib/python3.10/site-packages/airflow/example_dags/tutorial_dag.py for tasks to queue
[2025-11-17T04:07:04.898+0000] {logging_mixin.py:150} INFO - [2025-11-17T04:07:04.898+0000] {dagbag.py:541} INFO - Filling up the DagBag from /home/vscode/.local/lib/python3.10/site-packages/airflow/example_dags/tutorial_dag.py
[2025-11-17T04:07:04.902+0000] {processor.py:836} INFO - DAG(s) dict_keys(['tutorial_dag']) retrieved from /home/vscode/.local/lib/python3.10/site-packages/airflow/example_dags/tutorial_dag.py
[2025-11-17T04:07:04.912+0000] {logging_mixin.py:150} INFO - [2025-11-17T04:07:04.912+0000] {dag.py:2742} INFO - Sync 1 DAGs
[2025-11-17T04:07:04.926+0000] {logging_mixin.py:150} INFO - [2025-11-17T04:07:04.925+0000] {dag.py:3504} INFO - Setting next_dagrun for tutorial_dag to None, run_after=None
[2025-11-17T04:07:04.940+0000] {processor.py:179} INFO - Processing /home/vscode/.local/lib/python3.10/site-packages/airflow/example_dags/tutorial_dag.py took 0.045 seconds
[2025-11-17T04:07:47.134+0000] {processor.py:157} INFO - Started process (PID=25735) to work on /home/vscode/.local/lib/python3.10/site-packages/airflow/example_dags/tutorial_dag.py
[2025-11-17T04:07:47.135+0000] {processor.py:826} INFO - Processing file /home/vscode/.local/lib/python3.10/site-packages/airflow/example_dags/tutorial_dag.py for tasks to queue
[2025-11-17T04:07:47.136+0000] {logging_mixin.py:150} INFO - [2025-11-17T04:07:47.135+0000] {dagbag.py:541} INFO - Filling up the DagBag from /home/vscode/.local/lib/python3.10/site-packages/airflow/example_dags/tutorial_dag.py
[2025-11-17T04:07:47.140+0000] {processor.py:836} INFO - DAG(s) dict_keys(['tutorial_dag']) retrieved from /home/vscode/.local/lib/python3.10/site-packages/airflow/example_dags/tutorial_dag.py
[2025-11-17T04:07:47.151+0000] {logging_mixin.py:150} INFO - [2025-11-17T04:07:47.151+0000] {dag.py:2742} INFO - Sync 1 DAGs
[2025-11-17T04:07:47.170+0000] {logging_mixin.py:150} INFO - [2025-11-17T04:07:47.170+0000] {dag.py:3504} INFO - Setting next_dagrun for tutorial_dag to None, run_after=None
[2025-11-17T04:07:47.191+0000] {processor.py:179} INFO - Processing /home/vscode/.local/lib/python3.10/site-packages/airflow/example_dags/tutorial_dag.py took 0.058 seconds
[2025-11-17T04:08:31.919+0000] {processor.py:157} INFO - Started process (PID=26133) to work on /home/vscode/.local/lib/python3.10/site-packages/airflow/example_dags/tutorial_dag.py
[2025-11-17T04:08:31.919+0000] {processor.py:826} INFO - Processing file /home/vscode/.local/lib/python3.10/site-packages/airflow/example_dags/tutorial_dag.py for tasks to queue
[2025-11-17T04:08:31.920+0000] {logging_mixin.py:150} INFO - [2025-11-17T04:08:31.920+0000] {dagbag.py:541} INFO - Filling up the DagBag from /home/vscode/.local/lib/python3.10/site-packages/airflow/example_dags/tutorial_dag.py
[2025-11-17T04:08:31.924+0000] {processor.py:836} INFO - DAG(s) dict_keys(['tutorial_dag']) retrieved from /home/vscode/.local/lib/python3.10/site-packages/airflow/example_dags/tutorial_dag.py
[2025-11-17T04:08:31.935+0000] {logging_mixin.py:150} INFO - [2025-11-17T04:08:31.935+0000] {dag.py:2742} INFO - Sync 1 DAGs
[2025-11-17T04:08:31.948+0000] {logging_mixin.py:150} INFO - [2025-11-17T04:08:31.948+0000] {dag.py:3504} INFO - Setting next_dagrun for tutorial_dag to None, run_after=None
[2025-11-17T04:08:31.962+0000] {processor.py:179} INFO - Processing /home/vscode/.local/lib/python3.10/site-packages/airflow/example_dags/tutorial_dag.py took 0.045 seconds
[2025-11-17T04:09:13.727+0000] {processor.py:157} INFO - Started process (PID=26422) to work on /home/vscode/.local/lib/python3.10/site-packages/airflow/example_dags/tutorial_dag.py
[2025-11-17T04:09:13.727+0000] {processor.py:826} INFO - Processing file /home/vscode/.local/lib/python3.10/site-packages/airflow/example_dags/tutorial_dag.py for tasks to queue
[2025-11-17T04:09:13.728+0000] {logging_mixin.py:150} INFO - [2025-11-17T04:09:13.727+0000] {dagbag.py:541} INFO - Filling up the DagBag from /home/vscode/.local/lib/python3.10/site-packages/airflow/example_dags/tutorial_dag.py
[2025-11-17T04:09:13.731+0000] {processor.py:836} INFO - DAG(s) dict_keys(['tutorial_dag']) retrieved from /home/vscode/.local/lib/python3.10/site-packages/airflow/example_dags/tutorial_dag.py
[2025-11-17T04:09:13.742+0000] {logging_mixin.py:150} INFO - [2025-11-17T04:09:13.742+0000] {dag.py:2742} INFO - Sync 1 DAGs
[2025-11-17T04:09:13.755+0000] {logging_mixin.py:150} INFO - [2025-11-17T04:09:13.755+0000] {dag.py:3504} INFO - Setting next_dagrun for tutorial_dag to None, run_after=None
[2025-11-17T04:09:13.770+0000] {processor.py:179} INFO - Processing /home/vscode/.local/lib/python3.10/site-packages/airflow/example_dags/tutorial_dag.py took 0.046 seconds
[2025-11-17T04:09:55.678+0000] {processor.py:157} INFO - Started process (PID=26732) to work on /home/vscode/.local/lib/python3.10/site-packages/airflow/example_dags/tutorial_dag.py
[2025-11-17T04:09:55.679+0000] {processor.py:826} INFO - Processing file /home/vscode/.local/lib/python3.10/site-packages/airflow/example_dags/tutorial_dag.py for tasks to queue
[2025-11-17T04:09:55.680+0000] {logging_mixin.py:150} INFO - [2025-11-17T04:09:55.679+0000] {dagbag.py:541} INFO - Filling up the DagBag from /home/vscode/.local/lib/python3.10/site-packages/airflow/example_dags/tutorial_dag.py
[2025-11-17T04:09:55.684+0000] {processor.py:836} INFO - DAG(s) dict_keys(['tutorial_dag']) retrieved from /home/vscode/.local/lib/python3.10/site-packages/airflow/example_dags/tutorial_dag.py
[2025-11-17T04:09:55.697+0000] {logging_mixin.py:150} INFO - [2025-11-17T04:09:55.697+0000] {dag.py:2742} INFO - Sync 1 DAGs
[2025-11-17T04:09:55.711+0000] {logging_mixin.py:150} INFO - [2025-11-17T04:09:55.710+0000] {dag.py:3504} INFO - Setting next_dagrun for tutorial_dag to None, run_after=None
[2025-11-17T04:09:55.725+0000] {processor.py:179} INFO - Processing /home/vscode/.local/lib/python3.10/site-packages/airflow/example_dags/tutorial_dag.py took 0.048 seconds
[2025-11-17T04:10:28.216+0000] {processor.py:157} INFO - Started process (PID=26947) to work on /home/vscode/.local/lib/python3.10/site-packages/airflow/example_dags/tutorial_dag.py
[2025-11-17T04:10:28.216+0000] {processor.py:826} INFO - Processing file /home/vscode/.local/lib/python3.10/site-packages/airflow/example_dags/tutorial_dag.py for tasks to queue
[2025-11-17T04:10:28.217+0000] {logging_mixin.py:150} INFO - [2025-11-17T04:10:28.216+0000] {dagbag.py:541} INFO - Filling up the DagBag from /home/vscode/.local/lib/python3.10/site-packages/airflow/example_dags/tutorial_dag.py
[2025-11-17T04:10:28.220+0000] {processor.py:836} INFO - DAG(s) dict_keys(['tutorial_dag']) retrieved from /home/vscode/.local/lib/python3.10/site-packages/airflow/example_dags/tutorial_dag.py
[2025-11-17T04:10:28.233+0000] {logging_mixin.py:150} INFO - [2025-11-17T04:10:28.232+0000] {dag.py:2742} INFO - Sync 1 DAGs
[2025-11-17T04:10:28.249+0000] {logging_mixin.py:150} INFO - [2025-11-17T04:10:28.249+0000] {dag.py:3504} INFO - Setting next_dagrun for tutorial_dag to None, run_after=None
[2025-11-17T04:10:28.267+0000] {processor.py:179} INFO - Processing /home/vscode/.local/lib/python3.10/site-packages/airflow/example_dags/tutorial_dag.py took 0.053 seconds
[2025-11-17T04:11:06.455+0000] {processor.py:157} INFO - Started process (PID=27209) to work on /home/vscode/.local/lib/python3.10/site-packages/airflow/example_dags/tutorial_dag.py
[2025-11-17T04:11:06.455+0000] {processor.py:826} INFO - Processing file /home/vscode/.local/lib/python3.10/site-packages/airflow/example_dags/tutorial_dag.py for tasks to queue
[2025-11-17T04:11:06.456+0000] {logging_mixin.py:150} INFO - [2025-11-17T04:11:06.456+0000] {dagbag.py:541} INFO - Filling up the DagBag from /home/vscode/.local/lib/python3.10/site-packages/airflow/example_dags/tutorial_dag.py
[2025-11-17T04:11:06.460+0000] {processor.py:836} INFO - DAG(s) dict_keys(['tutorial_dag']) retrieved from /home/vscode/.local/lib/python3.10/site-packages/airflow/example_dags/tutorial_dag.py
[2025-11-17T04:11:06.472+0000] {logging_mixin.py:150} INFO - [2025-11-17T04:11:06.472+0000] {dag.py:2742} INFO - Sync 1 DAGs
[2025-11-17T04:11:06.485+0000] {logging_mixin.py:150} INFO - [2025-11-17T04:11:06.485+0000] {dag.py:3504} INFO - Setting next_dagrun for tutorial_dag to None, run_after=None
[2025-11-17T04:11:06.500+0000] {processor.py:179} INFO - Processing /home/vscode/.local/lib/python3.10/site-packages/airflow/example_dags/tutorial_dag.py took 0.048 seconds
[2025-11-17T04:11:47.565+0000] {processor.py:157} INFO - Started process (PID=27498) to work on /home/vscode/.local/lib/python3.10/site-packages/airflow/example_dags/tutorial_dag.py
[2025-11-17T04:11:47.566+0000] {processor.py:826} INFO - Processing file /home/vscode/.local/lib/python3.10/site-packages/airflow/example_dags/tutorial_dag.py for tasks to queue
[2025-11-17T04:11:47.566+0000] {logging_mixin.py:150} INFO - [2025-11-17T04:11:47.566+0000] {dagbag.py:541} INFO - Filling up the DagBag from /home/vscode/.local/lib/python3.10/site-packages/airflow/example_dags/tutorial_dag.py
[2025-11-17T04:11:47.570+0000] {processor.py:836} INFO - DAG(s) dict_keys(['tutorial_dag']) retrieved from /home/vscode/.local/lib/python3.10/site-packages/airflow/example_dags/tutorial_dag.py
[2025-11-17T04:11:47.581+0000] {logging_mixin.py:150} INFO - [2025-11-17T04:11:47.581+0000] {dag.py:2742} INFO - Sync 1 DAGs
[2025-11-17T04:11:47.594+0000] {logging_mixin.py:150} INFO - [2025-11-17T04:11:47.594+0000] {dag.py:3504} INFO - Setting next_dagrun for tutorial_dag to None, run_after=None
[2025-11-17T04:11:47.609+0000] {processor.py:179} INFO - Processing /home/vscode/.local/lib/python3.10/site-packages/airflow/example_dags/tutorial_dag.py took 0.046 seconds
[2025-11-17T04:12:33.794+0000] {processor.py:157} INFO - Started process (PID=27818) to work on /home/vscode/.local/lib/python3.10/site-packages/airflow/example_dags/tutorial_dag.py
[2025-11-17T04:12:33.794+0000] {processor.py:826} INFO - Processing file /home/vscode/.local/lib/python3.10/site-packages/airflow/example_dags/tutorial_dag.py for tasks to queue
[2025-11-17T04:12:33.795+0000] {logging_mixin.py:150} INFO - [2025-11-17T04:12:33.795+0000] {dagbag.py:541} INFO - Filling up the DagBag from /home/vscode/.local/lib/python3.10/site-packages/airflow/example_dags/tutorial_dag.py
[2025-11-17T04:12:33.799+0000] {processor.py:836} INFO - DAG(s) dict_keys(['tutorial_dag']) retrieved from /home/vscode/.local/lib/python3.10/site-packages/airflow/example_dags/tutorial_dag.py
[2025-11-17T04:12:33.810+0000] {logging_mixin.py:150} INFO - [2025-11-17T04:12:33.810+0000] {dag.py:2742} INFO - Sync 1 DAGs
[2025-11-17T04:12:33.824+0000] {logging_mixin.py:150} INFO - [2025-11-17T04:12:33.824+0000] {dag.py:3504} INFO - Setting next_dagrun for tutorial_dag to None, run_after=None
[2025-11-17T04:12:33.843+0000] {processor.py:179} INFO - Processing /home/vscode/.local/lib/python3.10/site-packages/airflow/example_dags/tutorial_dag.py took 0.051 seconds
[2025-11-17T04:13:20.168+0000] {processor.py:157} INFO - Started process (PID=28190) to work on /home/vscode/.local/lib/python3.10/site-packages/airflow/example_dags/tutorial_dag.py
[2025-11-17T04:13:20.168+0000] {processor.py:826} INFO - Processing file /home/vscode/.local/lib/python3.10/site-packages/airflow/example_dags/tutorial_dag.py for tasks to queue
[2025-11-17T04:13:20.169+0000] {logging_mixin.py:150} INFO - [2025-11-17T04:13:20.169+0000] {dagbag.py:541} INFO - Filling up the DagBag from /home/vscode/.local/lib/python3.10/site-packages/airflow/example_dags/tutorial_dag.py
[2025-11-17T04:13:20.174+0000] {processor.py:836} INFO - DAG(s) dict_keys(['tutorial_dag']) retrieved from /home/vscode/.local/lib/python3.10/site-packages/airflow/example_dags/tutorial_dag.py
[2025-11-17T04:13:20.191+0000] {logging_mixin.py:150} INFO - [2025-11-17T04:13:20.190+0000] {dag.py:2742} INFO - Sync 1 DAGs
[2025-11-17T04:13:20.211+0000] {logging_mixin.py:150} INFO - [2025-11-17T04:13:20.211+0000] {dag.py:3504} INFO - Setting next_dagrun for tutorial_dag to None, run_after=None
[2025-11-17T04:13:20.233+0000] {processor.py:179} INFO - Processing /home/vscode/.local/lib/python3.10/site-packages/airflow/example_dags/tutorial_dag.py took 0.068 seconds
[2025-11-17T04:13:57.818+0000] {processor.py:157} INFO - Started process (PID=28447) to work on /home/vscode/.local/lib/python3.10/site-packages/airflow/example_dags/tutorial_dag.py
[2025-11-17T04:13:57.818+0000] {processor.py:826} INFO - Processing file /home/vscode/.local/lib/python3.10/site-packages/airflow/example_dags/tutorial_dag.py for tasks to queue
[2025-11-17T04:13:57.819+0000] {logging_mixin.py:150} INFO - [2025-11-17T04:13:57.819+0000] {dagbag.py:541} INFO - Filling up the DagBag from /home/vscode/.local/lib/python3.10/site-packages/airflow/example_dags/tutorial_dag.py
[2025-11-17T04:13:57.822+0000] {processor.py:836} INFO - DAG(s) dict_keys(['tutorial_dag']) retrieved from /home/vscode/.local/lib/python3.10/site-packages/airflow/example_dags/tutorial_dag.py
[2025-11-17T04:13:57.833+0000] {logging_mixin.py:150} INFO - [2025-11-17T04:13:57.833+0000] {dag.py:2742} INFO - Sync 1 DAGs
[2025-11-17T04:13:57.845+0000] {logging_mixin.py:150} INFO - [2025-11-17T04:13:57.845+0000] {dag.py:3504} INFO - Setting next_dagrun for tutorial_dag to None, run_after=None
[2025-11-17T04:13:57.859+0000] {processor.py:179} INFO - Processing /home/vscode/.local/lib/python3.10/site-packages/airflow/example_dags/tutorial_dag.py took 0.043 seconds
[2025-11-17T04:14:31.761+0000] {processor.py:157} INFO - Started process (PID=28683) to work on /home/vscode/.local/lib/python3.10/site-packages/airflow/example_dags/tutorial_dag.py
[2025-11-17T04:14:31.761+0000] {processor.py:826} INFO - Processing file /home/vscode/.local/lib/python3.10/site-packages/airflow/example_dags/tutorial_dag.py for tasks to queue
[2025-11-17T04:14:31.762+0000] {logging_mixin.py:150} INFO - [2025-11-17T04:14:31.762+0000] {dagbag.py:541} INFO - Filling up the DagBag from /home/vscode/.local/lib/python3.10/site-packages/airflow/example_dags/tutorial_dag.py
[2025-11-17T04:14:31.766+0000] {processor.py:836} INFO - DAG(s) dict_keys(['tutorial_dag']) retrieved from /home/vscode/.local/lib/python3.10/site-packages/airflow/example_dags/tutorial_dag.py
[2025-11-17T04:14:31.778+0000] {logging_mixin.py:150} INFO - [2025-11-17T04:14:31.777+0000] {dag.py:2742} INFO - Sync 1 DAGs
[2025-11-17T04:14:31.791+0000] {logging_mixin.py:150} INFO - [2025-11-17T04:14:31.791+0000] {dag.py:3504} INFO - Setting next_dagrun for tutorial_dag to None, run_after=None
[2025-11-17T04:14:31.805+0000] {processor.py:179} INFO - Processing /home/vscode/.local/lib/python3.10/site-packages/airflow/example_dags/tutorial_dag.py took 0.047 seconds
[2025-11-17T04:15:18.429+0000] {processor.py:157} INFO - Started process (PID=29133) to work on /home/vscode/.local/lib/python3.10/site-packages/airflow/example_dags/tutorial_dag.py
[2025-11-17T04:15:18.430+0000] {processor.py:826} INFO - Processing file /home/vscode/.local/lib/python3.10/site-packages/airflow/example_dags/tutorial_dag.py for tasks to queue
[2025-11-17T04:15:18.430+0000] {logging_mixin.py:150} INFO - [2025-11-17T04:15:18.430+0000] {dagbag.py:541} INFO - Filling up the DagBag from /home/vscode/.local/lib/python3.10/site-packages/airflow/example_dags/tutorial_dag.py
[2025-11-17T04:15:18.434+0000] {processor.py:836} INFO - DAG(s) dict_keys(['tutorial_dag']) retrieved from /home/vscode/.local/lib/python3.10/site-packages/airflow/example_dags/tutorial_dag.py
[2025-11-17T04:15:18.447+0000] {logging_mixin.py:150} INFO - [2025-11-17T04:15:18.447+0000] {dag.py:2742} INFO - Sync 1 DAGs
[2025-11-17T04:15:18.460+0000] {logging_mixin.py:150} INFO - [2025-11-17T04:15:18.460+0000] {dag.py:3504} INFO - Setting next_dagrun for tutorial_dag to None, run_after=None
[2025-11-17T04:15:18.476+0000] {processor.py:179} INFO - Processing /home/vscode/.local/lib/python3.10/site-packages/airflow/example_dags/tutorial_dag.py took 0.048 seconds
[2025-11-17T04:15:55.018+0000] {processor.py:157} INFO - Started process (PID=29429) to work on /home/vscode/.local/lib/python3.10/site-packages/airflow/example_dags/tutorial_dag.py
[2025-11-17T04:15:55.019+0000] {processor.py:826} INFO - Processing file /home/vscode/.local/lib/python3.10/site-packages/airflow/example_dags/tutorial_dag.py for tasks to queue
[2025-11-17T04:15:55.020+0000] {logging_mixin.py:150} INFO - [2025-11-17T04:15:55.019+0000] {dagbag.py:541} INFO - Filling up the DagBag from /home/vscode/.local/lib/python3.10/site-packages/airflow/example_dags/tutorial_dag.py
[2025-11-17T04:15:55.023+0000] {processor.py:836} INFO - DAG(s) dict_keys(['tutorial_dag']) retrieved from /home/vscode/.local/lib/python3.10/site-packages/airflow/example_dags/tutorial_dag.py
[2025-11-17T04:15:55.035+0000] {logging_mixin.py:150} INFO - [2025-11-17T04:15:55.035+0000] {dag.py:2742} INFO - Sync 1 DAGs
[2025-11-17T04:15:55.049+0000] {logging_mixin.py:150} INFO - [2025-11-17T04:15:55.049+0000] {dag.py:3504} INFO - Setting next_dagrun for tutorial_dag to None, run_after=None
[2025-11-17T04:15:55.064+0000] {processor.py:179} INFO - Processing /home/vscode/.local/lib/python3.10/site-packages/airflow/example_dags/tutorial_dag.py took 0.048 seconds
[2025-11-17T04:16:39.103+0000] {processor.py:157} INFO - Started process (PID=29721) to work on /home/vscode/.local/lib/python3.10/site-packages/airflow/example_dags/tutorial_dag.py
[2025-11-17T04:16:39.104+0000] {processor.py:826} INFO - Processing file /home/vscode/.local/lib/python3.10/site-packages/airflow/example_dags/tutorial_dag.py for tasks to queue
[2025-11-17T04:16:39.104+0000] {logging_mixin.py:150} INFO - [2025-11-17T04:16:39.104+0000] {dagbag.py:541} INFO - Filling up the DagBag from /home/vscode/.local/lib/python3.10/site-packages/airflow/example_dags/tutorial_dag.py
[2025-11-17T04:16:39.108+0000] {processor.py:836} INFO - DAG(s) dict_keys(['tutorial_dag']) retrieved from /home/vscode/.local/lib/python3.10/site-packages/airflow/example_dags/tutorial_dag.py
[2025-11-17T04:16:39.118+0000] {logging_mixin.py:150} INFO - [2025-11-17T04:16:39.118+0000] {dag.py:2742} INFO - Sync 1 DAGs
[2025-11-17T04:16:39.131+0000] {logging_mixin.py:150} INFO - [2025-11-17T04:16:39.131+0000] {dag.py:3504} INFO - Setting next_dagrun for tutorial_dag to None, run_after=None
[2025-11-17T04:16:39.145+0000] {processor.py:179} INFO - Processing /home/vscode/.local/lib/python3.10/site-packages/airflow/example_dags/tutorial_dag.py took 0.044 seconds
[2025-11-17T04:17:15.661+0000] {processor.py:157} INFO - Started process (PID=30040) to work on /home/vscode/.local/lib/python3.10/site-packages/airflow/example_dags/tutorial_dag.py
[2025-11-17T04:17:15.661+0000] {processor.py:826} INFO - Processing file /home/vscode/.local/lib/python3.10/site-packages/airflow/example_dags/tutorial_dag.py for tasks to queue
[2025-11-17T04:17:15.662+0000] {logging_mixin.py:150} INFO - [2025-11-17T04:17:15.662+0000] {dagbag.py:541} INFO - Filling up the DagBag from /home/vscode/.local/lib/python3.10/site-packages/airflow/example_dags/tutorial_dag.py
[2025-11-17T04:17:15.665+0000] {processor.py:836} INFO - DAG(s) dict_keys(['tutorial_dag']) retrieved from /home/vscode/.local/lib/python3.10/site-packages/airflow/example_dags/tutorial_dag.py
[2025-11-17T04:17:15.676+0000] {logging_mixin.py:150} INFO - [2025-11-17T04:17:15.676+0000] {dag.py:2742} INFO - Sync 1 DAGs
[2025-11-17T04:17:15.690+0000] {logging_mixin.py:150} INFO - [2025-11-17T04:17:15.690+0000] {dag.py:3504} INFO - Setting next_dagrun for tutorial_dag to None, run_after=None
[2025-11-17T04:17:15.704+0000] {processor.py:179} INFO - Processing /home/vscode/.local/lib/python3.10/site-packages/airflow/example_dags/tutorial_dag.py took 0.045 seconds
[2025-11-17T04:17:57.476+0000] {processor.py:157} INFO - Started process (PID=30321) to work on /home/vscode/.local/lib/python3.10/site-packages/airflow/example_dags/tutorial_dag.py
[2025-11-17T04:17:57.476+0000] {processor.py:826} INFO - Processing file /home/vscode/.local/lib/python3.10/site-packages/airflow/example_dags/tutorial_dag.py for tasks to queue
[2025-11-17T04:17:57.477+0000] {logging_mixin.py:150} INFO - [2025-11-17T04:17:57.476+0000] {dagbag.py:541} INFO - Filling up the DagBag from /home/vscode/.local/lib/python3.10/site-packages/airflow/example_dags/tutorial_dag.py
[2025-11-17T04:17:57.480+0000] {processor.py:836} INFO - DAG(s) dict_keys(['tutorial_dag']) retrieved from /home/vscode/.local/lib/python3.10/site-packages/airflow/example_dags/tutorial_dag.py
[2025-11-17T04:17:57.491+0000] {logging_mixin.py:150} INFO - [2025-11-17T04:17:57.491+0000] {dag.py:2742} INFO - Sync 1 DAGs
[2025-11-17T04:17:57.504+0000] {logging_mixin.py:150} INFO - [2025-11-17T04:17:57.504+0000] {dag.py:3504} INFO - Setting next_dagrun for tutorial_dag to None, run_after=None
[2025-11-17T04:17:57.518+0000] {processor.py:179} INFO - Processing /home/vscode/.local/lib/python3.10/site-packages/airflow/example_dags/tutorial_dag.py took 0.044 seconds
[2025-11-17T04:18:45.331+0000] {processor.py:157} INFO - Started process (PID=30704) to work on /home/vscode/.local/lib/python3.10/site-packages/airflow/example_dags/tutorial_dag.py
[2025-11-17T04:18:45.332+0000] {processor.py:826} INFO - Processing file /home/vscode/.local/lib/python3.10/site-packages/airflow/example_dags/tutorial_dag.py for tasks to queue
[2025-11-17T04:18:45.332+0000] {logging_mixin.py:150} INFO - [2025-11-17T04:18:45.332+0000] {dagbag.py:541} INFO - Filling up the DagBag from /home/vscode/.local/lib/python3.10/site-packages/airflow/example_dags/tutorial_dag.py
[2025-11-17T04:18:45.338+0000] {processor.py:836} INFO - DAG(s) dict_keys(['tutorial_dag']) retrieved from /home/vscode/.local/lib/python3.10/site-packages/airflow/example_dags/tutorial_dag.py
[2025-11-17T04:18:45.351+0000] {logging_mixin.py:150} INFO - [2025-11-17T04:18:45.351+0000] {dag.py:2742} INFO - Sync 1 DAGs
[2025-11-17T04:18:45.364+0000] {logging_mixin.py:150} INFO - [2025-11-17T04:18:45.364+0000] {dag.py:3504} INFO - Setting next_dagrun for tutorial_dag to None, run_after=None
[2025-11-17T04:18:45.377+0000] {processor.py:179} INFO - Processing /home/vscode/.local/lib/python3.10/site-packages/airflow/example_dags/tutorial_dag.py took 0.049 seconds
[2025-11-17T04:19:29.692+0000] {processor.py:157} INFO - Started process (PID=31054) to work on /home/vscode/.local/lib/python3.10/site-packages/airflow/example_dags/tutorial_dag.py
[2025-11-17T04:19:29.693+0000] {processor.py:826} INFO - Processing file /home/vscode/.local/lib/python3.10/site-packages/airflow/example_dags/tutorial_dag.py for tasks to queue
[2025-11-17T04:19:29.693+0000] {logging_mixin.py:150} INFO - [2025-11-17T04:19:29.693+0000] {dagbag.py:541} INFO - Filling up the DagBag from /home/vscode/.local/lib/python3.10/site-packages/airflow/example_dags/tutorial_dag.py
[2025-11-17T04:19:29.697+0000] {processor.py:836} INFO - DAG(s) dict_keys(['tutorial_dag']) retrieved from /home/vscode/.local/lib/python3.10/site-packages/airflow/example_dags/tutorial_dag.py
[2025-11-17T04:19:29.709+0000] {logging_mixin.py:150} INFO - [2025-11-17T04:19:29.709+0000] {dag.py:2742} INFO - Sync 1 DAGs
[2025-11-17T04:19:29.722+0000] {logging_mixin.py:150} INFO - [2025-11-17T04:19:29.722+0000] {dag.py:3504} INFO - Setting next_dagrun for tutorial_dag to None, run_after=None
[2025-11-17T04:19:29.737+0000] {processor.py:179} INFO - Processing /home/vscode/.local/lib/python3.10/site-packages/airflow/example_dags/tutorial_dag.py took 0.047 seconds
[2025-11-17T04:20:13.910+0000] {processor.py:157} INFO - Started process (PID=31487) to work on /home/vscode/.local/lib/python3.10/site-packages/airflow/example_dags/tutorial_dag.py
[2025-11-17T04:20:13.910+0000] {processor.py:826} INFO - Processing file /home/vscode/.local/lib/python3.10/site-packages/airflow/example_dags/tutorial_dag.py for tasks to queue
[2025-11-17T04:20:13.911+0000] {logging_mixin.py:150} INFO - [2025-11-17T04:20:13.911+0000] {dagbag.py:541} INFO - Filling up the DagBag from /home/vscode/.local/lib/python3.10/site-packages/airflow/example_dags/tutorial_dag.py
[2025-11-17T04:20:13.914+0000] {processor.py:836} INFO - DAG(s) dict_keys(['tutorial_dag']) retrieved from /home/vscode/.local/lib/python3.10/site-packages/airflow/example_dags/tutorial_dag.py
[2025-11-17T04:20:13.926+0000] {logging_mixin.py:150} INFO - [2025-11-17T04:20:13.926+0000] {dag.py:2742} INFO - Sync 1 DAGs
[2025-11-17T04:20:13.939+0000] {logging_mixin.py:150} INFO - [2025-11-17T04:20:13.939+0000] {dag.py:3504} INFO - Setting next_dagrun for tutorial_dag to None, run_after=None
[2025-11-17T04:20:13.954+0000] {processor.py:179} INFO - Processing /home/vscode/.local/lib/python3.10/site-packages/airflow/example_dags/tutorial_dag.py took 0.046 seconds
[2025-11-17T04:21:02.745+0000] {processor.py:157} INFO - Started process (PID=31856) to work on /home/vscode/.local/lib/python3.10/site-packages/airflow/example_dags/tutorial_dag.py
[2025-11-17T04:21:02.745+0000] {processor.py:826} INFO - Processing file /home/vscode/.local/lib/python3.10/site-packages/airflow/example_dags/tutorial_dag.py for tasks to queue
[2025-11-17T04:21:02.746+0000] {logging_mixin.py:150} INFO - [2025-11-17T04:21:02.746+0000] {dagbag.py:541} INFO - Filling up the DagBag from /home/vscode/.local/lib/python3.10/site-packages/airflow/example_dags/tutorial_dag.py
[2025-11-17T04:21:02.749+0000] {processor.py:836} INFO - DAG(s) dict_keys(['tutorial_dag']) retrieved from /home/vscode/.local/lib/python3.10/site-packages/airflow/example_dags/tutorial_dag.py
[2025-11-17T04:21:02.761+0000] {logging_mixin.py:150} INFO - [2025-11-17T04:21:02.761+0000] {dag.py:2742} INFO - Sync 1 DAGs
[2025-11-17T04:21:02.775+0000] {logging_mixin.py:150} INFO - [2025-11-17T04:21:02.774+0000] {dag.py:3504} INFO - Setting next_dagrun for tutorial_dag to None, run_after=None
[2025-11-17T04:21:02.791+0000] {processor.py:179} INFO - Processing /home/vscode/.local/lib/python3.10/site-packages/airflow/example_dags/tutorial_dag.py took 0.048 seconds
[2025-11-17T04:21:50.415+0000] {processor.py:157} INFO - Started process (PID=32179) to work on /home/vscode/.local/lib/python3.10/site-packages/airflow/example_dags/tutorial_dag.py
[2025-11-17T04:21:50.415+0000] {processor.py:826} INFO - Processing file /home/vscode/.local/lib/python3.10/site-packages/airflow/example_dags/tutorial_dag.py for tasks to queue
[2025-11-17T04:21:50.416+0000] {logging_mixin.py:150} INFO - [2025-11-17T04:21:50.416+0000] {dagbag.py:541} INFO - Filling up the DagBag from /home/vscode/.local/lib/python3.10/site-packages/airflow/example_dags/tutorial_dag.py
[2025-11-17T04:21:50.419+0000] {processor.py:836} INFO - DAG(s) dict_keys(['tutorial_dag']) retrieved from /home/vscode/.local/lib/python3.10/site-packages/airflow/example_dags/tutorial_dag.py
[2025-11-17T04:21:50.431+0000] {logging_mixin.py:150} INFO - [2025-11-17T04:21:50.431+0000] {dag.py:2742} INFO - Sync 1 DAGs
[2025-11-17T04:21:50.445+0000] {logging_mixin.py:150} INFO - [2025-11-17T04:21:50.444+0000] {dag.py:3504} INFO - Setting next_dagrun for tutorial_dag to None, run_after=None
[2025-11-17T04:21:50.460+0000] {processor.py:179} INFO - Processing /home/vscode/.local/lib/python3.10/site-packages/airflow/example_dags/tutorial_dag.py took 0.047 seconds
[2025-11-17T04:22:25.131+0000] {processor.py:157} INFO - Started process (PID=32409) to work on /home/vscode/.local/lib/python3.10/site-packages/airflow/example_dags/tutorial_dag.py
[2025-11-17T04:22:25.131+0000] {processor.py:826} INFO - Processing file /home/vscode/.local/lib/python3.10/site-packages/airflow/example_dags/tutorial_dag.py for tasks to queue
[2025-11-17T04:22:25.132+0000] {logging_mixin.py:150} INFO - [2025-11-17T04:22:25.132+0000] {dagbag.py:541} INFO - Filling up the DagBag from /home/vscode/.local/lib/python3.10/site-packages/airflow/example_dags/tutorial_dag.py
[2025-11-17T04:22:25.136+0000] {processor.py:836} INFO - DAG(s) dict_keys(['tutorial_dag']) retrieved from /home/vscode/.local/lib/python3.10/site-packages/airflow/example_dags/tutorial_dag.py
[2025-11-17T04:22:25.147+0000] {logging_mixin.py:150} INFO - [2025-11-17T04:22:25.147+0000] {dag.py:2742} INFO - Sync 1 DAGs
[2025-11-17T04:22:25.161+0000] {logging_mixin.py:150} INFO - [2025-11-17T04:22:25.161+0000] {dag.py:3504} INFO - Setting next_dagrun for tutorial_dag to None, run_after=None
[2025-11-17T04:22:25.177+0000] {processor.py:179} INFO - Processing /home/vscode/.local/lib/python3.10/site-packages/airflow/example_dags/tutorial_dag.py took 0.048 seconds
[2025-11-17T04:23:09.791+0000] {processor.py:157} INFO - Started process (PID=32762) to work on /home/vscode/.local/lib/python3.10/site-packages/airflow/example_dags/tutorial_dag.py
[2025-11-17T04:23:09.792+0000] {processor.py:826} INFO - Processing file /home/vscode/.local/lib/python3.10/site-packages/airflow/example_dags/tutorial_dag.py for tasks to queue
[2025-11-17T04:23:09.792+0000] {logging_mixin.py:150} INFO - [2025-11-17T04:23:09.792+0000] {dagbag.py:541} INFO - Filling up the DagBag from /home/vscode/.local/lib/python3.10/site-packages/airflow/example_dags/tutorial_dag.py
[2025-11-17T04:23:09.796+0000] {processor.py:836} INFO - DAG(s) dict_keys(['tutorial_dag']) retrieved from /home/vscode/.local/lib/python3.10/site-packages/airflow/example_dags/tutorial_dag.py
[2025-11-17T04:23:09.807+0000] {logging_mixin.py:150} INFO - [2025-11-17T04:23:09.807+0000] {dag.py:2742} INFO - Sync 1 DAGs
[2025-11-17T04:23:09.820+0000] {logging_mixin.py:150} INFO - [2025-11-17T04:23:09.820+0000] {dag.py:3504} INFO - Setting next_dagrun for tutorial_dag to None, run_after=None
[2025-11-17T04:23:09.834+0000] {processor.py:179} INFO - Processing /home/vscode/.local/lib/python3.10/site-packages/airflow/example_dags/tutorial_dag.py took 0.045 seconds
[2025-11-17T04:23:57.264+0000] {processor.py:157} INFO - Started process (PID=33185) to work on /home/vscode/.local/lib/python3.10/site-packages/airflow/example_dags/tutorial_dag.py
[2025-11-17T04:23:57.264+0000] {processor.py:826} INFO - Processing file /home/vscode/.local/lib/python3.10/site-packages/airflow/example_dags/tutorial_dag.py for tasks to queue
[2025-11-17T04:23:57.265+0000] {logging_mixin.py:150} INFO - [2025-11-17T04:23:57.265+0000] {dagbag.py:541} INFO - Filling up the DagBag from /home/vscode/.local/lib/python3.10/site-packages/airflow/example_dags/tutorial_dag.py
[2025-11-17T04:23:57.268+0000] {processor.py:836} INFO - DAG(s) dict_keys(['tutorial_dag']) retrieved from /home/vscode/.local/lib/python3.10/site-packages/airflow/example_dags/tutorial_dag.py
[2025-11-17T04:23:57.279+0000] {logging_mixin.py:150} INFO - [2025-11-17T04:23:57.279+0000] {dag.py:2742} INFO - Sync 1 DAGs
[2025-11-17T04:23:57.292+0000] {logging_mixin.py:150} INFO - [2025-11-17T04:23:57.292+0000] {dag.py:3504} INFO - Setting next_dagrun for tutorial_dag to None, run_after=None
[2025-11-17T04:23:57.307+0000] {processor.py:179} INFO - Processing /home/vscode/.local/lib/python3.10/site-packages/airflow/example_dags/tutorial_dag.py took 0.046 seconds
[2025-11-17T04:24:32.134+0000] {processor.py:157} INFO - Started process (PID=33449) to work on /home/vscode/.local/lib/python3.10/site-packages/airflow/example_dags/tutorial_dag.py
[2025-11-17T04:24:32.136+0000] {processor.py:826} INFO - Processing file /home/vscode/.local/lib/python3.10/site-packages/airflow/example_dags/tutorial_dag.py for tasks to queue
[2025-11-17T04:24:32.137+0000] {logging_mixin.py:150} INFO - [2025-11-17T04:24:32.137+0000] {dagbag.py:541} INFO - Filling up the DagBag from /home/vscode/.local/lib/python3.10/site-packages/airflow/example_dags/tutorial_dag.py
[2025-11-17T04:24:32.145+0000] {processor.py:836} INFO - DAG(s) dict_keys(['tutorial_dag']) retrieved from /home/vscode/.local/lib/python3.10/site-packages/airflow/example_dags/tutorial_dag.py
[2025-11-17T04:24:32.196+0000] {logging_mixin.py:150} INFO - [2025-11-17T04:24:32.196+0000] {dag.py:2742} INFO - Sync 1 DAGs
[2025-11-17T04:24:32.221+0000] {logging_mixin.py:150} INFO - [2025-11-17T04:24:32.221+0000] {dag.py:3504} INFO - Setting next_dagrun for tutorial_dag to None, run_after=None
[2025-11-17T04:24:32.256+0000] {processor.py:179} INFO - Processing /home/vscode/.local/lib/python3.10/site-packages/airflow/example_dags/tutorial_dag.py took 0.128 seconds
[2025-11-17T04:25:17.207+0000] {processor.py:157} INFO - Started process (PID=33860) to work on /home/vscode/.local/lib/python3.10/site-packages/airflow/example_dags/tutorial_dag.py
[2025-11-17T04:25:17.208+0000] {processor.py:826} INFO - Processing file /home/vscode/.local/lib/python3.10/site-packages/airflow/example_dags/tutorial_dag.py for tasks to queue
[2025-11-17T04:25:17.209+0000] {logging_mixin.py:150} INFO - [2025-11-17T04:25:17.208+0000] {dagbag.py:541} INFO - Filling up the DagBag from /home/vscode/.local/lib/python3.10/site-packages/airflow/example_dags/tutorial_dag.py
[2025-11-17T04:25:17.212+0000] {processor.py:836} INFO - DAG(s) dict_keys(['tutorial_dag']) retrieved from /home/vscode/.local/lib/python3.10/site-packages/airflow/example_dags/tutorial_dag.py
[2025-11-17T04:25:17.222+0000] {logging_mixin.py:150} INFO - [2025-11-17T04:25:17.222+0000] {dag.py:2742} INFO - Sync 1 DAGs
[2025-11-17T04:25:17.235+0000] {logging_mixin.py:150} INFO - [2025-11-17T04:25:17.235+0000] {dag.py:3504} INFO - Setting next_dagrun for tutorial_dag to None, run_after=None
[2025-11-17T04:25:17.249+0000] {processor.py:179} INFO - Processing /home/vscode/.local/lib/python3.10/site-packages/airflow/example_dags/tutorial_dag.py took 0.043 seconds
[2025-11-17T04:25:52.642+0000] {processor.py:157} INFO - Started process (PID=34177) to work on /home/vscode/.local/lib/python3.10/site-packages/airflow/example_dags/tutorial_dag.py
[2025-11-17T04:25:52.643+0000] {processor.py:826} INFO - Processing file /home/vscode/.local/lib/python3.10/site-packages/airflow/example_dags/tutorial_dag.py for tasks to queue
[2025-11-17T04:25:52.643+0000] {logging_mixin.py:150} INFO - [2025-11-17T04:25:52.643+0000] {dagbag.py:541} INFO - Filling up the DagBag from /home/vscode/.local/lib/python3.10/site-packages/airflow/example_dags/tutorial_dag.py
[2025-11-17T04:25:52.647+0000] {processor.py:836} INFO - DAG(s) dict_keys(['tutorial_dag']) retrieved from /home/vscode/.local/lib/python3.10/site-packages/airflow/example_dags/tutorial_dag.py
[2025-11-17T04:25:52.657+0000] {logging_mixin.py:150} INFO - [2025-11-17T04:25:52.657+0000] {dag.py:2742} INFO - Sync 1 DAGs
[2025-11-17T04:25:52.671+0000] {logging_mixin.py:150} INFO - [2025-11-17T04:25:52.670+0000] {dag.py:3504} INFO - Setting next_dagrun for tutorial_dag to None, run_after=None
[2025-11-17T04:25:52.684+0000] {processor.py:179} INFO - Processing /home/vscode/.local/lib/python3.10/site-packages/airflow/example_dags/tutorial_dag.py took 0.044 seconds
