[2025-11-17T03:52:35.958+0000] {processor.py:157} INFO - Started process (PID=19180) to work on /home/vscode/.local/lib/python3.10/site-packages/airflow/example_dags/tutorial_taskflow_api_virtualenv.py
[2025-11-17T03:52:35.959+0000] {processor.py:826} INFO - Processing file /home/vscode/.local/lib/python3.10/site-packages/airflow/example_dags/tutorial_taskflow_api_virtualenv.py for tasks to queue
[2025-11-17T03:52:35.959+0000] {logging_mixin.py:150} INFO - [2025-11-17T03:52:35.959+0000] {dagbag.py:541} INFO - Filling up the DagBag from /home/vscode/.local/lib/python3.10/site-packages/airflow/example_dags/tutorial_taskflow_api_virtualenv.py
[2025-11-17T03:52:35.965+0000] {processor.py:836} INFO - DAG(s) dict_keys(['tutorial_taskflow_api_virtualenv']) retrieved from /home/vscode/.local/lib/python3.10/site-packages/airflow/example_dags/tutorial_taskflow_api_virtualenv.py
[2025-11-17T03:52:36.064+0000] {logging_mixin.py:150} INFO - [2025-11-17T03:52:36.064+0000] {manager.py:504} INFO - Created Permission View: can delete on DAG:tutorial_taskflow_api_virtualenv
[2025-11-17T03:52:36.073+0000] {logging_mixin.py:150} INFO - [2025-11-17T03:52:36.073+0000] {manager.py:504} INFO - Created Permission View: can edit on DAG:tutorial_taskflow_api_virtualenv
[2025-11-17T03:52:36.080+0000] {logging_mixin.py:150} INFO - [2025-11-17T03:52:36.080+0000] {manager.py:504} INFO - Created Permission View: can read on DAG:tutorial_taskflow_api_virtualenv
[2025-11-17T03:52:36.088+0000] {logging_mixin.py:150} INFO - [2025-11-17T03:52:36.088+0000] {dag.py:2742} INFO - Sync 1 DAGs
[2025-11-17T03:52:36.098+0000] {logging_mixin.py:150} INFO - [2025-11-17T03:52:36.098+0000] {dag.py:2763} INFO - Creating ORM DAG for tutorial_taskflow_api_virtualenv
[2025-11-17T03:52:36.104+0000] {logging_mixin.py:150} INFO - [2025-11-17T03:52:36.104+0000] {dag.py:3504} INFO - Setting next_dagrun for tutorial_taskflow_api_virtualenv to None, run_after=None
[2025-11-17T03:52:36.121+0000] {processor.py:179} INFO - Processing /home/vscode/.local/lib/python3.10/site-packages/airflow/example_dags/tutorial_taskflow_api_virtualenv.py took 0.165 seconds
[2025-11-17T03:53:24.115+0000] {processor.py:157} INFO - Started process (PID=19506) to work on /home/vscode/.local/lib/python3.10/site-packages/airflow/example_dags/tutorial_taskflow_api_virtualenv.py
[2025-11-17T03:53:24.115+0000] {processor.py:826} INFO - Processing file /home/vscode/.local/lib/python3.10/site-packages/airflow/example_dags/tutorial_taskflow_api_virtualenv.py for tasks to queue
[2025-11-17T03:53:24.116+0000] {logging_mixin.py:150} INFO - [2025-11-17T03:53:24.116+0000] {dagbag.py:541} INFO - Filling up the DagBag from /home/vscode/.local/lib/python3.10/site-packages/airflow/example_dags/tutorial_taskflow_api_virtualenv.py
[2025-11-17T03:53:24.121+0000] {processor.py:836} INFO - DAG(s) dict_keys(['tutorial_taskflow_api_virtualenv']) retrieved from /home/vscode/.local/lib/python3.10/site-packages/airflow/example_dags/tutorial_taskflow_api_virtualenv.py
[2025-11-17T03:53:24.131+0000] {logging_mixin.py:150} INFO - [2025-11-17T03:53:24.131+0000] {dag.py:2742} INFO - Sync 1 DAGs
[2025-11-17T03:53:24.144+0000] {logging_mixin.py:150} INFO - [2025-11-17T03:53:24.144+0000] {dag.py:3504} INFO - Setting next_dagrun for tutorial_taskflow_api_virtualenv to None, run_after=None
[2025-11-17T03:53:24.158+0000] {processor.py:179} INFO - Processing /home/vscode/.local/lib/python3.10/site-packages/airflow/example_dags/tutorial_taskflow_api_virtualenv.py took 0.045 seconds
[2025-11-17T03:54:08.540+0000] {processor.py:157} INFO - Started process (PID=19793) to work on /home/vscode/.local/lib/python3.10/site-packages/airflow/example_dags/tutorial_taskflow_api_virtualenv.py
[2025-11-17T03:54:08.541+0000] {processor.py:826} INFO - Processing file /home/vscode/.local/lib/python3.10/site-packages/airflow/example_dags/tutorial_taskflow_api_virtualenv.py for tasks to queue
[2025-11-17T03:54:08.541+0000] {logging_mixin.py:150} INFO - [2025-11-17T03:54:08.541+0000] {dagbag.py:541} INFO - Filling up the DagBag from /home/vscode/.local/lib/python3.10/site-packages/airflow/example_dags/tutorial_taskflow_api_virtualenv.py
[2025-11-17T03:54:08.546+0000] {processor.py:836} INFO - DAG(s) dict_keys(['tutorial_taskflow_api_virtualenv']) retrieved from /home/vscode/.local/lib/python3.10/site-packages/airflow/example_dags/tutorial_taskflow_api_virtualenv.py
[2025-11-17T03:54:08.556+0000] {logging_mixin.py:150} INFO - [2025-11-17T03:54:08.556+0000] {dag.py:2742} INFO - Sync 1 DAGs
[2025-11-17T03:54:08.568+0000] {logging_mixin.py:150} INFO - [2025-11-17T03:54:08.568+0000] {dag.py:3504} INFO - Setting next_dagrun for tutorial_taskflow_api_virtualenv to None, run_after=None
[2025-11-17T03:54:08.582+0000] {processor.py:179} INFO - Processing /home/vscode/.local/lib/python3.10/site-packages/airflow/example_dags/tutorial_taskflow_api_virtualenv.py took 0.044 seconds
[2025-11-17T03:54:53.184+0000] {processor.py:157} INFO - Started process (PID=20092) to work on /home/vscode/.local/lib/python3.10/site-packages/airflow/example_dags/tutorial_taskflow_api_virtualenv.py
[2025-11-17T03:54:53.185+0000] {processor.py:826} INFO - Processing file /home/vscode/.local/lib/python3.10/site-packages/airflow/example_dags/tutorial_taskflow_api_virtualenv.py for tasks to queue
[2025-11-17T03:54:53.185+0000] {logging_mixin.py:150} INFO - [2025-11-17T03:54:53.185+0000] {dagbag.py:541} INFO - Filling up the DagBag from /home/vscode/.local/lib/python3.10/site-packages/airflow/example_dags/tutorial_taskflow_api_virtualenv.py
[2025-11-17T03:54:53.190+0000] {processor.py:836} INFO - DAG(s) dict_keys(['tutorial_taskflow_api_virtualenv']) retrieved from /home/vscode/.local/lib/python3.10/site-packages/airflow/example_dags/tutorial_taskflow_api_virtualenv.py
[2025-11-17T03:54:53.200+0000] {logging_mixin.py:150} INFO - [2025-11-17T03:54:53.200+0000] {dag.py:2742} INFO - Sync 1 DAGs
[2025-11-17T03:54:53.212+0000] {logging_mixin.py:150} INFO - [2025-11-17T03:54:53.212+0000] {dag.py:3504} INFO - Setting next_dagrun for tutorial_taskflow_api_virtualenv to None, run_after=None
[2025-11-17T03:54:53.226+0000] {processor.py:179} INFO - Processing /home/vscode/.local/lib/python3.10/site-packages/airflow/example_dags/tutorial_taskflow_api_virtualenv.py took 0.044 seconds
[2025-11-17T03:55:26.007+0000] {processor.py:157} INFO - Started process (PID=20432) to work on /home/vscode/.local/lib/python3.10/site-packages/airflow/example_dags/tutorial_taskflow_api_virtualenv.py
[2025-11-17T03:55:26.007+0000] {processor.py:826} INFO - Processing file /home/vscode/.local/lib/python3.10/site-packages/airflow/example_dags/tutorial_taskflow_api_virtualenv.py for tasks to queue
[2025-11-17T03:55:26.008+0000] {logging_mixin.py:150} INFO - [2025-11-17T03:55:26.008+0000] {dagbag.py:541} INFO - Filling up the DagBag from /home/vscode/.local/lib/python3.10/site-packages/airflow/example_dags/tutorial_taskflow_api_virtualenv.py
[2025-11-17T03:55:26.014+0000] {processor.py:836} INFO - DAG(s) dict_keys(['tutorial_taskflow_api_virtualenv']) retrieved from /home/vscode/.local/lib/python3.10/site-packages/airflow/example_dags/tutorial_taskflow_api_virtualenv.py
[2025-11-17T03:55:26.025+0000] {logging_mixin.py:150} INFO - [2025-11-17T03:55:26.024+0000] {dag.py:2742} INFO - Sync 1 DAGs
[2025-11-17T03:55:26.037+0000] {logging_mixin.py:150} INFO - [2025-11-17T03:55:26.037+0000] {dag.py:3504} INFO - Setting next_dagrun for tutorial_taskflow_api_virtualenv to None, run_after=None
[2025-11-17T03:55:26.051+0000] {processor.py:179} INFO - Processing /home/vscode/.local/lib/python3.10/site-packages/airflow/example_dags/tutorial_taskflow_api_virtualenv.py took 0.047 seconds
[2025-11-17T03:56:06.362+0000] {processor.py:157} INFO - Started process (PID=20913) to work on /home/vscode/.local/lib/python3.10/site-packages/airflow/example_dags/tutorial_taskflow_api_virtualenv.py
[2025-11-17T03:56:06.363+0000] {processor.py:826} INFO - Processing file /home/vscode/.local/lib/python3.10/site-packages/airflow/example_dags/tutorial_taskflow_api_virtualenv.py for tasks to queue
[2025-11-17T03:56:06.363+0000] {logging_mixin.py:150} INFO - [2025-11-17T03:56:06.363+0000] {dagbag.py:541} INFO - Filling up the DagBag from /home/vscode/.local/lib/python3.10/site-packages/airflow/example_dags/tutorial_taskflow_api_virtualenv.py
[2025-11-17T03:56:06.368+0000] {processor.py:836} INFO - DAG(s) dict_keys(['tutorial_taskflow_api_virtualenv']) retrieved from /home/vscode/.local/lib/python3.10/site-packages/airflow/example_dags/tutorial_taskflow_api_virtualenv.py
[2025-11-17T03:56:06.378+0000] {logging_mixin.py:150} INFO - [2025-11-17T03:56:06.378+0000] {dag.py:2742} INFO - Sync 1 DAGs
[2025-11-17T03:56:06.390+0000] {logging_mixin.py:150} INFO - [2025-11-17T03:56:06.390+0000] {dag.py:3504} INFO - Setting next_dagrun for tutorial_taskflow_api_virtualenv to None, run_after=None
[2025-11-17T03:56:06.404+0000] {processor.py:179} INFO - Processing /home/vscode/.local/lib/python3.10/site-packages/airflow/example_dags/tutorial_taskflow_api_virtualenv.py took 0.043 seconds
[2025-11-17T03:56:53.137+0000] {processor.py:157} INFO - Started process (PID=21232) to work on /home/vscode/.local/lib/python3.10/site-packages/airflow/example_dags/tutorial_taskflow_api_virtualenv.py
[2025-11-17T03:56:53.137+0000] {processor.py:826} INFO - Processing file /home/vscode/.local/lib/python3.10/site-packages/airflow/example_dags/tutorial_taskflow_api_virtualenv.py for tasks to queue
[2025-11-17T03:56:53.138+0000] {logging_mixin.py:150} INFO - [2025-11-17T03:56:53.138+0000] {dagbag.py:541} INFO - Filling up the DagBag from /home/vscode/.local/lib/python3.10/site-packages/airflow/example_dags/tutorial_taskflow_api_virtualenv.py
[2025-11-17T03:56:53.142+0000] {processor.py:836} INFO - DAG(s) dict_keys(['tutorial_taskflow_api_virtualenv']) retrieved from /home/vscode/.local/lib/python3.10/site-packages/airflow/example_dags/tutorial_taskflow_api_virtualenv.py
[2025-11-17T03:56:53.153+0000] {logging_mixin.py:150} INFO - [2025-11-17T03:56:53.153+0000] {dag.py:2742} INFO - Sync 1 DAGs
[2025-11-17T03:56:53.167+0000] {logging_mixin.py:150} INFO - [2025-11-17T03:56:53.167+0000] {dag.py:3504} INFO - Setting next_dagrun for tutorial_taskflow_api_virtualenv to None, run_after=None
[2025-11-17T03:56:53.181+0000] {processor.py:179} INFO - Processing /home/vscode/.local/lib/python3.10/site-packages/airflow/example_dags/tutorial_taskflow_api_virtualenv.py took 0.046 seconds
[2025-11-17T03:57:32.857+0000] {processor.py:157} INFO - Started process (PID=21502) to work on /home/vscode/.local/lib/python3.10/site-packages/airflow/example_dags/tutorial_taskflow_api_virtualenv.py
[2025-11-17T03:57:32.857+0000] {processor.py:826} INFO - Processing file /home/vscode/.local/lib/python3.10/site-packages/airflow/example_dags/tutorial_taskflow_api_virtualenv.py for tasks to queue
[2025-11-17T03:57:32.858+0000] {logging_mixin.py:150} INFO - [2025-11-17T03:57:32.858+0000] {dagbag.py:541} INFO - Filling up the DagBag from /home/vscode/.local/lib/python3.10/site-packages/airflow/example_dags/tutorial_taskflow_api_virtualenv.py
[2025-11-17T03:57:32.863+0000] {processor.py:836} INFO - DAG(s) dict_keys(['tutorial_taskflow_api_virtualenv']) retrieved from /home/vscode/.local/lib/python3.10/site-packages/airflow/example_dags/tutorial_taskflow_api_virtualenv.py
[2025-11-17T03:57:32.873+0000] {logging_mixin.py:150} INFO - [2025-11-17T03:57:32.873+0000] {dag.py:2742} INFO - Sync 1 DAGs
[2025-11-17T03:57:32.885+0000] {logging_mixin.py:150} INFO - [2025-11-17T03:57:32.885+0000] {dag.py:3504} INFO - Setting next_dagrun for tutorial_taskflow_api_virtualenv to None, run_after=None
[2025-11-17T03:57:32.899+0000] {processor.py:179} INFO - Processing /home/vscode/.local/lib/python3.10/site-packages/airflow/example_dags/tutorial_taskflow_api_virtualenv.py took 0.044 seconds
[2025-11-17T03:58:15.676+0000] {processor.py:157} INFO - Started process (PID=21793) to work on /home/vscode/.local/lib/python3.10/site-packages/airflow/example_dags/tutorial_taskflow_api_virtualenv.py
[2025-11-17T03:58:15.677+0000] {processor.py:826} INFO - Processing file /home/vscode/.local/lib/python3.10/site-packages/airflow/example_dags/tutorial_taskflow_api_virtualenv.py for tasks to queue
[2025-11-17T03:58:15.677+0000] {logging_mixin.py:150} INFO - [2025-11-17T03:58:15.677+0000] {dagbag.py:541} INFO - Filling up the DagBag from /home/vscode/.local/lib/python3.10/site-packages/airflow/example_dags/tutorial_taskflow_api_virtualenv.py
[2025-11-17T03:58:15.682+0000] {processor.py:836} INFO - DAG(s) dict_keys(['tutorial_taskflow_api_virtualenv']) retrieved from /home/vscode/.local/lib/python3.10/site-packages/airflow/example_dags/tutorial_taskflow_api_virtualenv.py
[2025-11-17T03:58:15.693+0000] {logging_mixin.py:150} INFO - [2025-11-17T03:58:15.693+0000] {dag.py:2742} INFO - Sync 1 DAGs
[2025-11-17T03:58:15.705+0000] {logging_mixin.py:150} INFO - [2025-11-17T03:58:15.705+0000] {dag.py:3504} INFO - Setting next_dagrun for tutorial_taskflow_api_virtualenv to None, run_after=None
[2025-11-17T03:58:15.718+0000] {processor.py:179} INFO - Processing /home/vscode/.local/lib/python3.10/site-packages/airflow/example_dags/tutorial_taskflow_api_virtualenv.py took 0.044 seconds
[2025-11-17T03:58:57.324+0000] {processor.py:157} INFO - Started process (PID=22071) to work on /home/vscode/.local/lib/python3.10/site-packages/airflow/example_dags/tutorial_taskflow_api_virtualenv.py
[2025-11-17T03:58:57.324+0000] {processor.py:826} INFO - Processing file /home/vscode/.local/lib/python3.10/site-packages/airflow/example_dags/tutorial_taskflow_api_virtualenv.py for tasks to queue
[2025-11-17T03:58:57.325+0000] {logging_mixin.py:150} INFO - [2025-11-17T03:58:57.324+0000] {dagbag.py:541} INFO - Filling up the DagBag from /home/vscode/.local/lib/python3.10/site-packages/airflow/example_dags/tutorial_taskflow_api_virtualenv.py
[2025-11-17T03:58:57.329+0000] {processor.py:836} INFO - DAG(s) dict_keys(['tutorial_taskflow_api_virtualenv']) retrieved from /home/vscode/.local/lib/python3.10/site-packages/airflow/example_dags/tutorial_taskflow_api_virtualenv.py
[2025-11-17T03:58:57.342+0000] {logging_mixin.py:150} INFO - [2025-11-17T03:58:57.342+0000] {dag.py:2742} INFO - Sync 1 DAGs
[2025-11-17T03:58:57.360+0000] {logging_mixin.py:150} INFO - [2025-11-17T03:58:57.360+0000] {dag.py:3504} INFO - Setting next_dagrun for tutorial_taskflow_api_virtualenv to None, run_after=None
[2025-11-17T03:58:57.379+0000] {processor.py:179} INFO - Processing /home/vscode/.local/lib/python3.10/site-packages/airflow/example_dags/tutorial_taskflow_api_virtualenv.py took 0.057 seconds
[2025-11-17T03:59:39.542+0000] {processor.py:157} INFO - Started process (PID=22350) to work on /home/vscode/.local/lib/python3.10/site-packages/airflow/example_dags/tutorial_taskflow_api_virtualenv.py
[2025-11-17T03:59:39.542+0000] {processor.py:826} INFO - Processing file /home/vscode/.local/lib/python3.10/site-packages/airflow/example_dags/tutorial_taskflow_api_virtualenv.py for tasks to queue
[2025-11-17T03:59:39.543+0000] {logging_mixin.py:150} INFO - [2025-11-17T03:59:39.543+0000] {dagbag.py:541} INFO - Filling up the DagBag from /home/vscode/.local/lib/python3.10/site-packages/airflow/example_dags/tutorial_taskflow_api_virtualenv.py
[2025-11-17T03:59:39.547+0000] {processor.py:836} INFO - DAG(s) dict_keys(['tutorial_taskflow_api_virtualenv']) retrieved from /home/vscode/.local/lib/python3.10/site-packages/airflow/example_dags/tutorial_taskflow_api_virtualenv.py
[2025-11-17T03:59:39.558+0000] {logging_mixin.py:150} INFO - [2025-11-17T03:59:39.557+0000] {dag.py:2742} INFO - Sync 1 DAGs
[2025-11-17T03:59:39.570+0000] {logging_mixin.py:150} INFO - [2025-11-17T03:59:39.570+0000] {dag.py:3504} INFO - Setting next_dagrun for tutorial_taskflow_api_virtualenv to None, run_after=None
[2025-11-17T03:59:39.583+0000] {processor.py:179} INFO - Processing /home/vscode/.local/lib/python3.10/site-packages/airflow/example_dags/tutorial_taskflow_api_virtualenv.py took 0.044 seconds
[2025-11-17T04:00:26.833+0000] {processor.py:157} INFO - Started process (PID=22665) to work on /home/vscode/.local/lib/python3.10/site-packages/airflow/example_dags/tutorial_taskflow_api_virtualenv.py
[2025-11-17T04:00:26.834+0000] {processor.py:826} INFO - Processing file /home/vscode/.local/lib/python3.10/site-packages/airflow/example_dags/tutorial_taskflow_api_virtualenv.py for tasks to queue
[2025-11-17T04:00:26.834+0000] {logging_mixin.py:150} INFO - [2025-11-17T04:00:26.834+0000] {dagbag.py:541} INFO - Filling up the DagBag from /home/vscode/.local/lib/python3.10/site-packages/airflow/example_dags/tutorial_taskflow_api_virtualenv.py
[2025-11-17T04:00:26.839+0000] {processor.py:836} INFO - DAG(s) dict_keys(['tutorial_taskflow_api_virtualenv']) retrieved from /home/vscode/.local/lib/python3.10/site-packages/airflow/example_dags/tutorial_taskflow_api_virtualenv.py
[2025-11-17T04:00:26.849+0000] {logging_mixin.py:150} INFO - [2025-11-17T04:00:26.849+0000] {dag.py:2742} INFO - Sync 1 DAGs
[2025-11-17T04:00:26.863+0000] {logging_mixin.py:150} INFO - [2025-11-17T04:00:26.863+0000] {dag.py:3504} INFO - Setting next_dagrun for tutorial_taskflow_api_virtualenv to None, run_after=None
[2025-11-17T04:00:26.877+0000] {processor.py:179} INFO - Processing /home/vscode/.local/lib/python3.10/site-packages/airflow/example_dags/tutorial_taskflow_api_virtualenv.py took 0.045 seconds
[2025-11-17T04:01:07.778+0000] {processor.py:157} INFO - Started process (PID=22947) to work on /home/vscode/.local/lib/python3.10/site-packages/airflow/example_dags/tutorial_taskflow_api_virtualenv.py
[2025-11-17T04:01:07.779+0000] {processor.py:826} INFO - Processing file /home/vscode/.local/lib/python3.10/site-packages/airflow/example_dags/tutorial_taskflow_api_virtualenv.py for tasks to queue
[2025-11-17T04:01:07.780+0000] {logging_mixin.py:150} INFO - [2025-11-17T04:01:07.779+0000] {dagbag.py:541} INFO - Filling up the DagBag from /home/vscode/.local/lib/python3.10/site-packages/airflow/example_dags/tutorial_taskflow_api_virtualenv.py
[2025-11-17T04:01:07.786+0000] {processor.py:836} INFO - DAG(s) dict_keys(['tutorial_taskflow_api_virtualenv']) retrieved from /home/vscode/.local/lib/python3.10/site-packages/airflow/example_dags/tutorial_taskflow_api_virtualenv.py
[2025-11-17T04:01:07.801+0000] {logging_mixin.py:150} INFO - [2025-11-17T04:01:07.801+0000] {dag.py:2742} INFO - Sync 1 DAGs
[2025-11-17T04:01:07.819+0000] {logging_mixin.py:150} INFO - [2025-11-17T04:01:07.819+0000] {dag.py:3504} INFO - Setting next_dagrun for tutorial_taskflow_api_virtualenv to None, run_after=None
[2025-11-17T04:01:07.837+0000] {processor.py:179} INFO - Processing /home/vscode/.local/lib/python3.10/site-packages/airflow/example_dags/tutorial_taskflow_api_virtualenv.py took 0.062 seconds
[2025-11-17T04:01:53.313+0000] {processor.py:157} INFO - Started process (PID=23252) to work on /home/vscode/.local/lib/python3.10/site-packages/airflow/example_dags/tutorial_taskflow_api_virtualenv.py
[2025-11-17T04:01:53.314+0000] {processor.py:826} INFO - Processing file /home/vscode/.local/lib/python3.10/site-packages/airflow/example_dags/tutorial_taskflow_api_virtualenv.py for tasks to queue
[2025-11-17T04:01:53.314+0000] {logging_mixin.py:150} INFO - [2025-11-17T04:01:53.314+0000] {dagbag.py:541} INFO - Filling up the DagBag from /home/vscode/.local/lib/python3.10/site-packages/airflow/example_dags/tutorial_taskflow_api_virtualenv.py
[2025-11-17T04:01:53.319+0000] {processor.py:836} INFO - DAG(s) dict_keys(['tutorial_taskflow_api_virtualenv']) retrieved from /home/vscode/.local/lib/python3.10/site-packages/airflow/example_dags/tutorial_taskflow_api_virtualenv.py
[2025-11-17T04:01:53.330+0000] {logging_mixin.py:150} INFO - [2025-11-17T04:01:53.330+0000] {dag.py:2742} INFO - Sync 1 DAGs
[2025-11-17T04:01:53.344+0000] {logging_mixin.py:150} INFO - [2025-11-17T04:01:53.344+0000] {dag.py:3504} INFO - Setting next_dagrun for tutorial_taskflow_api_virtualenv to None, run_after=None
[2025-11-17T04:01:53.358+0000] {processor.py:179} INFO - Processing /home/vscode/.local/lib/python3.10/site-packages/airflow/example_dags/tutorial_taskflow_api_virtualenv.py took 0.047 seconds
[2025-11-17T04:02:35.783+0000] {processor.py:157} INFO - Started process (PID=23533) to work on /home/vscode/.local/lib/python3.10/site-packages/airflow/example_dags/tutorial_taskflow_api_virtualenv.py
[2025-11-17T04:02:35.783+0000] {processor.py:826} INFO - Processing file /home/vscode/.local/lib/python3.10/site-packages/airflow/example_dags/tutorial_taskflow_api_virtualenv.py for tasks to queue
[2025-11-17T04:02:35.784+0000] {logging_mixin.py:150} INFO - [2025-11-17T04:02:35.784+0000] {dagbag.py:541} INFO - Filling up the DagBag from /home/vscode/.local/lib/python3.10/site-packages/airflow/example_dags/tutorial_taskflow_api_virtualenv.py
[2025-11-17T04:02:35.789+0000] {processor.py:836} INFO - DAG(s) dict_keys(['tutorial_taskflow_api_virtualenv']) retrieved from /home/vscode/.local/lib/python3.10/site-packages/airflow/example_dags/tutorial_taskflow_api_virtualenv.py
[2025-11-17T04:02:35.799+0000] {logging_mixin.py:150} INFO - [2025-11-17T04:02:35.799+0000] {dag.py:2742} INFO - Sync 1 DAGs
[2025-11-17T04:02:35.812+0000] {logging_mixin.py:150} INFO - [2025-11-17T04:02:35.812+0000] {dag.py:3504} INFO - Setting next_dagrun for tutorial_taskflow_api_virtualenv to None, run_after=None
[2025-11-17T04:02:35.827+0000] {processor.py:179} INFO - Processing /home/vscode/.local/lib/python3.10/site-packages/airflow/example_dags/tutorial_taskflow_api_virtualenv.py took 0.046 seconds
[2025-11-17T04:03:19.590+0000] {processor.py:157} INFO - Started process (PID=23828) to work on /home/vscode/.local/lib/python3.10/site-packages/airflow/example_dags/tutorial_taskflow_api_virtualenv.py
[2025-11-17T04:03:19.591+0000] {processor.py:826} INFO - Processing file /home/vscode/.local/lib/python3.10/site-packages/airflow/example_dags/tutorial_taskflow_api_virtualenv.py for tasks to queue
[2025-11-17T04:03:19.592+0000] {logging_mixin.py:150} INFO - [2025-11-17T04:03:19.591+0000] {dagbag.py:541} INFO - Filling up the DagBag from /home/vscode/.local/lib/python3.10/site-packages/airflow/example_dags/tutorial_taskflow_api_virtualenv.py
[2025-11-17T04:03:19.596+0000] {processor.py:836} INFO - DAG(s) dict_keys(['tutorial_taskflow_api_virtualenv']) retrieved from /home/vscode/.local/lib/python3.10/site-packages/airflow/example_dags/tutorial_taskflow_api_virtualenv.py
[2025-11-17T04:03:19.607+0000] {logging_mixin.py:150} INFO - [2025-11-17T04:03:19.607+0000] {dag.py:2742} INFO - Sync 1 DAGs
[2025-11-17T04:03:19.621+0000] {logging_mixin.py:150} INFO - [2025-11-17T04:03:19.620+0000] {dag.py:3504} INFO - Setting next_dagrun for tutorial_taskflow_api_virtualenv to None, run_after=None
[2025-11-17T04:03:19.634+0000] {processor.py:179} INFO - Processing /home/vscode/.local/lib/python3.10/site-packages/airflow/example_dags/tutorial_taskflow_api_virtualenv.py took 0.046 seconds
[2025-11-17T04:04:04.266+0000] {processor.py:157} INFO - Started process (PID=24117) to work on /home/vscode/.local/lib/python3.10/site-packages/airflow/example_dags/tutorial_taskflow_api_virtualenv.py
[2025-11-17T04:04:04.267+0000] {processor.py:826} INFO - Processing file /home/vscode/.local/lib/python3.10/site-packages/airflow/example_dags/tutorial_taskflow_api_virtualenv.py for tasks to queue
[2025-11-17T04:04:04.267+0000] {logging_mixin.py:150} INFO - [2025-11-17T04:04:04.267+0000] {dagbag.py:541} INFO - Filling up the DagBag from /home/vscode/.local/lib/python3.10/site-packages/airflow/example_dags/tutorial_taskflow_api_virtualenv.py
[2025-11-17T04:04:04.272+0000] {processor.py:836} INFO - DAG(s) dict_keys(['tutorial_taskflow_api_virtualenv']) retrieved from /home/vscode/.local/lib/python3.10/site-packages/airflow/example_dags/tutorial_taskflow_api_virtualenv.py
[2025-11-17T04:04:04.282+0000] {logging_mixin.py:150} INFO - [2025-11-17T04:04:04.282+0000] {dag.py:2742} INFO - Sync 1 DAGs
[2025-11-17T04:04:04.295+0000] {logging_mixin.py:150} INFO - [2025-11-17T04:04:04.295+0000] {dag.py:3504} INFO - Setting next_dagrun for tutorial_taskflow_api_virtualenv to None, run_after=None
[2025-11-17T04:04:04.309+0000] {processor.py:179} INFO - Processing /home/vscode/.local/lib/python3.10/site-packages/airflow/example_dags/tutorial_taskflow_api_virtualenv.py took 0.045 seconds
[2025-11-17T04:04:36.237+0000] {processor.py:157} INFO - Started process (PID=24332) to work on /home/vscode/.local/lib/python3.10/site-packages/airflow/example_dags/tutorial_taskflow_api_virtualenv.py
[2025-11-17T04:04:36.237+0000] {processor.py:826} INFO - Processing file /home/vscode/.local/lib/python3.10/site-packages/airflow/example_dags/tutorial_taskflow_api_virtualenv.py for tasks to queue
[2025-11-17T04:04:36.238+0000] {logging_mixin.py:150} INFO - [2025-11-17T04:04:36.238+0000] {dagbag.py:541} INFO - Filling up the DagBag from /home/vscode/.local/lib/python3.10/site-packages/airflow/example_dags/tutorial_taskflow_api_virtualenv.py
[2025-11-17T04:04:36.243+0000] {processor.py:836} INFO - DAG(s) dict_keys(['tutorial_taskflow_api_virtualenv']) retrieved from /home/vscode/.local/lib/python3.10/site-packages/airflow/example_dags/tutorial_taskflow_api_virtualenv.py
[2025-11-17T04:04:36.254+0000] {logging_mixin.py:150} INFO - [2025-11-17T04:04:36.254+0000] {dag.py:2742} INFO - Sync 1 DAGs
[2025-11-17T04:04:36.267+0000] {logging_mixin.py:150} INFO - [2025-11-17T04:04:36.267+0000] {dag.py:3504} INFO - Setting next_dagrun for tutorial_taskflow_api_virtualenv to None, run_after=None
[2025-11-17T04:04:36.281+0000] {processor.py:179} INFO - Processing /home/vscode/.local/lib/python3.10/site-packages/airflow/example_dags/tutorial_taskflow_api_virtualenv.py took 0.047 seconds
[2025-11-17T04:05:20.649+0000] {processor.py:157} INFO - Started process (PID=24652) to work on /home/vscode/.local/lib/python3.10/site-packages/airflow/example_dags/tutorial_taskflow_api_virtualenv.py
[2025-11-17T04:05:20.650+0000] {processor.py:826} INFO - Processing file /home/vscode/.local/lib/python3.10/site-packages/airflow/example_dags/tutorial_taskflow_api_virtualenv.py for tasks to queue
[2025-11-17T04:05:20.650+0000] {logging_mixin.py:150} INFO - [2025-11-17T04:05:20.650+0000] {dagbag.py:541} INFO - Filling up the DagBag from /home/vscode/.local/lib/python3.10/site-packages/airflow/example_dags/tutorial_taskflow_api_virtualenv.py
[2025-11-17T04:05:20.655+0000] {processor.py:836} INFO - DAG(s) dict_keys(['tutorial_taskflow_api_virtualenv']) retrieved from /home/vscode/.local/lib/python3.10/site-packages/airflow/example_dags/tutorial_taskflow_api_virtualenv.py
[2025-11-17T04:05:20.665+0000] {logging_mixin.py:150} INFO - [2025-11-17T04:05:20.665+0000] {dag.py:2742} INFO - Sync 1 DAGs
[2025-11-17T04:05:20.678+0000] {logging_mixin.py:150} INFO - [2025-11-17T04:05:20.678+0000] {dag.py:3504} INFO - Setting next_dagrun for tutorial_taskflow_api_virtualenv to None, run_after=None
[2025-11-17T04:05:20.692+0000] {processor.py:179} INFO - Processing /home/vscode/.local/lib/python3.10/site-packages/airflow/example_dags/tutorial_taskflow_api_virtualenv.py took 0.045 seconds
[2025-11-17T04:06:04.380+0000] {processor.py:157} INFO - Started process (PID=24965) to work on /home/vscode/.local/lib/python3.10/site-packages/airflow/example_dags/tutorial_taskflow_api_virtualenv.py
[2025-11-17T04:06:04.381+0000] {processor.py:826} INFO - Processing file /home/vscode/.local/lib/python3.10/site-packages/airflow/example_dags/tutorial_taskflow_api_virtualenv.py for tasks to queue
[2025-11-17T04:06:04.382+0000] {logging_mixin.py:150} INFO - [2025-11-17T04:06:04.381+0000] {dagbag.py:541} INFO - Filling up the DagBag from /home/vscode/.local/lib/python3.10/site-packages/airflow/example_dags/tutorial_taskflow_api_virtualenv.py
[2025-11-17T04:06:04.386+0000] {processor.py:836} INFO - DAG(s) dict_keys(['tutorial_taskflow_api_virtualenv']) retrieved from /home/vscode/.local/lib/python3.10/site-packages/airflow/example_dags/tutorial_taskflow_api_virtualenv.py
[2025-11-17T04:06:04.398+0000] {logging_mixin.py:150} INFO - [2025-11-17T04:06:04.398+0000] {dag.py:2742} INFO - Sync 1 DAGs
[2025-11-17T04:06:04.411+0000] {logging_mixin.py:150} INFO - [2025-11-17T04:06:04.411+0000] {dag.py:3504} INFO - Setting next_dagrun for tutorial_taskflow_api_virtualenv to None, run_after=None
[2025-11-17T04:06:04.426+0000] {processor.py:179} INFO - Processing /home/vscode/.local/lib/python3.10/site-packages/airflow/example_dags/tutorial_taskflow_api_virtualenv.py took 0.047 seconds
[2025-11-17T04:06:38.061+0000] {processor.py:157} INFO - Started process (PID=25253) to work on /home/vscode/.local/lib/python3.10/site-packages/airflow/example_dags/tutorial_taskflow_api_virtualenv.py
[2025-11-17T04:06:38.062+0000] {processor.py:826} INFO - Processing file /home/vscode/.local/lib/python3.10/site-packages/airflow/example_dags/tutorial_taskflow_api_virtualenv.py for tasks to queue
[2025-11-17T04:06:38.062+0000] {logging_mixin.py:150} INFO - [2025-11-17T04:06:38.062+0000] {dagbag.py:541} INFO - Filling up the DagBag from /home/vscode/.local/lib/python3.10/site-packages/airflow/example_dags/tutorial_taskflow_api_virtualenv.py
[2025-11-17T04:06:38.070+0000] {processor.py:836} INFO - DAG(s) dict_keys(['tutorial_taskflow_api_virtualenv']) retrieved from /home/vscode/.local/lib/python3.10/site-packages/airflow/example_dags/tutorial_taskflow_api_virtualenv.py
[2025-11-17T04:06:38.087+0000] {logging_mixin.py:150} INFO - [2025-11-17T04:06:38.087+0000] {dag.py:2742} INFO - Sync 1 DAGs
[2025-11-17T04:06:38.120+0000] {logging_mixin.py:150} INFO - [2025-11-17T04:06:38.120+0000] {dag.py:3504} INFO - Setting next_dagrun for tutorial_taskflow_api_virtualenv to None, run_after=None
[2025-11-17T04:06:38.143+0000] {processor.py:179} INFO - Processing /home/vscode/.local/lib/python3.10/site-packages/airflow/example_dags/tutorial_taskflow_api_virtualenv.py took 0.085 seconds
[2025-11-17T04:07:21.444+0000] {processor.py:157} INFO - Started process (PID=25569) to work on /home/vscode/.local/lib/python3.10/site-packages/airflow/example_dags/tutorial_taskflow_api_virtualenv.py
[2025-11-17T04:07:21.445+0000] {processor.py:826} INFO - Processing file /home/vscode/.local/lib/python3.10/site-packages/airflow/example_dags/tutorial_taskflow_api_virtualenv.py for tasks to queue
[2025-11-17T04:07:21.445+0000] {logging_mixin.py:150} INFO - [2025-11-17T04:07:21.445+0000] {dagbag.py:541} INFO - Filling up the DagBag from /home/vscode/.local/lib/python3.10/site-packages/airflow/example_dags/tutorial_taskflow_api_virtualenv.py
[2025-11-17T04:07:21.450+0000] {processor.py:836} INFO - DAG(s) dict_keys(['tutorial_taskflow_api_virtualenv']) retrieved from /home/vscode/.local/lib/python3.10/site-packages/airflow/example_dags/tutorial_taskflow_api_virtualenv.py
[2025-11-17T04:07:21.465+0000] {logging_mixin.py:150} INFO - [2025-11-17T04:07:21.465+0000] {dag.py:2742} INFO - Sync 1 DAGs
[2025-11-17T04:07:21.479+0000] {logging_mixin.py:150} INFO - [2025-11-17T04:07:21.479+0000] {dag.py:3504} INFO - Setting next_dagrun for tutorial_taskflow_api_virtualenv to None, run_after=None
[2025-11-17T04:07:21.493+0000] {processor.py:179} INFO - Processing /home/vscode/.local/lib/python3.10/site-packages/airflow/example_dags/tutorial_taskflow_api_virtualenv.py took 0.052 seconds
[2025-11-17T04:08:05.166+0000] {processor.py:157} INFO - Started process (PID=25943) to work on /home/vscode/.local/lib/python3.10/site-packages/airflow/example_dags/tutorial_taskflow_api_virtualenv.py
[2025-11-17T04:08:05.167+0000] {processor.py:826} INFO - Processing file /home/vscode/.local/lib/python3.10/site-packages/airflow/example_dags/tutorial_taskflow_api_virtualenv.py for tasks to queue
[2025-11-17T04:08:05.167+0000] {logging_mixin.py:150} INFO - [2025-11-17T04:08:05.167+0000] {dagbag.py:541} INFO - Filling up the DagBag from /home/vscode/.local/lib/python3.10/site-packages/airflow/example_dags/tutorial_taskflow_api_virtualenv.py
[2025-11-17T04:08:05.172+0000] {processor.py:836} INFO - DAG(s) dict_keys(['tutorial_taskflow_api_virtualenv']) retrieved from /home/vscode/.local/lib/python3.10/site-packages/airflow/example_dags/tutorial_taskflow_api_virtualenv.py
[2025-11-17T04:08:05.184+0000] {logging_mixin.py:150} INFO - [2025-11-17T04:08:05.183+0000] {dag.py:2742} INFO - Sync 1 DAGs
[2025-11-17T04:08:05.198+0000] {logging_mixin.py:150} INFO - [2025-11-17T04:08:05.198+0000] {dag.py:3504} INFO - Setting next_dagrun for tutorial_taskflow_api_virtualenv to None, run_after=None
[2025-11-17T04:08:05.214+0000] {processor.py:179} INFO - Processing /home/vscode/.local/lib/python3.10/site-packages/airflow/example_dags/tutorial_taskflow_api_virtualenv.py took 0.050 seconds
[2025-11-17T04:08:48.829+0000] {processor.py:157} INFO - Started process (PID=26240) to work on /home/vscode/.local/lib/python3.10/site-packages/airflow/example_dags/tutorial_taskflow_api_virtualenv.py
[2025-11-17T04:08:48.830+0000] {processor.py:826} INFO - Processing file /home/vscode/.local/lib/python3.10/site-packages/airflow/example_dags/tutorial_taskflow_api_virtualenv.py for tasks to queue
[2025-11-17T04:08:48.830+0000] {logging_mixin.py:150} INFO - [2025-11-17T04:08:48.830+0000] {dagbag.py:541} INFO - Filling up the DagBag from /home/vscode/.local/lib/python3.10/site-packages/airflow/example_dags/tutorial_taskflow_api_virtualenv.py
[2025-11-17T04:08:48.835+0000] {processor.py:836} INFO - DAG(s) dict_keys(['tutorial_taskflow_api_virtualenv']) retrieved from /home/vscode/.local/lib/python3.10/site-packages/airflow/example_dags/tutorial_taskflow_api_virtualenv.py
[2025-11-17T04:08:48.846+0000] {logging_mixin.py:150} INFO - [2025-11-17T04:08:48.846+0000] {dag.py:2742} INFO - Sync 1 DAGs
[2025-11-17T04:08:48.859+0000] {logging_mixin.py:150} INFO - [2025-11-17T04:08:48.859+0000] {dag.py:3504} INFO - Setting next_dagrun for tutorial_taskflow_api_virtualenv to None, run_after=None
[2025-11-17T04:08:48.874+0000] {processor.py:179} INFO - Processing /home/vscode/.local/lib/python3.10/site-packages/airflow/example_dags/tutorial_taskflow_api_virtualenv.py took 0.047 seconds
[2025-11-17T04:09:32.188+0000] {processor.py:157} INFO - Started process (PID=26567) to work on /home/vscode/.local/lib/python3.10/site-packages/airflow/example_dags/tutorial_taskflow_api_virtualenv.py
[2025-11-17T04:09:32.188+0000] {processor.py:826} INFO - Processing file /home/vscode/.local/lib/python3.10/site-packages/airflow/example_dags/tutorial_taskflow_api_virtualenv.py for tasks to queue
[2025-11-17T04:09:32.189+0000] {logging_mixin.py:150} INFO - [2025-11-17T04:09:32.189+0000] {dagbag.py:541} INFO - Filling up the DagBag from /home/vscode/.local/lib/python3.10/site-packages/airflow/example_dags/tutorial_taskflow_api_virtualenv.py
[2025-11-17T04:09:32.194+0000] {processor.py:836} INFO - DAG(s) dict_keys(['tutorial_taskflow_api_virtualenv']) retrieved from /home/vscode/.local/lib/python3.10/site-packages/airflow/example_dags/tutorial_taskflow_api_virtualenv.py
[2025-11-17T04:09:32.205+0000] {logging_mixin.py:150} INFO - [2025-11-17T04:09:32.205+0000] {dag.py:2742} INFO - Sync 1 DAGs
[2025-11-17T04:09:32.220+0000] {logging_mixin.py:150} INFO - [2025-11-17T04:09:32.219+0000] {dag.py:3504} INFO - Setting next_dagrun for tutorial_taskflow_api_virtualenv to None, run_after=None
[2025-11-17T04:09:32.238+0000] {processor.py:179} INFO - Processing /home/vscode/.local/lib/python3.10/site-packages/airflow/example_dags/tutorial_taskflow_api_virtualenv.py took 0.052 seconds
[2025-11-17T04:10:13.952+0000] {processor.py:157} INFO - Started process (PID=26852) to work on /home/vscode/.local/lib/python3.10/site-packages/airflow/example_dags/tutorial_taskflow_api_virtualenv.py
[2025-11-17T04:10:13.953+0000] {processor.py:826} INFO - Processing file /home/vscode/.local/lib/python3.10/site-packages/airflow/example_dags/tutorial_taskflow_api_virtualenv.py for tasks to queue
[2025-11-17T04:10:13.954+0000] {logging_mixin.py:150} INFO - [2025-11-17T04:10:13.953+0000] {dagbag.py:541} INFO - Filling up the DagBag from /home/vscode/.local/lib/python3.10/site-packages/airflow/example_dags/tutorial_taskflow_api_virtualenv.py
[2025-11-17T04:10:13.959+0000] {processor.py:836} INFO - DAG(s) dict_keys(['tutorial_taskflow_api_virtualenv']) retrieved from /home/vscode/.local/lib/python3.10/site-packages/airflow/example_dags/tutorial_taskflow_api_virtualenv.py
[2025-11-17T04:10:13.971+0000] {logging_mixin.py:150} INFO - [2025-11-17T04:10:13.971+0000] {dag.py:2742} INFO - Sync 1 DAGs
[2025-11-17T04:10:13.984+0000] {logging_mixin.py:150} INFO - [2025-11-17T04:10:13.984+0000] {dag.py:3504} INFO - Setting next_dagrun for tutorial_taskflow_api_virtualenv to None, run_after=None
[2025-11-17T04:10:13.999+0000] {processor.py:179} INFO - Processing /home/vscode/.local/lib/python3.10/site-packages/airflow/example_dags/tutorial_taskflow_api_virtualenv.py took 0.048 seconds
[2025-11-17T04:10:56.179+0000] {processor.py:157} INFO - Started process (PID=27132) to work on /home/vscode/.local/lib/python3.10/site-packages/airflow/example_dags/tutorial_taskflow_api_virtualenv.py
[2025-11-17T04:10:56.180+0000] {processor.py:826} INFO - Processing file /home/vscode/.local/lib/python3.10/site-packages/airflow/example_dags/tutorial_taskflow_api_virtualenv.py for tasks to queue
[2025-11-17T04:10:56.180+0000] {logging_mixin.py:150} INFO - [2025-11-17T04:10:56.180+0000] {dagbag.py:541} INFO - Filling up the DagBag from /home/vscode/.local/lib/python3.10/site-packages/airflow/example_dags/tutorial_taskflow_api_virtualenv.py
[2025-11-17T04:10:56.187+0000] {processor.py:836} INFO - DAG(s) dict_keys(['tutorial_taskflow_api_virtualenv']) retrieved from /home/vscode/.local/lib/python3.10/site-packages/airflow/example_dags/tutorial_taskflow_api_virtualenv.py
[2025-11-17T04:10:56.204+0000] {logging_mixin.py:150} INFO - [2025-11-17T04:10:56.204+0000] {dag.py:2742} INFO - Sync 1 DAGs
[2025-11-17T04:10:56.224+0000] {logging_mixin.py:150} INFO - [2025-11-17T04:10:56.224+0000] {dag.py:3504} INFO - Setting next_dagrun for tutorial_taskflow_api_virtualenv to None, run_after=None
[2025-11-17T04:10:56.239+0000] {processor.py:179} INFO - Processing /home/vscode/.local/lib/python3.10/site-packages/airflow/example_dags/tutorial_taskflow_api_virtualenv.py took 0.063 seconds
[2025-11-17T04:11:35.578+0000] {processor.py:157} INFO - Started process (PID=27409) to work on /home/vscode/.local/lib/python3.10/site-packages/airflow/example_dags/tutorial_taskflow_api_virtualenv.py
[2025-11-17T04:11:35.579+0000] {processor.py:826} INFO - Processing file /home/vscode/.local/lib/python3.10/site-packages/airflow/example_dags/tutorial_taskflow_api_virtualenv.py for tasks to queue
[2025-11-17T04:11:35.579+0000] {logging_mixin.py:150} INFO - [2025-11-17T04:11:35.579+0000] {dagbag.py:541} INFO - Filling up the DagBag from /home/vscode/.local/lib/python3.10/site-packages/airflow/example_dags/tutorial_taskflow_api_virtualenv.py
[2025-11-17T04:11:35.584+0000] {processor.py:836} INFO - DAG(s) dict_keys(['tutorial_taskflow_api_virtualenv']) retrieved from /home/vscode/.local/lib/python3.10/site-packages/airflow/example_dags/tutorial_taskflow_api_virtualenv.py
[2025-11-17T04:11:35.595+0000] {logging_mixin.py:150} INFO - [2025-11-17T04:11:35.595+0000] {dag.py:2742} INFO - Sync 1 DAGs
[2025-11-17T04:11:35.608+0000] {logging_mixin.py:150} INFO - [2025-11-17T04:11:35.608+0000] {dag.py:3504} INFO - Setting next_dagrun for tutorial_taskflow_api_virtualenv to None, run_after=None
[2025-11-17T04:11:35.623+0000] {processor.py:179} INFO - Processing /home/vscode/.local/lib/python3.10/site-packages/airflow/example_dags/tutorial_taskflow_api_virtualenv.py took 0.047 seconds
[2025-11-17T04:12:21.764+0000] {processor.py:157} INFO - Started process (PID=27733) to work on /home/vscode/.local/lib/python3.10/site-packages/airflow/example_dags/tutorial_taskflow_api_virtualenv.py
[2025-11-17T04:12:21.765+0000] {processor.py:826} INFO - Processing file /home/vscode/.local/lib/python3.10/site-packages/airflow/example_dags/tutorial_taskflow_api_virtualenv.py for tasks to queue
[2025-11-17T04:12:21.765+0000] {logging_mixin.py:150} INFO - [2025-11-17T04:12:21.765+0000] {dagbag.py:541} INFO - Filling up the DagBag from /home/vscode/.local/lib/python3.10/site-packages/airflow/example_dags/tutorial_taskflow_api_virtualenv.py
[2025-11-17T04:12:21.770+0000] {processor.py:836} INFO - DAG(s) dict_keys(['tutorial_taskflow_api_virtualenv']) retrieved from /home/vscode/.local/lib/python3.10/site-packages/airflow/example_dags/tutorial_taskflow_api_virtualenv.py
[2025-11-17T04:12:21.780+0000] {logging_mixin.py:150} INFO - [2025-11-17T04:12:21.780+0000] {dag.py:2742} INFO - Sync 1 DAGs
[2025-11-17T04:12:21.793+0000] {logging_mixin.py:150} INFO - [2025-11-17T04:12:21.793+0000] {dag.py:3504} INFO - Setting next_dagrun for tutorial_taskflow_api_virtualenv to None, run_after=None
[2025-11-17T04:12:21.807+0000] {processor.py:179} INFO - Processing /home/vscode/.local/lib/python3.10/site-packages/airflow/example_dags/tutorial_taskflow_api_virtualenv.py took 0.045 seconds
[2025-11-17T04:13:06.768+0000] {processor.py:157} INFO - Started process (PID=28099) to work on /home/vscode/.local/lib/python3.10/site-packages/airflow/example_dags/tutorial_taskflow_api_virtualenv.py
[2025-11-17T04:13:06.768+0000] {processor.py:826} INFO - Processing file /home/vscode/.local/lib/python3.10/site-packages/airflow/example_dags/tutorial_taskflow_api_virtualenv.py for tasks to queue
[2025-11-17T04:13:06.769+0000] {logging_mixin.py:150} INFO - [2025-11-17T04:13:06.768+0000] {dagbag.py:541} INFO - Filling up the DagBag from /home/vscode/.local/lib/python3.10/site-packages/airflow/example_dags/tutorial_taskflow_api_virtualenv.py
[2025-11-17T04:13:06.773+0000] {processor.py:836} INFO - DAG(s) dict_keys(['tutorial_taskflow_api_virtualenv']) retrieved from /home/vscode/.local/lib/python3.10/site-packages/airflow/example_dags/tutorial_taskflow_api_virtualenv.py
[2025-11-17T04:13:06.784+0000] {logging_mixin.py:150} INFO - [2025-11-17T04:13:06.783+0000] {dag.py:2742} INFO - Sync 1 DAGs
[2025-11-17T04:13:06.796+0000] {logging_mixin.py:150} INFO - [2025-11-17T04:13:06.796+0000] {dag.py:3504} INFO - Setting next_dagrun for tutorial_taskflow_api_virtualenv to None, run_after=None
[2025-11-17T04:13:06.810+0000] {processor.py:179} INFO - Processing /home/vscode/.local/lib/python3.10/site-packages/airflow/example_dags/tutorial_taskflow_api_virtualenv.py took 0.044 seconds
[2025-11-17T04:13:42.685+0000] {processor.py:157} INFO - Started process (PID=28355) to work on /home/vscode/.local/lib/python3.10/site-packages/airflow/example_dags/tutorial_taskflow_api_virtualenv.py
[2025-11-17T04:13:42.685+0000] {processor.py:826} INFO - Processing file /home/vscode/.local/lib/python3.10/site-packages/airflow/example_dags/tutorial_taskflow_api_virtualenv.py for tasks to queue
[2025-11-17T04:13:42.686+0000] {logging_mixin.py:150} INFO - [2025-11-17T04:13:42.686+0000] {dagbag.py:541} INFO - Filling up the DagBag from /home/vscode/.local/lib/python3.10/site-packages/airflow/example_dags/tutorial_taskflow_api_virtualenv.py
[2025-11-17T04:13:42.692+0000] {processor.py:836} INFO - DAG(s) dict_keys(['tutorial_taskflow_api_virtualenv']) retrieved from /home/vscode/.local/lib/python3.10/site-packages/airflow/example_dags/tutorial_taskflow_api_virtualenv.py
[2025-11-17T04:13:42.705+0000] {logging_mixin.py:150} INFO - [2025-11-17T04:13:42.705+0000] {dag.py:2742} INFO - Sync 1 DAGs
[2025-11-17T04:13:42.718+0000] {logging_mixin.py:150} INFO - [2025-11-17T04:13:42.718+0000] {dag.py:3504} INFO - Setting next_dagrun for tutorial_taskflow_api_virtualenv to None, run_after=None
[2025-11-17T04:13:42.732+0000] {processor.py:179} INFO - Processing /home/vscode/.local/lib/python3.10/site-packages/airflow/example_dags/tutorial_taskflow_api_virtualenv.py took 0.051 seconds
[2025-11-17T04:14:19.966+0000] {processor.py:157} INFO - Started process (PID=28599) to work on /home/vscode/.local/lib/python3.10/site-packages/airflow/example_dags/tutorial_taskflow_api_virtualenv.py
[2025-11-17T04:14:19.966+0000] {processor.py:826} INFO - Processing file /home/vscode/.local/lib/python3.10/site-packages/airflow/example_dags/tutorial_taskflow_api_virtualenv.py for tasks to queue
[2025-11-17T04:14:19.967+0000] {logging_mixin.py:150} INFO - [2025-11-17T04:14:19.967+0000] {dagbag.py:541} INFO - Filling up the DagBag from /home/vscode/.local/lib/python3.10/site-packages/airflow/example_dags/tutorial_taskflow_api_virtualenv.py
[2025-11-17T04:14:19.971+0000] {processor.py:836} INFO - DAG(s) dict_keys(['tutorial_taskflow_api_virtualenv']) retrieved from /home/vscode/.local/lib/python3.10/site-packages/airflow/example_dags/tutorial_taskflow_api_virtualenv.py
[2025-11-17T04:14:19.982+0000] {logging_mixin.py:150} INFO - [2025-11-17T04:14:19.982+0000] {dag.py:2742} INFO - Sync 1 DAGs
[2025-11-17T04:14:19.994+0000] {logging_mixin.py:150} INFO - [2025-11-17T04:14:19.994+0000] {dag.py:3504} INFO - Setting next_dagrun for tutorial_taskflow_api_virtualenv to None, run_after=None
[2025-11-17T04:14:20.008+0000] {processor.py:179} INFO - Processing /home/vscode/.local/lib/python3.10/site-packages/airflow/example_dags/tutorial_taskflow_api_virtualenv.py took 0.044 seconds
[2025-11-17T04:15:06.109+0000] {processor.py:157} INFO - Started process (PID=28980) to work on /home/vscode/.local/lib/python3.10/site-packages/airflow/example_dags/tutorial_taskflow_api_virtualenv.py
[2025-11-17T04:15:06.109+0000] {processor.py:826} INFO - Processing file /home/vscode/.local/lib/python3.10/site-packages/airflow/example_dags/tutorial_taskflow_api_virtualenv.py for tasks to queue
[2025-11-17T04:15:06.110+0000] {logging_mixin.py:150} INFO - [2025-11-17T04:15:06.110+0000] {dagbag.py:541} INFO - Filling up the DagBag from /home/vscode/.local/lib/python3.10/site-packages/airflow/example_dags/tutorial_taskflow_api_virtualenv.py
[2025-11-17T04:15:06.115+0000] {processor.py:836} INFO - DAG(s) dict_keys(['tutorial_taskflow_api_virtualenv']) retrieved from /home/vscode/.local/lib/python3.10/site-packages/airflow/example_dags/tutorial_taskflow_api_virtualenv.py
[2025-11-17T04:15:06.126+0000] {logging_mixin.py:150} INFO - [2025-11-17T04:15:06.126+0000] {dag.py:2742} INFO - Sync 1 DAGs
[2025-11-17T04:15:06.140+0000] {logging_mixin.py:150} INFO - [2025-11-17T04:15:06.140+0000] {dag.py:3504} INFO - Setting next_dagrun for tutorial_taskflow_api_virtualenv to None, run_after=None
[2025-11-17T04:15:06.156+0000] {processor.py:179} INFO - Processing /home/vscode/.local/lib/python3.10/site-packages/airflow/example_dags/tutorial_taskflow_api_virtualenv.py took 0.050 seconds
[2025-11-17T04:15:53.279+0000] {processor.py:157} INFO - Started process (PID=29413) to work on /home/vscode/.local/lib/python3.10/site-packages/airflow/example_dags/tutorial_taskflow_api_virtualenv.py
[2025-11-17T04:15:53.279+0000] {processor.py:826} INFO - Processing file /home/vscode/.local/lib/python3.10/site-packages/airflow/example_dags/tutorial_taskflow_api_virtualenv.py for tasks to queue
[2025-11-17T04:15:53.280+0000] {logging_mixin.py:150} INFO - [2025-11-17T04:15:53.280+0000] {dagbag.py:541} INFO - Filling up the DagBag from /home/vscode/.local/lib/python3.10/site-packages/airflow/example_dags/tutorial_taskflow_api_virtualenv.py
[2025-11-17T04:15:53.285+0000] {processor.py:836} INFO - DAG(s) dict_keys(['tutorial_taskflow_api_virtualenv']) retrieved from /home/vscode/.local/lib/python3.10/site-packages/airflow/example_dags/tutorial_taskflow_api_virtualenv.py
[2025-11-17T04:15:53.298+0000] {logging_mixin.py:150} INFO - [2025-11-17T04:15:53.298+0000] {dag.py:2742} INFO - Sync 1 DAGs
[2025-11-17T04:15:53.311+0000] {logging_mixin.py:150} INFO - [2025-11-17T04:15:53.311+0000] {dag.py:3504} INFO - Setting next_dagrun for tutorial_taskflow_api_virtualenv to None, run_after=None
[2025-11-17T04:15:53.326+0000] {processor.py:179} INFO - Processing /home/vscode/.local/lib/python3.10/site-packages/airflow/example_dags/tutorial_taskflow_api_virtualenv.py took 0.050 seconds
[2025-11-17T04:16:36.831+0000] {processor.py:157} INFO - Started process (PID=29705) to work on /home/vscode/.local/lib/python3.10/site-packages/airflow/example_dags/tutorial_taskflow_api_virtualenv.py
[2025-11-17T04:16:36.832+0000] {processor.py:826} INFO - Processing file /home/vscode/.local/lib/python3.10/site-packages/airflow/example_dags/tutorial_taskflow_api_virtualenv.py for tasks to queue
[2025-11-17T04:16:36.832+0000] {logging_mixin.py:150} INFO - [2025-11-17T04:16:36.832+0000] {dagbag.py:541} INFO - Filling up the DagBag from /home/vscode/.local/lib/python3.10/site-packages/airflow/example_dags/tutorial_taskflow_api_virtualenv.py
[2025-11-17T04:16:36.837+0000] {processor.py:836} INFO - DAG(s) dict_keys(['tutorial_taskflow_api_virtualenv']) retrieved from /home/vscode/.local/lib/python3.10/site-packages/airflow/example_dags/tutorial_taskflow_api_virtualenv.py
[2025-11-17T04:16:36.848+0000] {logging_mixin.py:150} INFO - [2025-11-17T04:16:36.848+0000] {dag.py:2742} INFO - Sync 1 DAGs
[2025-11-17T04:16:36.862+0000] {logging_mixin.py:150} INFO - [2025-11-17T04:16:36.861+0000] {dag.py:3504} INFO - Setting next_dagrun for tutorial_taskflow_api_virtualenv to None, run_after=None
[2025-11-17T04:16:36.876+0000] {processor.py:179} INFO - Processing /home/vscode/.local/lib/python3.10/site-packages/airflow/example_dags/tutorial_taskflow_api_virtualenv.py took 0.048 seconds
[2025-11-17T04:17:13.517+0000] {processor.py:157} INFO - Started process (PID=30030) to work on /home/vscode/.local/lib/python3.10/site-packages/airflow/example_dags/tutorial_taskflow_api_virtualenv.py
[2025-11-17T04:17:13.518+0000] {processor.py:826} INFO - Processing file /home/vscode/.local/lib/python3.10/site-packages/airflow/example_dags/tutorial_taskflow_api_virtualenv.py for tasks to queue
[2025-11-17T04:17:13.518+0000] {logging_mixin.py:150} INFO - [2025-11-17T04:17:13.518+0000] {dagbag.py:541} INFO - Filling up the DagBag from /home/vscode/.local/lib/python3.10/site-packages/airflow/example_dags/tutorial_taskflow_api_virtualenv.py
[2025-11-17T04:17:13.525+0000] {processor.py:836} INFO - DAG(s) dict_keys(['tutorial_taskflow_api_virtualenv']) retrieved from /home/vscode/.local/lib/python3.10/site-packages/airflow/example_dags/tutorial_taskflow_api_virtualenv.py
[2025-11-17T04:17:13.535+0000] {logging_mixin.py:150} INFO - [2025-11-17T04:17:13.535+0000] {dag.py:2742} INFO - Sync 1 DAGs
[2025-11-17T04:17:13.548+0000] {logging_mixin.py:150} INFO - [2025-11-17T04:17:13.548+0000] {dag.py:3504} INFO - Setting next_dagrun for tutorial_taskflow_api_virtualenv to None, run_after=None
[2025-11-17T04:17:13.563+0000] {processor.py:179} INFO - Processing /home/vscode/.local/lib/python3.10/site-packages/airflow/example_dags/tutorial_taskflow_api_virtualenv.py took 0.048 seconds
[2025-11-17T04:17:55.739+0000] {processor.py:157} INFO - Started process (PID=30311) to work on /home/vscode/.local/lib/python3.10/site-packages/airflow/example_dags/tutorial_taskflow_api_virtualenv.py
[2025-11-17T04:17:55.739+0000] {processor.py:826} INFO - Processing file /home/vscode/.local/lib/python3.10/site-packages/airflow/example_dags/tutorial_taskflow_api_virtualenv.py for tasks to queue
[2025-11-17T04:17:55.740+0000] {logging_mixin.py:150} INFO - [2025-11-17T04:17:55.739+0000] {dagbag.py:541} INFO - Filling up the DagBag from /home/vscode/.local/lib/python3.10/site-packages/airflow/example_dags/tutorial_taskflow_api_virtualenv.py
[2025-11-17T04:17:55.744+0000] {processor.py:836} INFO - DAG(s) dict_keys(['tutorial_taskflow_api_virtualenv']) retrieved from /home/vscode/.local/lib/python3.10/site-packages/airflow/example_dags/tutorial_taskflow_api_virtualenv.py
[2025-11-17T04:17:55.755+0000] {logging_mixin.py:150} INFO - [2025-11-17T04:17:55.755+0000] {dag.py:2742} INFO - Sync 1 DAGs
[2025-11-17T04:17:55.767+0000] {logging_mixin.py:150} INFO - [2025-11-17T04:17:55.767+0000] {dag.py:3504} INFO - Setting next_dagrun for tutorial_taskflow_api_virtualenv to None, run_after=None
[2025-11-17T04:17:55.781+0000] {processor.py:179} INFO - Processing /home/vscode/.local/lib/python3.10/site-packages/airflow/example_dags/tutorial_taskflow_api_virtualenv.py took 0.045 seconds
[2025-11-17T04:18:44.869+0000] {processor.py:157} INFO - Started process (PID=30701) to work on /home/vscode/.local/lib/python3.10/site-packages/airflow/example_dags/tutorial_taskflow_api_virtualenv.py
[2025-11-17T04:18:44.869+0000] {processor.py:826} INFO - Processing file /home/vscode/.local/lib/python3.10/site-packages/airflow/example_dags/tutorial_taskflow_api_virtualenv.py for tasks to queue
[2025-11-17T04:18:44.870+0000] {logging_mixin.py:150} INFO - [2025-11-17T04:18:44.870+0000] {dagbag.py:541} INFO - Filling up the DagBag from /home/vscode/.local/lib/python3.10/site-packages/airflow/example_dags/tutorial_taskflow_api_virtualenv.py
[2025-11-17T04:18:44.874+0000] {processor.py:836} INFO - DAG(s) dict_keys(['tutorial_taskflow_api_virtualenv']) retrieved from /home/vscode/.local/lib/python3.10/site-packages/airflow/example_dags/tutorial_taskflow_api_virtualenv.py
[2025-11-17T04:18:44.885+0000] {logging_mixin.py:150} INFO - [2025-11-17T04:18:44.885+0000] {dag.py:2742} INFO - Sync 1 DAGs
[2025-11-17T04:18:44.900+0000] {logging_mixin.py:150} INFO - [2025-11-17T04:18:44.899+0000] {dag.py:3504} INFO - Setting next_dagrun for tutorial_taskflow_api_virtualenv to None, run_after=None
[2025-11-17T04:18:44.914+0000] {processor.py:179} INFO - Processing /home/vscode/.local/lib/python3.10/site-packages/airflow/example_dags/tutorial_taskflow_api_virtualenv.py took 0.047 seconds
[2025-11-17T04:19:27.423+0000] {processor.py:157} INFO - Started process (PID=31038) to work on /home/vscode/.local/lib/python3.10/site-packages/airflow/example_dags/tutorial_taskflow_api_virtualenv.py
[2025-11-17T04:19:27.423+0000] {processor.py:826} INFO - Processing file /home/vscode/.local/lib/python3.10/site-packages/airflow/example_dags/tutorial_taskflow_api_virtualenv.py for tasks to queue
[2025-11-17T04:19:27.424+0000] {logging_mixin.py:150} INFO - [2025-11-17T04:19:27.424+0000] {dagbag.py:541} INFO - Filling up the DagBag from /home/vscode/.local/lib/python3.10/site-packages/airflow/example_dags/tutorial_taskflow_api_virtualenv.py
[2025-11-17T04:19:27.428+0000] {processor.py:836} INFO - DAG(s) dict_keys(['tutorial_taskflow_api_virtualenv']) retrieved from /home/vscode/.local/lib/python3.10/site-packages/airflow/example_dags/tutorial_taskflow_api_virtualenv.py
[2025-11-17T04:19:27.439+0000] {logging_mixin.py:150} INFO - [2025-11-17T04:19:27.439+0000] {dag.py:2742} INFO - Sync 1 DAGs
[2025-11-17T04:19:27.452+0000] {logging_mixin.py:150} INFO - [2025-11-17T04:19:27.452+0000] {dag.py:3504} INFO - Setting next_dagrun for tutorial_taskflow_api_virtualenv to None, run_after=None
[2025-11-17T04:19:27.466+0000] {processor.py:179} INFO - Processing /home/vscode/.local/lib/python3.10/site-packages/airflow/example_dags/tutorial_taskflow_api_virtualenv.py took 0.045 seconds
[2025-11-17T04:20:11.632+0000] {processor.py:157} INFO - Started process (PID=31462) to work on /home/vscode/.local/lib/python3.10/site-packages/airflow/example_dags/tutorial_taskflow_api_virtualenv.py
[2025-11-17T04:20:11.632+0000] {processor.py:826} INFO - Processing file /home/vscode/.local/lib/python3.10/site-packages/airflow/example_dags/tutorial_taskflow_api_virtualenv.py for tasks to queue
[2025-11-17T04:20:11.633+0000] {logging_mixin.py:150} INFO - [2025-11-17T04:20:11.633+0000] {dagbag.py:541} INFO - Filling up the DagBag from /home/vscode/.local/lib/python3.10/site-packages/airflow/example_dags/tutorial_taskflow_api_virtualenv.py
[2025-11-17T04:20:11.638+0000] {processor.py:836} INFO - DAG(s) dict_keys(['tutorial_taskflow_api_virtualenv']) retrieved from /home/vscode/.local/lib/python3.10/site-packages/airflow/example_dags/tutorial_taskflow_api_virtualenv.py
[2025-11-17T04:20:11.648+0000] {logging_mixin.py:150} INFO - [2025-11-17T04:20:11.648+0000] {dag.py:2742} INFO - Sync 1 DAGs
[2025-11-17T04:20:11.661+0000] {logging_mixin.py:150} INFO - [2025-11-17T04:20:11.661+0000] {dag.py:3504} INFO - Setting next_dagrun for tutorial_taskflow_api_virtualenv to None, run_after=None
[2025-11-17T04:20:11.680+0000] {processor.py:179} INFO - Processing /home/vscode/.local/lib/python3.10/site-packages/airflow/example_dags/tutorial_taskflow_api_virtualenv.py took 0.050 seconds
[2025-11-17T04:21:01.302+0000] {processor.py:157} INFO - Started process (PID=31852) to work on /home/vscode/.local/lib/python3.10/site-packages/airflow/example_dags/tutorial_taskflow_api_virtualenv.py
[2025-11-17T04:21:01.303+0000] {processor.py:826} INFO - Processing file /home/vscode/.local/lib/python3.10/site-packages/airflow/example_dags/tutorial_taskflow_api_virtualenv.py for tasks to queue
[2025-11-17T04:21:01.303+0000] {logging_mixin.py:150} INFO - [2025-11-17T04:21:01.303+0000] {dagbag.py:541} INFO - Filling up the DagBag from /home/vscode/.local/lib/python3.10/site-packages/airflow/example_dags/tutorial_taskflow_api_virtualenv.py
[2025-11-17T04:21:01.308+0000] {processor.py:836} INFO - DAG(s) dict_keys(['tutorial_taskflow_api_virtualenv']) retrieved from /home/vscode/.local/lib/python3.10/site-packages/airflow/example_dags/tutorial_taskflow_api_virtualenv.py
[2025-11-17T04:21:01.320+0000] {logging_mixin.py:150} INFO - [2025-11-17T04:21:01.319+0000] {dag.py:2742} INFO - Sync 1 DAGs
[2025-11-17T04:21:01.333+0000] {logging_mixin.py:150} INFO - [2025-11-17T04:21:01.333+0000] {dag.py:3504} INFO - Setting next_dagrun for tutorial_taskflow_api_virtualenv to None, run_after=None
[2025-11-17T04:21:01.347+0000] {processor.py:179} INFO - Processing /home/vscode/.local/lib/python3.10/site-packages/airflow/example_dags/tutorial_taskflow_api_virtualenv.py took 0.047 seconds
[2025-11-17T04:21:34.356+0000] {processor.py:157} INFO - Started process (PID=32075) to work on /home/vscode/.local/lib/python3.10/site-packages/airflow/example_dags/tutorial_taskflow_api_virtualenv.py
[2025-11-17T04:21:34.357+0000] {processor.py:826} INFO - Processing file /home/vscode/.local/lib/python3.10/site-packages/airflow/example_dags/tutorial_taskflow_api_virtualenv.py for tasks to queue
[2025-11-17T04:21:34.358+0000] {logging_mixin.py:150} INFO - [2025-11-17T04:21:34.358+0000] {dagbag.py:541} INFO - Filling up the DagBag from /home/vscode/.local/lib/python3.10/site-packages/airflow/example_dags/tutorial_taskflow_api_virtualenv.py
[2025-11-17T04:21:34.366+0000] {processor.py:836} INFO - DAG(s) dict_keys(['tutorial_taskflow_api_virtualenv']) retrieved from /home/vscode/.local/lib/python3.10/site-packages/airflow/example_dags/tutorial_taskflow_api_virtualenv.py
[2025-11-17T04:21:34.385+0000] {logging_mixin.py:150} INFO - [2025-11-17T04:21:34.384+0000] {dag.py:2742} INFO - Sync 1 DAGs
[2025-11-17T04:21:34.402+0000] {logging_mixin.py:150} INFO - [2025-11-17T04:21:34.402+0000] {dag.py:3504} INFO - Setting next_dagrun for tutorial_taskflow_api_virtualenv to None, run_after=None
[2025-11-17T04:21:34.417+0000] {processor.py:179} INFO - Processing /home/vscode/.local/lib/python3.10/site-packages/airflow/example_dags/tutorial_taskflow_api_virtualenv.py took 0.064 seconds
[2025-11-17T04:22:08.099+0000] {processor.py:157} INFO - Started process (PID=32292) to work on /home/vscode/.local/lib/python3.10/site-packages/airflow/example_dags/tutorial_taskflow_api_virtualenv.py
[2025-11-17T04:22:08.099+0000] {processor.py:826} INFO - Processing file /home/vscode/.local/lib/python3.10/site-packages/airflow/example_dags/tutorial_taskflow_api_virtualenv.py for tasks to queue
[2025-11-17T04:22:08.100+0000] {logging_mixin.py:150} INFO - [2025-11-17T04:22:08.100+0000] {dagbag.py:541} INFO - Filling up the DagBag from /home/vscode/.local/lib/python3.10/site-packages/airflow/example_dags/tutorial_taskflow_api_virtualenv.py
[2025-11-17T04:22:08.105+0000] {processor.py:836} INFO - DAG(s) dict_keys(['tutorial_taskflow_api_virtualenv']) retrieved from /home/vscode/.local/lib/python3.10/site-packages/airflow/example_dags/tutorial_taskflow_api_virtualenv.py
[2025-11-17T04:22:08.116+0000] {logging_mixin.py:150} INFO - [2025-11-17T04:22:08.116+0000] {dag.py:2742} INFO - Sync 1 DAGs
[2025-11-17T04:22:08.129+0000] {logging_mixin.py:150} INFO - [2025-11-17T04:22:08.129+0000] {dag.py:3504} INFO - Setting next_dagrun for tutorial_taskflow_api_virtualenv to None, run_after=None
[2025-11-17T04:22:08.144+0000] {processor.py:179} INFO - Processing /home/vscode/.local/lib/python3.10/site-packages/airflow/example_dags/tutorial_taskflow_api_virtualenv.py took 0.047 seconds
[2025-11-17T04:22:54.277+0000] {processor.py:157} INFO - Started process (PID=32658) to work on /home/vscode/.local/lib/python3.10/site-packages/airflow/example_dags/tutorial_taskflow_api_virtualenv.py
[2025-11-17T04:22:54.277+0000] {processor.py:826} INFO - Processing file /home/vscode/.local/lib/python3.10/site-packages/airflow/example_dags/tutorial_taskflow_api_virtualenv.py for tasks to queue
[2025-11-17T04:22:54.278+0000] {logging_mixin.py:150} INFO - [2025-11-17T04:22:54.278+0000] {dagbag.py:541} INFO - Filling up the DagBag from /home/vscode/.local/lib/python3.10/site-packages/airflow/example_dags/tutorial_taskflow_api_virtualenv.py
[2025-11-17T04:22:54.283+0000] {processor.py:836} INFO - DAG(s) dict_keys(['tutorial_taskflow_api_virtualenv']) retrieved from /home/vscode/.local/lib/python3.10/site-packages/airflow/example_dags/tutorial_taskflow_api_virtualenv.py
[2025-11-17T04:22:54.293+0000] {logging_mixin.py:150} INFO - [2025-11-17T04:22:54.293+0000] {dag.py:2742} INFO - Sync 1 DAGs
[2025-11-17T04:22:54.307+0000] {logging_mixin.py:150} INFO - [2025-11-17T04:22:54.307+0000] {dag.py:3504} INFO - Setting next_dagrun for tutorial_taskflow_api_virtualenv to None, run_after=None
[2025-11-17T04:22:54.321+0000] {processor.py:179} INFO - Processing /home/vscode/.local/lib/python3.10/site-packages/airflow/example_dags/tutorial_taskflow_api_virtualenv.py took 0.047 seconds
[2025-11-17T04:23:40.723+0000] {processor.py:157} INFO - Started process (PID=33035) to work on /home/vscode/.local/lib/python3.10/site-packages/airflow/example_dags/tutorial_taskflow_api_virtualenv.py
[2025-11-17T04:23:40.725+0000] {processor.py:826} INFO - Processing file /home/vscode/.local/lib/python3.10/site-packages/airflow/example_dags/tutorial_taskflow_api_virtualenv.py for tasks to queue
[2025-11-17T04:23:40.725+0000] {logging_mixin.py:150} INFO - [2025-11-17T04:23:40.725+0000] {dagbag.py:541} INFO - Filling up the DagBag from /home/vscode/.local/lib/python3.10/site-packages/airflow/example_dags/tutorial_taskflow_api_virtualenv.py
[2025-11-17T04:23:40.731+0000] {processor.py:836} INFO - DAG(s) dict_keys(['tutorial_taskflow_api_virtualenv']) retrieved from /home/vscode/.local/lib/python3.10/site-packages/airflow/example_dags/tutorial_taskflow_api_virtualenv.py
[2025-11-17T04:23:40.742+0000] {logging_mixin.py:150} INFO - [2025-11-17T04:23:40.742+0000] {dag.py:2742} INFO - Sync 1 DAGs
[2025-11-17T04:23:40.755+0000] {logging_mixin.py:150} INFO - [2025-11-17T04:23:40.755+0000] {dag.py:3504} INFO - Setting next_dagrun for tutorial_taskflow_api_virtualenv to None, run_after=None
[2025-11-17T04:23:40.770+0000] {processor.py:179} INFO - Processing /home/vscode/.local/lib/python3.10/site-packages/airflow/example_dags/tutorial_taskflow_api_virtualenv.py took 0.050 seconds
[2025-11-17T04:24:14.413+0000] {processor.py:157} INFO - Started process (PID=33295) to work on /home/vscode/.local/lib/python3.10/site-packages/airflow/example_dags/tutorial_taskflow_api_virtualenv.py
[2025-11-17T04:24:14.413+0000] {processor.py:826} INFO - Processing file /home/vscode/.local/lib/python3.10/site-packages/airflow/example_dags/tutorial_taskflow_api_virtualenv.py for tasks to queue
[2025-11-17T04:24:14.414+0000] {logging_mixin.py:150} INFO - [2025-11-17T04:24:14.414+0000] {dagbag.py:541} INFO - Filling up the DagBag from /home/vscode/.local/lib/python3.10/site-packages/airflow/example_dags/tutorial_taskflow_api_virtualenv.py
[2025-11-17T04:24:14.419+0000] {processor.py:836} INFO - DAG(s) dict_keys(['tutorial_taskflow_api_virtualenv']) retrieved from /home/vscode/.local/lib/python3.10/site-packages/airflow/example_dags/tutorial_taskflow_api_virtualenv.py
[2025-11-17T04:24:14.431+0000] {logging_mixin.py:150} INFO - [2025-11-17T04:24:14.431+0000] {dag.py:2742} INFO - Sync 1 DAGs
[2025-11-17T04:24:14.445+0000] {logging_mixin.py:150} INFO - [2025-11-17T04:24:14.445+0000] {dag.py:3504} INFO - Setting next_dagrun for tutorial_taskflow_api_virtualenv to None, run_after=None
[2025-11-17T04:24:14.460+0000] {processor.py:179} INFO - Processing /home/vscode/.local/lib/python3.10/site-packages/airflow/example_dags/tutorial_taskflow_api_virtualenv.py took 0.049 seconds
[2025-11-17T04:24:48.710+0000] {processor.py:157} INFO - Started process (PID=33619) to work on /home/vscode/.local/lib/python3.10/site-packages/airflow/example_dags/tutorial_taskflow_api_virtualenv.py
[2025-11-17T04:24:48.711+0000] {processor.py:826} INFO - Processing file /home/vscode/.local/lib/python3.10/site-packages/airflow/example_dags/tutorial_taskflow_api_virtualenv.py for tasks to queue
[2025-11-17T04:24:48.711+0000] {logging_mixin.py:150} INFO - [2025-11-17T04:24:48.711+0000] {dagbag.py:541} INFO - Filling up the DagBag from /home/vscode/.local/lib/python3.10/site-packages/airflow/example_dags/tutorial_taskflow_api_virtualenv.py
[2025-11-17T04:24:48.716+0000] {processor.py:836} INFO - DAG(s) dict_keys(['tutorial_taskflow_api_virtualenv']) retrieved from /home/vscode/.local/lib/python3.10/site-packages/airflow/example_dags/tutorial_taskflow_api_virtualenv.py
[2025-11-17T04:24:48.726+0000] {logging_mixin.py:150} INFO - [2025-11-17T04:24:48.726+0000] {dag.py:2742} INFO - Sync 1 DAGs
[2025-11-17T04:24:48.739+0000] {logging_mixin.py:150} INFO - [2025-11-17T04:24:48.739+0000] {dag.py:3504} INFO - Setting next_dagrun for tutorial_taskflow_api_virtualenv to None, run_after=None
[2025-11-17T04:24:48.753+0000] {processor.py:179} INFO - Processing /home/vscode/.local/lib/python3.10/site-packages/airflow/example_dags/tutorial_taskflow_api_virtualenv.py took 0.045 seconds
[2025-11-17T04:25:36.693+0000] {processor.py:157} INFO - Started process (PID=33995) to work on /home/vscode/.local/lib/python3.10/site-packages/airflow/example_dags/tutorial_taskflow_api_virtualenv.py
[2025-11-17T04:25:36.693+0000] {processor.py:826} INFO - Processing file /home/vscode/.local/lib/python3.10/site-packages/airflow/example_dags/tutorial_taskflow_api_virtualenv.py for tasks to queue
[2025-11-17T04:25:36.694+0000] {logging_mixin.py:150} INFO - [2025-11-17T04:25:36.694+0000] {dagbag.py:541} INFO - Filling up the DagBag from /home/vscode/.local/lib/python3.10/site-packages/airflow/example_dags/tutorial_taskflow_api_virtualenv.py
[2025-11-17T04:25:36.699+0000] {processor.py:836} INFO - DAG(s) dict_keys(['tutorial_taskflow_api_virtualenv']) retrieved from /home/vscode/.local/lib/python3.10/site-packages/airflow/example_dags/tutorial_taskflow_api_virtualenv.py
[2025-11-17T04:25:36.710+0000] {logging_mixin.py:150} INFO - [2025-11-17T04:25:36.710+0000] {dag.py:2742} INFO - Sync 1 DAGs
[2025-11-17T04:25:36.724+0000] {logging_mixin.py:150} INFO - [2025-11-17T04:25:36.723+0000] {dag.py:3504} INFO - Setting next_dagrun for tutorial_taskflow_api_virtualenv to None, run_after=None
[2025-11-17T04:25:36.739+0000] {processor.py:179} INFO - Processing /home/vscode/.local/lib/python3.10/site-packages/airflow/example_dags/tutorial_taskflow_api_virtualenv.py took 0.049 seconds
