[2025-11-17T04:12:31.518+0000] {processor.py:157} INFO - Started process (PID=27801) to work on /workspaces/hands-on-introduction-data-engineering-4395021/airflow/dags/one_task_dag.py
[2025-11-17T04:12:31.519+0000] {processor.py:826} INFO - Processing file /workspaces/hands-on-introduction-data-engineering-4395021/airflow/dags/one_task_dag.py for tasks to queue
[2025-11-17T04:12:31.519+0000] {logging_mixin.py:150} INFO - [2025-11-17T04:12:31.519+0000] {dagbag.py:541} INFO - Filling up the DagBag from /workspaces/hands-on-introduction-data-engineering-4395021/airflow/dags/one_task_dag.py
[2025-11-17T04:12:31.524+0000] {processor.py:836} INFO - DAG(s) dict_keys(['one_task_dag']) retrieved from /workspaces/hands-on-introduction-data-engineering-4395021/airflow/dags/one_task_dag.py
[2025-11-17T04:12:31.599+0000] {logging_mixin.py:150} INFO - [2025-11-17T04:12:31.599+0000] {manager.py:504} INFO - Created Permission View: can delete on DAG:one_task_dag
[2025-11-17T04:12:31.607+0000] {logging_mixin.py:150} INFO - [2025-11-17T04:12:31.607+0000] {manager.py:504} INFO - Created Permission View: can edit on DAG:one_task_dag
[2025-11-17T04:12:31.614+0000] {logging_mixin.py:150} INFO - [2025-11-17T04:12:31.614+0000] {manager.py:504} INFO - Created Permission View: can read on DAG:one_task_dag
[2025-11-17T04:12:31.621+0000] {logging_mixin.py:150} INFO - [2025-11-17T04:12:31.621+0000] {dag.py:2742} INFO - Sync 1 DAGs
[2025-11-17T04:12:31.627+0000] {logging_mixin.py:150} INFO - [2025-11-17T04:12:31.627+0000] {dag.py:2763} INFO - Creating ORM DAG for one_task_dag
[2025-11-17T04:12:31.632+0000] {logging_mixin.py:150} INFO - [2025-11-17T04:12:31.632+0000] {dag.py:3504} INFO - Setting next_dagrun for one_task_dag to None, run_after=None
[2025-11-17T04:12:31.645+0000] {processor.py:179} INFO - Processing /workspaces/hands-on-introduction-data-engineering-4395021/airflow/dags/one_task_dag.py took 0.128 seconds
[2025-11-17T04:13:03.055+0000] {processor.py:157} INFO - Started process (PID=28069) to work on /workspaces/hands-on-introduction-data-engineering-4395021/airflow/dags/one_task_dag.py
[2025-11-17T04:13:03.055+0000] {processor.py:826} INFO - Processing file /workspaces/hands-on-introduction-data-engineering-4395021/airflow/dags/one_task_dag.py for tasks to queue
[2025-11-17T04:13:03.056+0000] {logging_mixin.py:150} INFO - [2025-11-17T04:13:03.056+0000] {dagbag.py:541} INFO - Filling up the DagBag from /workspaces/hands-on-introduction-data-engineering-4395021/airflow/dags/one_task_dag.py
[2025-11-17T04:13:03.060+0000] {processor.py:836} INFO - DAG(s) dict_keys(['one_task_dag']) retrieved from /workspaces/hands-on-introduction-data-engineering-4395021/airflow/dags/one_task_dag.py
[2025-11-17T04:13:03.069+0000] {logging_mixin.py:150} INFO - [2025-11-17T04:13:03.069+0000] {dag.py:2742} INFO - Sync 1 DAGs
[2025-11-17T04:13:03.082+0000] {logging_mixin.py:150} INFO - [2025-11-17T04:13:03.082+0000] {dag.py:3504} INFO - Setting next_dagrun for one_task_dag to None, run_after=None
[2025-11-17T04:13:03.097+0000] {processor.py:179} INFO - Processing /workspaces/hands-on-introduction-data-engineering-4395021/airflow/dags/one_task_dag.py took 0.044 seconds
[2025-11-17T04:13:38.440+0000] {processor.py:157} INFO - Started process (PID=28323) to work on /workspaces/hands-on-introduction-data-engineering-4395021/airflow/dags/one_task_dag.py
[2025-11-17T04:13:38.440+0000] {processor.py:826} INFO - Processing file /workspaces/hands-on-introduction-data-engineering-4395021/airflow/dags/one_task_dag.py for tasks to queue
[2025-11-17T04:13:38.441+0000] {logging_mixin.py:150} INFO - [2025-11-17T04:13:38.441+0000] {dagbag.py:541} INFO - Filling up the DagBag from /workspaces/hands-on-introduction-data-engineering-4395021/airflow/dags/one_task_dag.py
[2025-11-17T04:13:38.445+0000] {processor.py:836} INFO - DAG(s) dict_keys(['one_task_dag']) retrieved from /workspaces/hands-on-introduction-data-engineering-4395021/airflow/dags/one_task_dag.py
[2025-11-17T04:13:38.455+0000] {logging_mixin.py:150} INFO - [2025-11-17T04:13:38.455+0000] {dag.py:2742} INFO - Sync 1 DAGs
[2025-11-17T04:13:38.468+0000] {logging_mixin.py:150} INFO - [2025-11-17T04:13:38.468+0000] {dag.py:3504} INFO - Setting next_dagrun for one_task_dag to None, run_after=None
[2025-11-17T04:13:38.482+0000] {processor.py:179} INFO - Processing /workspaces/hands-on-introduction-data-engineering-4395021/airflow/dags/one_task_dag.py took 0.044 seconds
[2025-11-17T04:14:16.350+0000] {processor.py:157} INFO - Started process (PID=28579) to work on /workspaces/hands-on-introduction-data-engineering-4395021/airflow/dags/one_task_dag.py
[2025-11-17T04:14:16.351+0000] {processor.py:826} INFO - Processing file /workspaces/hands-on-introduction-data-engineering-4395021/airflow/dags/one_task_dag.py for tasks to queue
[2025-11-17T04:14:16.351+0000] {logging_mixin.py:150} INFO - [2025-11-17T04:14:16.351+0000] {dagbag.py:541} INFO - Filling up the DagBag from /workspaces/hands-on-introduction-data-engineering-4395021/airflow/dags/one_task_dag.py
[2025-11-17T04:14:16.355+0000] {processor.py:836} INFO - DAG(s) dict_keys(['one_task_dag']) retrieved from /workspaces/hands-on-introduction-data-engineering-4395021/airflow/dags/one_task_dag.py
[2025-11-17T04:14:16.365+0000] {logging_mixin.py:150} INFO - [2025-11-17T04:14:16.365+0000] {dag.py:2742} INFO - Sync 1 DAGs
[2025-11-17T04:14:16.378+0000] {logging_mixin.py:150} INFO - [2025-11-17T04:14:16.378+0000] {dag.py:3504} INFO - Setting next_dagrun for one_task_dag to None, run_after=None
[2025-11-17T04:14:16.392+0000] {processor.py:179} INFO - Processing /workspaces/hands-on-introduction-data-engineering-4395021/airflow/dags/one_task_dag.py took 0.044 seconds
[2025-11-17T04:14:46.622+0000] {processor.py:157} INFO - Started process (PID=28783) to work on /workspaces/hands-on-introduction-data-engineering-4395021/airflow/dags/one_task_dag.py
[2025-11-17T04:14:46.622+0000] {processor.py:826} INFO - Processing file /workspaces/hands-on-introduction-data-engineering-4395021/airflow/dags/one_task_dag.py for tasks to queue
[2025-11-17T04:14:46.623+0000] {logging_mixin.py:150} INFO - [2025-11-17T04:14:46.623+0000] {dagbag.py:541} INFO - Filling up the DagBag from /workspaces/hands-on-introduction-data-engineering-4395021/airflow/dags/one_task_dag.py
[2025-11-17T04:14:46.627+0000] {processor.py:836} INFO - DAG(s) dict_keys(['one_task_dag']) retrieved from /workspaces/hands-on-introduction-data-engineering-4395021/airflow/dags/one_task_dag.py
[2025-11-17T04:14:46.639+0000] {logging_mixin.py:150} INFO - [2025-11-17T04:14:46.639+0000] {dag.py:2742} INFO - Sync 1 DAGs
[2025-11-17T04:14:46.652+0000] {logging_mixin.py:150} INFO - [2025-11-17T04:14:46.652+0000] {dag.py:3504} INFO - Setting next_dagrun for one_task_dag to None, run_after=None
[2025-11-17T04:14:46.666+0000] {processor.py:179} INFO - Processing /workspaces/hands-on-introduction-data-engineering-4395021/airflow/dags/one_task_dag.py took 0.046 seconds
[2025-11-17T04:15:18.033+0000] {processor.py:157} INFO - Started process (PID=29132) to work on /workspaces/hands-on-introduction-data-engineering-4395021/airflow/dags/one_task_dag.py
[2025-11-17T04:15:18.034+0000] {processor.py:826} INFO - Processing file /workspaces/hands-on-introduction-data-engineering-4395021/airflow/dags/one_task_dag.py for tasks to queue
[2025-11-17T04:15:18.034+0000] {logging_mixin.py:150} INFO - [2025-11-17T04:15:18.034+0000] {dagbag.py:541} INFO - Filling up the DagBag from /workspaces/hands-on-introduction-data-engineering-4395021/airflow/dags/one_task_dag.py
[2025-11-17T04:15:18.039+0000] {processor.py:836} INFO - DAG(s) dict_keys(['one_task_dag']) retrieved from /workspaces/hands-on-introduction-data-engineering-4395021/airflow/dags/one_task_dag.py
[2025-11-17T04:15:18.050+0000] {logging_mixin.py:150} INFO - [2025-11-17T04:15:18.050+0000] {dag.py:2742} INFO - Sync 1 DAGs
[2025-11-17T04:15:18.063+0000] {logging_mixin.py:150} INFO - [2025-11-17T04:15:18.063+0000] {dag.py:3504} INFO - Setting next_dagrun for one_task_dag to None, run_after=None
[2025-11-17T04:15:18.078+0000] {processor.py:179} INFO - Processing /workspaces/hands-on-introduction-data-engineering-4395021/airflow/dags/one_task_dag.py took 0.047 seconds
[2025-11-17T04:15:49.881+0000] {processor.py:157} INFO - Started process (PID=29394) to work on /workspaces/hands-on-introduction-data-engineering-4395021/airflow/dags/one_task_dag.py
[2025-11-17T04:15:49.882+0000] {processor.py:826} INFO - Processing file /workspaces/hands-on-introduction-data-engineering-4395021/airflow/dags/one_task_dag.py for tasks to queue
[2025-11-17T04:15:49.882+0000] {logging_mixin.py:150} INFO - [2025-11-17T04:15:49.882+0000] {dagbag.py:541} INFO - Filling up the DagBag from /workspaces/hands-on-introduction-data-engineering-4395021/airflow/dags/one_task_dag.py
[2025-11-17T04:15:49.887+0000] {processor.py:836} INFO - DAG(s) dict_keys(['one_task_dag']) retrieved from /workspaces/hands-on-introduction-data-engineering-4395021/airflow/dags/one_task_dag.py
[2025-11-17T04:15:49.897+0000] {logging_mixin.py:150} INFO - [2025-11-17T04:15:49.897+0000] {dag.py:2742} INFO - Sync 1 DAGs
[2025-11-17T04:15:49.910+0000] {logging_mixin.py:150} INFO - [2025-11-17T04:15:49.910+0000] {dag.py:3504} INFO - Setting next_dagrun for one_task_dag to None, run_after=None
[2025-11-17T04:15:49.926+0000] {processor.py:179} INFO - Processing /workspaces/hands-on-introduction-data-engineering-4395021/airflow/dags/one_task_dag.py took 0.047 seconds
[2025-11-17T04:16:21.844+0000] {processor.py:157} INFO - Started process (PID=29603) to work on /workspaces/hands-on-introduction-data-engineering-4395021/airflow/dags/one_task_dag.py
[2025-11-17T04:16:21.845+0000] {processor.py:826} INFO - Processing file /workspaces/hands-on-introduction-data-engineering-4395021/airflow/dags/one_task_dag.py for tasks to queue
[2025-11-17T04:16:21.845+0000] {logging_mixin.py:150} INFO - [2025-11-17T04:16:21.845+0000] {dagbag.py:541} INFO - Filling up the DagBag from /workspaces/hands-on-introduction-data-engineering-4395021/airflow/dags/one_task_dag.py
[2025-11-17T04:16:21.850+0000] {processor.py:836} INFO - DAG(s) dict_keys(['one_task_dag']) retrieved from /workspaces/hands-on-introduction-data-engineering-4395021/airflow/dags/one_task_dag.py
[2025-11-17T04:16:21.860+0000] {logging_mixin.py:150} INFO - [2025-11-17T04:16:21.860+0000] {dag.py:2742} INFO - Sync 1 DAGs
[2025-11-17T04:16:21.873+0000] {logging_mixin.py:150} INFO - [2025-11-17T04:16:21.873+0000] {dag.py:3504} INFO - Setting next_dagrun for one_task_dag to None, run_after=None
[2025-11-17T04:16:21.888+0000] {processor.py:179} INFO - Processing /workspaces/hands-on-introduction-data-engineering-4395021/airflow/dags/one_task_dag.py took 0.046 seconds
[2025-11-17T04:17:10.545+0000] {processor.py:157} INFO - Started process (PID=30000) to work on /workspaces/hands-on-introduction-data-engineering-4395021/airflow/dags/one_task_dag.py
[2025-11-17T04:17:10.546+0000] {processor.py:826} INFO - Processing file /workspaces/hands-on-introduction-data-engineering-4395021/airflow/dags/one_task_dag.py for tasks to queue
[2025-11-17T04:17:10.546+0000] {logging_mixin.py:150} INFO - [2025-11-17T04:17:10.546+0000] {dagbag.py:541} INFO - Filling up the DagBag from /workspaces/hands-on-introduction-data-engineering-4395021/airflow/dags/one_task_dag.py
[2025-11-17T04:17:10.551+0000] {processor.py:836} INFO - DAG(s) dict_keys(['one_task_dag']) retrieved from /workspaces/hands-on-introduction-data-engineering-4395021/airflow/dags/one_task_dag.py
[2025-11-17T04:17:10.561+0000] {logging_mixin.py:150} INFO - [2025-11-17T04:17:10.561+0000] {dag.py:2742} INFO - Sync 1 DAGs
[2025-11-17T04:17:10.575+0000] {logging_mixin.py:150} INFO - [2025-11-17T04:17:10.574+0000] {dag.py:3504} INFO - Setting next_dagrun for one_task_dag to None, run_after=None
[2025-11-17T04:17:10.590+0000] {processor.py:179} INFO - Processing /workspaces/hands-on-introduction-data-engineering-4395021/airflow/dags/one_task_dag.py took 0.046 seconds
[2025-11-17T04:17:52.338+0000] {processor.py:157} INFO - Started process (PID=30283) to work on /workspaces/hands-on-introduction-data-engineering-4395021/airflow/dags/one_task_dag.py
[2025-11-17T04:17:52.338+0000] {processor.py:826} INFO - Processing file /workspaces/hands-on-introduction-data-engineering-4395021/airflow/dags/one_task_dag.py for tasks to queue
[2025-11-17T04:17:52.339+0000] {logging_mixin.py:150} INFO - [2025-11-17T04:17:52.339+0000] {dagbag.py:541} INFO - Filling up the DagBag from /workspaces/hands-on-introduction-data-engineering-4395021/airflow/dags/one_task_dag.py
[2025-11-17T04:17:52.343+0000] {processor.py:836} INFO - DAG(s) dict_keys(['one_task_dag']) retrieved from /workspaces/hands-on-introduction-data-engineering-4395021/airflow/dags/one_task_dag.py
[2025-11-17T04:17:52.353+0000] {logging_mixin.py:150} INFO - [2025-11-17T04:17:52.353+0000] {dag.py:2742} INFO - Sync 1 DAGs
[2025-11-17T04:17:52.367+0000] {logging_mixin.py:150} INFO - [2025-11-17T04:17:52.366+0000] {dag.py:3504} INFO - Setting next_dagrun for one_task_dag to None, run_after=None
[2025-11-17T04:17:52.380+0000] {processor.py:179} INFO - Processing /workspaces/hands-on-introduction-data-engineering-4395021/airflow/dags/one_task_dag.py took 0.045 seconds
[2025-11-17T04:18:23.320+0000] {processor.py:157} INFO - Started process (PID=30555) to work on /workspaces/hands-on-introduction-data-engineering-4395021/airflow/dags/one_task_dag.py
[2025-11-17T04:18:23.321+0000] {processor.py:826} INFO - Processing file /workspaces/hands-on-introduction-data-engineering-4395021/airflow/dags/one_task_dag.py for tasks to queue
[2025-11-17T04:18:23.321+0000] {logging_mixin.py:150} INFO - [2025-11-17T04:18:23.321+0000] {dagbag.py:541} INFO - Filling up the DagBag from /workspaces/hands-on-introduction-data-engineering-4395021/airflow/dags/one_task_dag.py
[2025-11-17T04:18:23.325+0000] {processor.py:836} INFO - DAG(s) dict_keys(['one_task_dag']) retrieved from /workspaces/hands-on-introduction-data-engineering-4395021/airflow/dags/one_task_dag.py
[2025-11-17T04:18:23.335+0000] {logging_mixin.py:150} INFO - [2025-11-17T04:18:23.335+0000] {dag.py:2742} INFO - Sync 1 DAGs
[2025-11-17T04:18:23.349+0000] {logging_mixin.py:150} INFO - [2025-11-17T04:18:23.349+0000] {dag.py:3504} INFO - Setting next_dagrun for one_task_dag to None, run_after=None
[2025-11-17T04:18:23.363+0000] {processor.py:179} INFO - Processing /workspaces/hands-on-introduction-data-engineering-4395021/airflow/dags/one_task_dag.py took 0.045 seconds
[2025-11-17T04:18:56.661+0000] {processor.py:157} INFO - Started process (PID=30834) to work on /workspaces/hands-on-introduction-data-engineering-4395021/airflow/dags/one_task_dag.py
[2025-11-17T04:18:56.662+0000] {processor.py:826} INFO - Processing file /workspaces/hands-on-introduction-data-engineering-4395021/airflow/dags/one_task_dag.py for tasks to queue
[2025-11-17T04:18:56.662+0000] {logging_mixin.py:150} INFO - [2025-11-17T04:18:56.662+0000] {dagbag.py:541} INFO - Filling up the DagBag from /workspaces/hands-on-introduction-data-engineering-4395021/airflow/dags/one_task_dag.py
[2025-11-17T04:18:56.667+0000] {processor.py:836} INFO - DAG(s) dict_keys(['one_task_dag']) retrieved from /workspaces/hands-on-introduction-data-engineering-4395021/airflow/dags/one_task_dag.py
[2025-11-17T04:18:56.676+0000] {logging_mixin.py:150} INFO - [2025-11-17T04:18:56.676+0000] {dag.py:2742} INFO - Sync 1 DAGs
[2025-11-17T04:18:56.689+0000] {logging_mixin.py:150} INFO - [2025-11-17T04:18:56.689+0000] {dag.py:3504} INFO - Setting next_dagrun for one_task_dag to None, run_after=None
[2025-11-17T04:18:56.704+0000] {processor.py:179} INFO - Processing /workspaces/hands-on-introduction-data-engineering-4395021/airflow/dags/one_task_dag.py took 0.045 seconds
[2025-11-17T04:19:37.804+0000] {processor.py:157} INFO - Started process (PID=31116) to work on /workspaces/hands-on-introduction-data-engineering-4395021/airflow/dags/one_task_dag.py
[2025-11-17T04:19:37.804+0000] {processor.py:826} INFO - Processing file /workspaces/hands-on-introduction-data-engineering-4395021/airflow/dags/one_task_dag.py for tasks to queue
[2025-11-17T04:19:37.805+0000] {logging_mixin.py:150} INFO - [2025-11-17T04:19:37.805+0000] {dagbag.py:541} INFO - Filling up the DagBag from /workspaces/hands-on-introduction-data-engineering-4395021/airflow/dags/one_task_dag.py
[2025-11-17T04:19:37.809+0000] {processor.py:836} INFO - DAG(s) dict_keys(['one_task_dag']) retrieved from /workspaces/hands-on-introduction-data-engineering-4395021/airflow/dags/one_task_dag.py
[2025-11-17T04:19:37.819+0000] {logging_mixin.py:150} INFO - [2025-11-17T04:19:37.819+0000] {dag.py:2742} INFO - Sync 1 DAGs
[2025-11-17T04:19:37.833+0000] {logging_mixin.py:150} INFO - [2025-11-17T04:19:37.833+0000] {dag.py:3504} INFO - Setting next_dagrun for one_task_dag to None, run_after=None
[2025-11-17T04:19:37.848+0000] {processor.py:179} INFO - Processing /workspaces/hands-on-introduction-data-engineering-4395021/airflow/dags/one_task_dag.py took 0.047 seconds
[2025-11-17T04:19:51.267+0000] {processor.py:157} INFO - Started process (PID=31216) to work on /workspaces/hands-on-introduction-data-engineering-4395021/airflow/dags/one_task_dag.py
[2025-11-17T04:19:51.268+0000] {processor.py:826} INFO - Processing file /workspaces/hands-on-introduction-data-engineering-4395021/airflow/dags/one_task_dag.py for tasks to queue
[2025-11-17T04:19:51.268+0000] {logging_mixin.py:150} INFO - [2025-11-17T04:19:51.268+0000] {dagbag.py:541} INFO - Filling up the DagBag from /workspaces/hands-on-introduction-data-engineering-4395021/airflow/dags/one_task_dag.py
[2025-11-17T04:19:51.273+0000] {processor.py:836} INFO - DAG(s) dict_keys(['one_task_dag']) retrieved from /workspaces/hands-on-introduction-data-engineering-4395021/airflow/dags/one_task_dag.py
[2025-11-17T04:19:51.347+0000] {logging_mixin.py:150} INFO - [2025-11-17T04:19:51.346+0000] {dag.py:2742} INFO - Sync 1 DAGs
[2025-11-17T04:19:51.360+0000] {logging_mixin.py:150} INFO - [2025-11-17T04:19:51.360+0000] {dag.py:3504} INFO - Setting next_dagrun for one_task_dag to None, run_after=None
[2025-11-17T04:19:51.378+0000] {processor.py:179} INFO - Processing /workspaces/hands-on-introduction-data-engineering-4395021/airflow/dags/one_task_dag.py took 0.113 seconds
[2025-11-17T04:20:25.421+0000] {processor.py:157} INFO - Started process (PID=31559) to work on /workspaces/hands-on-introduction-data-engineering-4395021/airflow/dags/one_task_dag.py
[2025-11-17T04:20:25.422+0000] {processor.py:826} INFO - Processing file /workspaces/hands-on-introduction-data-engineering-4395021/airflow/dags/one_task_dag.py for tasks to queue
[2025-11-17T04:20:25.422+0000] {logging_mixin.py:150} INFO - [2025-11-17T04:20:25.422+0000] {dagbag.py:541} INFO - Filling up the DagBag from /workspaces/hands-on-introduction-data-engineering-4395021/airflow/dags/one_task_dag.py
[2025-11-17T04:20:25.427+0000] {processor.py:836} INFO - DAG(s) dict_keys(['one_task_dag']) retrieved from /workspaces/hands-on-introduction-data-engineering-4395021/airflow/dags/one_task_dag.py
[2025-11-17T04:20:25.438+0000] {logging_mixin.py:150} INFO - [2025-11-17T04:20:25.437+0000] {dag.py:2742} INFO - Sync 1 DAGs
[2025-11-17T04:20:25.451+0000] {logging_mixin.py:150} INFO - [2025-11-17T04:20:25.451+0000] {dag.py:3504} INFO - Setting next_dagrun for one_task_dag to None, run_after=None
[2025-11-17T04:20:25.467+0000] {processor.py:179} INFO - Processing /workspaces/hands-on-introduction-data-engineering-4395021/airflow/dags/one_task_dag.py took 0.048 seconds
[2025-11-17T04:20:58.432+0000] {processor.py:157} INFO - Started process (PID=31828) to work on /workspaces/hands-on-introduction-data-engineering-4395021/airflow/dags/one_task_dag.py
[2025-11-17T04:20:58.433+0000] {processor.py:826} INFO - Processing file /workspaces/hands-on-introduction-data-engineering-4395021/airflow/dags/one_task_dag.py for tasks to queue
[2025-11-17T04:20:58.433+0000] {logging_mixin.py:150} INFO - [2025-11-17T04:20:58.433+0000] {dagbag.py:541} INFO - Filling up the DagBag from /workspaces/hands-on-introduction-data-engineering-4395021/airflow/dags/one_task_dag.py
[2025-11-17T04:20:58.437+0000] {processor.py:836} INFO - DAG(s) dict_keys(['one_task_dag']) retrieved from /workspaces/hands-on-introduction-data-engineering-4395021/airflow/dags/one_task_dag.py
[2025-11-17T04:20:58.447+0000] {logging_mixin.py:150} INFO - [2025-11-17T04:20:58.447+0000] {dag.py:2742} INFO - Sync 1 DAGs
[2025-11-17T04:20:58.460+0000] {logging_mixin.py:150} INFO - [2025-11-17T04:20:58.460+0000] {dag.py:3504} INFO - Setting next_dagrun for one_task_dag to None, run_after=None
[2025-11-17T04:20:58.474+0000] {processor.py:179} INFO - Processing /workspaces/hands-on-introduction-data-engineering-4395021/airflow/dags/one_task_dag.py took 0.045 seconds
[2025-11-17T04:21:31.880+0000] {processor.py:157} INFO - Started process (PID=32052) to work on /workspaces/hands-on-introduction-data-engineering-4395021/airflow/dags/one_task_dag.py
[2025-11-17T04:21:31.881+0000] {processor.py:826} INFO - Processing file /workspaces/hands-on-introduction-data-engineering-4395021/airflow/dags/one_task_dag.py for tasks to queue
[2025-11-17T04:21:31.881+0000] {logging_mixin.py:150} INFO - [2025-11-17T04:21:31.881+0000] {dagbag.py:541} INFO - Filling up the DagBag from /workspaces/hands-on-introduction-data-engineering-4395021/airflow/dags/one_task_dag.py
[2025-11-17T04:21:31.886+0000] {processor.py:836} INFO - DAG(s) dict_keys(['one_task_dag']) retrieved from /workspaces/hands-on-introduction-data-engineering-4395021/airflow/dags/one_task_dag.py
[2025-11-17T04:21:31.896+0000] {logging_mixin.py:150} INFO - [2025-11-17T04:21:31.896+0000] {dag.py:2742} INFO - Sync 1 DAGs
[2025-11-17T04:21:31.910+0000] {logging_mixin.py:150} INFO - [2025-11-17T04:21:31.910+0000] {dag.py:3504} INFO - Setting next_dagrun for one_task_dag to None, run_after=None
[2025-11-17T04:21:31.925+0000] {processor.py:179} INFO - Processing /workspaces/hands-on-introduction-data-engineering-4395021/airflow/dags/one_task_dag.py took 0.047 seconds
[2025-11-17T04:22:04.860+0000] {processor.py:157} INFO - Started process (PID=32274) to work on /workspaces/hands-on-introduction-data-engineering-4395021/airflow/dags/one_task_dag.py
[2025-11-17T04:22:04.861+0000] {processor.py:826} INFO - Processing file /workspaces/hands-on-introduction-data-engineering-4395021/airflow/dags/one_task_dag.py for tasks to queue
[2025-11-17T04:22:04.861+0000] {logging_mixin.py:150} INFO - [2025-11-17T04:22:04.861+0000] {dagbag.py:541} INFO - Filling up the DagBag from /workspaces/hands-on-introduction-data-engineering-4395021/airflow/dags/one_task_dag.py
[2025-11-17T04:22:04.866+0000] {processor.py:836} INFO - DAG(s) dict_keys(['one_task_dag']) retrieved from /workspaces/hands-on-introduction-data-engineering-4395021/airflow/dags/one_task_dag.py
[2025-11-17T04:22:04.875+0000] {logging_mixin.py:150} INFO - [2025-11-17T04:22:04.875+0000] {dag.py:2742} INFO - Sync 1 DAGs
[2025-11-17T04:22:04.890+0000] {logging_mixin.py:150} INFO - [2025-11-17T04:22:04.890+0000] {dag.py:3504} INFO - Setting next_dagrun for one_task_dag to None, run_after=None
[2025-11-17T04:22:04.904+0000] {processor.py:179} INFO - Processing /workspaces/hands-on-introduction-data-engineering-4395021/airflow/dags/one_task_dag.py took 0.046 seconds
[2025-11-17T04:22:37.729+0000] {processor.py:157} INFO - Started process (PID=32549) to work on /workspaces/hands-on-introduction-data-engineering-4395021/airflow/dags/one_task_dag.py
[2025-11-17T04:22:37.730+0000] {processor.py:826} INFO - Processing file /workspaces/hands-on-introduction-data-engineering-4395021/airflow/dags/one_task_dag.py for tasks to queue
[2025-11-17T04:22:37.730+0000] {logging_mixin.py:150} INFO - [2025-11-17T04:22:37.730+0000] {dagbag.py:541} INFO - Filling up the DagBag from /workspaces/hands-on-introduction-data-engineering-4395021/airflow/dags/one_task_dag.py
[2025-11-17T04:22:37.735+0000] {processor.py:836} INFO - DAG(s) dict_keys(['one_task_dag']) retrieved from /workspaces/hands-on-introduction-data-engineering-4395021/airflow/dags/one_task_dag.py
[2025-11-17T04:22:37.744+0000] {logging_mixin.py:150} INFO - [2025-11-17T04:22:37.744+0000] {dag.py:2742} INFO - Sync 1 DAGs
[2025-11-17T04:22:37.757+0000] {logging_mixin.py:150} INFO - [2025-11-17T04:22:37.757+0000] {dag.py:3504} INFO - Setting next_dagrun for one_task_dag to None, run_after=None
[2025-11-17T04:22:37.771+0000] {processor.py:179} INFO - Processing /workspaces/hands-on-introduction-data-engineering-4395021/airflow/dags/one_task_dag.py took 0.044 seconds
[2025-11-17T04:23:24.081+0000] {processor.py:157} INFO - Started process (PID=32856) to work on /workspaces/hands-on-introduction-data-engineering-4395021/airflow/dags/one_task_dag.py
[2025-11-17T04:23:24.081+0000] {processor.py:826} INFO - Processing file /workspaces/hands-on-introduction-data-engineering-4395021/airflow/dags/one_task_dag.py for tasks to queue
[2025-11-17T04:23:24.082+0000] {logging_mixin.py:150} INFO - [2025-11-17T04:23:24.082+0000] {dagbag.py:541} INFO - Filling up the DagBag from /workspaces/hands-on-introduction-data-engineering-4395021/airflow/dags/one_task_dag.py
[2025-11-17T04:23:24.086+0000] {processor.py:836} INFO - DAG(s) dict_keys(['one_task_dag']) retrieved from /workspaces/hands-on-introduction-data-engineering-4395021/airflow/dags/one_task_dag.py
[2025-11-17T04:23:24.097+0000] {logging_mixin.py:150} INFO - [2025-11-17T04:23:24.097+0000] {dag.py:2742} INFO - Sync 1 DAGs
[2025-11-17T04:23:24.110+0000] {logging_mixin.py:150} INFO - [2025-11-17T04:23:24.110+0000] {dag.py:3504} INFO - Setting next_dagrun for one_task_dag to None, run_after=None
[2025-11-17T04:23:24.124+0000] {processor.py:179} INFO - Processing /workspaces/hands-on-introduction-data-engineering-4395021/airflow/dags/one_task_dag.py took 0.045 seconds
[2025-11-17T04:23:54.998+0000] {processor.py:157} INFO - Started process (PID=33157) to work on /workspaces/hands-on-introduction-data-engineering-4395021/airflow/dags/one_task_dag.py
[2025-11-17T04:23:54.998+0000] {processor.py:826} INFO - Processing file /workspaces/hands-on-introduction-data-engineering-4395021/airflow/dags/one_task_dag.py for tasks to queue
[2025-11-17T04:23:54.999+0000] {logging_mixin.py:150} INFO - [2025-11-17T04:23:54.999+0000] {dagbag.py:541} INFO - Filling up the DagBag from /workspaces/hands-on-introduction-data-engineering-4395021/airflow/dags/one_task_dag.py
[2025-11-17T04:23:55.004+0000] {processor.py:836} INFO - DAG(s) dict_keys(['one_task_dag']) retrieved from /workspaces/hands-on-introduction-data-engineering-4395021/airflow/dags/one_task_dag.py
[2025-11-17T04:23:55.014+0000] {logging_mixin.py:150} INFO - [2025-11-17T04:23:55.013+0000] {dag.py:2742} INFO - Sync 1 DAGs
[2025-11-17T04:23:55.028+0000] {logging_mixin.py:150} INFO - [2025-11-17T04:23:55.028+0000] {dag.py:3504} INFO - Setting next_dagrun for one_task_dag to None, run_after=None
[2025-11-17T04:23:55.046+0000] {processor.py:179} INFO - Processing /workspaces/hands-on-introduction-data-engineering-4395021/airflow/dags/one_task_dag.py took 0.050 seconds
[2025-11-17T04:24:28.919+0000] {processor.py:157} INFO - Started process (PID=33431) to work on /workspaces/hands-on-introduction-data-engineering-4395021/airflow/dags/one_task_dag.py
[2025-11-17T04:24:28.919+0000] {processor.py:826} INFO - Processing file /workspaces/hands-on-introduction-data-engineering-4395021/airflow/dags/one_task_dag.py for tasks to queue
[2025-11-17T04:24:28.920+0000] {logging_mixin.py:150} INFO - [2025-11-17T04:24:28.920+0000] {dagbag.py:541} INFO - Filling up the DagBag from /workspaces/hands-on-introduction-data-engineering-4395021/airflow/dags/one_task_dag.py
[2025-11-17T04:24:28.922+0000] {logging_mixin.py:150} INFO - [2025-11-17T04:24:28.922+0000] {dagbag.py:350} ERROR - Failed to import: /workspaces/hands-on-introduction-data-engineering-4395021/airflow/dags/one_task_dag.py
Traceback (most recent call last):
  File "/home/vscode/.local/lib/python3.10/site-packages/airflow/models/dagbag.py", line 346, in parse
    loader.exec_module(new_module)
  File "<frozen importlib._bootstrap_external>", line 879, in exec_module
  File "<frozen importlib._bootstrap_external>", line 1017, in get_code
  File "<frozen importlib._bootstrap_external>", line 947, in source_to_code
  File "<frozen importlib._bootstrap>", line 241, in _call_with_frames_removed
  File "/workspaces/hands-on-introduction-data-engineering-4395021/airflow/dags/one_task_dag.py", line 26
    bash_command='echo "hello, linkedin learning!" > /workspaces/hands-on-introduction-data-engineering-4395021/lab/temp/create-this-file.txt'
                 
SyntaxError: invalid syntax. Perhaps you forgot a comma?
[2025-11-17T04:24:28.923+0000] {processor.py:838} WARNING - No viable dags retrieved from /workspaces/hands-on-introduction-data-engineering-4395021/airflow/dags/one_task_dag.py
[2025-11-17T04:24:28.935+0000] {processor.py:179} INFO - Processing /workspaces/hands-on-introduction-data-engineering-4395021/airflow/dags/one_task_dag.py took 0.019 seconds
[2025-11-17T04:24:45.250+0000] {processor.py:157} INFO - Started process (PID=33551) to work on /workspaces/hands-on-introduction-data-engineering-4395021/airflow/dags/one_task_dag.py
[2025-11-17T04:24:45.251+0000] {processor.py:826} INFO - Processing file /workspaces/hands-on-introduction-data-engineering-4395021/airflow/dags/one_task_dag.py for tasks to queue
[2025-11-17T04:24:45.252+0000] {logging_mixin.py:150} INFO - [2025-11-17T04:24:45.251+0000] {dagbag.py:541} INFO - Filling up the DagBag from /workspaces/hands-on-introduction-data-engineering-4395021/airflow/dags/one_task_dag.py
[2025-11-17T04:24:45.259+0000] {processor.py:836} INFO - DAG(s) dict_keys(['one_task_dag']) retrieved from /workspaces/hands-on-introduction-data-engineering-4395021/airflow/dags/one_task_dag.py
[2025-11-17T04:24:45.337+0000] {logging_mixin.py:150} INFO - [2025-11-17T04:24:45.336+0000] {dag.py:2742} INFO - Sync 1 DAGs
[2025-11-17T04:24:45.348+0000] {logging_mixin.py:150} INFO - [2025-11-17T04:24:45.348+0000] {dag.py:3504} INFO - Setting next_dagrun for one_task_dag to None, run_after=None
[2025-11-17T04:24:45.368+0000] {processor.py:179} INFO - Processing /workspaces/hands-on-introduction-data-engineering-4395021/airflow/dags/one_task_dag.py took 0.120 seconds
[2025-11-17T04:25:15.699+0000] {processor.py:157} INFO - Started process (PID=33844) to work on /workspaces/hands-on-introduction-data-engineering-4395021/airflow/dags/one_task_dag.py
[2025-11-17T04:25:15.699+0000] {processor.py:826} INFO - Processing file /workspaces/hands-on-introduction-data-engineering-4395021/airflow/dags/one_task_dag.py for tasks to queue
[2025-11-17T04:25:15.700+0000] {logging_mixin.py:150} INFO - [2025-11-17T04:25:15.700+0000] {dagbag.py:541} INFO - Filling up the DagBag from /workspaces/hands-on-introduction-data-engineering-4395021/airflow/dags/one_task_dag.py
[2025-11-17T04:25:15.704+0000] {processor.py:836} INFO - DAG(s) dict_keys(['one_task_dag']) retrieved from /workspaces/hands-on-introduction-data-engineering-4395021/airflow/dags/one_task_dag.py
[2025-11-17T04:25:15.713+0000] {logging_mixin.py:150} INFO - [2025-11-17T04:25:15.713+0000] {dag.py:2742} INFO - Sync 1 DAGs
[2025-11-17T04:25:15.725+0000] {logging_mixin.py:150} INFO - [2025-11-17T04:25:15.725+0000] {dag.py:3504} INFO - Setting next_dagrun for one_task_dag to None, run_after=None
[2025-11-17T04:25:15.740+0000] {processor.py:179} INFO - Processing /workspaces/hands-on-introduction-data-engineering-4395021/airflow/dags/one_task_dag.py took 0.044 seconds
[2025-11-17T04:25:50.378+0000] {processor.py:157} INFO - Started process (PID=34161) to work on /workspaces/hands-on-introduction-data-engineering-4395021/airflow/dags/one_task_dag.py
[2025-11-17T04:25:50.379+0000] {processor.py:826} INFO - Processing file /workspaces/hands-on-introduction-data-engineering-4395021/airflow/dags/one_task_dag.py for tasks to queue
[2025-11-17T04:25:50.379+0000] {logging_mixin.py:150} INFO - [2025-11-17T04:25:50.379+0000] {dagbag.py:541} INFO - Filling up the DagBag from /workspaces/hands-on-introduction-data-engineering-4395021/airflow/dags/one_task_dag.py
[2025-11-17T04:25:50.384+0000] {processor.py:836} INFO - DAG(s) dict_keys(['one_task_dag']) retrieved from /workspaces/hands-on-introduction-data-engineering-4395021/airflow/dags/one_task_dag.py
[2025-11-17T04:25:50.394+0000] {logging_mixin.py:150} INFO - [2025-11-17T04:25:50.394+0000] {dag.py:2742} INFO - Sync 1 DAGs
[2025-11-17T04:25:50.411+0000] {logging_mixin.py:150} INFO - [2025-11-17T04:25:50.411+0000] {dag.py:3504} INFO - Setting next_dagrun for one_task_dag to None, run_after=None
[2025-11-17T04:25:50.430+0000] {processor.py:179} INFO - Processing /workspaces/hands-on-introduction-data-engineering-4395021/airflow/dags/one_task_dag.py took 0.054 seconds
